test_analytic_normalization_0 (__main__.build_suite.<locals>.Checks.test_analytic_normalization_0) ... ok
test_analytic_normalization_1 (__main__.build_suite.<locals>.Checks.test_analytic_normalization_1) ... ok
test_analytic_normalization_2 (__main__.build_suite.<locals>.Checks.test_analytic_normalization_2) ... ok
test_analytic_normalization_3 (__main__.build_suite.<locals>.Checks.test_analytic_normalization_3) ... ok
test_real_conv_linear_0 (__main__.build_suite.<locals>.Checks.test_real_conv_linear_0) ... ok
test_real_conv_linear_1 (__main__.build_suite.<locals>.Checks.test_real_conv_linear_1) ... ok
test_reshape_0_config_0 (__main__.build_suite.<locals>.Checks.test_reshape_0_config_0) ... ok
test_reshape_0_config_1 (__main__.build_suite.<locals>.Checks.test_reshape_0_config_1) ... ok
test_reshape_0_config_2 (__main__.build_suite.<locals>.Checks.test_reshape_0_config_2) ... ok
test_reshape_1_config_0 (__main__.build_suite.<locals>.Checks.test_reshape_1_config_0) ... ok
test_reshape_1_config_1 (__main__.build_suite.<locals>.Checks.test_reshape_1_config_1) ... ok
test_reshape_1_config_2 (__main__.build_suite.<locals>.Checks.test_reshape_1_config_2) ... ok
test_reshape_2_config_0 (__main__.build_suite.<locals>.Checks.test_reshape_2_config_0) ... ok
test_reshape_2_config_1 (__main__.build_suite.<locals>.Checks.test_reshape_2_config_1) ... ok
test_reshape_2_config_2 (__main__.build_suite.<locals>.Checks.test_reshape_2_config_2) ... ok
test_reshape_3_config_0 (__main__.build_suite.<locals>.Checks.test_reshape_3_config_0) ... ok
test_reshape_3_config_1 (__main__.build_suite.<locals>.Checks.test_reshape_3_config_1) ... ok
test_reshape_3_config_2 (__main__.build_suite.<locals>.Checks.test_reshape_3_config_2) ... ok
test_reshape_4_config_0 (__main__.build_suite.<locals>.Checks.test_reshape_4_config_0) ... ok
test_reshape_4_config_1 (__main__.build_suite.<locals>.Checks.test_reshape_4_config_1) ... ok
test_reshape_4_config_2 (__main__.build_suite.<locals>.Checks.test_reshape_4_config_2) ... ok
test_reshape_5_config_0 (__main__.build_suite.<locals>.Checks.test_reshape_5_config_0) ... ok
test_reshape_5_config_1 (__main__.build_suite.<locals>.Checks.test_reshape_5_config_1) ... ok
test_reshape_5_config_2 (__main__.build_suite.<locals>.Checks.test_reshape_5_config_2) ... ok
test_reshape_6_config_0 (__main__.build_suite.<locals>.Checks.test_reshape_6_config_0) ... ok
test_reshape_6_config_1 (__main__.build_suite.<locals>.Checks.test_reshape_6_config_1) ... ok
test_reshape_6_config_2 (__main__.build_suite.<locals>.Checks.test_reshape_6_config_2) ... ok
test_reshape_7_config_0 (__main__.build_suite.<locals>.Checks.test_reshape_7_config_0) ... ok
test_reshape_7_config_1 (__main__.build_suite.<locals>.Checks.test_reshape_7_config_1) ... ok
test_reshape_7_config_2 (__main__.build_suite.<locals>.Checks.test_reshape_7_config_2) ... ok
test_upstream_muon_unchanged (__main__.build_suite.<locals>.Checks.test_upstream_muon_unchanged) ... ok

----------------------------------------------------------------------
Ran 31 tests in 0.044s

OK
