[==========] Running 24 tests from 2 test suites.
[----------] Global test environment set-up.
[----------] 4 tests from nntrainer_activation_stability
[ RUN      ] nntrainer_activation_stability.softplus_representable_positive_tail
[       OK ] nntrainer_activation_stability.softplus_representable_positive_tail (0 ms)
[ RUN      ] nntrainer_activation_stability.softplus_preserves_small_positive_tail
[       OK ] nntrainer_activation_stability.softplus_preserves_small_positive_tail (0 ms)
[ RUN      ] nntrainer_activation_stability.softplus_forward_backward_agree
[       OK ] nntrainer_activation_stability.softplus_forward_backward_agree (0 ms)
[ RUN      ] nntrainer_activation_stability.softplus_tensor_dispatch_is_finite
[       OK ] nntrainer_activation_stability.softplus_tensor_dispatch_is_finite (0 ms)
[----------] 4 tests from nntrainer_activation_stability (0 ms total)

[----------] 20 tests from nntrainer_activation
[ RUN      ] nntrainer_activation.softmax_01_p
[       OK ] nntrainer_activation.softmax_01_p (0 ms)
[ RUN      ] nntrainer_activation.softmax_02_n
[       OK ] nntrainer_activation.softmax_02_n (0 ms)
[ RUN      ] nntrainer_activation.softmax_prime_01_p
[       OK ] nntrainer_activation.softmax_prime_01_p (0 ms)
[ RUN      ] nntrainer_activation.softmax_prime_02_n
[       OK ] nntrainer_activation.softmax_prime_02_n (0 ms)
[ RUN      ] nntrainer_activation.softplus_01_p
[       OK ] nntrainer_activation.softplus_01_p (0 ms)
[ RUN      ] nntrainer_activation.softplusPrime_01_p
[       OK ] nntrainer_activation.softplusPrime_01_p (0 ms)
[ RUN      ] nntrainer_activation.sigmoid_01_p
[       OK ] nntrainer_activation.sigmoid_01_p (0 ms)
[ DISABLED ] nntrainer_activation.DISABLED_sigmoidPrime_01_p
[ RUN      ] nntrainer_activation.tanhFloat_01_p
[       OK ] nntrainer_activation.tanhFloat_01_p (0 ms)
[ DISABLED ] nntrainer_activation.DISABLED_tanhFloatPrime_01_p
[ RUN      ] nntrainer_activation.relu_01_p
[       OK ] nntrainer_activation.relu_01_p (0 ms)
[ RUN      ] nntrainer_activation.reluPrime_01_p
[       OK ] nntrainer_activation.reluPrime_01_p (0 ms)
[ RUN      ] nntrainer_activation.swish_01_p
[       OK ] nntrainer_activation.swish_01_p (0 ms)
[ RUN      ] nntrainer_activation.swishPrime_01_p
[       OK ] nntrainer_activation.swishPrime_01_p (1 ms)
[ RUN      ] nntrainer_activation.gelu_01_p
[       OK ] nntrainer_activation.gelu_01_p (0 ms)
[ RUN      ] nntrainer_activation.geluPrime_01_p
[       OK ] nntrainer_activation.geluPrime_01_p (0 ms)
[ RUN      ] nntrainer_activation.elu_01_p
[       OK ] nntrainer_activation.elu_01_p (0 ms)
[ RUN      ] nntrainer_activation.eluPrime_01_p
[       OK ] nntrainer_activation.eluPrime_01_p (0 ms)
[ RUN      ] nntrainer_activation.selu_01_p
[       OK ] nntrainer_activation.selu_01_p (0 ms)
[ RUN      ] nntrainer_activation.seluPrime_01_p
[       OK ] nntrainer_activation.seluPrime_01_p (0 ms)
[ RUN      ] nntrainer_activation.mish_01_p
[       OK ] nntrainer_activation.mish_01_p (0 ms)
[ RUN      ] nntrainer_activation.mishPrime_01_p
[       OK ] nntrainer_activation.mishPrime_01_p (0 ms)
[----------] 20 tests from nntrainer_activation (2 ms total)

[----------] Global test environment tear-down
[==========] 24 tests from 2 test suites ran. (3 ms total)
[  PASSED  ] 24 tests.

  YOU HAVE 2 DISABLED TESTS

