CASE {"dtype":"float64","size":1,"strided":false,"input":-700,"actual":9.8596765437597708e-305,"expected":9.8596765437597708e-305,"passed":true}
CASE {"dtype":"float64","size":1,"strided":false,"input":-100,"actual":3.7200759760208361e-44,"expected":3.7200759760208361e-44,"passed":true}
CASE {"dtype":"float64","size":1,"strided":false,"input":-89,"actual":2.2273635617957438e-39,"expected":2.2273635617957438e-39,"passed":true}
CASE {"dtype":"float64","size":1,"strided":false,"input":-1,"actual":0.36787944117144233,"expected":0.36787944117144233,"passed":true}
CASE {"dtype":"float64","size":1,"strided":false,"input":-1e-08,"actual":0.99999999000000006,"expected":0.99999999000000006,"passed":true}
CASE {"dtype":"float64","size":1,"strided":false,"input":0,"actual":1,"expected":1,"passed":true}
CASE {"dtype":"float64","size":1,"strided":false,"input":1e-08,"actual":1.0000000099999999,"expected":1.0000000099999999,"passed":true}
CASE {"dtype":"float64","size":1,"strided":false,"input":0.25,"actual":1.2840254166877414,"expected":1.2840254166877414,"passed":true}
CASE {"dtype":"float64","size":1,"strided":false,"input":1,"actual":2.7182818284590451,"expected":2.7182818284590451,"passed":true}
CASE {"dtype":"float64","size":1,"strided":false,"input":89,"actual":4.4896128191743455e+38,"expected":4.4896128191743455e+38,"passed":true}
CASE {"dtype":"float64","size":1,"strided":false,"input":100,"actual":2.6881171418161356e+43,"expected":2.6881171418161356e+43,"passed":true}
CASE {"dtype":"float64","size":1,"strided":false,"input":700,"actual":1.0142320547350045e+304,"expected":1.0142320547350045e+304,"passed":true}
CASE {"dtype":"float64","size":12,"strided":false,"input":-700,"actual":9.8596765437597708e-305,"expected":9.8596765437597708e-305,"passed":true}
CASE {"dtype":"float64","size":12,"strided":false,"input":-100,"actual":3.7200759760208361e-44,"expected":3.7200759760208361e-44,"passed":true}
CASE {"dtype":"float64","size":12,"strided":false,"input":-89,"actual":2.2273635617957438e-39,"expected":2.2273635617957438e-39,"passed":true}
CASE {"dtype":"float64","size":12,"strided":false,"input":-1,"actual":0.36787944117144233,"expected":0.36787944117144233,"passed":true}
CASE {"dtype":"float64","size":12,"strided":false,"input":-1e-08,"actual":0.99999999000000006,"expected":0.99999999000000006,"passed":true}
CASE {"dtype":"float64","size":12,"strided":false,"input":0,"actual":1,"expected":1,"passed":true}
CASE {"dtype":"float64","size":12,"strided":false,"input":1e-08,"actual":1.0000000099999999,"expected":1.0000000099999999,"passed":true}
CASE {"dtype":"float64","size":12,"strided":false,"input":0.25,"actual":1.2840254166877414,"expected":1.2840254166877414,"passed":true}
CASE {"dtype":"float64","size":12,"strided":false,"input":1,"actual":2.7182818284590451,"expected":2.7182818284590451,"passed":true}
CASE {"dtype":"float64","size":12,"strided":false,"input":89,"actual":4.4896128191743455e+38,"expected":4.4896128191743455e+38,"passed":true}
CASE {"dtype":"float64","size":12,"strided":false,"input":100,"actual":2.6881171418161356e+43,"expected":2.6881171418161356e+43,"passed":true}
CASE {"dtype":"float64","size":12,"strided":false,"input":700,"actual":1.0142320547350045e+304,"expected":1.0142320547350045e+304,"passed":true}
CASE {"dtype":"float64","size":12,"strided":true,"input":-700,"actual":9.8596765437597708e-305,"expected":9.8596765437597708e-305,"passed":true}
CASE {"dtype":"float64","size":12,"strided":true,"input":-100,"actual":3.7200759760208361e-44,"expected":3.7200759760208361e-44,"passed":true}
CASE {"dtype":"float64","size":12,"strided":true,"input":-89,"actual":2.2273635617957438e-39,"expected":2.2273635617957438e-39,"passed":true}
CASE {"dtype":"float64","size":12,"strided":true,"input":-1,"actual":0.36787944117144233,"expected":0.36787944117144233,"passed":true}
CASE {"dtype":"float64","size":12,"strided":true,"input":-1e-08,"actual":0.99999999000000006,"expected":0.99999999000000006,"passed":true}
CASE {"dtype":"float64","size":12,"strided":true,"input":0,"actual":1,"expected":1,"passed":true}
CASE {"dtype":"float64","size":12,"strided":true,"input":1e-08,"actual":1.0000000099999999,"expected":1.0000000099999999,"passed":true}
CASE {"dtype":"float64","size":12,"strided":true,"input":0.25,"actual":1.2840254166877414,"expected":1.2840254166877414,"passed":true}
CASE {"dtype":"float64","size":12,"strided":true,"input":1,"actual":2.7182818284590451,"expected":2.7182818284590451,"passed":true}
CASE {"dtype":"float64","size":12,"strided":true,"input":89,"actual":4.4896128191743455e+38,"expected":4.4896128191743455e+38,"passed":true}
CASE {"dtype":"float64","size":12,"strided":true,"input":100,"actual":2.6881171418161356e+43,"expected":2.6881171418161356e+43,"passed":true}
CASE {"dtype":"float64","size":12,"strided":true,"input":700,"actual":1.0142320547350045e+304,"expected":1.0142320547350045e+304,"passed":true}
CASE {"dtype":"float64","size":5,"strided":false,"input":"-Infinity","actual":0,"expected":0,"passed":true}
CASE {"dtype":"float64","size":5,"strided":false,"input":"Infinity","actual":"Infinity","expected":"Infinity","passed":true}
CASE {"dtype":"float64","size":5,"strided":false,"input":"NaN","actual":"NaN","expected":"NaN","passed":true}
CASE {"dtype":"float64","size":5,"strided":false,"input":0,"actual":1,"expected":1,"passed":true}
CASE {"dtype":"float64","size":5,"strided":false,"input":1e-08,"actual":1.0000000099999999,"expected":1.0000000099999999,"passed":true}
CASE {"dtype":"float32","size":6,"strided":false,"input":-10,"actual":4.5399930968414992e-05,"expected":4.5399929762484854e-05,"passed":true}
CASE {"dtype":"float32","size":6,"strided":false,"input":-1,"actual":0.36787945032119751,"expected":0.36787944117144233,"passed":true}
CASE {"dtype":"float32","size":6,"strided":false,"input":0,"actual":1,"expected":1,"passed":true}
CASE {"dtype":"float32","size":6,"strided":false,"input":0.25,"actual":1.2840254306793213,"expected":1.2840254166877414,"passed":true}
CASE {"dtype":"float32","size":6,"strided":false,"input":1,"actual":2.7182817459106445,"expected":2.7182818284590451,"passed":true}
CASE {"dtype":"float32","size":6,"strided":false,"input":10,"actual":22026.466796875,"expected":22026.465794806718,"passed":true}
SUMMARY {"checks":47,"failures":0}
