Running main() from ../subprojects/googletest/googletest/src/gtest_main.cc
Note: Google Test filter = AttentionNumericalAudit.*:CausalShapes/*:Attention/*
[==========] Running 42 tests from 4 test suites.
[----------] Global test environment set-up.
[----------] 12 tests from AttentionNumericalAudit
[ RUN      ] AttentionNumericalAudit.SquareControl
ATTENTION_OUTPUT 2 6
[       OK ] AttentionNumericalAudit.SquareControl (0 ms)
[ RUN      ] AttentionNumericalAudit.RectangularFewerQueries
ATTENTION_OUTPUT 2 6
[       OK ] AttentionNumericalAudit.RectangularFewerQueries (0 ms)
[ RUN      ] AttentionNumericalAudit.RectangularMoreQueries
ATTENTION_OUTPUT 2 6 6
[       OK ] AttentionNumericalAudit.RectangularMoreQueries (0 ms)
[ RUN      ] AttentionNumericalAudit.FutureValueHasZeroDerivative
ATTENTION_OUTPUT 1 0 0
[       OK ] AttentionNumericalAudit.FutureValueHasZeroDerivative (0 ms)
[ RUN      ] AttentionNumericalAudit.LargeFiniteFutureLogitIsExcluded
ATTENTION_OUTPUT 2 10
[       OK ] AttentionNumericalAudit.LargeFiniteFutureLogitIsExcluded (0 ms)
[ RUN      ] AttentionNumericalAudit.IncrementalChunksMatchFull
ATTENTION_OUTPUT 2 6 20.66666794
[       OK ] AttentionNumericalAudit.IncrementalChunksMatchFull (0 ms)
[ RUN      ] AttentionNumericalAudit.UnmaskedControl
ATTENTION_OUTPUT 20.66666794 20.66666794
[       OK ] AttentionNumericalAudit.UnmaskedControl (0 ms)
[ RUN      ] AttentionNumericalAudit.ProbabilitiesNormalizeOnlyOverAllowedKeys
ATTENTION_OUTPUT 1 0 0 0.5 0.5 0
[       OK ] AttentionNumericalAudit.ProbabilitiesNormalizeOnlyOverAllowedKeys (0 ms)
[ RUN      ] AttentionNumericalAudit.PrefixUnaffectedByFutureValues
ATTENTION_OUTPUT 2 6
[       OK ] AttentionNumericalAudit.PrefixUnaffectedByFutureValues (0 ms)
[ RUN      ] AttentionNumericalAudit.BatchedEvaluationMatchesIndependentExamples
ATTENTION_OUTPUT -2.25 0.5 -1.5 -0.4289978147 -0.1503579021 0.3210021257
ATTENTION_OUTPUT 0 0 0 -0.6281857491 -0.6281857491 -0.6281857491
ATTENTION_OUTPUT -1.36992836 0.4797136784 1.010143161 -0.1300715804 0.5202863216 -0.2601431608 0 0 0
ATTENTION_OUTPUT 0.1395968348 -0.2791936696 0.2093952596 -0.1395968348 0.2791936696 -0.2093952596 0 0 0
ATTENTION_OUTPUT -1.25 1.5 -0.5 -0.1054250598 1.09122324 -0.9087767601
ATTENTION_OUTPUT 0 0 0 0.2858902514 0.2858902514 0.2858902514
ATTENTION_OUTPUT 0.07702142 -0.5817553401 -0.3412232399 -0.32702142 0.081755355 -0.4087767601 0 0 0
ATTENTION_OUTPUT 0.1786814034 -0.03573628142 0.214417696 -0.1786814034 0.03573628142 -0.214417696 0 0 0
[       OK ] AttentionNumericalAudit.BatchedEvaluationMatchesIndependentExamples (0 ms)
[ RUN      ] AttentionNumericalAudit.NativeForwardFiniteDifferences
[       OK ] AttentionNumericalAudit.NativeForwardFiniteDifferences (0 ms)
[ RUN      ] AttentionNumericalAudit.IncrementalPartitionsMatchReference
ATTENTION_OUTPUT -2.25 0.5 -1.5 -0.4289978147 -0.1503579021 0.3210021257 -0.3767464161 -0.7461464405 0.3732535541 -0.3693481386 0.04687024653 0.3806518316 -0.03770816326 -0.1743815541 -0.3278052807
ATTENTION_OUTPUT -2.25 0.5 -1.5 -0.4289978147 -0.1503579021 0.3210021257 -0.3767464161 -0.7461464405 0.3732535541 -0.3693481386 0.04687024653 0.3806518316 -0.03770816326 -0.1743815541 -0.3278052807
ATTENTION_OUTPUT -2.25 0.5 -1.5 -0.4289978147 -0.1503579021 0.3210021257 -0.3767464161 -0.7461464405 0.3732535541 -0.3693481386 0.04687024653 0.3806518316 -0.03770816326 -0.1743815541 -0.3278052807
ATTENTION_OUTPUT -2.25 0.5 -1.5 -0.4289978147 -0.1503579021 0.3210021257 -0.3767464161 -0.7461464405 0.3732535541 -0.3693481386 0.04687024653 0.3806518316 -0.03770816326 -0.1743815541 -0.3278052807
ATTENTION_OUTPUT -2.25 0.5 -1.5 -0.4289978147 -0.1503579021 0.3210021257 -0.3767464161 -0.7461464405 0.3732535541 -0.3693481386 0.04687024653 0.3806518316 -0.03770812601 -0.1743815541 -0.3278052807
ATTENTION_OUTPUT -2.25 0.5 -1.5 -0.4289978147 -0.1503579021 0.3210021257 -0.3767464161 -0.7461464405 0.3732535541 -0.3693481386 0.04687024653 0.3806518316 -0.03770816326 -0.1743815541 -0.3278052807
ATTENTION_OUTPUT -2.25 0.5 -1.5 -0.4289978147 -0.1503579021 0.3210021257 -0.3767464161 -0.7461464405 0.3732535541 -0.3693481386 0.04687024653 0.3806518316 -0.03770816326 -0.1743815541 -0.3278052807
ATTENTION_OUTPUT -2.25 0.5 -1.5 -0.4289978147 -0.1503579021 0.3210021257 -0.3767464161 -0.7461464405 0.3732535541 -0.3693481684 0.04687021673 0.3806518316 -0.03770812601 -0.1743815541 -0.3278052807
[       OK ] AttentionNumericalAudit.IncrementalPartitionsMatchReference (0 ms)
[----------] 12 tests from AttentionNumericalAudit (2 ms total)

[----------] 11 tests from Attention/LayerSemantics
[ RUN      ] Attention/LayerSemantics.createFromAppContext_pn/0
[       OK ] Attention/LayerSemantics.createFromAppContext_pn/0 (7 ms)
[ RUN      ] Attention/LayerSemantics.setPropertiesInvalid_01_n/0
[       OK ] Attention/LayerSemantics.setPropertiesInvalid_01_n/0 (0 ms)
[ RUN      ] Attention/LayerSemantics.setPropertiesInvalid_02_n/0
[       OK ] Attention/LayerSemantics.setPropertiesInvalid_02_n/0 (0 ms)
[ RUN      ] Attention/LayerSemantics.finalizeValidateLayerNode_p/0
[       OK ] Attention/LayerSemantics.finalizeValidateLayerNode_p/0 (0 ms)
[ RUN      ] Attention/LayerSemantics.getTypeValidateLayerNode_p/0
[       OK ] Attention/LayerSemantics.getTypeValidateLayerNode_p/0 (0 ms)
[ RUN      ] Attention/LayerSemantics.gettersValidateLayerNode_p/0
[       OK ] Attention/LayerSemantics.gettersValidateLayerNode_p/0 (0 ms)
[ RUN      ] Attention/LayerSemantics.setBatchValidateLayerNode_p/0
[       OK ] Attention/LayerSemantics.setBatchValidateLayerNode_p/0 (0 ms)
[ RUN      ] Attention/LayerSemantics.setProperties_n/0
[       OK ] Attention/LayerSemantics.setProperties_n/0 (0 ms)
[ RUN      ] Attention/LayerSemantics.gettersValidate_p/0
[       OK ] Attention/LayerSemantics.gettersValidate_p/0 (0 ms)
[ RUN      ] Attention/LayerSemantics.finalizeValidate_p/0
[       OK ] Attention/LayerSemantics.finalizeValidate_p/0 (0 ms)
[ RUN      ] Attention/LayerSemantics.setBatchValidate_p/0
[       OK ] Attention/LayerSemantics.setBatchValidate_p/0 (0 ms)
[----------] 11 tests from Attention/LayerSemantics (8 ms total)

[----------] 3 tests from Attention/LayerGoldenTest
[ RUN      ] Attention/LayerGoldenTest.run/0
[       OK ] Attention/LayerGoldenTest.run/0 (0 ms)
[ RUN      ] Attention/LayerGoldenTest.run/1
[       OK ] Attention/LayerGoldenTest.run/1 (0 ms)
[ RUN      ] Attention/LayerGoldenTest.run/2
[       OK ] Attention/LayerGoldenTest.run/2 (0 ms)
[----------] 3 tests from Attention/LayerGoldenTest (1 ms total)

[----------] 16 tests from CausalShapes/AttentionShapes
[ RUN      ] CausalShapes/AttentionShapes.ForwardAndBackwardMatchReference/0
ATTENTION_OUTPUT -2.25 0.5 -1.5
ATTENTION_OUTPUT 0 0 0
ATTENTION_OUTPUT -1.25 0 1.25 0 0 0 0 0 0
ATTENTION_OUTPUT 0 0 0 0 0 0 0 0 0
[       OK ] CausalShapes/AttentionShapes.ForwardAndBackwardMatchReference/0 (0 ms)
[ RUN      ] CausalShapes/AttentionShapes.ForwardAndBackwardMatchReference/1
ATTENTION_OUTPUT -2.25 0.5 -1.5 -1.25 1.5 -0.5
ATTENTION_OUTPUT 0 0 0 0 0 0
ATTENTION_OUTPUT -1.25 0 1.25 0 0 0 0 0 0 -0.25 1 -0.5 0 0 0 0 0 0
ATTENTION_OUTPUT 0 0 0 0 0 0 0 0 0 0 0 0 0 0 0 0 0 0
[       OK ] CausalShapes/AttentionShapes.ForwardAndBackwardMatchReference/1 (0 ms)
[ RUN      ] CausalShapes/AttentionShapes.ForwardAndBackwardMatchReference/2
ATTENTION_OUTPUT -2.25 0.5 -1.5 -0.3771554232 -0.1688730419 0.3728445172
ATTENTION_OUTPUT 0 0 0 -1.084473372 -1.084473372 -1.084473372
ATTENTION_OUTPUT -1.366225362 0.4649015665 1.017549276 -0.1337746084 0.5350984335 -0.2675492167 0 0 0
ATTENTION_OUTPUT 0.2409940958 -0.4819881916 0.3614911437 -0.2409940958 0.4819881916 -0.3614911437 0 0 0
[       OK ] CausalShapes/AttentionShapes.ForwardAndBackwardMatchReference/2 (0 ms)
[ RUN      ] CausalShapes/AttentionShapes.ForwardAndBackwardMatchReference/3
ATTENTION_OUTPUT -2.25 0.5 -1.5 -0.3771554232 -0.1688730419 0.3728445172 -1.25 1.5 -0.5 -0.4705495238 1.221624851 -0.7783752084
ATTENTION_OUTPUT 0 0 0 -1.084473372 -1.084473372 -1.084473372 0 0 0 0.3894857466 0.3894857466 0.3894857466
ATTENTION_OUTPUT -1.366225362 0.4649015665 1.017549276 -0.1337746084 0.5350984335 -0.2675492167 0 0 0 -0.02729988098 -0.5556750298 -0.4716248512 -0.2227001488 0.05567503721 -0.2783751786 0 0 0
ATTENTION_OUTPUT 0.2409940958 -0.4819881916 0.3614911437 -0.2409940958 0.4819881916 -0.3614911437 0 0 0 0.2434285879 -0.04868571833 0.2921143174 -0.2434286177 0.04868572205 -0.2921143174 0 0 0
[       OK ] CausalShapes/AttentionShapes.ForwardAndBackwardMatchReference/3 (0 ms)
[ RUN      ] CausalShapes/AttentionShapes.ForwardAndBackwardMatchReference/4
ATTENTION_OUTPUT -2.25 0.5 -1.5 -0.3771554232 -0.1688730419 0.3728445172 -0.6228445768 -0.08112695813 0.1271554828
ATTENTION_OUTPUT 0 0 0 -1.084473372 -1.084473372 -1.084473372 1.486778259 1.486778259 1.486778259
ATTENTION_OUTPUT -0.9649015665 0.06357774138 1.285098433 0.2149015665 0.1864222586 -0.03509843349
ATTENTION_OUTPUT 0.7365868092 -1.142778516 0.6918863058 -0.7365868092 1.142778516 -0.6918863058
[       OK ] CausalShapes/AttentionShapes.ForwardAndBackwardMatchReference/4 (0 ms)
[ RUN      ] CausalShapes/AttentionShapes.ForwardAndBackwardMatchReference/5
ATTENTION_OUTPUT -2.25 0.5 -1.5 -0.3771554232 -0.1688730419 0.3728445172 -0.6228445768 -0.08112695813 0.1271554828 0 -2 0.75 -0.4138996899 -0.8410809636 0.3361003399 -0.3400306702 -1.047914028 0.4099693298
ATTENTION_OUTPUT 0 0 0 -1.084473372 -1.084473372 -1.084473372 1.486778259 1.486778259 1.486778259 0 0 0 1.167958021 1.167958021 1.16795814 -0.8771985769 -0.8771985769 -0.8771985769
ATTENTION_OUTPUT -0.9649015665 0.06357774138 1.285098433 0.2149015665 0.1864222586 -0.03509843349 -0.2720245719 0.7221126556 -0.8712384701 0.2720245421 0.277887404 0.1212384775
ATTENTION_OUTPUT 0.7365868092 -1.142778516 0.6918863058 -0.7365868092 1.142778516 -0.6918863058 -0.4873325825 0.9735716581 -0.5196391344 0.4873325229 -0.9735717177 0.5196391344
[       OK ] CausalShapes/AttentionShapes.ForwardAndBackwardMatchReference/5 (0 ms)
[ RUN      ] CausalShapes/AttentionShapes.ForwardAndBackwardMatchReference/6
ATTENTION_OUTPUT -2.25 0.5 -1.5 -0.3771554232 -0.1688730419 0.3728445172 -0.4079405069 -0.7432080507 0.3420594931
ATTENTION_OUTPUT 0 0 0 -1.084473372 -1.084473372 -1.084473372 0.7743117809 0.7743117809 0.7743118405
ATTENTION_OUTPUT -1.103372931 0.2020490766 1.19278419 0.09459558129 0.3067282438 -0.1153024286 0.2587773204 -0.2587773204 0.1725182086
ATTENTION_OUTPUT 0.6661554575 -1.048869967 0.6449320316 -0.4782158732 0.798283875 -0.5196390152 -0.1879395694 0.2505860925 -0.1252930462
[       OK ] CausalShapes/AttentionShapes.ForwardAndBackwardMatchReference/6 (0 ms)
[ RUN      ] CausalShapes/AttentionShapes.ForwardAndBackwardMatchReference/7
ATTENTION_OUTPUT -2.25 0.5 -1.5 -0.3771554232 -0.1688730419 0.3728445172 -0.4079405069 -0.7432080507 0.3420594931 -1.25 1.5 -0.5 1.029742002 0.6858063936 -1.314193726 1.124918222 -0.08244792372 -0.02651188523
ATTENTION_OUTPUT 0 0 0 -1.084473372 -1.084473372 -1.084473372 0.7743117809 0.7743117809 0.7743118405 0 0 0 0.283864677 0.2838646472 0.2838646173 0.2237534523 0.2237534672 -1.308790684
ATTENTION_OUTPUT -1.103372931 0.2020490766 1.19278419 0.09459558129 0.3067282438 -0.1153024286 0.2587773204 -0.2587773204 0.1725182086 -0.833129704 0.6023712754 -1.212008595 0.400301069 0.614043057 0.1373870671 0.4328286648 -0.2164143324 0.3246214986
ATTENTION_OUTPUT 0.6661554575 -1.048869967 0.6449320316 -0.4782158732 0.798283875 -0.5196390152 -0.1879395694 0.2505860925 -0.1252930462 0.3672459126 -0.3597968221 0.3292797804 0.08350236714 0.1794975698 0.03131880611 -0.4507482648 0.1802993119 -0.3605986238
[       OK ] CausalShapes/AttentionShapes.ForwardAndBackwardMatchReference/7 (0 ms)
[ RUN      ] CausalShapes/AttentionShapes.ForwardAndBackwardMatchReference/8
ATTENTION_OUTPUT -2.25 0.5 -1.5
ATTENTION_OUTPUT 0 0 0
ATTENTION_OUTPUT -1.25 0 1.25 0 0 0 0 0 0
ATTENTION_OUTPUT 0 0 0 0 0 0 0 0 0
[       OK ] CausalShapes/AttentionShapes.ForwardAndBackwardMatchReference/8 (0 ms)
[ RUN      ] CausalShapes/AttentionShapes.ForwardAndBackwardMatchReference/9
ATTENTION_OUTPUT -2.25 0.5 -1.5 -1.25 1.5 -0.5
ATTENTION_OUTPUT 0 0 0 0 0 0
ATTENTION_OUTPUT -1.25 0 1.25 0 0 0 0 0 0 -0.25 1 -0.5 0 0 0 0 0 0
ATTENTION_OUTPUT 0 0 0 0 0 0 0 0 0 0 0 0 0 0 0 0 0 0
[       OK ] CausalShapes/AttentionShapes.ForwardAndBackwardMatchReference/9 (0 ms)
[ RUN      ] CausalShapes/AttentionShapes.ForwardAndBackwardMatchReference/10
ATTENTION_OUTPUT -2.25 0.5 -1.5 -0.4289978147 -0.1503579021 0.3210021257
ATTENTION_OUTPUT 0 0 0 -0.6281857491 -0.6281857491 -0.6281857491
ATTENTION_OUTPUT -1.36992836 0.4797136784 1.010143161 -0.1300715804 0.5202863216 -0.2601431608 0 0 0
ATTENTION_OUTPUT 0.1395968348 -0.2791936696 0.2093952596 -0.1395968348 0.2791936696 -0.2093952596 0 0 0
[       OK ] CausalShapes/AttentionShapes.ForwardAndBackwardMatchReference/10 (0 ms)
[ RUN      ] CausalShapes/AttentionShapes.ForwardAndBackwardMatchReference/11
ATTENTION_OUTPUT -2.25 0.5 -1.5 -0.4289978147 -0.1503579021 0.3210021257 -1.25 1.5 -0.5 -0.1054250598 1.09122324 -0.9087767601
ATTENTION_OUTPUT 0 0 0 -0.6281857491 -0.6281857491 -0.6281857491 0 0 0 0.2858902514 0.2858902514 0.2858902514
ATTENTION_OUTPUT -1.36992836 0.4797136784 1.010143161 -0.1300715804 0.5202863216 -0.2601431608 0 0 0 0.07702142 -0.5817553401 -0.3412232399 -0.32702142 0.081755355 -0.4087767601 0 0 0
ATTENTION_OUTPUT 0.1395968348 -0.2791936696 0.2093952596 -0.1395968348 0.2791936696 -0.2093952596 0 0 0 0.1786814034 -0.03573628142 0.214417696 -0.1786814034 0.03573628142 -0.214417696 0 0 0
[       OK ] CausalShapes/AttentionShapes.ForwardAndBackwardMatchReference/11 (0 ms)
[ RUN      ] CausalShapes/AttentionShapes.ForwardAndBackwardMatchReference/12
ATTENTION_OUTPUT -2.25 0.5 -1.5 -0.4289978147 -0.1503579021 0.3210021257 -0.5710021853 -0.09964209795 0.1789978743
ATTENTION_OUTPUT 0 0 0 -0.6281857491 -0.6281857491 -0.6281857491 0.861222446 0.861222446 0.861222446
ATTENTION_OUTPUT -0.9797136784 0.08949893713 1.270286322 0.2297136784 0.1605010629 -0.02028632164
ATTENTION_OUTPUT 0.4266709685 -0.6619591713 0.4007780254 -0.4266709685 0.6619591713 -0.4007780254
[       OK ] CausalShapes/AttentionShapes.ForwardAndBackwardMatchReference/12 (0 ms)
[ RUN      ] CausalShapes/AttentionShapes.ForwardAndBackwardMatchReference/13
ATTENTION_OUTPUT -2.25 0.5 -1.5 -0.4289978147 -0.1503579021 0.3210021257 -0.5710021853 -0.09964209795 0.1789978743 0 -2 0.75 -0.4998546839 -0.6004067659 0.2501452565 -0.4520280957 -0.7343213558 0.2979719043
ATTENTION_OUTPUT 0 0 0 -0.6281857491 -0.6281857491 -0.6281857491 0.861222446 0.861222446 0.861222446 0 0 0 0.7306380868 0.7306380868 0.7306380868 -0.5903987885 -0.5903987885 -0.5903987885
ATTENTION_OUTPUT -0.9797136784 0.08949893713 1.270286322 0.2297136784 0.1605010629 -0.02028632164 -0.3616224527 0.6809564829 -0.921245873 0.3616224825 0.3190434575 0.1712459326
ATTENTION_OUTPUT 0.4266709685 -0.6619591713 0.4007780254 -0.4266709685 0.6619591713 -0.4007780254 -0.3279993236 0.6182917953 -0.3435814679 0.3279993236 -0.6182917953 0.3435814679
[       OK ] CausalShapes/AttentionShapes.ForwardAndBackwardMatchReference/13 (0 ms)
[ RUN      ] CausalShapes/AttentionShapes.ForwardAndBackwardMatchReference/14
ATTENTION_OUTPUT -2.25 0.5 -1.5 -0.4289978147 -0.1503579021 0.3210021257 -0.3767464161 -0.7461464405 0.3732535541
ATTENTION_OUTPUT 0 0 0 -0.6281857491 -0.6281857491 -0.6281857491 0.4532824159 0.4532824159 0.4532824159
ATTENTION_OUTPUT -1.112465262 0.2222505212 1.181785226 0.1073142439 0.2829005122 -0.1018859446 0.2551510036 -0.2551510036 0.170100674
ATTENTION_OUTPUT 0.3830928206 -0.6038550138 0.3717259169 -0.2791407406 0.4652522206 -0.3024245203 -0.1039520726 0.1386027634 -0.06930138171
[       OK ] CausalShapes/AttentionShapes.ForwardAndBackwardMatchReference/14 (0 ms)
[ RUN      ] CausalShapes/AttentionShapes.ForwardAndBackwardMatchReference/15
ATTENTION_OUTPUT -2.25 0.5 -1.5 -0.4289978147 -0.1503579021 0.3210021257 -0.3767464161 -0.7461464405 0.3732535541 -1.25 1.5 -0.5 0.8123565316 0.7634441853 -1.236555934 0.9593734741 0.04112263769 -0.08339437097
ATTENTION_OUTPUT 0 0 0 -0.6281857491 -0.6281857491 -0.6281857491 0.4532824159 0.4532824159 0.4532824159 0 0 0 0.1746740192 0.1746740043 0.1746739894 0.06906812638 0.06906813383 -0.8688729405
ATTENTION_OUTPUT -1.112465262 0.2222505212 1.181785226 0.1073142439 0.2829005122 -0.1018859446 0.2551510036 -0.2551510036 0.170100674 -0.7722633481 0.6495758295 -1.181886315 0.3774248064 0.5478435159 0.1357574165 0.3948385119 -0.197419256 0.2961288691
ATTENTION_OUTPUT 0.3830928206 -0.6038550138 0.3717259169 -0.2791407406 0.4652522206 -0.3024245203 -0.1039520726 0.1386027634 -0.06930138171 0.267180562 -0.2378777266 0.2355787009 0.008684446104 0.127531752 -0.01488669775 -0.2758650184 0.1103460118 -0.2206920236
[       OK ] CausalShapes/AttentionShapes.ForwardAndBackwardMatchReference/15 (0 ms)
[----------] 16 tests from CausalShapes/AttentionShapes (0 ms total)

[----------] Global test environment tear-down
[==========] 42 tests from 4 test suites ran. (13 ms total)
[  PASSED  ] 42 tests.
