FAIL small/mask=0.000000/pattern=0/joint/arg=2 max_error=0.140625
FAIL small/mask=0.000000/pattern=0/only=2/arg=2 max_error=0.140625
FAIL small/mask=0.000000/pattern=0/reordered/arg=2 max_error=0.140625
FAIL small/mask=0.500000/pattern=0/joint/arg=2 max_error=0.0703125
FAIL small/mask=0.500000/pattern=0/only=2/arg=2 max_error=0.0703125
FAIL small/mask=0.500000/pattern=0/reordered/arg=2 max_error=0.0703125
FAIL small/mask=-2.000000/pattern=0/joint/arg=2 max_error=0.421875
FAIL small/mask=-2.000000/pattern=0/only=2/arg=2 max_error=0.421875
FAIL small/mask=-2.000000/pattern=0/reordered/arg=2 max_error=0.421875
FAIL small/mask=0.000000/pattern=1/joint/arg=2 max_error=0.175781
FAIL small/mask=0.000000/pattern=1/only=2/arg=2 max_error=0.175781
FAIL small/mask=0.000000/pattern=1/reordered/arg=2 max_error=0.175781
FAIL small_operands/mask=0.000000/pattern=0/joint/arg=2 max_error=0.00878906
FAIL small_operands/mask=0.000000/pattern=0/only=2/arg=2 max_error=0.00878906
FAIL small_operands/mask=0.000000/pattern=0/reordered/arg=2 max_error=0.00878906
FAIL small_operands/mask=0.500000/pattern=0/joint/arg=2 max_error=0.00439453
FAIL small_operands/mask=0.500000/pattern=0/only=2/arg=2 max_error=0.00439453
FAIL small_operands/mask=0.500000/pattern=0/reordered/arg=2 max_error=0.00439453
FAIL small_operands/mask=-2.000000/pattern=0/joint/arg=2 max_error=0.0263672
FAIL small_operands/mask=-2.000000/pattern=0/only=2/arg=2 max_error=0.0263672
FAIL small_operands/mask=-2.000000/pattern=0/reordered/arg=2 max_error=0.0263672
FAIL small_operands/mask=0.000000/pattern=1/joint/arg=2 max_error=0.0109863
FAIL small_operands/mask=0.000000/pattern=1/only=2/arg=2 max_error=0.0109863
FAIL small_operands/mask=0.000000/pattern=1/reordered/arg=2 max_error=0.0109863
FAIL partial_all_masks/mask=0.000000/pattern=0/joint/arg=2 max_error=0.875
FAIL partial_all_masks/mask=0.000000/pattern=0/only=2/arg=2 max_error=0.875
FAIL partial_all_masks/mask=0.000000/pattern=0/reordered/arg=2 max_error=0.875
FAIL partial_all_masks/mask=0.500000/pattern=0/joint/arg=2 max_error=0.4375
FAIL partial_all_masks/mask=0.500000/pattern=0/only=2/arg=2 max_error=0.4375
FAIL partial_all_masks/mask=0.500000/pattern=0/reordered/arg=2 max_error=0.4375
FAIL partial_all_masks/mask=-2.000000/pattern=0/joint/arg=2 max_error=2.625
FAIL partial_all_masks/mask=-2.000000/pattern=0/only=2/arg=2 max_error=2.625
FAIL partial_all_masks/mask=-2.000000/pattern=0/reordered/arg=2 max_error=2.625
FAIL partial_all_masks/mask=0.000000/pattern=1/joint/arg=2 max_error=0.546875
FAIL partial_all_masks/mask=0.000000/pattern=1/only=2/arg=2 max_error=0.546875
FAIL partial_all_masks/mask=0.000000/pattern=1/reordered/arg=2 max_error=0.546875
FAIL tile64/mask=0.000000/pattern=0/joint/arg=2 max_error=0.21875
FAIL tile64/mask=0.000000/pattern=0/only=2/arg=2 max_error=0.21875
FAIL tile64/mask=0.000000/pattern=0/reordered/arg=2 max_error=0.21875
FAIL tile64/mask=0.500000/pattern=0/joint/arg=2 max_error=0.109375
FAIL tile64/mask=0.500000/pattern=0/only=2/arg=2 max_error=0.109375
FAIL tile64/mask=0.500000/pattern=0/reordered/arg=2 max_error=0.109375
FAIL tile64/mask=-2.000000/pattern=0/joint/arg=2 max_error=0.65625
FAIL tile64/mask=-2.000000/pattern=0/only=2/arg=2 max_error=0.65625
FAIL tile64/mask=-2.000000/pattern=0/reordered/arg=2 max_error=0.65625
FAIL tile64/mask=0.000000/pattern=1/joint/arg=2 max_error=0.273438
FAIL tile64/mask=0.000000/pattern=1/only=2/arg=2 max_error=0.273438
FAIL tile64/mask=0.000000/pattern=1/reordered/arg=2 max_error=0.273438
FAIL batch_rhs/mask=0.000000/pattern=0/joint/arg=2 max_error=0.109375
FAIL batch_rhs/mask=0.000000/pattern=0/only=2/arg=2 max_error=0.109375
FAIL batch_rhs/mask=0.000000/pattern=0/reordered/arg=2 max_error=0.109375
FAIL batch_rhs/mask=0.500000/pattern=0/joint/arg=2 max_error=0.0546875
FAIL batch_rhs/mask=0.500000/pattern=0/only=2/arg=2 max_error=0.0546875
FAIL batch_rhs/mask=0.500000/pattern=0/reordered/arg=2 max_error=0.0546875
FAIL batch_rhs/mask=-2.000000/pattern=0/joint/arg=2 max_error=0.328125
FAIL batch_rhs/mask=-2.000000/pattern=0/only=2/arg=2 max_error=0.328125
FAIL batch_rhs/mask=-2.000000/pattern=0/reordered/arg=2 max_error=0.328125
FAIL batch_rhs/mask=0.000000/pattern=1/joint/arg=2 max_error=0.164062
FAIL batch_rhs/mask=0.000000/pattern=1/only=2/arg=2 max_error=0.164062
FAIL batch_rhs/mask=0.000000/pattern=1/reordered/arg=2 max_error=0.164062
FAIL strided/mask=0.000000/pattern=0/joint/arg=2 max_error=0.273438
FAIL strided/mask=0.000000/pattern=0/only=2/arg=2 max_error=0.273438
FAIL strided/mask=0.000000/pattern=0/reordered/arg=2 max_error=0.273438
FAIL strided/mask=0.500000/pattern=0/joint/arg=2 max_error=0.136719
FAIL strided/mask=0.500000/pattern=0/only=2/arg=2 max_error=0.136719
FAIL strided/mask=0.500000/pattern=0/reordered/arg=2 max_error=0.136719
FAIL strided/mask=-2.000000/pattern=0/joint/arg=2 max_error=0.820312
FAIL strided/mask=-2.000000/pattern=0/only=2/arg=2 max_error=0.820312
FAIL strided/mask=-2.000000/pattern=0/reordered/arg=2 max_error=0.820312
FAIL strided/mask=0.000000/pattern=1/joint/arg=2 max_error=0.341797
FAIL strided/mask=0.000000/pattern=1/only=2/arg=2 max_error=0.341797
FAIL strided/mask=0.000000/pattern=1/reordered/arg=2 max_error=0.341797
FAIL simple/vjp max_error=12
EVIDENCE mask=0 gradient=0 finite_difference=12
FAIL simple/vjp max_error=6
EVIDENCE mask=0.5 gradient=6 finite_difference=12
EVIDENCE mask=1 gradient=12 finite_difference=12
FAIL simple/vjp max_error=36
EVIDENCE mask=-2 gradient=-24 finite_difference=12
FAIL training/gradient max_error=36
FAIL training/next max_error=18
EVIDENCE training initial=18 gradient=0 next=18
SUMMARY scenarios=377 checks=604 failures=77 failed_scenarios=76
