FAIL n=1/axis=0/reverse=0/inclusive=0/mode=0/strided=0/cotangent/row=0 max_error=0
FAIL n=1/axis=0/reverse=0/inclusive=1/mode=0/strided=0/hessian/row=0 max_error=1
FAIL n=1/axis=0/reverse=0/inclusive=1/mode=0/strided=0/cotangent/row=0 max_error=0
FAIL n=1/axis=0/reverse=0/inclusive=1/mode=1/strided=0/hessian/row=0 max_error=1
FAIL n=1/axis=0/reverse=1/inclusive=0/mode=0/strided=0/cotangent/row=0 max_error=0
FAIL n=1/axis=0/reverse=1/inclusive=1/mode=0/strided=0/hessian/row=0 max_error=1
FAIL n=1/axis=0/reverse=1/inclusive=1/mode=0/strided=0/cotangent/row=0 max_error=0
FAIL n=1/axis=0/reverse=1/inclusive=1/mode=1/strided=0/hessian/row=0 max_error=1
FAIL n=2/axis=0/reverse=0/inclusive=0/mode=0/strided=0/hessian/row=0 max_error=1
FAIL n=2/axis=0/reverse=0/inclusive=0/mode=0/strided=0/cotangent/row=0 max_error=0
FAIL n=2/axis=0/reverse=0/inclusive=0/mode=0/strided=0/cotangent/row=1 max_error=0
FAIL n=2/axis=0/reverse=0/inclusive=1/mode=0/strided=0/hessian/row=0 max_error=1.19169
FAIL n=2/axis=0/reverse=0/inclusive=1/mode=0/strided=0/hessian/row=1 max_error=0.316042
FAIL n=2/axis=0/reverse=0/inclusive=1/mode=0/strided=0/cotangent/row=0 max_error=0
FAIL n=2/axis=0/reverse=0/inclusive=1/mode=0/strided=0/cotangent/row=1 max_error=0
FAIL n=2/axis=0/reverse=0/inclusive=1/mode=1/strided=0/hessian/row=0 max_error=1
FAIL n=2/axis=0/reverse=1/inclusive=0/mode=0/strided=0/hessian/row=1 max_error=1
FAIL n=2/axis=0/reverse=1/inclusive=0/mode=0/strided=0/cotangent/row=0 max_error=0
FAIL n=2/axis=0/reverse=1/inclusive=0/mode=0/strided=0/cotangent/row=1 max_error=0
FAIL n=2/axis=0/reverse=1/inclusive=0/mode=1/strided=0/hessian/row=1 max_error=1
FAIL n=2/axis=0/reverse=1/inclusive=1/mode=0/strided=0/hessian/row=0 max_error=0.246134
FAIL n=2/axis=0/reverse=1/inclusive=1/mode=0/strided=0/hessian/row=1 max_error=1.31604
FAIL n=2/axis=0/reverse=1/inclusive=1/mode=0/strided=0/cotangent/row=0 max_error=0
FAIL n=2/axis=0/reverse=1/inclusive=1/mode=0/strided=0/cotangent/row=1 max_error=0
FAIL n=2/axis=0/reverse=1/inclusive=1/mode=1/strided=0/hessian/row=0 max_error=0.246134
FAIL n=2/axis=0/reverse=1/inclusive=1/mode=1/strided=0/hessian/row=1 max_error=0.316042
FAIL n=4/axis=0/reverse=0/inclusive=0/mode=0/strided=0/hessian/row=0 max_error=1.25635
FAIL n=4/axis=0/reverse=0/inclusive=0/mode=0/strided=0/hessian/row=1 max_error=0.422642
FAIL n=4/axis=0/reverse=0/inclusive=0/mode=0/strided=0/hessian/row=2 max_error=0.175753
FAIL n=4/axis=0/reverse=0/inclusive=0/mode=0/strided=0/cotangent/row=0 max_error=0
FAIL n=4/axis=0/reverse=0/inclusive=0/mode=0/strided=0/cotangent/row=1 max_error=0
FAIL n=4/axis=0/reverse=0/inclusive=0/mode=0/strided=0/cotangent/row=2 max_error=0
FAIL n=4/axis=0/reverse=0/inclusive=0/mode=0/strided=0/cotangent/row=3 max_error=0
FAIL n=4/axis=0/reverse=0/inclusive=0/mode=1/strided=0/hessian/row=0 max_error=0.1066
FAIL n=4/axis=0/reverse=0/inclusive=0/mode=1/strided=0/hessian/row=1 max_error=0.136877
FAIL n=4/axis=0/reverse=0/inclusive=0/mode=1/strided=0/hessian/row=2 max_error=0.175753
FAIL n=4/axis=0/reverse=0/inclusive=1/mode=0/strided=0/hessian/row=0 max_error=1.28367
FAIL n=4/axis=0/reverse=0/inclusive=1/mode=0/strided=0/hessian/row=1 max_error=0.46769
FAIL n=4/axis=0/reverse=0/inclusive=1/mode=0/strided=0/hessian/row=2 max_error=0.250024
FAIL n=4/axis=0/reverse=0/inclusive=1/mode=0/strided=0/hessian/row=3 max_error=0.122452
FAIL n=4/axis=0/reverse=0/inclusive=1/mode=0/strided=0/cotangent/row=0 max_error=0
FAIL n=4/axis=0/reverse=0/inclusive=1/mode=0/strided=0/cotangent/row=1 max_error=0
FAIL n=4/axis=0/reverse=0/inclusive=1/mode=0/strided=0/cotangent/row=2 max_error=0
FAIL n=4/axis=0/reverse=0/inclusive=1/mode=0/strided=0/cotangent/row=3 max_error=0
FAIL n=4/axis=0/reverse=0/inclusive=1/mode=1/strided=0/hessian/row=0 max_error=1.02732
FAIL n=4/axis=0/reverse=0/inclusive=1/mode=1/strided=0/hessian/row=1 max_error=0.0742711
FAIL n=4/axis=0/reverse=0/inclusive=1/mode=1/strided=0/hessian/row=2 max_error=0.095366
FAIL n=4/axis=0/reverse=0/inclusive=1/mode=1/strided=0/hessian/row=3 max_error=0.122452
FAIL n=4/axis=0/reverse=1/inclusive=0/mode=0/strided=0/hessian/row=1 max_error=0.1066
FAIL n=4/axis=0/reverse=1/inclusive=0/mode=0/strided=0/hessian/row=2 max_error=0.383011
FAIL n=4/axis=0/reverse=1/inclusive=0/mode=0/strided=0/hessian/row=3 max_error=1.4918
FAIL n=4/axis=0/reverse=1/inclusive=0/mode=0/strided=0/cotangent/row=0 max_error=0
FAIL n=4/axis=0/reverse=1/inclusive=0/mode=0/strided=0/cotangent/row=1 max_error=0
FAIL n=4/axis=0/reverse=1/inclusive=0/mode=0/strided=0/cotangent/row=2 max_error=0
FAIL n=4/axis=0/reverse=1/inclusive=0/mode=0/strided=0/cotangent/row=3 max_error=0
FAIL n=4/axis=0/reverse=1/inclusive=0/mode=1/strided=0/hessian/row=1 max_error=0.1066
FAIL n=4/axis=0/reverse=1/inclusive=0/mode=1/strided=0/hessian/row=2 max_error=0.136876
FAIL n=4/axis=0/reverse=1/inclusive=0/mode=1/strided=0/hessian/row=3 max_error=0.175753
FAIL n=4/axis=0/reverse=1/inclusive=1/mode=0/strided=0/hessian/row=0 max_error=0.0578424
FAIL n=4/axis=0/reverse=1/inclusive=1/mode=0/strided=0/hessian/row=1 max_error=0.180871
FAIL n=4/axis=0/reverse=1/inclusive=1/mode=0/strided=0/hessian/row=2 max_error=0.478377
FAIL n=4/axis=0/reverse=1/inclusive=1/mode=0/strided=0/hessian/row=3 max_error=1.61425
FAIL n=4/axis=0/reverse=1/inclusive=1/mode=0/strided=0/cotangent/row=0 max_error=0
FAIL n=4/axis=0/reverse=1/inclusive=1/mode=0/strided=0/cotangent/row=1 max_error=0
FAIL n=4/axis=0/reverse=1/inclusive=1/mode=0/strided=0/cotangent/row=2 max_error=0
FAIL n=4/axis=0/reverse=1/inclusive=1/mode=0/strided=0/cotangent/row=3 max_error=0
FAIL n=4/axis=0/reverse=1/inclusive=1/mode=1/strided=0/hessian/row=0 max_error=0.0578424
FAIL n=4/axis=0/reverse=1/inclusive=1/mode=1/strided=0/hessian/row=1 max_error=0.0742711
FAIL n=4/axis=0/reverse=1/inclusive=1/mode=1/strided=0/hessian/row=2 max_error=0.095366
FAIL n=4/axis=0/reverse=1/inclusive=1/mode=1/strided=0/hessian/row=3 max_error=1.12245
FAIL n=6/axis=0/reverse=0/inclusive=0/mode=0/strided=0/hessian/row=0 max_error=1
FAIL n=6/axis=0/reverse=0/inclusive=0/mode=0/strided=0/hessian/row=1 max_error=1
FAIL n=6/axis=0/reverse=0/inclusive=0/mode=0/strided=0/hessian/row=2 max_error=1
FAIL n=6/axis=0/reverse=0/inclusive=0/mode=0/strided=0/cotangent/row=0 max_error=0
FAIL n=6/axis=0/reverse=0/inclusive=0/mode=0/strided=0/cotangent/row=1 max_error=0
FAIL n=6/axis=0/reverse=0/inclusive=0/mode=0/strided=0/cotangent/row=2 max_error=0
FAIL n=6/axis=0/reverse=0/inclusive=0/mode=0/strided=0/cotangent/row=3 max_error=0
FAIL n=6/axis=0/reverse=0/inclusive=0/mode=0/strided=0/cotangent/row=4 max_error=0
FAIL n=6/axis=0/reverse=0/inclusive=0/mode=0/strided=0/cotangent/row=5 max_error=0
FAIL n=6/axis=0/reverse=0/inclusive=0/mode=1/strided=0/hessian/row=0 max_error=1
FAIL n=6/axis=0/reverse=0/inclusive=1/mode=0/strided=0/hessian/row=0 max_error=1.10293
FAIL n=6/axis=0/reverse=0/inclusive=1/mode=0/strided=0/hessian/row=1 max_error=1.10293
FAIL n=6/axis=0/reverse=0/inclusive=1/mode=0/strided=0/hessian/row=2 max_error=1.38746
FAIL n=6/axis=0/reverse=0/inclusive=1/mode=0/strided=0/hessian/row=3 max_error=0.461284
FAIL n=6/axis=0/reverse=0/inclusive=1/mode=0/strided=0/hessian/row=4 max_error=0.461284
FAIL n=6/axis=0/reverse=0/inclusive=1/mode=0/strided=0/hessian/row=5 max_error=0.235004
FAIL n=6/axis=0/reverse=0/inclusive=1/mode=0/strided=0/cotangent/row=0 max_error=0
FAIL n=6/axis=0/reverse=0/inclusive=1/mode=0/strided=0/cotangent/row=1 max_error=0
FAIL n=6/axis=0/reverse=0/inclusive=1/mode=0/strided=0/cotangent/row=2 max_error=0
FAIL n=6/axis=0/reverse=0/inclusive=1/mode=0/strided=0/cotangent/row=3 max_error=0
FAIL n=6/axis=0/reverse=0/inclusive=1/mode=0/strided=0/cotangent/row=4 max_error=0
FAIL n=6/axis=0/reverse=0/inclusive=1/mode=0/strided=0/cotangent/row=5 max_error=0
FAIL n=6/axis=0/reverse=0/inclusive=1/mode=1/strided=0/hessian/row=0 max_error=1.10293
FAIL n=6/axis=0/reverse=0/inclusive=1/mode=1/strided=0/hessian/row=3 max_error=0.461284
FAIL n=6/axis=0/reverse=1/inclusive=0/mode=0/strided=0/hessian/row=3 max_error=1
FAIL n=6/axis=0/reverse=1/inclusive=0/mode=0/strided=0/hessian/row=4 max_error=1
FAIL n=6/axis=0/reverse=1/inclusive=0/mode=0/strided=0/hessian/row=5 max_error=1
FAIL n=6/axis=0/reverse=1/inclusive=0/mode=0/strided=0/cotangent/row=0 max_error=0
FAIL n=6/axis=0/reverse=1/inclusive=0/mode=0/strided=0/cotangent/row=1 max_error=0
FAIL n=6/axis=0/reverse=1/inclusive=0/mode=0/strided=0/cotangent/row=2 max_error=0
FAIL n=6/axis=0/reverse=1/inclusive=0/mode=0/strided=0/cotangent/row=3 max_error=0
FAIL n=6/axis=0/reverse=1/inclusive=0/mode=0/strided=0/cotangent/row=4 max_error=0
FAIL n=6/axis=0/reverse=1/inclusive=0/mode=0/strided=0/cotangent/row=5 max_error=0
FAIL n=6/axis=0/reverse=1/inclusive=0/mode=1/strided=0/hessian/row=3 max_error=1
FAIL n=6/axis=0/reverse=1/inclusive=1/mode=0/strided=0/hessian/row=0 max_error=0.217895
FAIL n=6/axis=0/reverse=1/inclusive=1/mode=0/strided=0/hessian/row=1 max_error=0.217895
FAIL n=6/axis=0/reverse=1/inclusive=1/mode=0/strided=0/hessian/row=2 max_error=0.387456
FAIL n=6/axis=0/reverse=1/inclusive=1/mode=0/strided=0/hessian/row=3 max_error=1.46128
FAIL n=6/axis=0/reverse=1/inclusive=1/mode=0/strided=0/hessian/row=4 max_error=1.46128
FAIL n=6/axis=0/reverse=1/inclusive=1/mode=0/strided=0/hessian/row=5 max_error=1.14254
FAIL n=6/axis=0/reverse=1/inclusive=1/mode=0/strided=0/cotangent/row=0 max_error=0
FAIL n=6/axis=0/reverse=1/inclusive=1/mode=0/strided=0/cotangent/row=1 max_error=0
FAIL n=6/axis=0/reverse=1/inclusive=1/mode=0/strided=0/cotangent/row=2 max_error=0
FAIL n=6/axis=0/reverse=1/inclusive=1/mode=0/strided=0/cotangent/row=3 max_error=0
FAIL n=6/axis=0/reverse=1/inclusive=1/mode=0/strided=0/cotangent/row=4 max_error=0
FAIL n=6/axis=0/reverse=1/inclusive=1/mode=0/strided=0/cotangent/row=5 max_error=0
FAIL n=6/axis=0/reverse=1/inclusive=1/mode=1/strided=0/hessian/row=0 max_error=0.217895
FAIL n=6/axis=0/reverse=1/inclusive=1/mode=1/strided=0/hessian/row=3 max_error=1.46128
FAIL n=6/axis=1/reverse=0/inclusive=0/mode=0/strided=0/hessian/row=0 max_error=1.19169
FAIL n=6/axis=1/reverse=0/inclusive=0/mode=0/strided=0/hessian/row=1 max_error=0.316042
FAIL n=6/axis=1/reverse=0/inclusive=0/mode=0/strided=0/hessian/row=3 max_error=1.19169
FAIL n=6/axis=1/reverse=0/inclusive=0/mode=0/strided=0/hessian/row=4 max_error=0.316042
FAIL n=6/axis=1/reverse=0/inclusive=0/mode=0/strided=0/cotangent/row=0 max_error=0
FAIL n=6/axis=1/reverse=0/inclusive=0/mode=0/strided=0/cotangent/row=1 max_error=0
FAIL n=6/axis=1/reverse=0/inclusive=0/mode=0/strided=0/cotangent/row=2 max_error=0
FAIL n=6/axis=1/reverse=0/inclusive=0/mode=0/strided=0/cotangent/row=3 max_error=0
FAIL n=6/axis=1/reverse=0/inclusive=0/mode=0/strided=0/cotangent/row=4 max_error=0
FAIL n=6/axis=1/reverse=0/inclusive=0/mode=0/strided=0/cotangent/row=5 max_error=0
FAIL n=6/axis=1/reverse=0/inclusive=1/mode=0/strided=0/hessian/row=0 max_error=1.25635
FAIL n=6/axis=1/reverse=0/inclusive=1/mode=0/strided=0/hessian/row=1 max_error=0.422642
FAIL n=6/axis=1/reverse=0/inclusive=1/mode=0/strided=0/hessian/row=2 max_error=0.175753
FAIL n=6/axis=1/reverse=0/inclusive=1/mode=0/strided=0/hessian/row=3 max_error=1.32331
FAIL n=6/axis=1/reverse=0/inclusive=1/mode=0/strided=0/hessian/row=4 max_error=0.533045
FAIL n=6/axis=1/reverse=0/inclusive=1/mode=0/strided=0/hessian/row=5 max_error=0.0798309
FAIL n=6/axis=1/reverse=0/inclusive=1/mode=0/strided=0/cotangent/row=0 max_error=0
FAIL n=6/axis=1/reverse=0/inclusive=1/mode=0/strided=0/cotangent/row=1 max_error=0
FAIL n=6/axis=1/reverse=0/inclusive=1/mode=0/strided=0/cotangent/row=2 max_error=0
FAIL n=6/axis=1/reverse=0/inclusive=1/mode=0/strided=0/cotangent/row=3 max_error=0
FAIL n=6/axis=1/reverse=0/inclusive=1/mode=0/strided=0/cotangent/row=4 max_error=0
FAIL n=6/axis=1/reverse=0/inclusive=1/mode=0/strided=0/cotangent/row=5 max_error=0
FAIL n=6/axis=1/reverse=0/inclusive=1/mode=1/strided=0/hessian/row=0 max_error=1
FAIL n=6/axis=1/reverse=0/inclusive=1/mode=1/strided=0/hessian/row=3 max_error=1
FAIL n=6/axis=1/reverse=1/inclusive=0/mode=0/strided=0/hessian/row=1 max_error=0.246134
FAIL n=6/axis=1/reverse=1/inclusive=0/mode=0/strided=0/hessian/row=2 max_error=1.31604
FAIL n=6/axis=1/reverse=1/inclusive=0/mode=0/strided=0/hessian/row=4 max_error=0.534447
FAIL n=6/axis=1/reverse=1/inclusive=0/mode=0/strided=0/hessian/row=5 max_error=1.07233
FAIL n=6/axis=1/reverse=1/inclusive=0/mode=0/strided=0/cotangent/row=0 max_error=0
FAIL n=6/axis=1/reverse=1/inclusive=0/mode=0/strided=0/cotangent/row=1 max_error=0
FAIL n=6/axis=1/reverse=1/inclusive=0/mode=0/strided=0/cotangent/row=2 max_error=0
FAIL n=6/axis=1/reverse=1/inclusive=0/mode=0/strided=0/cotangent/row=3 max_error=0
FAIL n=6/axis=1/reverse=1/inclusive=0/mode=0/strided=0/cotangent/row=4 max_error=0
FAIL n=6/axis=1/reverse=1/inclusive=0/mode=0/strided=0/cotangent/row=5 max_error=0
FAIL n=6/axis=1/reverse=1/inclusive=0/mode=1/strided=0/hessian/row=1 max_error=0.246134
FAIL n=6/axis=1/reverse=1/inclusive=0/mode=1/strided=0/hessian/row=2 max_error=0.316042
FAIL n=6/axis=1/reverse=1/inclusive=0/mode=1/strided=0/hessian/row=4 max_error=0.534447
FAIL n=6/axis=1/reverse=1/inclusive=0/mode=1/strided=0/hessian/row=5 max_error=0.196612
FAIL n=6/axis=1/reverse=1/inclusive=1/mode=0/strided=0/hessian/row=0 max_error=0.1066
FAIL n=6/axis=1/reverse=1/inclusive=1/mode=0/strided=0/hessian/row=1 max_error=0.383011
FAIL n=6/axis=1/reverse=1/inclusive=1/mode=0/strided=0/hessian/row=2 max_error=1.4918
FAIL n=6/axis=1/reverse=1/inclusive=1/mode=0/strided=0/hessian/row=3 max_error=0.169002
FAIL n=6/axis=1/reverse=1/inclusive=1/mode=0/strided=0/hessian/row=4 max_error=0.751449
FAIL n=6/axis=1/reverse=1/inclusive=1/mode=0/strided=0/hessian/row=5 max_error=1.1017
FAIL n=6/axis=1/reverse=1/inclusive=1/mode=0/strided=0/cotangent/row=0 max_error=0
FAIL n=6/axis=1/reverse=1/inclusive=1/mode=0/strided=0/cotangent/row=1 max_error=0
FAIL n=6/axis=1/reverse=1/inclusive=1/mode=0/strided=0/cotangent/row=2 max_error=0
FAIL n=6/axis=1/reverse=1/inclusive=1/mode=0/strided=0/cotangent/row=3 max_error=0
FAIL n=6/axis=1/reverse=1/inclusive=1/mode=0/strided=0/cotangent/row=4 max_error=0
FAIL n=6/axis=1/reverse=1/inclusive=1/mode=0/strided=0/cotangent/row=5 max_error=0
FAIL n=6/axis=1/reverse=1/inclusive=1/mode=1/strided=0/hessian/row=0 max_error=0.1066
FAIL n=6/axis=1/reverse=1/inclusive=1/mode=1/strided=0/hessian/row=1 max_error=0.136876
FAIL n=6/axis=1/reverse=1/inclusive=1/mode=1/strided=0/hessian/row=2 max_error=0.175753
FAIL n=6/axis=1/reverse=1/inclusive=1/mode=1/strided=0/hessian/row=3 max_error=0.169002
FAIL n=6/axis=1/reverse=1/inclusive=1/mode=1/strided=0/hessian/row=4 max_error=0.217003
FAIL n=6/axis=1/reverse=1/inclusive=1/mode=1/strided=0/hessian/row=5 max_error=0.0798309
FAIL n=6/axis=1/reverse=0/inclusive=1/mode=0/strided=1/hessian/row=0 max_error=1.25635
FAIL n=6/axis=1/reverse=0/inclusive=1/mode=0/strided=1/hessian/row=1 max_error=0.422642
FAIL n=6/axis=1/reverse=0/inclusive=1/mode=0/strided=1/hessian/row=2 max_error=0.175753
FAIL n=6/axis=1/reverse=0/inclusive=1/mode=0/strided=1/hessian/row=3 max_error=1.32331
FAIL n=6/axis=1/reverse=0/inclusive=1/mode=0/strided=1/hessian/row=4 max_error=0.533045
FAIL n=6/axis=1/reverse=0/inclusive=1/mode=0/strided=1/hessian/row=5 max_error=0.0798309
FAIL n=6/axis=1/reverse=0/inclusive=1/mode=0/strided=1/cotangent/row=0 max_error=0
FAIL n=6/axis=1/reverse=0/inclusive=1/mode=0/strided=1/cotangent/row=1 max_error=0
FAIL n=6/axis=1/reverse=0/inclusive=1/mode=0/strided=1/cotangent/row=2 max_error=0
FAIL n=6/axis=1/reverse=0/inclusive=1/mode=0/strided=1/cotangent/row=3 max_error=0
FAIL n=6/axis=1/reverse=0/inclusive=1/mode=0/strided=1/cotangent/row=4 max_error=0
FAIL n=6/axis=1/reverse=0/inclusive=1/mode=0/strided=1/cotangent/row=5 max_error=0
FAIL singleton/hessian max_error=1
EVIDENCE singleton second=0 finite=1
FAIL third_order/n=1 max_error=0
EVIDENCE third n=1 actual=nan expected=1
FAIL third_order/n=2 max_error=0
EVIDENCE third n=2 actual=nan expected=2
SUMMARY scenarios=186 checks=477 failures=189 failed_scenarios=59
