test_automatic_annuity_still_closes_balance (__main__.ExplicitPaymentRegression.test_automatic_annuity_still_closes_balance) ... ok
test_early_repayment_caps_payment_to_debt (__main__.ExplicitPaymentRegression.test_early_repayment_caps_payment_to_debt) ... ok
test_interest_only_retains_principal (__main__.ExplicitPaymentRegression.test_interest_only_retains_principal) ... ok
test_partial_amortization_preserves_final_payment (__main__.ExplicitPaymentRegression.test_partial_amortization_preserves_final_payment) ... FAIL
test_summary_reports_positive_residual (__main__.ExplicitPaymentRegression.test_summary_reports_positive_residual) ... FAIL

======================================================================
FAIL: test_partial_amortization_preserves_final_payment (__main__.ExplicitPaymentRegression.test_partial_amortization_preserves_final_payment)
----------------------------------------------------------------------
Traceback (most recent call last):
  File "<WORKSPACE>/test_explicit_payment.py", line 13, in test_partial_amortization_preserves_final_payment
    self.assertEqual([p.payment_amount for p in schedule[1:]], [D('100.00'),D('100.00')])
AssertionError: Lists differ: [Decimal('100.00'), Decimal('919.10')] != [Decimal('100.00'), Decimal('100.00')]

First differing element 1:
Decimal('919.10')
Decimal('100.00')

- [Decimal('100.00'), Decimal('919.10')]
?                              - ^ ^

+ [Decimal('100.00'), Decimal('100.00')]
?                               ^^ ^


======================================================================
FAIL: test_summary_reports_positive_residual (__main__.ExplicitPaymentRegression.test_summary_reports_positive_residual)
----------------------------------------------------------------------
Traceback (most recent call last):
  File "<WORKSPACE>/test_explicit_payment.py", line 18, in test_summary_reports_positive_residual
    self.assertEqual(s.total_payment_amount,D('200.00'))
AssertionError: Decimal('1019.10') != Decimal('200.00')

----------------------------------------------------------------------
Ran 5 tests in 0.004s

FAILED (failures=2)
