test_loan_scenarios_from_file (test_loan_scenarios.TestLoanScenarios.test_loan_scenarios_from_file) ... 
  test_loan_scenarios_from_file (test_loan_scenarios.TestLoanScenarios.test_loan_scenarios_from_file) (scenario_name='linear_loan_with_interest_only') ... FAIL
  test_loan_scenarios_from_file (test_loan_scenarios.TestLoanScenarios.test_loan_scenarios_from_file) (scenario_name='bug_special_payment_on_odd_date') ... FAIL
test_30e_360_isda_feb_march_logic (test_pyloan.TestLoan.test_30e_360_isda_feb_march_logic)
Tests that the 30E/360 ISDA logic correctly calculates interest ... FAIL
test_first_payment_date_on_31st_is_respected_30E360 (test_pyloan.TestLoan.test_first_payment_date_on_31st_is_respected_30E360)
Tests that a specific first payment date on the 31st is respected, ... ok
test_first_payment_date_on_31st_is_respected_AA (test_pyloan.TestLoan.test_first_payment_date_on_31st_is_respected_AA)
Tests that a specific first payment date on the 31st is respected ... ok
test_first_payment_details (test_pyloan.TestLoan.test_first_payment_details) ... ok
test_get_loan_summary_zero_division (test_pyloan.TestLoan.test_get_loan_summary_zero_division) ... ok
test_get_schedule_base_date (test_pyloan.TestLoan.test_get_schedule_base_date) ... ok
test_initialize_payment_schedule (test_pyloan.TestLoan.test_initialize_payment_schedule) ... ok
test_interest_only_period (test_pyloan.TestLoan.test_interest_only_period) ... ok
test_loan_creation (test_pyloan.TestLoan.test_loan_creation) ... ok
test_loan_term_in_months (test_pyloan.TestLoan.test_loan_term_in_months) ... ok
test_logging_for_special_payments (test_pyloan.TestLoan.test_logging_for_special_payments)
Tests that debug logging for day count and accrued interest is working correctly. ... ok
test_payment_schedule_annuity (test_pyloan.TestLoan.test_payment_schedule_annuity) ... ok
test_payment_schedule_linear (test_pyloan.TestLoan.test_payment_schedule_linear) ... ok
test_special_payments (test_pyloan.TestLoan.test_special_payments) ... ok
test_validate_inputs (test_pyloan.TestLoan.test_validate_inputs) ... ok

======================================================================
FAIL: test_loan_scenarios_from_file (test_loan_scenarios.TestLoanScenarios.test_loan_scenarios_from_file) (scenario_name='linear_loan_with_interest_only')
----------------------------------------------------------------------
Traceback (most recent call last):
  File "<WORKSPACE>/source/tests/test_loan_scenarios.py", line 34, in test_loan_scenarios_from_file
    self.snapshot_helper.compare(scenario_name, schedule_as_dicts)
  File "<WORKSPACE>/source/tests/snapshot_helper.py", line 55, in compare
    raise AssertionError(f"Snapshot for '{test_name}' does not match the generated data.\n\nDiff:\n{diff}")
AssertionError: Snapshot for 'linear_loan_with_interest_only' does not match the generated data.

Diff:
--- Snapshot
+++ Generated
-     "payment_amount": "2708.70",
+     "payment_amount": "2708.78",
-     "principal_amount": "2678.57",
+     "principal_amount": "2678.65",
-     "total_principal_amount": "2678.57",
+     "total_principal_amount": "2678.65",
-     "loan_balance_amount": "0.08"
+     "loan_balance_amount": "0.00"


======================================================================
FAIL: test_loan_scenarios_from_file (test_loan_scenarios.TestLoanScenarios.test_loan_scenarios_from_file) (scenario_name='bug_special_payment_on_odd_date')
----------------------------------------------------------------------
Traceback (most recent call last):
  File "<WORKSPACE>/source/tests/test_loan_scenarios.py", line 34, in test_loan_scenarios_from_file
    self.snapshot_helper.compare(scenario_name, schedule_as_dicts)
  File "<WORKSPACE>/source/tests/snapshot_helper.py", line 55, in compare
    raise AssertionError(f"Snapshot for '{test_name}' does not match the generated data.\n\nDiff:\n{diff}")
AssertionError: Snapshot for 'bug_special_payment_on_odd_date' does not match the generated data.

Diff:
--- Snapshot
+++ Generated
-     "interest_amount": "863.67",
+     "interest_amount": "806.09",
-     "principal_amount": "483.46",
+     "principal_amount": "541.04",
-     "total_principal_amount": "483.46",
+     "total_principal_amount": "541.04",
-     "loan_balance_amount": "295632.36"
+     "loan_balance_amount": "295574.78"
-     "interest_amount": "862.26",
+     "interest_amount": "919.57",
-     "principal_amount": "484.87",
+     "principal_amount": "427.56",
-     "total_principal_amount": "484.87",
+     "total_principal_amount": "427.56",
-     "loan_balance_amount": "295147.49"
+     "loan_balance_amount": "295147.22"
-     "loan_balance_amount": "293847.49"
+     "loan_balance_amount": "293847.22"
-     "loan_balance_amount": "293358.04"
+     "loan_balance_amount": "293357.77"
-     "loan_balance_amount": "292866.54"
+     "loan_balance_amount": "292866.27"
-     "loan_balance_amount": "292373.60"
+     "loan_balance_amount": "292373.33"
-     "loan_balance_amount": "291073.60"
+     "loan_balance_amount": "291073.33"
-     "loan_balance_amount": "290576.07"
+     "loan_balance_amount": "290575.80"
-     "loan_balance_amount": "290076.45"
+     "loan_balance_amount": "290076.18"
-     "loan_balance_amount": "289575.38"
+     "loan_balance_amount": "289575.11"
-     "loan_balance_amount": "288275.38"
+     "loan_balance_amount": "288275.11"
-     "loan_balance_amount": "287769.69"
+     "loan_balance_amount": "287769.42"
-     "loan_balance_amount": "287261.89"
+     "loan_balance_amount": "287261.62"
-     "loan_balance_amount": "286752.61"
+     "loan_balance_amount": "286752.34"
-     "loan_balance_amount": "285452.61"
+     "loan_balance_amount": "285452.34"
-     "loan_balance_amount": "284938.68"
+     "loan_balance_amount": "284938.41"
-     "interest_amount": "831.07",
+     "interest_amount": "775.67",
-     "principal_amount": "516.06",
+     "principal_amount": "571.46",
-     "total_principal_amount": "516.06",
+     "total_principal_amount": "571.46",
-     "loan_balance_amount": "284422.62"
+     "loan_balance_amount": "284366.95"
-     "interest_amount": "829.57",
+     "interest_amount": "884.70",
-     "principal_amount": "517.56",
+     "principal_amount": "462.43",
-     "total_principal_amount": "517.56",
+     "total_principal_amount": "462.43",
-     "loan_balance_amount": "283905.06"
+     "loan_balance_amount": "283904.52"
-     "loan_balance_amount": "282605.06"
+     "loan_balance_amount": "282604.52"
-     "loan_balance_amount": "282082.83"
+     "loan_balance_amount": "282082.29"
-     "loan_balance_amount": "281558.44"
+     "loan_balance_amount": "281557.90"
-     "loan_balance_amount": "281032.52"
+     "loan_balance_amount": "281031.98"
-     "loan_balance_amount": "279732.52"
+     "loan_balance_amount": "279731.98"
-     "interest_amount": "816.52",
+     "interest_amount": "816.51",
-     "principal_amount": "530.61",
+     "principal_amount": "530.62",
-     "total_principal_amount": "530.61",
+     "total_principal_amount": "530.62",
-     "loan_balance_amount": "279201.91"
+     "loan_balance_amount": "279201.36"
-     "loan_balance_amount": "278669.12"
+     "loan_balance_amount": "278668.57"
-     "loan_balance_amount": "278134.77"
+     "loan_balance_amount": "278134.22"
-     "loan_balance_amount": "276834.77"
+     "loan_balance_amount": "276834.22"
-     "loan_balance_amount": "276295.70"
+     "loan_balance_amount": "276295.15"
-     "loan_balance_amount": "275754.43"
+     "loan_balance_amount": "275753.88"
-     "loan_balance_amount": "275211.58"
+     "loan_balance_amount": "275211.03"
-     "loan_balance_amount": "274667.15"
+     "loan_balance_amount": "274666.60"
-     "interest_amount": "801.11",
+     "interest_amount": "774.41",
-     "principal_amount": "546.02",
+     "principal_amount": "572.72",
-     "total_principal_amount": "546.02",
+     "total_principal_amount": "572.72",
-     "loan_balance_amount": "274121.13"
+     "loan_balance_amount": "274093.88"
-     "interest_amount": "799.52",
+     "interest_amount": "826.09",
-     "principal_amount": "547.61",
+     "principal_amount": "521.04",
-     "total_principal_amount": "547.61",
+     "total_principal_amount": "521.04",
-     "loan_balance_amount": "273573.52"
+     "loan_balance_amount": "273572.84"
-     "loan_balance_amount": "273024.31"
+     "loan_balance_amount": "273023.63"
-     "loan_balance_amount": "272473.50"
+     "loan_balance_amount": "272472.82"
-     "loan_balance_amount": "271921.08"
+     "loan_balance_amount": "271920.40"
-     "loan_balance_amount": "271367.05"
+     "loan_balance_amount": "271366.37"
-     "loan_balance_amount": "270811.41"
+     "loan_balance_amount": "270810.73"
-     "interest_amount": "789.87",
+     "interest_amount": "789.86",
-     "principal_amount": "557.26",
+     "principal_amount": "557.27",
-     "total_principal_amount": "557.26",
+     "total_principal_amount": "557.27",
-     "loan_balance_amount": "270254.15"
+     "loan_balance_amount": "270253.46"
-     "loan_balance_amount": "269695.26"
+     "loan_balance_amount": "269694.57"
-     "loan_balance_amount": "269134.74"
+     "loan_balance_amount": "269134.05"
-     "interest_amount": "784.98",
+     "interest_amount": "784.97",
-     "principal_amount": "562.15",
+     "principal_amount": "562.16",
-     "total_principal_amount": "562.15",
+     "total_principal_amount": "562.16",
-     "loan_balance_amount": "268572.59"
+     "loan_balance_amount": "268571.89"
-     "interest_amount": "783.34",
+     "interest_amount": "783.33",
-     "principal_amount": "563.79",
+     "principal_amount": "563.80",
-     "total_principal_amount": "563.79",
+     "total_principal_amount": "563.80",
-     "loan_balance_amount": "268008.80"
+     "loan_balance_amount": "268008.09"
-     "interest_amount": "781.69",
+     "interest_amount": "729.58",
-     "principal_amount": "565.44",
+     "principal_amount": "617.55",
-     "total_principal_amount": "565.44",
+     "total_principal_amount": "617.55",
-     "loan_balance_amount": "267443.36"
+     "loan_balance_amount": "267390.54"
-     "interest_amount": "780.04",
+     "interest_amount": "831.88",
-     "principal_amount": "567.09",
+     "principal_amount": "515.25",
-     "total_principal_amount": "567.09",
+     "total_principal_amount": "515.25",
-     "loan_balance_amount": "266876.27"
+     "loan_balance_amount": "266875.29"
-     "loan_balance_amount": "266307.53"
+     "loan_balance_amount": "266306.55"
-     "loan_balance_amount": "265737.13"
+     "loan_balance_amount": "265736.15"
-     "interest_amount": "775.07",
+     "interest_amount": "775.06",
-     "principal_amount": "572.06",
+     "principal_amount": "572.07",
-     "total_principal_amount": "572.06",
+     "total_principal_amount": "572.07",
-     "loan_balance_amount": "265165.07"
+     "loan_balance_amount": "265164.08"
-     "loan_balance_amount": "264591.34"
+     "loan_balance_amount": "264590.35"
-     "loan_balance_amount": "264015.93"
+     "loan_balance_amount": "264014.94"
-     "interest_amount": "770.05",
+     "interest_amount": "770.04",
-     "principal_amount": "577.08",
+     "principal_amount": "577.09",
-     "total_principal_amount": "577.08",
+     "total_principal_amount": "577.09",
-     "loan_balance_amount": "263438.85"
+     "loan_balance_amount": "263437.85"
-     "loan_balance_amount": "262860.08"
+     "loan_balance_amount": "262859.08"
-     "interest_amount": "766.68",
+     "interest_amount": "766.67",
-     "principal_amount": "580.45",
+     "principal_amount": "580.46",
-     "total_principal_amount": "580.45",
+     "total_principal_amount": "580.46",
-     "loan_balance_amount": "262279.63"
+     "loan_balance_amount": "262278.62"
-     "loan_balance_amount": "261697.48"
+     "loan_balance_amount": "261696.47"
-     "loan_balance_amount": "261113.63"
+     "loan_balance_amount": "261112.62"
-     "interest_amount": "761.58",
+     "interest_amount": "710.81",
-     "principal_amount": "585.55",
+     "principal_amount": "636.32",
-     "total_principal_amount": "585.55",
+     "total_principal_amount": "636.32",
-     "loan_balance_amount": "260528.08"
+     "loan_balance_amount": "260476.30"
-     "interest_amount": "759.87",
+     "interest_amount": "810.37",
-     "principal_amount": "587.26",
+     "principal_amount": "536.76",
-     "total_principal_amount": "587.26",
+     "total_principal_amount": "536.76",
-     "loan_balance_amount": "259940.82"
+     "loan_balance_amount": "259939.54"
-     "loan_balance_amount": "259351.85"
+     "loan_balance_amount": "259350.57"
-     "loan_balance_amount": "258761.16"
+     "loan_balance_amount": "258759.88"
-     "loan_balance_amount": "258168.75"
+     "loan_balance_amount": "258167.47"
-     "loan_balance_amount": "257574.61"
+     "loan_balance_amount": "257573.33"
-     "loan_balance_amount": "256978.74"
+     "loan_balance_amount": "256977.46"
-     "loan_balance_amount": "256381.13"
+     "loan_balance_amount": "256379.85"
-     "interest_amount": "747.78",
+     "interest_amount": "747.77",
-     "principal_amount": "599.35",
+     "principal_amount": "599.36",
-     "total_principal_amount": "599.35",
+     "total_principal_amount": "599.36",
-     "loan_balance_amount": "255781.78"
+     "loan_balance_amount": "255780.49"
-     "loan_balance_amount": "255180.68"
+     "loan_balance_amount": "255179.39"
-     "interest_amount": "744.28",
+     "interest_amount": "744.27",
-     "principal_amount": "602.85",
+     "principal_amount": "602.86",
-     "total_principal_amount": "602.85",
+     "total_principal_amount": "602.86",
-     "loan_balance_amount": "254577.83"
+     "loan_balance_amount": "254576.53"
-     "interest_amount": "742.52",
+     "interest_amount": "742.51",
-     "principal_amount": "604.61",
+     "principal_amount": "604.62",
-     "total_principal_amount": "604.61",
+     "total_principal_amount": "604.62",
-     "loan_balance_amount": "253973.22"
+     "loan_balance_amount": "253971.91"
-     "interest_amount": "740.76",
+     "interest_amount": "691.37",
-     "principal_amount": "606.37",
+     "principal_amount": "655.76",
-     "total_principal_amount": "606.37",
+     "total_principal_amount": "655.76",
-     "loan_balance_amount": "253366.85"
+     "loan_balance_amount": "253316.15"
-     "interest_amount": "738.99",
+     "interest_amount": "788.09",
-     "principal_amount": "608.14",
+     "principal_amount": "559.04",
-     "total_principal_amount": "608.14",
+     "total_principal_amount": "559.04",
-     "loan_balance_amount": "252758.71"
+     "loan_balance_amount": "252757.11"
-     "loan_balance_amount": "252148.79"
+     "loan_balance_amount": "252147.19"
-     "loan_balance_amount": "251537.09"
+     "loan_balance_amount": "251535.49"
-     "loan_balance_amount": "250923.61"
+     "loan_balance_amount": "250922.01"
-     "loan_balance_amount": "250308.34"
+     "loan_balance_amount": "250306.74"
-     "interest_amount": "730.07",
+     "interest_amount": "730.06",
-     "principal_amount": "617.06",
+     "principal_amount": "617.07",
-     "total_principal_amount": "617.06",
+     "total_principal_amount": "617.07",
-     "loan_balance_amount": "249691.28"
+     "loan_balance_amount": "249689.67"
-     "interest_amount": "728.27",
+     "interest_amount": "728.26",
-     "principal_amount": "618.86",
+     "principal_amount": "618.87",
-     "total_principal_amount": "618.86",
+     "total_principal_amount": "618.87",
-     "loan_balance_amount": "249072.42"
+     "loan_balance_amount": "249070.80"
-     "loan_balance_amount": "248451.75"
+     "loan_balance_amount": "248450.13"
-     "loan_balance_amount": "247829.27"
+     "loan_balance_amount": "247827.65"
-     "interest_amount": "722.84",
+     "interest_amount": "722.83",
-     "principal_amount": "624.29",
+     "principal_amount": "624.30",
-     "total_principal_amount": "624.29",
+     "total_principal_amount": "624.30",
-     "loan_balance_amount": "247204.98"
+     "loan_balance_amount": "247203.35"
-     "loan_balance_amount": "246578.86"
+     "loan_balance_amount": "246577.23"
-     "interest_amount": "719.19",
+     "interest_amount": "695.21",
-     "principal_amount": "627.94",
+     "principal_amount": "651.92",
-     "total_principal_amount": "627.94",
+     "total_principal_amount": "651.92",
-     "loan_balance_amount": "245950.92"
+     "loan_balance_amount": "245925.31"
-     "interest_amount": "717.36",
+     "interest_amount": "741.19",
-     "principal_amount": "629.77",
+     "principal_amount": "605.94",
-     "total_principal_amount": "629.77",
+     "total_principal_amount": "605.94",
-     "loan_balance_amount": "245321.15"
+     "loan_balance_amount": "245319.37"
-     "interest_amount": "715.52",
+     "interest_amount": "715.51",
-     "principal_amount": "631.61",
+     "principal_amount": "631.62",
-     "total_principal_amount": "631.61",
+     "total_principal_amount": "631.62",
-     "loan_balance_amount": "244689.54"
+     "loan_balance_amount": "244687.75"
-     "interest_amount": "713.68",
+     "interest_amount": "713.67",
-     "principal_amount": "633.45",
+     "principal_amount": "633.46",
-     "total_principal_amount": "633.45",
+     "total_principal_amount": "633.46",
-     "loan_balance_amount": "244056.09"
+     "loan_balance_amount": "244054.29"
-     "loan_balance_amount": "243420.79"
+     "loan_balance_amount": "243418.99"
-     "interest_amount": "709.98",
+     "interest_amount": "709.97",
-     "principal_amount": "637.15",
+     "principal_amount": "637.16",
-     "total_principal_amount": "637.15",
+     "total_principal_amount": "637.16",
-     "loan_balance_amount": "242783.64"
+     "loan_balance_amount": "242781.83"
-     "interest_amount": "708.12",
+     "interest_amount": "708.11",
-     "principal_amount": "639.01",
+     "principal_amount": "639.02",
-     "total_principal_amount": "639.01",
+     "total_principal_amount": "639.02",
-     "loan_balance_amount": "242144.63"
+     "loan_balance_amount": "242142.81"
-     "interest_amount": "706.26",
+     "interest_amount": "706.25",
-     "principal_amount": "640.87",
+     "principal_amount": "640.88",
-     "total_principal_amount": "640.87",
+     "total_principal_amount": "640.88",
-     "loan_balance_amount": "241503.76"
+     "loan_balance_amount": "241501.93"
-     "interest_amount": "704.39",
+     "interest_amount": "704.38",
-     "principal_amount": "642.74",
+     "principal_amount": "642.75",
-     "total_principal_amount": "642.74",
+     "total_principal_amount": "642.75",
-     "loan_balance_amount": "240861.02"
+     "loan_balance_amount": "240859.18"
-     "loan_balance_amount": "240216.40"
+     "loan_balance_amount": "240214.56"
-     "loan_balance_amount": "239569.90"
+     "loan_balance_amount": "239568.06"
-     "interest_amount": "698.75",
+     "interest_amount": "698.74",
-     "principal_amount": "648.38",
+     "principal_amount": "648.39",
-     "total_principal_amount": "648.38",
+     "total_principal_amount": "648.39",
-     "loan_balance_amount": "238921.52"
+     "loan_balance_amount": "238919.67"
-     "interest_amount": "696.85",
+     "interest_amount": "650.39",
-     "principal_amount": "650.28",
+     "principal_amount": "696.74",
-     "total_principal_amount": "650.28",
+     "total_principal_amount": "696.74",
-     "loan_balance_amount": "238271.24"
+     "loan_balance_amount": "238222.93"
-     "interest_amount": "694.96",
+     "interest_amount": "741.14",
-     "principal_amount": "652.17",
+     "principal_amount": "605.99",
-     "total_principal_amount": "652.17",
+     "total_principal_amount": "605.99",
-     "loan_balance_amount": "237619.07"
+     "loan_balance_amount": "237616.94"
-     "interest_amount": "693.06",
+     "interest_amount": "693.05",
-     "principal_amount": "654.07",
+     "principal_amount": "654.08",
-     "total_principal_amount": "654.07",
+     "total_principal_amount": "654.08",
-     "loan_balance_amount": "236965.00"
+     "loan_balance_amount": "236962.86"
-     "interest_amount": "691.15",
+     "interest_amount": "691.14",
-     "principal_amount": "655.98",
+     "principal_amount": "655.99",
-     "total_principal_amount": "655.98",
+     "total_principal_amount": "655.99",
-     "loan_balance_amount": "236309.02"
+     "loan_balance_amount": "236306.87"
-     "loan_balance_amount": "235651.12"
+     "loan_balance_amount": "235648.97"
-     "interest_amount": "687.32",
+     "interest_amount": "687.31",
-     "principal_amount": "659.81",
+     "principal_amount": "659.82",
-     "total_principal_amount": "659.81",
+     "total_principal_amount": "659.82",
-     "loan_balance_amount": "234991.31"
+     "loan_balance_amount": "234989.15"
-     "loan_balance_amount": "234329.57"
+     "loan_balance_amount": "234327.41"
-     "interest_amount": "683.46",
+     "interest_amount": "683.45",
-     "principal_amount": "663.67",
+     "principal_amount": "663.68",
-     "total_principal_amount": "663.67",
+     "total_principal_amount": "663.68",
-     "loan_balance_amount": "233665.90"
+     "loan_balance_amount": "233663.73"
-     "interest_amount": "681.53",
+     "interest_amount": "681.52",
-     "principal_amount": "665.60",
+     "principal_amount": "665.61",
-     "total_principal_amount": "665.60",
+     "total_principal_amount": "665.61",
-     "loan_balance_amount": "233000.30"
+     "loan_balance_amount": "232998.12"
-     "loan_balance_amount": "232332.75"
+     "loan_balance_amount": "232330.57"
-     "interest_amount": "677.64",
+     "interest_amount": "677.63",
-     "principal_amount": "669.49",
+     "principal_amount": "669.50",
-     "total_principal_amount": "669.49",
+     "total_principal_amount": "669.50",
-     "loan_balance_amount": "231663.26"
+     "loan_balance_amount": "231661.07"
-     "loan_balance_amount": "230991.81"
+     "loan_balance_amount": "230989.62"
-     "interest_amount": "673.73",
+     "interest_amount": "628.81",
-     "principal_amount": "673.40",
+     "principal_amount": "718.32",
-     "total_principal_amount": "673.40",
+     "total_principal_amount": "718.32",
-     "loan_balance_amount": "230318.41"
+     "loan_balance_amount": "230271.30"
-     "interest_amount": "671.76",
+     "interest_amount": "716.40",
-     "principal_amount": "675.37",
+     "principal_amount": "630.73",
-     "total_principal_amount": "675.37",
+     "total_principal_amount": "630.73",
-     "loan_balance_amount": "229643.04"
+     "loan_balance_amount": "229640.57"
-     "interest_amount": "669.79",
+     "interest_amount": "669.78",
-     "principal_amount": "677.34",
+     "principal_amount": "677.35",
-     "total_principal_amount": "677.34",
+     "total_principal_amount": "677.35",
-     "loan_balance_amount": "228965.70"
+     "loan_balance_amount": "228963.22"
-     "interest_amount": "667.82",
+     "interest_amount": "667.81",
-     "principal_amount": "679.31",
+     "principal_amount": "679.32",
-     "total_principal_amount": "679.31",
+     "total_principal_amount": "679.32",
-     "loan_balance_amount": "228286.39"
+     "loan_balance_amount": "228283.90"
-     "interest_amount": "665.84",
+     "interest_amount": "665.83",
-     "principal_amount": "681.29",
+     "principal_amount": "681.30",
-     "total_principal_amount": "681.29",
+     "total_principal_amount": "681.30",
-     "loan_balance_amount": "227605.10"
+     "loan_balance_amount": "227602.60"
-     "interest_amount": "663.85",
+     "interest_amount": "663.84",
-     "principal_amount": "683.28",
+     "principal_amount": "683.29",
-     "total_principal_amount": "683.28",
+     "total_principal_amount": "683.29",
-     "loan_balance_amount": "226921.82"
+     "loan_balance_amount": "226919.31"
-     "interest_amount": "661.86",
+     "interest_amount": "661.85",
-     "principal_amount": "685.27",
+     "principal_amount": "685.28",
-     "total_principal_amount": "685.27",
+     "total_principal_amount": "685.28",
-     "loan_balance_amount": "226236.55"
+     "loan_balance_amount": "226234.03"
-     "interest_amount": "659.86",
+     "interest_amount": "659.85",
-     "principal_amount": "687.27",
+     "principal_amount": "687.28",
-     "total_principal_amount": "687.27",
+     "total_principal_amount": "687.28",
-     "loan_balance_amount": "225549.28"
+     "loan_balance_amount": "225546.75"
-     "interest_amount": "657.85",
+     "interest_amount": "657.84",
-     "principal_amount": "689.28",
+     "principal_amount": "689.29",
-     "total_principal_amount": "689.28",
+     "total_principal_amount": "689.29",
-     "loan_balance_amount": "224860.00"
+     "loan_balance_amount": "224857.46"
-     "interest_amount": "655.84",
+     "interest_amount": "655.83",
-     "principal_amount": "691.29",
+     "principal_amount": "691.30",
-     "total_principal_amount": "691.29",
+     "total_principal_amount": "691.30",
-     "loan_balance_amount": "224168.71"
+     "loan_balance_amount": "224166.16"
-     "interest_amount": "653.83",
+     "interest_amount": "653.82",
-     "principal_amount": "693.30",
+     "principal_amount": "693.31",
-     "total_principal_amount": "693.30",
+     "total_principal_amount": "693.31",
-     "loan_balance_amount": "223475.41"
+     "loan_balance_amount": "223472.85"
-     "loan_balance_amount": "222780.08"
+     "loan_balance_amount": "222777.52"
-     "interest_amount": "649.78",
+     "interest_amount": "606.45",
-     "principal_amount": "697.35",
+     "principal_amount": "740.68",
-     "total_principal_amount": "697.35",
+     "total_principal_amount": "740.68",
-     "loan_balance_amount": "222082.73"
+     "loan_balance_amount": "222036.84"
-     "interest_amount": "647.74",
+     "interest_amount": "690.78",
-     "principal_amount": "699.39",
+     "principal_amount": "656.35",
-     "total_principal_amount": "699.39",
+     "total_principal_amount": "656.35",
-     "loan_balance_amount": "221383.34"
+     "loan_balance_amount": "221380.49"
-     "interest_amount": "645.70",
+     "interest_amount": "645.69",
-     "principal_amount": "701.43",
+     "principal_amount": "701.44",
-     "total_principal_amount": "701.43",
+     "total_principal_amount": "701.44",
-     "loan_balance_amount": "220681.91"
+     "loan_balance_amount": "220679.05"
-     "interest_amount": "643.66",
+     "interest_amount": "643.65",
-     "principal_amount": "703.47",
+     "principal_amount": "703.48",
-     "total_principal_amount": "703.47",
+     "total_principal_amount": "703.48",
-     "loan_balance_amount": "219978.44"
+     "loan_balance_amount": "219975.57"
-     "loan_balance_amount": "219272.91"
+     "loan_balance_amount": "219270.04"
-     "interest_amount": "639.55",
+     "interest_amount": "639.54",
-     "principal_amount": "707.58",
+     "principal_amount": "707.59",
-     "total_principal_amount": "707.58",
+     "total_principal_amount": "707.59",
-     "loan_balance_amount": "218565.33"
+     "loan_balance_amount": "218562.45"
-     "interest_amount": "637.48",
+     "interest_amount": "637.47",
-     "principal_amount": "709.65",
+     "principal_amount": "709.66",
-     "total_principal_amount": "709.65",
+     "total_principal_amount": "709.66",
-     "loan_balance_amount": "217855.68"
+     "loan_balance_amount": "217852.79"
-     "interest_amount": "635.41",
+     "interest_amount": "635.40",
-     "principal_amount": "711.72",
+     "principal_amount": "711.73",
-     "total_principal_amount": "711.72",
+     "total_principal_amount": "711.73",
-     "loan_balance_amount": "217143.96"
+     "loan_balance_amount": "217141.06"
-     "interest_amount": "633.34",
+     "interest_amount": "633.33",
-     "principal_amount": "713.79",
+     "principal_amount": "713.80",
-     "total_principal_amount": "713.79",
+     "total_principal_amount": "713.80",
-     "loan_balance_amount": "216430.17"
+     "loan_balance_amount": "216427.26"
-     "loan_balance_amount": "215714.29"
+     "loan_balance_amount": "215711.38"
-     "interest_amount": "629.17",
+     "interest_amount": "629.16",
-     "principal_amount": "717.96",
+     "principal_amount": "717.97",
-     "total_principal_amount": "717.96",
+     "total_principal_amount": "717.97",
-     "loan_balance_amount": "214996.33"
+     "loan_balance_amount": "214993.41"
-     "interest_amount": "627.07",
+     "interest_amount": "627.06",
-     "principal_amount": "720.06",
+     "principal_amount": "720.07",
-     "total_principal_amount": "720.06",
+     "total_principal_amount": "720.07",
-     "loan_balance_amount": "214276.27"
+     "loan_balance_amount": "214273.34"
-     "interest_amount": "624.97",
+     "interest_amount": "604.13",
-     "principal_amount": "722.16",
+     "principal_amount": "743.00",
-     "total_principal_amount": "722.16",
+     "total_principal_amount": "743.00",
-     "loan_balance_amount": "213554.11"
+     "loan_balance_amount": "213530.34"
-     "interest_amount": "622.87",
+     "interest_amount": "643.56",
-     "principal_amount": "724.26",
+     "principal_amount": "703.57",
-     "total_principal_amount": "724.26",
+     "total_principal_amount": "703.57",
-     "loan_balance_amount": "212829.85"
+     "loan_balance_amount": "212826.77"
-     "interest_amount": "620.75",
+     "interest_amount": "620.74",
-     "principal_amount": "726.38",
+     "principal_amount": "726.39",
-     "total_principal_amount": "726.38",
+     "total_principal_amount": "726.39",
-     "loan_balance_amount": "212103.47"
+     "loan_balance_amount": "212100.38"
-     "interest_amount": "618.64",
+     "interest_amount": "618.63",
-     "principal_amount": "728.49",
+     "principal_amount": "728.50",
-     "total_principal_amount": "728.49",
+     "total_principal_amount": "728.50",
-     "loan_balance_amount": "211374.98"
+     "loan_balance_amount": "211371.88"
-     "interest_amount": "616.51",
+     "interest_amount": "616.50",
-     "principal_amount": "730.62",
+     "principal_amount": "730.63",
-     "total_principal_amount": "730.62",
+     "total_principal_amount": "730.63",
-     "loan_balance_amount": "210644.36"
+     "loan_balance_amount": "210641.25"
-     "interest_amount": "614.38",
+     "interest_amount": "614.37",
-     "principal_amount": "732.75",
+     "principal_amount": "732.76",
-     "total_principal_amount": "732.75",
+     "total_principal_amount": "732.76",
-     "loan_balance_amount": "209911.61"
+     "loan_balance_amount": "209908.49"
-     "interest_amount": "612.24",
+     "interest_amount": "612.23",
-     "principal_amount": "734.89",
+     "principal_amount": "734.90",
-     "total_principal_amount": "734.89",
+     "total_principal_amount": "734.90",
-     "loan_balance_amount": "209176.72"
+     "loan_balance_amount": "209173.59"
-     "interest_amount": "610.10",
+     "interest_amount": "610.09",
-     "principal_amount": "737.03",
+     "principal_amount": "737.04",
-     "total_principal_amount": "737.03",
+     "total_principal_amount": "737.04",
-     "loan_balance_amount": "208439.69"
+     "loan_balance_amount": "208436.55"
-     "interest_amount": "607.95",
+     "interest_amount": "607.94",
-     "principal_amount": "739.18",
+     "principal_amount": "739.19",
-     "total_principal_amount": "739.18",
+     "total_principal_amount": "739.19",
-     "loan_balance_amount": "207700.51"
+     "loan_balance_amount": "207697.36"
-     "interest_amount": "605.79",
+     "interest_amount": "605.78",
-     "principal_amount": "741.34",
+     "principal_amount": "741.35",
-     "total_principal_amount": "741.34",
+     "total_principal_amount": "741.35",
-     "loan_balance_amount": "206959.17"
+     "loan_balance_amount": "206956.01"
-     "interest_amount": "603.63",
+     "interest_amount": "603.62",
-     "principal_amount": "743.50",
+     "principal_amount": "743.51",
-     "total_principal_amount": "743.50",
+     "total_principal_amount": "743.51",
-     "loan_balance_amount": "206215.67"
+     "loan_balance_amount": "206212.50"
-     "interest_amount": "601.46",
+     "interest_amount": "601.45",
-     "principal_amount": "745.67",
+     "principal_amount": "745.68",
-     "total_principal_amount": "745.67",
+     "total_principal_amount": "745.68",
-     "loan_balance_amount": "205470.00"
+     "loan_balance_amount": "205466.82"
-     "interest_amount": "599.29",
+     "interest_amount": "559.33",
-     "principal_amount": "747.84",
+     "principal_amount": "787.80",
-     "total_principal_amount": "747.84",
+     "total_principal_amount": "787.80",
-     "loan_balance_amount": "204722.16"
+     "loan_balance_amount": "204679.02"
-     "interest_amount": "597.11",
+     "interest_amount": "636.78",
-     "principal_amount": "750.02",
+     "principal_amount": "710.35",
-     "total_principal_amount": "750.02",
+     "total_principal_amount": "710.35",
-     "loan_balance_amount": "203972.14"
+     "loan_balance_amount": "203968.67"
-     "interest_amount": "594.92",
+     "interest_amount": "594.91",
-     "principal_amount": "752.21",
+     "principal_amount": "752.22",
-     "total_principal_amount": "752.21",
+     "total_principal_amount": "752.22",
-     "loan_balance_amount": "203219.93"
+     "loan_balance_amount": "203216.45"
-     "interest_amount": "592.72",
+     "interest_amount": "592.71",
-     "principal_amount": "754.41",
+     "principal_amount": "754.42",
-     "total_principal_amount": "754.41",
+     "total_principal_amount": "754.42",
-     "loan_balance_amount": "202465.52"
+     "loan_balance_amount": "202462.03"
-     "interest_amount": "590.52",
+     "interest_amount": "590.51",
-     "principal_amount": "756.61",
+     "principal_amount": "756.62",
-     "total_principal_amount": "756.61",
+     "total_principal_amount": "756.62",
-     "loan_balance_amount": "201708.91"
+     "loan_balance_amount": "201705.41"
-     "interest_amount": "588.32",
+     "interest_amount": "588.31",
-     "principal_amount": "758.81",
+     "principal_amount": "758.82",
-     "total_principal_amount": "758.81",
+     "total_principal_amount": "758.82",
-     "loan_balance_amount": "200950.10"
+     "loan_balance_amount": "200946.59"
-     "interest_amount": "586.10",
+     "interest_amount": "586.09",
-     "principal_amount": "761.03",
+     "principal_amount": "761.04",
-     "total_principal_amount": "761.03",
+     "total_principal_amount": "761.04",
-     "loan_balance_amount": "200189.07"
+     "loan_balance_amount": "200185.55"
-     "interest_amount": "583.88",
+     "interest_amount": "583.87",
-     "principal_amount": "763.25",
+     "principal_amount": "763.26",
-     "total_principal_amount": "763.25",
+     "total_principal_amount": "763.26",
-     "loan_balance_amount": "199425.82"
+     "loan_balance_amount": "199422.29"
-     "interest_amount": "581.66",
+     "interest_amount": "581.65",
-     "principal_amount": "765.47",
+     "principal_amount": "765.48",
-     "total_principal_amount": "765.47",
+     "total_principal_amount": "765.48",
-     "loan_balance_amount": "198660.35"
+     "loan_balance_amount": "198656.81"
-     "interest_amount": "579.43",
+     "interest_amount": "579.42",
-     "principal_amount": "767.70",
+     "principal_amount": "767.71",
-     "total_principal_amount": "767.70",
+     "total_principal_amount": "767.71",
-     "loan_balance_amount": "197892.65"
+     "loan_balance_amount": "197889.10"
-     "interest_amount": "577.19",
+     "interest_amount": "577.18",
-     "principal_amount": "769.94",
+     "principal_amount": "769.95",
-     "total_principal_amount": "769.94",
+     "total_principal_amount": "769.95",
-     "loan_balance_amount": "197122.71"
+     "loan_balance_amount": "197119.15"
-     "interest_amount": "574.94",
+     "interest_amount": "574.93",
-     "principal_amount": "772.19",
+     "principal_amount": "772.20",
-     "total_principal_amount": "772.19",
+     "total_principal_amount": "772.20",
-     "loan_balance_amount": "196350.52"
+     "loan_balance_amount": "196346.95"
-     "interest_amount": "572.69",
+     "interest_amount": "534.50",
-     "principal_amount": "774.44",
+     "principal_amount": "812.63",
-     "total_principal_amount": "774.44",
+     "total_principal_amount": "812.63",
-     "loan_balance_amount": "195576.08"
+     "loan_balance_amount": "195534.32"
-     "interest_amount": "570.43",
+     "interest_amount": "608.33",
-     "principal_amount": "776.70",
+     "principal_amount": "738.80",
-     "total_principal_amount": "776.70",
+     "total_principal_amount": "738.80",
-     "loan_balance_amount": "194799.38"
+     "loan_balance_amount": "194795.52"
-     "interest_amount": "568.16",
+     "interest_amount": "568.15",
-     "principal_amount": "778.97",
+     "principal_amount": "778.98",
-     "total_principal_amount": "778.97",
+     "total_principal_amount": "778.98",
-     "loan_balance_amount": "194020.41"
+     "loan_balance_amount": "194016.54"
-     "interest_amount": "565.89",
+     "interest_amount": "565.88",
-     "principal_amount": "781.24",
+     "principal_amount": "781.25",
-     "total_principal_amount": "781.24",
+     "total_principal_amount": "781.25",
-     "loan_balance_amount": "193239.17"
+     "loan_balance_amount": "193235.29"
-     "interest_amount": "563.61",
+     "interest_amount": "563.60",
-     "principal_amount": "783.52",
+     "principal_amount": "783.53",
-     "total_principal_amount": "783.52",
+     "total_principal_amount": "783.53",
-     "loan_balance_amount": "192455.65"
+     "loan_balance_amount": "192451.76"
-     "interest_amount": "561.33",
+     "interest_amount": "561.32",
-     "principal_amount": "785.80",
+     "principal_amount": "785.81",
-     "total_principal_amount": "785.80",
+     "total_principal_amount": "785.81",
-     "loan_balance_amount": "191669.85"
+     "loan_balance_amount": "191665.95"
-     "interest_amount": "559.04",
+     "interest_amount": "559.03",
-     "principal_amount": "788.09",
+     "principal_amount": "788.10",
-     "total_principal_amount": "788.09",
+     "total_principal_amount": "788.10",
-     "loan_balance_amount": "190881.76"
+     "loan_balance_amount": "190877.85"
-     "interest_amount": "556.74",
+     "interest_amount": "556.73",
-     "principal_amount": "790.39",
+     "principal_amount": "790.40",
-     "total_principal_amount": "790.39",
+     "total_principal_amount": "790.40",
-     "loan_balance_amount": "190091.37"
+     "loan_balance_amount": "190087.45"
-     "interest_amount": "554.43",
+     "interest_amount": "554.42",
-     "principal_amount": "792.70",
+     "principal_amount": "792.71",
-     "total_principal_amount": "792.70",
+     "total_principal_amount": "792.71",
-     "loan_balance_amount": "189298.67"
+     "loan_balance_amount": "189294.74"
-     "interest_amount": "552.12",
+     "interest_amount": "552.11",
-     "principal_amount": "795.01",
+     "principal_amount": "795.02",
-     "total_principal_amount": "795.01",
+     "total_principal_amount": "795.02",
-     "loan_balance_amount": "188503.66"
+     "loan_balance_amount": "188499.72"
-     "interest_amount": "549.80",
+     "interest_amount": "549.79",
-     "principal_amount": "797.33",
+     "principal_amount": "797.34",
-     "total_principal_amount": "797.33",
+     "total_principal_amount": "797.34",
-     "loan_balance_amount": "187706.33"
+     "loan_balance_amount": "187702.38"
-     "interest_amount": "547.48",
+     "interest_amount": "547.47",
-     "principal_amount": "799.65",
+     "principal_amount": "799.66",
-     "total_principal_amount": "799.65",
+     "total_principal_amount": "799.66",
-     "loan_balance_amount": "186906.68"
+     "loan_balance_amount": "186902.72"
-     "interest_amount": "545.14",
+     "interest_amount": "508.79",
-     "principal_amount": "801.99",
+     "principal_amount": "838.34",
-     "total_principal_amount": "801.99",
+     "total_principal_amount": "838.34",
-     "loan_balance_amount": "186104.69"
+     "loan_balance_amount": "186064.38"
-     "interest_amount": "542.81",
+     "interest_amount": "578.87",
-     "principal_amount": "804.32",
+     "principal_amount": "768.26",
-     "total_principal_amount": "804.32",
+     "total_principal_amount": "768.26",
-     "loan_balance_amount": "185300.37"
+     "loan_balance_amount": "185296.12"
-     "interest_amount": "540.46",
+     "interest_amount": "540.45",
-     "principal_amount": "806.67",
+     "principal_amount": "806.68",
-     "total_principal_amount": "806.67",
+     "total_principal_amount": "806.68",
-     "loan_balance_amount": "184493.70"
+     "loan_balance_amount": "184489.44"
-     "interest_amount": "538.11",
+     "interest_amount": "538.09",
-     "principal_amount": "809.02",
+     "principal_amount": "809.04",
-     "total_principal_amount": "809.02",
+     "total_principal_amount": "809.04",
-     "loan_balance_amount": "183684.68"
+     "loan_balance_amount": "183680.40"
-     "interest_amount": "535.75",
+     "interest_amount": "535.73",
-     "principal_amount": "811.38",
+     "principal_amount": "811.40",
-     "total_principal_amount": "811.38",
+     "total_principal_amount": "811.40",
-     "loan_balance_amount": "182873.30"
+     "loan_balance_amount": "182869.00"
-     "interest_amount": "533.38",
+     "interest_amount": "533.37",
-     "principal_amount": "813.75",
+     "principal_amount": "813.76",
-     "total_principal_amount": "813.75",
+     "total_principal_amount": "813.76",
-     "loan_balance_amount": "182059.55"
+     "loan_balance_amount": "182055.24"
-     "interest_amount": "531.01",
+     "interest_amount": "530.99",
-     "principal_amount": "816.12",
+     "principal_amount": "816.14",
-     "total_principal_amount": "816.12",
+     "total_principal_amount": "816.14",
-     "loan_balance_amount": "181243.43"
+     "loan_balance_amount": "181239.10"
-     "interest_amount": "528.63",
+     "interest_amount": "528.61",
-     "principal_amount": "818.50",
+     "principal_amount": "818.52",
-     "total_principal_amount": "818.50",
+     "total_principal_amount": "818.52",
-     "loan_balance_amount": "180424.93"
+     "loan_balance_amount": "180420.58"
-     "interest_amount": "526.24",
+     "interest_amount": "526.23",
-     "principal_amount": "820.89",
+     "principal_amount": "820.90",
-     "total_principal_amount": "820.89",
+     "total_principal_amount": "820.90",
-     "loan_balance_amount": "179604.04"
+     "loan_balance_amount": "179599.68"
-     "interest_amount": "523.85",
+     "interest_amount": "523.83",
-     "principal_amount": "823.28",
+     "principal_amount": "823.30",
-     "total_principal_amount": "823.28",
+     "total_principal_amount": "823.30",
-     "loan_balance_amount": "178780.76"
+     "loan_balance_amount": "178776.38"
-     "interest_amount": "521.44",
+     "interest_amount": "521.43",
-     "principal_amount": "825.69",
+     "principal_amount": "825.70",
-     "total_principal_amount": "825.69",
+     "total_principal_amount": "825.70",
-     "loan_balance_amount": "177955.07"
+     "loan_balance_amount": "177950.68"
-     "interest_amount": "519.04",
+     "interest_amount": "519.02",
-     "principal_amount": "828.09",
+     "principal_amount": "828.11",
-     "total_principal_amount": "828.09",
+     "total_principal_amount": "828.11",
-     "loan_balance_amount": "177126.98"
+     "loan_balance_amount": "177122.57"
-     "interest_amount": "516.62",
+     "interest_amount": "499.39",
-     "principal_amount": "830.51",
+     "principal_amount": "847.74",
-     "total_principal_amount": "830.51",
+     "total_principal_amount": "847.74",
-     "loan_balance_amount": "176296.47"
+     "loan_balance_amount": "176274.83"
-     "interest_amount": "514.20",
+     "interest_amount": "531.27",
-     "principal_amount": "832.93",
+     "principal_amount": "815.86",
-     "total_principal_amount": "832.93",
+     "total_principal_amount": "815.86",
-     "loan_balance_amount": "175463.54"
+     "loan_balance_amount": "175458.97"
-     "interest_amount": "511.77",
+     "interest_amount": "511.76",
-     "principal_amount": "835.36",
+     "principal_amount": "835.37",
-     "total_principal_amount": "835.36",
+     "total_principal_amount": "835.37",
-     "loan_balance_amount": "174628.18"
+     "loan_balance_amount": "174623.60"
-     "interest_amount": "509.33",
+     "interest_amount": "509.32",
-     "principal_amount": "837.80",
+     "principal_amount": "837.81",
-     "total_principal_amount": "837.80",
+     "total_principal_amount": "837.81",
-     "loan_balance_amount": "173790.38"
+     "loan_balance_amount": "173785.79"
-     "interest_amount": "506.89",
+     "interest_amount": "506.88",
-     "principal_amount": "840.24",
+     "principal_amount": "840.25",
-     "total_principal_amount": "840.24",
+     "total_principal_amount": "840.25",
-     "loan_balance_amount": "172950.14"
+     "loan_balance_amount": "172945.54"
-     "interest_amount": "504.44",
+     "interest_amount": "504.42",
-     "principal_amount": "842.69",
+     "principal_amount": "842.71",
-     "total_principal_amount": "842.69",
+     "total_principal_amount": "842.71",
-     "loan_balance_amount": "172107.45"
+     "loan_balance_amount": "172102.83"
-     "interest_amount": "501.98",
+     "interest_amount": "501.97",
-     "principal_amount": "845.15",
+     "principal_amount": "845.16",
-     "total_principal_amount": "845.15",
+     "total_principal_amount": "845.16",
-     "loan_balance_amount": "171262.30"
+     "loan_balance_amount": "171257.67"
-     "interest_amount": "499.52",
+     "interest_amount": "499.50",
-     "principal_amount": "847.61",
+     "principal_amount": "847.63",
-     "total_principal_amount": "847.61",
+     "total_principal_amount": "847.63",
-     "loan_balance_amount": "170414.69"
+     "loan_balance_amount": "170410.04"
-     "interest_amount": "497.04",
+     "interest_amount": "497.03",
-     "principal_amount": "850.09",
+     "principal_amount": "850.10",
-     "total_principal_amount": "850.09",
+     "total_principal_amount": "850.10",
-     "loan_balance_amount": "169564.60"
+     "loan_balance_amount": "169559.94"
-     "interest_amount": "494.56",
+     "interest_amount": "494.55",
-     "principal_amount": "852.57",
+     "principal_amount": "852.58",
-     "total_principal_amount": "852.57",
+     "total_principal_amount": "852.58",
-     "loan_balance_amount": "168712.03"
+     "loan_balance_amount": "168707.36"
-     "interest_amount": "492.08",
+     "interest_amount": "492.06",
-     "principal_amount": "855.05",
+     "principal_amount": "855.07",
-     "total_principal_amount": "855.05",
+     "total_principal_amount": "855.07",
-     "loan_balance_amount": "167856.98"
+     "loan_balance_amount": "167852.29"
-     "interest_amount": "489.58",
+     "interest_amount": "489.57",
-     "principal_amount": "857.55",
+     "principal_amount": "857.56",
-     "total_principal_amount": "857.55",
+     "total_principal_amount": "857.56",
-     "loan_balance_amount": "166999.43"
+     "loan_balance_amount": "166994.73"
-     "interest_amount": "487.08",
+     "interest_amount": "454.60",
-     "principal_amount": "860.05",
+     "principal_amount": "892.53",
-     "total_principal_amount": "860.05",
+     "total_principal_amount": "892.53",
-     "loan_balance_amount": "166139.38"
+     "loan_balance_amount": "166102.20"
-     "interest_amount": "484.57",
+     "interest_amount": "516.76",
-     "principal_amount": "862.56",
+     "principal_amount": "830.37",
-     "total_principal_amount": "862.56",
+     "total_principal_amount": "830.37",
-     "loan_balance_amount": "165276.82"
+     "loan_balance_amount": "165271.83"
-     "interest_amount": "482.06",
+     "interest_amount": "482.04",
-     "principal_amount": "865.07",
+     "principal_amount": "865.09",
-     "total_principal_amount": "865.07",
+     "total_principal_amount": "865.09",
-     "loan_balance_amount": "164411.75"
+     "loan_balance_amount": "164406.74"
-     "interest_amount": "479.53",
+     "interest_amount": "479.52",
-     "principal_amount": "867.60",
+     "principal_amount": "867.61",
-     "total_principal_amount": "867.60",
+     "total_principal_amount": "867.61",
-     "loan_balance_amount": "163544.15"
+     "loan_balance_amount": "163539.13"
-     "interest_amount": "477.00",
+     "interest_amount": "476.99",
-     "principal_amount": "870.13",
+     "principal_amount": "870.14",
-     "total_principal_amount": "870.13",
+     "total_principal_amount": "870.14",
-     "loan_balance_amount": "162674.02"
+     "loan_balance_amount": "162668.99"
-     "interest_amount": "474.47",
+     "interest_amount": "474.45",
-     "principal_amount": "872.66",
+     "principal_amount": "872.68",
-     "total_principal_amount": "872.66",
+     "total_principal_amount": "872.68",
-     "loan_balance_amount": "161801.36"
+     "loan_balance_amount": "161796.31"
-     "interest_amount": "471.92",
+     "interest_amount": "471.91",
-     "principal_amount": "875.21",
+     "principal_amount": "875.22",
-     "total_principal_amount": "875.21",
+     "total_principal_amount": "875.22",
-     "loan_balance_amount": "160926.15"
+     "loan_balance_amount": "160921.09"
-     "interest_amount": "469.37",
+     "interest_amount": "469.35",
-     "principal_amount": "877.76",
+     "principal_amount": "877.78",
-     "total_principal_amount": "877.76",
+     "total_principal_amount": "877.78",
-     "loan_balance_amount": "160048.39"
+     "loan_balance_amount": "160043.31"
-     "interest_amount": "466.81",
+     "interest_amount": "466.79",
-     "principal_amount": "880.32",
+     "principal_amount": "880.34",
-     "total_principal_amount": "880.32",
+     "total_principal_amount": "880.34",
-     "loan_balance_amount": "159168.07"
+     "loan_balance_amount": "159162.97"
-     "interest_amount": "464.24",
+     "interest_amount": "464.23",
-     "principal_amount": "882.89",
+     "principal_amount": "882.90",
-     "total_principal_amount": "882.89",
+     "total_principal_amount": "882.90",
-     "loan_balance_amount": "158285.18"
+     "loan_balance_amount": "158280.07"
-     "interest_amount": "461.67",
+     "interest_amount": "461.65",
-     "principal_amount": "885.46",
+     "principal_amount": "885.48",
-     "total_principal_amount": "885.46",
+     "total_principal_amount": "885.48",
-     "loan_balance_amount": "157399.72"
+     "loan_balance_amount": "157394.59"
-     "interest_amount": "459.08",
+     "interest_amount": "459.07",
-     "principal_amount": "888.05",
+     "principal_amount": "888.06",
-     "total_principal_amount": "888.05",
+     "total_principal_amount": "888.06",
-     "loan_balance_amount": "156511.67"
+     "loan_balance_amount": "156506.53"
-     "interest_amount": "456.49",
+     "interest_amount": "426.05",
-     "principal_amount": "890.64",
+     "principal_amount": "921.08",
-     "total_principal_amount": "890.64",
+     "total_principal_amount": "921.08",
-     "loan_balance_amount": "155621.03"
+     "loan_balance_amount": "155585.45"
-     "interest_amount": "453.89",
+     "interest_amount": "484.04",
-     "principal_amount": "893.24",
+     "principal_amount": "863.09",
-     "total_principal_amount": "893.24",
+     "total_principal_amount": "863.09",
-     "loan_balance_amount": "154727.79"
+     "loan_balance_amount": "154722.36"
-     "interest_amount": "451.29",
+     "interest_amount": "451.27",
-     "principal_amount": "895.84",
+     "principal_amount": "895.86",
-     "total_principal_amount": "895.84",
+     "total_principal_amount": "895.86",
-     "loan_balance_amount": "153831.95"
+     "loan_balance_amount": "153826.50"
-     "interest_amount": "448.68",
+     "interest_amount": "448.66",
-     "principal_amount": "898.45",
+     "principal_amount": "898.47",
-     "total_principal_amount": "898.45",
+     "total_principal_amount": "898.47",
-     "loan_balance_amount": "152933.50"
+     "loan_balance_amount": "152928.03"
-     "interest_amount": "446.06",
+     "interest_amount": "446.04",
-     "principal_amount": "901.07",
+     "principal_amount": "901.09",
-     "total_principal_amount": "901.07",
+     "total_principal_amount": "901.09",
-     "loan_balance_amount": "152032.43"
+     "loan_balance_amount": "152026.94"
-     "interest_amount": "443.43",
+     "interest_amount": "443.41",
-     "principal_amount": "903.70",
+     "principal_amount": "903.72",
-     "total_principal_amount": "903.70",
+     "total_principal_amount": "903.72",
-     "loan_balance_amount": "151128.73"
+     "loan_balance_amount": "151123.22"
-     "interest_amount": "440.79",
+     "interest_amount": "440.78",
-     "principal_amount": "906.34",
+     "principal_amount": "906.35",
-     "total_principal_amount": "906.34",
+     "total_principal_amount": "906.35",
-     "loan_balance_amount": "150222.39"
+     "loan_balance_amount": "150216.87"
-     "interest_amount": "438.15",
+     "interest_amount": "438.13",
-     "principal_amount": "908.98",
+     "principal_amount": "909.00",
-     "total_principal_amount": "908.98",
+     "total_principal_amount": "909.00",
-     "loan_balance_amount": "149313.41"
+     "loan_balance_amount": "149307.87"
-     "interest_amount": "435.50",
+     "interest_amount": "435.48",
-     "principal_amount": "911.63",
+     "principal_amount": "911.65",
-     "total_principal_amount": "911.63",
+     "total_principal_amount": "911.65",
-     "loan_balance_amount": "148401.78"
+     "loan_balance_amount": "148396.22"
-     "interest_amount": "432.84",
+     "interest_amount": "432.82",
-     "principal_amount": "914.29",
+     "principal_amount": "914.31",
-     "total_principal_amount": "914.29",
+     "total_principal_amount": "914.31",
-     "loan_balance_amount": "147487.49"
+     "loan_balance_amount": "147481.91"
-     "interest_amount": "430.17",
+     "interest_amount": "430.16",
-     "principal_amount": "916.96",
+     "principal_amount": "916.97",
-     "total_principal_amount": "916.96",
+     "total_principal_amount": "916.97",
-     "loan_balance_amount": "146570.53"
+     "loan_balance_amount": "146564.94"
-     "interest_amount": "427.50",
+     "interest_amount": "427.48",
-     "principal_amount": "919.63",
+     "principal_amount": "919.65",
-     "total_principal_amount": "919.63",
+     "total_principal_amount": "919.65",
-     "loan_balance_amount": "145650.90"
+     "loan_balance_amount": "145645.29"
-     "interest_amount": "424.82",
+     "interest_amount": "396.48",
-     "principal_amount": "922.31",
+     "principal_amount": "950.65",
-     "total_principal_amount": "922.31",
+     "total_principal_amount": "950.65",
-     "loan_balance_amount": "144728.59"
+     "loan_balance_amount": "144694.64"
-     "interest_amount": "422.13",
+     "interest_amount": "450.16",
-     "principal_amount": "925.00",
+     "principal_amount": "896.97",
-     "total_principal_amount": "925.00",
+     "total_principal_amount": "896.97",
-     "loan_balance_amount": "143803.59"
+     "loan_balance_amount": "143797.67"
-     "interest_amount": "419.43",
+     "interest_amount": "419.41",
-     "principal_amount": "927.70",
+     "principal_amount": "927.72",
-     "total_principal_amount": "927.70",
+     "total_principal_amount": "927.72",
-     "loan_balance_amount": "142875.89"
+     "loan_balance_amount": "142869.95"
-     "interest_amount": "416.72",
+     "interest_amount": "416.70",
-     "principal_amount": "930.41",
+     "principal_amount": "930.43",
-     "total_principal_amount": "930.41",
+     "total_principal_amount": "930.43",
-     "loan_balance_amount": "141945.48"
+     "loan_balance_amount": "141939.52"
-     "interest_amount": "414.01",
+     "interest_amount": "413.99",
-     "principal_amount": "933.12",
+     "principal_amount": "933.14",
-     "total_principal_amount": "933.12",
+     "total_principal_amount": "933.14",
-     "loan_balance_amount": "141012.36"
+     "loan_balance_amount": "141006.38"
-     "interest_amount": "411.29",
+     "interest_amount": "411.27",
-     "principal_amount": "935.84",
+     "principal_amount": "935.86",
-     "total_principal_amount": "935.84",
+     "total_principal_amount": "935.86",
-     "loan_balance_amount": "140076.52"
+     "loan_balance_amount": "140070.52"
-     "interest_amount": "408.56",
+     "interest_amount": "408.54",
-     "principal_amount": "938.57",
+     "principal_amount": "938.59",
-     "total_principal_amount": "938.57",
+     "total_principal_amount": "938.59",
-     "loan_balance_amount": "139137.95"
+     "loan_balance_amount": "139131.93"
-     "interest_amount": "405.82",
+     "interest_amount": "405.80",
-     "principal_amount": "941.31",
+     "principal_amount": "941.33",
-     "total_principal_amount": "941.31",
+     "total_principal_amount": "941.33",
-     "loan_balance_amount": "138196.64"
+     "loan_balance_amount": "138190.60"
-     "interest_amount": "403.07",
+     "interest_amount": "403.06",
-     "principal_amount": "944.06",
+     "principal_amount": "944.07",
-     "total_principal_amount": "944.06",
+     "total_principal_amount": "944.07",
-     "loan_balance_amount": "137252.58"
+     "loan_balance_amount": "137246.53"
-     "interest_amount": "400.32",
+     "interest_amount": "400.30",
-     "principal_amount": "946.81",
+     "principal_amount": "946.83",
-     "total_principal_amount": "946.81",
+     "total_principal_amount": "946.83",
-     "loan_balance_amount": "136305.77"
+     "loan_balance_amount": "136299.70"
-     "interest_amount": "397.56",
+     "interest_amount": "397.54",
-     "principal_amount": "949.57",
+     "principal_amount": "949.59",
-     "total_principal_amount": "949.57",
+     "total_principal_amount": "949.59",
-     "loan_balance_amount": "135356.20"
+     "loan_balance_amount": "135350.11"
-     "interest_amount": "394.79",
+     "interest_amount": "394.77",
-     "principal_amount": "952.34",
+     "principal_amount": "952.36",
-     "total_principal_amount": "952.34",
+     "total_principal_amount": "952.36",
-     "loan_balance_amount": "134403.86"
+     "loan_balance_amount": "134397.75"
-     "interest_amount": "392.01",
+     "interest_amount": "378.93",
-     "principal_amount": "955.12",
+     "principal_amount": "968.20",
-     "total_principal_amount": "955.12",
+     "total_principal_amount": "968.20",
-     "loan_balance_amount": "133448.74"
+     "loan_balance_amount": "133429.55"
-     "interest_amount": "389.23",
+     "interest_amount": "402.14",
-     "principal_amount": "957.90",
+     "principal_amount": "944.99",
-     "total_principal_amount": "957.90",
+     "total_principal_amount": "944.99",
-     "loan_balance_amount": "132490.84"
+     "loan_balance_amount": "132484.56"
-     "interest_amount": "386.43",
+     "interest_amount": "386.41",
-     "principal_amount": "960.70",
+     "principal_amount": "960.72",
-     "total_principal_amount": "960.70",
+     "total_principal_amount": "960.72",
-     "loan_balance_amount": "131530.14"
+     "loan_balance_amount": "131523.84"
-     "interest_amount": "383.63",
+     "interest_amount": "383.61",
-     "principal_amount": "963.50",
+     "principal_amount": "963.52",
-     "total_principal_amount": "963.50",
+     "total_principal_amount": "963.52",
-     "loan_balance_amount": "130566.64"
+     "loan_balance_amount": "130560.32"
-     "interest_amount": "380.82",
+     "interest_amount": "380.80",
-     "principal_amount": "966.31",
+     "principal_amount": "966.33",
-     "total_principal_amount": "966.31",
+     "total_principal_amount": "966.33",
-     "loan_balance_amount": "129600.33"
+     "loan_balance_amount": "129593.99"
-     "interest_amount": "378.00",
+     "interest_amount": "377.98",
-     "principal_amount": "969.13",
+     "principal_amount": "969.15",
-     "total_principal_amount": "969.13",
+     "total_principal_amount": "969.15",
-     "loan_balance_amount": "128631.20"
+     "loan_balance_amount": "128624.84"
-     "interest_amount": "375.17",
+     "interest_amount": "375.16",
-     "principal_amount": "971.96",
+     "principal_amount": "971.97",
-     "total_principal_amount": "971.96",
+     "total_principal_amount": "971.97",
-     "loan_balance_amount": "127659.24"
+     "loan_balance_amount": "127652.87"
-     "interest_amount": "372.34",
+     "interest_amount": "372.32",
-     "principal_amount": "974.79",
+     "principal_amount": "974.81",
-     "total_principal_amount": "974.79",
+     "total_principal_amount": "974.81",
-     "loan_balance_amount": "126684.45"
+     "loan_balance_amount": "126678.06"
-     "interest_amount": "369.50",
+     "interest_amount": "369.48",
-     "principal_amount": "977.63",
+     "principal_amount": "977.65",
-     "total_principal_amount": "977.63",
+     "total_principal_amount": "977.65",
-     "loan_balance_amount": "125706.82"
+     "loan_balance_amount": "125700.41"
-     "interest_amount": "366.64",
+     "interest_amount": "366.63",
-     "principal_amount": "980.49",
+     "principal_amount": "980.50",
-     "total_principal_amount": "980.49",
+     "total_principal_amount": "980.50",
-     "loan_balance_amount": "124726.33"
+     "loan_balance_amount": "124719.91"
-     "interest_amount": "363.79",
+     "interest_amount": "363.77",
-     "principal_amount": "983.34",
+     "principal_amount": "983.36",
-     "total_principal_amount": "983.34",
+     "total_principal_amount": "983.36",
-     "loan_balance_amount": "123742.99"
+     "loan_balance_amount": "123736.55"
-     "interest_amount": "360.92",
+     "interest_amount": "360.90",
-     "principal_amount": "986.21",
+     "principal_amount": "986.23",
-     "total_principal_amount": "986.21",
+     "total_principal_amount": "986.23",
-     "loan_balance_amount": "122756.78"
+     "loan_balance_amount": "122750.32"
-     "interest_amount": "358.04",
+     "interest_amount": "334.15",
-     "principal_amount": "989.09",
+     "principal_amount": "1012.98",
-     "total_principal_amount": "989.09",
+     "total_principal_amount": "1012.98",
-     "loan_balance_amount": "121767.69"
+     "loan_balance_amount": "121737.34"
-     "interest_amount": "355.16",
+     "interest_amount": "378.74",
-     "principal_amount": "991.97",
+     "principal_amount": "968.39",
-     "total_principal_amount": "991.97",
+     "total_principal_amount": "968.39",
-     "loan_balance_amount": "120775.72"
+     "loan_balance_amount": "120768.95"
-     "interest_amount": "352.26",
+     "interest_amount": "352.24",
-     "principal_amount": "994.87",
+     "principal_amount": "994.89",
-     "total_principal_amount": "994.87",
+     "total_principal_amount": "994.89",
-     "loan_balance_amount": "119780.85"
+     "loan_balance_amount": "119774.06"
-     "interest_amount": "349.36",
+     "interest_amount": "349.34",
-     "principal_amount": "997.77",
+     "principal_amount": "997.79",
-     "total_principal_amount": "997.77",
+     "total_principal_amount": "997.79",
-     "loan_balance_amount": "118783.08"
+     "loan_balance_amount": "118776.27"
-     "interest_amount": "346.45",
+     "interest_amount": "346.43",
-     "principal_amount": "1000.68",
+     "principal_amount": "1000.70",
-     "total_principal_amount": "1000.68",
+     "total_principal_amount": "1000.70",
-     "loan_balance_amount": "117782.40"
+     "loan_balance_amount": "117775.57"
-     "interest_amount": "343.53",
+     "interest_amount": "343.51",
-     "principal_amount": "1003.60",
+     "principal_amount": "1003.62",
-     "total_principal_amount": "1003.60",
+     "total_principal_amount": "1003.62",
-     "loan_balance_amount": "116778.80"
+     "loan_balance_amount": "116771.95"
-     "interest_amount": "340.60",
+     "interest_amount": "340.58",
-     "principal_amount": "1006.53",
+     "principal_amount": "1006.55",
-     "total_principal_amount": "1006.53",
+     "total_principal_amount": "1006.55",
-     "loan_balance_amount": "115772.27"
+     "loan_balance_amount": "115765.40"
-     "interest_amount": "337.67",
+     "interest_amount": "337.65",
-     "principal_amount": "1009.46",
+     "principal_amount": "1009.48",
-     "total_principal_amount": "1009.46",
+     "total_principal_amount": "1009.48",
-     "loan_balance_amount": "114762.81"
+     "loan_balance_amount": "114755.92"
-     "interest_amount": "334.72",
+     "interest_amount": "334.70",
-     "principal_amount": "1012.41",
+     "principal_amount": "1012.43",
-     "total_principal_amount": "1012.41",
+     "total_principal_amount": "1012.43",
-     "loan_balance_amount": "113750.40"
+     "loan_balance_amount": "113743.49"
-     "interest_amount": "331.77",
+     "interest_amount": "331.75",
-     "principal_amount": "1015.36",
+     "principal_amount": "1015.38",
-     "total_principal_amount": "1015.36",
+     "total_principal_amount": "1015.38",
-     "loan_balance_amount": "112735.04"
+     "loan_balance_amount": "112728.11"
-     "interest_amount": "328.81",
+     "interest_amount": "328.79",
-     "principal_amount": "1018.32",
+     "principal_amount": "1018.34",
-     "total_principal_amount": "1018.32",
+     "total_principal_amount": "1018.34",
-     "loan_balance_amount": "111716.72"
+     "loan_balance_amount": "111709.77"
-     "interest_amount": "325.84",
+     "interest_amount": "325.82",
-     "principal_amount": "1021.29",
+     "principal_amount": "1021.31",
-     "total_principal_amount": "1021.29",
+     "total_principal_amount": "1021.31",
-     "loan_balance_amount": "110695.43"
+     "loan_balance_amount": "110688.46"
-     "interest_amount": "322.86",
+     "interest_amount": "301.32",
-     "principal_amount": "1024.27",
+     "principal_amount": "1045.81",
-     "total_principal_amount": "1024.27",
+     "total_principal_amount": "1045.81",
-     "loan_balance_amount": "109671.16"
+     "loan_balance_amount": "109642.65"
-     "interest_amount": "319.87",
+     "interest_amount": "341.11",
-     "principal_amount": "1027.26",
+     "principal_amount": "1006.02",
-     "total_principal_amount": "1027.26",
+     "total_principal_amount": "1006.02",
-     "loan_balance_amount": "108643.90"
+     "loan_balance_amount": "108636.63"
-     "interest_amount": "316.88",
+     "interest_amount": "316.86",
-     "principal_amount": "1030.25",
+     "principal_amount": "1030.27",
-     "total_principal_amount": "1030.25",
+     "total_principal_amount": "1030.27",
-     "loan_balance_amount": "107613.65"
+     "loan_balance_amount": "107606.36"
-     "interest_amount": "313.87",
+     "interest_amount": "313.85",
-     "principal_amount": "1033.26",
+     "principal_amount": "1033.28",
-     "total_principal_amount": "1033.26",
+     "total_principal_amount": "1033.28",
-     "loan_balance_amount": "106580.39"
+     "loan_balance_amount": "106573.08"
-     "interest_amount": "310.86",
+     "interest_amount": "310.84",
-     "principal_amount": "1036.27",
+     "principal_amount": "1036.29",
-     "total_principal_amount": "1036.27",
+     "total_principal_amount": "1036.29",
-     "loan_balance_amount": "105544.12"
+     "loan_balance_amount": "105536.79"
-     "interest_amount": "307.84",
+     "interest_amount": "307.82",
-     "principal_amount": "1039.29",
+     "principal_amount": "1039.31",
-     "total_principal_amount": "1039.29",
+     "total_principal_amount": "1039.31",
-     "loan_balance_amount": "104504.83"
+     "loan_balance_amount": "104497.48"
-     "interest_amount": "304.81",
+     "interest_amount": "304.78",
-     "principal_amount": "1042.32",
+     "principal_amount": "1042.35",
-     "total_principal_amount": "1042.32",
+     "total_principal_amount": "1042.35",
-     "loan_balance_amount": "103462.51"
+     "loan_balance_amount": "103455.13"
-     "interest_amount": "301.77",
+     "interest_amount": "301.74",
-     "principal_amount": "1045.36",
+     "principal_amount": "1045.39",
-     "total_principal_amount": "1045.36",
+     "total_principal_amount": "1045.39",
-     "loan_balance_amount": "102417.15"
+     "loan_balance_amount": "102409.74"
-     "interest_amount": "298.72",
+     "interest_amount": "298.70",
-     "principal_amount": "1048.41",
+     "principal_amount": "1048.43",
-     "total_principal_amount": "1048.41",
+     "total_principal_amount": "1048.43",
-     "loan_balance_amount": "101368.74"
+     "loan_balance_amount": "101361.31"
-     "interest_amount": "295.66",
+     "interest_amount": "295.64",
-     "principal_amount": "1051.47",
+     "principal_amount": "1051.49",
-     "total_principal_amount": "1051.47",
+     "total_principal_amount": "1051.49",
-     "loan_balance_amount": "100317.27"
+     "loan_balance_amount": "100309.82"
-     "interest_amount": "292.59",
+     "interest_amount": "292.57",
-     "principal_amount": "1054.54",
+     "principal_amount": "1054.56",
-     "total_principal_amount": "1054.54",
+     "total_principal_amount": "1054.56",
-     "loan_balance_amount": "99262.73"
+     "loan_balance_amount": "99255.26"
-     "interest_amount": "289.52",
+     "interest_amount": "289.49",
-     "principal_amount": "1057.61",
+     "principal_amount": "1057.64",
-     "total_principal_amount": "1057.61",
+     "total_principal_amount": "1057.64",
-     "loan_balance_amount": "98205.12"
+     "loan_balance_amount": "98197.62"
-     "interest_amount": "286.43",
+     "interest_amount": "267.32",
-     "principal_amount": "1060.70",
+     "principal_amount": "1079.81",
-     "total_principal_amount": "1060.70",
+     "total_principal_amount": "1079.81",
-     "loan_balance_amount": "97144.42"
+     "loan_balance_amount": "97117.81"
-     "interest_amount": "283.34",
+     "interest_amount": "302.14",
-     "principal_amount": "1063.79",
+     "principal_amount": "1044.99",
-     "total_principal_amount": "1063.79",
+     "total_principal_amount": "1044.99",
-     "loan_balance_amount": "96080.63"
+     "loan_balance_amount": "96072.82"
-     "interest_amount": "280.24",
+     "interest_amount": "280.21",
-     "principal_amount": "1066.89",
+     "principal_amount": "1066.92",
-     "total_principal_amount": "1066.89",
+     "total_principal_amount": "1066.92",
-     "loan_balance_amount": "95013.74"
+     "loan_balance_amount": "95005.90"
-     "interest_amount": "277.12",
+     "interest_amount": "277.10",
-     "principal_amount": "1070.01",
+     "principal_amount": "1070.03",
-     "total_principal_amount": "1070.01",
+     "total_principal_amount": "1070.03",
-     "loan_balance_amount": "93943.73"
+     "loan_balance_amount": "93935.87"
-     "interest_amount": "274.00",
+     "interest_amount": "273.98",
-     "principal_amount": "1073.13",
+     "principal_amount": "1073.15",
-     "total_principal_amount": "1073.13",
+     "total_principal_amount": "1073.15",
-     "loan_balance_amount": "92870.60"
+     "loan_balance_amount": "92862.72"
-     "interest_amount": "270.87",
+     "interest_amount": "270.85",
-     "principal_amount": "1076.26",
+     "principal_amount": "1076.28",
-     "total_principal_amount": "1076.26",
+     "total_principal_amount": "1076.28",
-     "loan_balance_amount": "91794.34"
+     "loan_balance_amount": "91786.44"
-     "interest_amount": "267.73",
+     "interest_amount": "267.71",
-     "principal_amount": "1079.40",
+     "principal_amount": "1079.42",
-     "total_principal_amount": "1079.40",
+     "total_principal_amount": "1079.42",
-     "loan_balance_amount": "90714.94"
+     "loan_balance_amount": "90707.02"
-     "interest_amount": "264.59",
+     "interest_amount": "264.56",
-     "principal_amount": "1082.54",
+     "principal_amount": "1082.57",
-     "total_principal_amount": "1082.54",
+     "total_principal_amount": "1082.57",
-     "loan_balance_amount": "89632.40"
+     "loan_balance_amount": "89624.45"
-     "interest_amount": "261.43",
+     "interest_amount": "261.40",
-     "principal_amount": "1085.70",
+     "principal_amount": "1085.73",
-     "total_principal_amount": "1085.70",
+     "total_principal_amount": "1085.73",
-     "loan_balance_amount": "88546.70"
+     "loan_balance_amount": "88538.72"
-     "interest_amount": "258.26",
+     "interest_amount": "258.24",
-     "principal_amount": "1088.87",
+     "principal_amount": "1088.89",
-     "total_principal_amount": "1088.87",
+     "total_principal_amount": "1088.89",
-     "loan_balance_amount": "87457.83"
+     "loan_balance_amount": "87449.83"
-     "interest_amount": "255.09",
+     "interest_amount": "255.06",
-     "principal_amount": "1092.04",
+     "principal_amount": "1092.07",
-     "total_principal_amount": "1092.04",
+     "total_principal_amount": "1092.07",
-     "loan_balance_amount": "86365.79"
+     "loan_balance_amount": "86357.76"
-     "interest_amount": "251.90",
+     "interest_amount": "251.88",
-     "principal_amount": "1095.23",
+     "principal_amount": "1095.25",
-     "total_principal_amount": "1095.23",
+     "total_principal_amount": "1095.25",
-     "loan_balance_amount": "85270.56"
+     "loan_balance_amount": "85262.51"
-     "interest_amount": "248.71",
+     "interest_amount": "240.39",
-     "principal_amount": "1098.42",
+     "principal_amount": "1106.74",
-     "total_principal_amount": "1098.42",
+     "total_principal_amount": "1106.74",
-     "loan_balance_amount": "84172.14"
+     "loan_balance_amount": "84155.77"
-     "interest_amount": "245.50",
+     "interest_amount": "253.64",
-     "principal_amount": "1101.63",
+     "principal_amount": "1093.49",
-     "total_principal_amount": "1101.63",
+     "total_principal_amount": "1093.49",
-     "loan_balance_amount": "83070.51"
+     "loan_balance_amount": "83062.28"
-     "interest_amount": "242.29",
+     "interest_amount": "242.26",
-     "principal_amount": "1104.84",
+     "principal_amount": "1104.87",
-     "total_principal_amount": "1104.84",
+     "total_principal_amount": "1104.87",
-     "loan_balance_amount": "81965.67"
+     "loan_balance_amount": "81957.41"
-     "interest_amount": "239.07",
+     "interest_amount": "239.04",
-     "principal_amount": "1108.06",
+     "principal_amount": "1108.09",
-     "total_principal_amount": "1108.06",
+     "total_principal_amount": "1108.09",
-     "loan_balance_amount": "80857.61"
+     "loan_balance_amount": "80849.32"
-     "interest_amount": "235.83",
+     "interest_amount": "235.81",
-     "principal_amount": "1111.30",
+     "principal_amount": "1111.32",
-     "total_principal_amount": "1111.30",
+     "total_principal_amount": "1111.32",
-     "loan_balance_amount": "79746.31"
+     "loan_balance_amount": "79738.00"
-     "interest_amount": "232.59",
+     "interest_amount": "232.57",
-     "principal_amount": "1114.54",
+     "principal_amount": "1114.56",
-     "total_principal_amount": "1114.54",
+     "total_principal_amount": "1114.56",
-     "loan_balance_amount": "78631.77"
+     "loan_balance_amount": "78623.44"
-     "interest_amount": "229.34",
+     "interest_amount": "229.32",
-     "principal_amount": "1117.79",
+     "principal_amount": "1117.81",
-     "total_principal_amount": "1117.79",
+     "total_principal_amount": "1117.81",
-     "loan_balance_amount": "77513.98"
+     "loan_balance_amount": "77505.63"
-     "interest_amount": "226.08",
+     "interest_amount": "226.06",
-     "principal_amount": "1121.05",
+     "principal_amount": "1121.07",
-     "total_principal_amount": "1121.05",
+     "total_principal_amount": "1121.07",
-     "loan_balance_amount": "76392.93"
+     "loan_balance_amount": "76384.56"
-     "interest_amount": "222.81",
+     "interest_amount": "222.79",
-     "principal_amount": "1124.32",
+     "principal_amount": "1124.34",
-     "total_principal_amount": "1124.32",
+     "total_principal_amount": "1124.34",
-     "loan_balance_amount": "75268.61"
+     "loan_balance_amount": "75260.22"
-     "interest_amount": "219.53",
+     "interest_amount": "219.51",
-     "principal_amount": "1127.60",
+     "principal_amount": "1127.62",
-     "total_principal_amount": "1127.60",
+     "total_principal_amount": "1127.62",
-     "loan_balance_amount": "74141.01"
+     "loan_balance_amount": "74132.60"
-     "interest_amount": "216.24",
+     "interest_amount": "216.22",
-     "principal_amount": "1130.89",
+     "principal_amount": "1130.91",
-     "total_principal_amount": "1130.89",
+     "total_principal_amount": "1130.91",
-     "loan_balance_amount": "73010.12"
+     "loan_balance_amount": "73001.69"
-     "interest_amount": "212.95",
+     "interest_amount": "212.92",
-     "principal_amount": "1134.18",
+     "principal_amount": "1134.21",
-     "total_principal_amount": "1134.18",
+     "total_principal_amount": "1134.21",
-     "loan_balance_amount": "71875.94"
+     "loan_balance_amount": "71867.48"
-     "interest_amount": "209.64",
+     "interest_amount": "195.64",
-     "principal_amount": "1137.49",
+     "principal_amount": "1151.49",
-     "total_principal_amount": "1137.49",
+     "total_principal_amount": "1151.49",
-     "loan_balance_amount": "70738.45"
+     "loan_balance_amount": "70715.99"
-     "interest_amount": "206.32",
+     "interest_amount": "220.01",
-     "principal_amount": "1140.81",
+     "principal_amount": "1127.12",
-     "total_principal_amount": "1140.81",
+     "total_principal_amount": "1127.12",
-     "loan_balance_amount": "69597.64"
+     "loan_balance_amount": "69588.87"
-     "interest_amount": "202.99",
+     "interest_amount": "202.97",
-     "principal_amount": "1144.14",
+     "principal_amount": "1144.16",
-     "total_principal_amount": "1144.14",
+     "total_principal_amount": "1144.16",
-     "loan_balance_amount": "68453.50"
+     "loan_balance_amount": "68444.71"
-     "interest_amount": "199.66",
+     "interest_amount": "199.63",
-     "principal_amount": "1147.47",
+     "principal_amount": "1147.50",
-     "total_principal_amount": "1147.47",
+     "total_principal_amount": "1147.50",
-     "loan_balance_amount": "67306.03"
+     "loan_balance_amount": "67297.21"
-     "interest_amount": "196.31",
+     "interest_amount": "196.28",
-     "principal_amount": "1150.82",
+     "principal_amount": "1150.85",
-     "total_principal_amount": "1150.82",
+     "total_principal_amount": "1150.85",
-     "loan_balance_amount": "66155.21"
+     "loan_balance_amount": "66146.36"
-     "interest_amount": "192.95",
+     "interest_amount": "192.93",
-     "principal_amount": "1154.18",
+     "principal_amount": "1154.20",
-     "total_principal_amount": "1154.18",
+     "total_principal_amount": "1154.20",
-     "loan_balance_amount": "65001.03"
+     "loan_balance_amount": "64992.16"
-     "interest_amount": "189.59",
+     "interest_amount": "189.56",
-     "principal_amount": "1157.54",
+     "principal_amount": "1157.57",
-     "total_principal_amount": "1157.54",
+     "total_principal_amount": "1157.57",
-     "loan_balance_amount": "63843.49"
+     "loan_balance_amount": "63834.59"
-     "interest_amount": "186.21",
+     "interest_amount": "186.18",
-     "principal_amount": "1160.92",
+     "principal_amount": "1160.95",
-     "total_principal_amount": "1160.92",
+     "total_principal_amount": "1160.95",
-     "loan_balance_amount": "62682.57"
+     "loan_balance_amount": "62673.64"
-     "interest_amount": "182.82",
+     "interest_amount": "182.80",
-     "principal_amount": "1164.31",
+     "principal_amount": "1164.33",
-     "total_principal_amount": "1164.31",
+     "total_principal_amount": "1164.33",
-     "loan_balance_amount": "61518.26"
+     "loan_balance_amount": "61509.31"
-     "interest_amount": "179.43",
+     "interest_amount": "179.40",
-     "principal_amount": "1167.70",
+     "principal_amount": "1167.73",
-     "total_principal_amount": "1167.70",
+     "total_principal_amount": "1167.73",
-     "loan_balance_amount": "60350.56"
+     "loan_balance_amount": "60341.58"
-     "interest_amount": "176.02",
+     "interest_amount": "176.00",
-     "principal_amount": "1171.11",
+     "principal_amount": "1171.13",
-     "total_principal_amount": "1171.11",
+     "total_principal_amount": "1171.13",
-     "loan_balance_amount": "59179.45"
+     "loan_balance_amount": "59170.45"
-     "interest_amount": "172.61",
+     "interest_amount": "172.58",
-     "principal_amount": "1174.52",
+     "principal_amount": "1174.55",
-     "total_principal_amount": "1174.52",
+     "total_principal_amount": "1174.55",
-     "loan_balance_amount": "58004.93"
+     "loan_balance_amount": "57995.90"
-     "interest_amount": "169.18",
+     "interest_amount": "157.88",
-     "principal_amount": "1177.95",
+     "principal_amount": "1189.25",
-     "total_principal_amount": "1177.95",
+     "total_principal_amount": "1189.25",
-     "loan_balance_amount": "56826.98"
+     "loan_balance_amount": "56806.65"
-     "interest_amount": "165.75",
+     "interest_amount": "176.73",
-     "principal_amount": "1181.38",
+     "principal_amount": "1170.40",
-     "total_principal_amount": "1181.38",
+     "total_principal_amount": "1170.40",
-     "loan_balance_amount": "55645.60"
+     "loan_balance_amount": "55636.25"
-     "interest_amount": "162.30",
+     "interest_amount": "162.27",
-     "principal_amount": "1184.83",
+     "principal_amount": "1184.86",
-     "total_principal_amount": "1184.83",
+     "total_principal_amount": "1184.86",
-     "loan_balance_amount": "54460.77"
+     "loan_balance_amount": "54451.39"
-     "interest_amount": "158.84",
+     "interest_amount": "158.82",
-     "principal_amount": "1188.29",
+     "principal_amount": "1188.31",
-     "total_principal_amount": "1188.29",
+     "total_principal_amount": "1188.31",
-     "loan_balance_amount": "53272.48"
+     "loan_balance_amount": "53263.08"
-     "interest_amount": "155.38",
+     "interest_amount": "155.35",
-     "principal_amount": "1191.75",
+     "principal_amount": "1191.78",
-     "total_principal_amount": "1191.75",
+     "total_principal_amount": "1191.78",
-     "loan_balance_amount": "52080.73"
+     "loan_balance_amount": "52071.30"
-     "interest_amount": "151.90",
+     "interest_amount": "151.87",
-     "principal_amount": "1195.23",
+     "principal_amount": "1195.26",
-     "total_principal_amount": "1195.23",
+     "total_principal_amount": "1195.26",
-     "loan_balance_amount": "50885.50"
+     "loan_balance_amount": "50876.04"
-     "interest_amount": "148.42",
+     "interest_amount": "148.39",
-     "principal_amount": "1198.71",
+     "principal_amount": "1198.74",
-     "total_principal_amount": "1198.71",
+     "total_principal_amount": "1198.74",
-     "loan_balance_amount": "49686.79"
+     "loan_balance_amount": "49677.30"
-     "interest_amount": "144.92",
+     "interest_amount": "144.89",
-     "principal_amount": "1202.21",
+     "principal_amount": "1202.24",
-     "total_principal_amount": "1202.21",
+     "total_principal_amount": "1202.24",
-     "loan_balance_amount": "48484.58"
+     "loan_balance_amount": "48475.06"
-     "interest_amount": "141.41",
+     "interest_amount": "141.39",
-     "principal_amount": "1205.72",
+     "principal_amount": "1205.74",
-     "total_principal_amount": "1205.72",
+     "total_principal_amount": "1205.74",
-     "loan_balance_amount": "47278.86"
+     "loan_balance_amount": "47269.32"
-     "interest_amount": "137.90",
+     "interest_amount": "137.87",
-     "principal_amount": "1209.23",
+     "principal_amount": "1209.26",
-     "total_principal_amount": "1209.23",
+     "total_principal_amount": "1209.26",
-     "loan_balance_amount": "46069.63"
+     "loan_balance_amount": "46060.06"
-     "interest_amount": "134.37",
+     "interest_amount": "134.34",
-     "principal_amount": "1212.76",
+     "principal_amount": "1212.79",
-     "total_principal_amount": "1212.76",
+     "total_principal_amount": "1212.79",
-     "loan_balance_amount": "44856.87"
+     "loan_balance_amount": "44847.27"
-     "interest_amount": "130.83",
+     "interest_amount": "130.80",
-     "principal_amount": "1216.30",
+     "principal_amount": "1216.33",
-     "total_principal_amount": "1216.30",
+     "total_principal_amount": "1216.33",
-     "loan_balance_amount": "43640.57"
+     "loan_balance_amount": "43630.94"
-     "interest_amount": "127.28",
+     "interest_amount": "118.77",
-     "principal_amount": "1219.85",
+     "principal_amount": "1228.36",
-     "total_principal_amount": "1219.85",
+     "total_principal_amount": "1228.36",
-     "loan_balance_amount": "42420.72"
+     "loan_balance_amount": "42402.58"
-     "interest_amount": "123.73",
+     "interest_amount": "131.92",
-     "principal_amount": "1223.40",
+     "principal_amount": "1215.21",
-     "total_principal_amount": "1223.40",
+     "total_principal_amount": "1215.21",
-     "loan_balance_amount": "41197.32"
+     "loan_balance_amount": "41187.37"
-     "interest_amount": "120.16",
+     "interest_amount": "120.13",
-     "principal_amount": "1226.97",
+     "principal_amount": "1227.00",
-     "total_principal_amount": "1226.97",
+     "total_principal_amount": "1227.00",
-     "loan_balance_amount": "39970.35"
+     "loan_balance_amount": "39960.37"
-     "interest_amount": "116.58",
+     "interest_amount": "116.55",
-     "principal_amount": "1230.55",
+     "principal_amount": "1230.58",
-     "total_principal_amount": "1230.55",
+     "total_principal_amount": "1230.58",
-     "loan_balance_amount": "38739.80"
+     "loan_balance_amount": "38729.79"
-     "interest_amount": "112.99",
+     "interest_amount": "112.96",
-     "principal_amount": "1234.14",
+     "principal_amount": "1234.17",
-     "total_principal_amount": "1234.14",
+     "total_principal_amount": "1234.17",
-     "loan_balance_amount": "37505.66"
+     "loan_balance_amount": "37495.62"
-     "interest_amount": "109.39",
+     "interest_amount": "109.36",
-     "principal_amount": "1237.74",
+     "principal_amount": "1237.77",
-     "total_principal_amount": "1237.74",
+     "total_principal_amount": "1237.77",
-     "loan_balance_amount": "36267.92"
+     "loan_balance_amount": "36257.85"
-     "interest_amount": "105.78",
+     "interest_amount": "105.75",
-     "principal_amount": "1241.35",
+     "principal_amount": "1241.38",
-     "total_principal_amount": "1241.35",
+     "total_principal_amount": "1241.38",
-     "loan_balance_amount": "35026.57"
+     "loan_balance_amount": "35016.47"
-     "interest_amount": "102.16",
+     "interest_amount": "102.13",
-     "principal_amount": "1244.97",
+     "principal_amount": "1245.00",
-     "total_principal_amount": "1244.97",
+     "total_principal_amount": "1245.00",
-     "loan_balance_amount": "33781.60"
+     "loan_balance_amount": "33771.47"
-     "interest_amount": "98.53",
+     "interest_amount": "98.50",
-     "principal_amount": "1248.60",
+     "principal_amount": "1248.63",
-     "total_principal_amount": "1248.60",
+     "total_principal_amount": "1248.63",
-     "loan_balance_amount": "32533.00"
+     "loan_balance_amount": "32522.84"
-     "interest_amount": "94.89",
+     "interest_amount": "94.86",
-     "principal_amount": "1252.24",
+     "principal_amount": "1252.27",
-     "total_principal_amount": "1252.24",
+     "total_principal_amount": "1252.27",
-     "loan_balance_amount": "31280.76"
+     "loan_balance_amount": "31270.57"
-     "interest_amount": "91.24",
+     "interest_amount": "91.21",
-     "principal_amount": "1255.89",
+     "principal_amount": "1255.92",
-     "total_principal_amount": "1255.89",
+     "total_principal_amount": "1255.92",
-     "loan_balance_amount": "30024.87"
+     "loan_balance_amount": "30014.65"
-     "interest_amount": "87.57",
+     "interest_amount": "87.54",
-     "principal_amount": "1259.56",
+     "principal_amount": "1259.59",
-     "total_principal_amount": "1259.56",
+     "total_principal_amount": "1259.59",
-     "loan_balance_amount": "28765.31"
+     "loan_balance_amount": "28755.06"
-     "interest_amount": "83.90",
+     "interest_amount": "81.07",
-     "principal_amount": "1263.23",
+     "principal_amount": "1266.06",
-     "total_principal_amount": "1263.23",
+     "total_principal_amount": "1266.06",
-     "loan_balance_amount": "27502.08"
+     "loan_balance_amount": "27489.00"
-     "interest_amount": "80.21",
+     "interest_amount": "82.85",
-     "principal_amount": "1266.92",
+     "principal_amount": "1264.28",
-     "total_principal_amount": "1266.92",
+     "total_principal_amount": "1264.28",
-     "loan_balance_amount": "26235.16"
+     "loan_balance_amount": "26224.72"
-     "interest_amount": "76.52",
+     "interest_amount": "76.49",
-     "principal_amount": "1270.61",
+     "principal_amount": "1270.64",
-     "total_principal_amount": "1270.61",
+     "total_principal_amount": "1270.64",
-     "loan_balance_amount": "24964.55"
+     "loan_balance_amount": "24954.08"
-     "interest_amount": "72.81",
+     "interest_amount": "72.78",
-     "principal_amount": "1274.32",
+     "principal_amount": "1274.35",
-     "total_principal_amount": "1274.32",
+     "total_principal_amount": "1274.35",
-     "loan_balance_amount": "23690.23"
+     "loan_balance_amount": "23679.73"
-     "interest_amount": "69.10",
+     "interest_amount": "69.07",
-     "principal_amount": "1278.03",
+     "principal_amount": "1278.06",
-     "total_principal_amount": "1278.03",
+     "total_principal_amount": "1278.06",
-     "loan_balance_amount": "22412.20"
+     "loan_balance_amount": "22401.67"
-     "interest_amount": "65.37",
+     "interest_amount": "65.34",
-     "principal_amount": "1281.76",
+     "principal_amount": "1281.79",
-     "total_principal_amount": "1281.76",
+     "total_principal_amount": "1281.79",
-     "loan_balance_amount": "21130.44"
+     "loan_balance_amount": "21119.88"
-     "interest_amount": "61.63",
+     "interest_amount": "61.60",
-     "principal_amount": "1285.50",
+     "principal_amount": "1285.53",
-     "total_principal_amount": "1285.50",
+     "total_principal_amount": "1285.53",
-     "loan_balance_amount": "19844.94"
+     "loan_balance_amount": "19834.35"
-     "interest_amount": "57.88",
+     "interest_amount": "57.85",
-     "principal_amount": "1289.25",
+     "principal_amount": "1289.28",
-     "total_principal_amount": "1289.25",
+     "total_principal_amount": "1289.28",
-     "loan_balance_amount": "18555.69"
+     "loan_balance_amount": "18545.07"
-     "interest_amount": "54.12",
+     "interest_amount": "54.09",
-     "principal_amount": "1293.01",
+     "principal_amount": "1293.04",
-     "total_principal_amount": "1293.01",
+     "total_principal_amount": "1293.04",
-     "loan_balance_amount": "17262.68"
+     "loan_balance_amount": "17252.03"
-     "interest_amount": "50.35",
+     "interest_amount": "50.32",
-     "principal_amount": "1296.78",
+     "principal_amount": "1296.81",
-     "total_principal_amount": "1296.78",
+     "total_principal_amount": "1296.81",
-     "loan_balance_amount": "15965.90"
+     "loan_balance_amount": "15955.22"
-     "interest_amount": "46.57",
+     "interest_amount": "46.54",
-     "principal_amount": "1300.56",
+     "principal_amount": "1300.59",
-     "total_principal_amount": "1300.56",
+     "total_principal_amount": "1300.59",
-     "loan_balance_amount": "14665.34"
+     "loan_balance_amount": "14654.63"
-     "interest_amount": "42.77",
+     "interest_amount": "42.74",
-     "principal_amount": "1304.36",
+     "principal_amount": "1304.39",
-     "total_principal_amount": "1304.36",
+     "total_principal_amount": "1304.39",
-     "loan_balance_amount": "13360.98"
+     "loan_balance_amount": "13350.24"
-     "interest_amount": "38.97",
+     "interest_amount": "36.34",
-     "principal_amount": "1308.16",
+     "principal_amount": "1310.79",
-     "total_principal_amount": "1308.16",
+     "total_principal_amount": "1310.79",
-     "loan_balance_amount": "12052.82"
+     "loan_balance_amount": "12039.45"
-     "interest_amount": "35.15",
+     "interest_amount": "37.46",
-     "principal_amount": "1311.98",
+     "principal_amount": "1309.67",
-     "total_principal_amount": "1311.98",
+     "total_principal_amount": "1309.67",
-     "loan_balance_amount": "10740.84"
+     "loan_balance_amount": "10729.78"
-     "interest_amount": "31.33",
+     "interest_amount": "31.30",
-     "principal_amount": "1315.80",
+     "principal_amount": "1315.83",
-     "total_principal_amount": "1315.80",
+     "total_principal_amount": "1315.83",
-     "loan_balance_amount": "9425.04"
+     "loan_balance_amount": "9413.95"
-     "interest_amount": "27.49",
+     "interest_amount": "27.46",
-     "principal_amount": "1319.64",
+     "principal_amount": "1319.67",
-     "total_principal_amount": "1319.64",
+     "total_principal_amount": "1319.67",
-     "loan_balance_amount": "8105.40"
+     "loan_balance_amount": "8094.28"
-     "interest_amount": "23.64",
+     "interest_amount": "23.61",
-     "principal_amount": "1323.49",
+     "principal_amount": "1323.52",
-     "total_principal_amount": "1323.49",
+     "total_principal_amount": "1323.52",
-     "loan_balance_amount": "6781.91"
+     "loan_balance_amount": "6770.76"
-     "interest_amount": "19.78",
+     "interest_amount": "19.75",
-     "principal_amount": "1327.35",
+     "principal_amount": "1327.38",
-     "total_principal_amount": "1327.35",
+     "total_principal_amount": "1327.38",
-     "loan_balance_amount": "5454.56"
+     "loan_balance_amount": "5443.38"
-     "interest_amount": "15.91",
+     "interest_amount": "15.88",
-     "principal_amount": "1331.22",
+     "principal_amount": "1331.25",
-     "total_principal_amount": "1331.22",
+     "total_principal_amount": "1331.25",
-     "loan_balance_amount": "4123.34"
+     "loan_balance_amount": "4112.13"
-     "interest_amount": "12.03",
+     "interest_amount": "11.99",
-     "principal_amount": "1335.10",
+     "principal_amount": "1335.14",
-     "total_principal_amount": "1335.10",
+     "total_principal_amount": "1335.14",
-     "loan_balance_amount": "2788.24"
+     "loan_balance_amount": "2776.99"
-     "interest_amount": "8.13",
+     "interest_amount": "8.10",
-     "principal_amount": "1339.00",
+     "principal_amount": "1339.03",
-     "total_principal_amount": "1339.00",
+     "total_principal_amount": "1339.03",
-     "loan_balance_amount": "1449.24"
+     "loan_balance_amount": "1437.96"
-     "interest_amount": "4.23",
+     "interest_amount": "4.19",
-     "principal_amount": "1342.90",
+     "principal_amount": "1342.94",
-     "total_principal_amount": "1342.90",
+     "total_principal_amount": "1342.94",
-     "loan_balance_amount": "106.34"
+     "loan_balance_amount": "95.02"
-     "payment_amount": "106.65",
+     "payment_amount": "95.30",
-     "interest_amount": "0.31",
+     "interest_amount": "0.28",
-     "principal_amount": "106.34",
+     "principal_amount": "95.02",
-     "total_principal_amount": "106.34",
+     "total_principal_amount": "95.02",


======================================================================
FAIL: test_30e_360_isda_feb_march_logic (test_pyloan.TestLoan.test_30e_360_isda_feb_march_logic)
Tests that the 30E/360 ISDA logic correctly calculates interest
----------------------------------------------------------------------
Traceback (most recent call last):
  File "<WORKSPACE>/source/tests/test_pyloan.py", line 151, in test_30e_360_isda_feb_march_logic
    self.assertAlmostEqual(first_payment.interest_amount, Decimal('100.00'), places=2)
AssertionError: Decimal('106.67') != Decimal('100.00') within 2 places (Decimal('6.67') difference)

----------------------------------------------------------------------
Ran 16 tests in 0.238s

FAILED (failures=3)
