FAIL vjp_second got=0.0200785 expected=0.0200786
FAIL jvp_second got=0.00669283 expected=0.00669285
FAIL vjp_second got=0.000136256 expected=0.000136194
FAIL jvp_second got=4.54187e-05 expected=4.53979e-05
FAIL vjp_second got=0 expected=6.18346e-09
FAIL jvp_second got=0 expected=2.06115e-09
FAIL vjp_second got=0 expected=1.27451e-17
FAIL jvp_second got=0 expected=4.24835e-18
FAIL vjp_second got=0 expected=5.41455e-35
FAIL jvp_second got=0 expected=1.80485e-35
FAIL vjp_second got=0.0200785 expected=0.0200786
FAIL jvp_second got=0.00669283 expected=0.00669285
FAIL vjp_second got=0.000136256 expected=0.000136194
FAIL jvp_second got=4.54187e-05 expected=4.53979e-05
FAIL vjp_second got=0 expected=6.18346e-09
FAIL jvp_second got=0 expected=2.06115e-09
FAIL vjp_second got=0 expected=1.27451e-17
FAIL jvp_second got=0 expected=4.24835e-18
FAIL vjp_second got=0 expected=5.41455e-35
FAIL jvp_second got=0 expected=1.80485e-35
FAIL vjp_second got=0.0200785 expected=0.0200786
FAIL jvp_second got=0.00669283 expected=0.00669285
FAIL vjp_second got=0.000136256 expected=0.000136194
FAIL jvp_second got=4.54187e-05 expected=4.53979e-05
FAIL vjp_second got=0 expected=6.18346e-09
FAIL jvp_second got=0 expected=2.06115e-09
FAIL vjp_second got=0 expected=1.27451e-17
FAIL jvp_second got=0 expected=4.24835e-18
FAIL vjp_second got=0 expected=5.41455e-35
FAIL jvp_second got=0 expected=1.80485e-35
FAIL vjp_second got=0.0205078 expected=0.0200786
FAIL jvp_second got=0.00683594 expected=0.00669285
FAIL vjp_second got=0.00146484 expected=0.00100605
FAIL jvp_second got=0.000488281 expected=0.00033535
FAIL vjp_second got=0.0205078 expected=0.0200786
FAIL jvp_second got=0.00683594 expected=0.00669285
FAIL vjp_second got=0.00146484 expected=0.00100605
FAIL jvp_second got=0.000488281 expected=0.00033535
FAIL vjp_second got=0.0205078 expected=0.0200786
FAIL jvp_second got=0.00683594 expected=0.00669285
FAIL vjp_second got=0.00146484 expected=0.00100605
FAIL jvp_second got=0.000488281 expected=0.00033535
FAIL vjp_second got=0.0234375 expected=0.0200786
FAIL jvp_second got=0.0078125 expected=0.00669285
FAIL vjp_second got=0 expected=0.000136194
FAIL jvp_second got=0 expected=4.53979e-05
FAIL vjp_second got=0 expected=6.18346e-09
FAIL jvp_second got=0 expected=2.06115e-09
FAIL vjp_second got=0 expected=1.27451e-17
FAIL jvp_second got=0 expected=4.24835e-18
FAIL vjp_second got=0 expected=5.41455e-35
FAIL jvp_second got=0 expected=1.80485e-35
FAIL vjp_second got=0.0234375 expected=0.0200786
FAIL jvp_second got=0.0078125 expected=0.00669285
FAIL vjp_second got=0 expected=0.000136194
FAIL jvp_second got=0 expected=4.53979e-05
FAIL vjp_second got=0 expected=6.18346e-09
FAIL jvp_second got=0 expected=2.06115e-09
FAIL vjp_second got=0 expected=1.27451e-17
FAIL jvp_second got=0 expected=4.24835e-18
FAIL vjp_second got=0 expected=5.41455e-35
FAIL jvp_second got=0 expected=1.80485e-35
FAIL vjp_second got=0.0234375 expected=0.0200786
FAIL jvp_second got=0.0078125 expected=0.00669285
FAIL vjp_second got=0 expected=0.000136194
FAIL jvp_second got=0 expected=4.53979e-05
FAIL vjp_second got=0 expected=6.18346e-09
FAIL jvp_second got=0 expected=2.06115e-09
FAIL vjp_second got=0 expected=1.27451e-17
FAIL jvp_second got=0 expected=4.24835e-18
FAIL vjp_second got=0 expected=5.41455e-35
FAIL jvp_second got=0 expected=1.80485e-35
CPU: 438 checks, 72 failures
