Running main() from ../subprojects/googletest/googletest/src/gtest_main.cc
Note: Google Test filter = SigmoidLossStability.*:CrossEntropyStability.*:LossCross/*
[==========] Running 77 tests from 3 test suites.
[----------] Global test environment set-up.
[----------] 6 tests from CrossEntropyStability
[ RUN      ] CrossEntropyStability.FiniteLogitsPreserveLargeLoss
[       OK ] CrossEntropyStability.FiniteLogitsPreserveLargeLoss (1 ms)
[ RUN      ] CrossEntropyStability.ForwardAndBackwardAgree
[       OK ] CrossEntropyStability.ForwardAndBackwardAgree (0 ms)
[ RUN      ] CrossEntropyStability.SoftTargetsPreserveLargeLoss
[       OK ] CrossEntropyStability.SoftTargetsPreserveLargeLoss (0 ms)
[ RUN      ] CrossEntropyStability.BatchMeanAndLastAxisReduction
[       OK ] CrossEntropyStability.BatchMeanAndLastAxisReduction (0 ms)
[ RUN      ] CrossEntropyStability.CommonLogitOffsetDoesNotChangeLoss
[       OK ] CrossEntropyStability.CommonLogitOffsetDoesNotChangeLoss (0 ms)
[ RUN      ] CrossEntropyStability.InPlaceForwardUsesOriginalLogits
[       OK ] CrossEntropyStability.InPlaceForwardUsesOriginalLogits (0 ms)
[----------] 6 tests from CrossEntropyStability (1 ms total)

[----------] 5 tests from SigmoidLossStability
[ RUN      ] SigmoidLossStability.SmallPositiveLossSurvives
../test/unittest/layers/unittest_layers_loss.cpp:169: Failure
The difference between result.loss and expected is 5.0790143459045201e-08, which exceeds expected * 3e-6, where
result.loss evaluates to 0.0067152976989746094,
expected evaluates to 0.0067153484891180684, and
expected * 3e-6 evaluates to 2.0146045467354206e-08.
Google Test trace:
../test/unittest/layers/unittest_layers_loss.cpp:164: 5

../test/unittest/layers/unittest_layers_loss.cpp:169: Failure
The difference between result.loss and expected is 1.8806916001795528e-08, which exceeds expected * 3e-6, where
result.loss evaluates to 4.5417706132866442e-05,
expected evaluates to 4.5398899216864647e-05, and
expected * 3e-6 evaluates to 1.3619669765059395e-10.
Google Test trace:
../test/unittest/layers/unittest_layers_loss.cpp:164: 10

../test/unittest/layers/unittest_layers_loss.cpp:169: Failure
The difference between result.loss and expected is 3.7746797063535332e-07, which exceeds expected * 3e-6, where
result.loss evaluates to 4.57763671875e-05,
expected evaluates to 4.5398899216864647e-05, and
expected * 3e-6 evaluates to 1.3619669765059395e-10.
Google Test trace:
../test/unittest/layers/unittest_layers_loss.cpp:164: 10

../test/unittest/layers/unittest_layers_loss.cpp:169: Failure
The difference between result.loss and expected is 2.0611536203143808e-09, which exceeds expected * 3e-6, where
result.loss evaluates to 0,
expected evaluates to 2.0611536203143808e-09, and
expected * 3e-6 evaluates to 6.1834608609431427e-15.
Google Test trace:
../test/unittest/layers/unittest_layers_loss.cpp:164: 20

../test/unittest/layers/unittest_layers_loss.cpp:169: Failure
The difference between result.loss and expected is 2.0611536203143808e-09, which exceeds expected * 3e-6, where
result.loss evaluates to 0,
expected evaluates to 2.0611536203143808e-09, and
expected * 3e-6 evaluates to 6.1834608609431427e-15.
Google Test trace:
../test/unittest/layers/unittest_layers_loss.cpp:164: 20

../test/unittest/layers/unittest_layers_loss.cpp:169: Failure
The difference between result.loss and expected is 4.2483542552915889e-18, which exceeds expected * 3e-6, where
result.loss evaluates to 0,
expected evaluates to 4.2483542552915889e-18, and
expected * 3e-6 evaluates to 1.2745062765874768e-23.
Google Test trace:
../test/unittest/layers/unittest_layers_loss.cpp:164: 40

../test/unittest/layers/unittest_layers_loss.cpp:169: Failure
The difference between result.loss and expected is 4.2483542552915889e-18, which exceeds expected * 3e-6, where
result.loss evaluates to 0,
expected evaluates to 4.2483542552915889e-18, and
expected * 3e-6 evaluates to 1.2745062765874768e-23.
Google Test trace:
../test/unittest/layers/unittest_layers_loss.cpp:164: 40

../test/unittest/layers/unittest_layers_loss.cpp:169: Failure
The difference between result.loss and expected is 1.8048513878454153e-35, which exceeds expected * 3e-6, where
result.loss evaluates to 0,
expected evaluates to 1.8048513878454153e-35, and
expected * 3e-6 evaluates to 5.414554163536246e-41.
Google Test trace:
../test/unittest/layers/unittest_layers_loss.cpp:164: 80

../test/unittest/layers/unittest_layers_loss.cpp:169: Failure
The difference between result.loss and expected is 1.8048513878454153e-35, which exceeds expected * 3e-6, where
result.loss evaluates to 0,
expected evaluates to 1.8048513878454153e-35, and
expected * 3e-6 evaluates to 5.414554163536246e-41.
Google Test trace:
../test/unittest/layers/unittest_layers_loss.cpp:164: 80

[  FAILED  ] SigmoidLossStability.SmallPositiveLossSurvives (0 ms)
[ RUN      ] SigmoidLossStability.SmallGradientSurvives
../test/unittest/layers/unittest_layers_loss.cpp:180: Failure
The difference between positive.derivative[0] and -expected is 2.4176390568328432e-08, which exceeds expected * 3e-6, where
positive.derivative[0] evaluates to -0.0066928267478942871,
-expected evaluates to -0.0066928509242848554, and
expected * 3e-6 evaluates to 2.0078552772854566e-08.
Google Test trace:
../test/unittest/layers/unittest_layers_loss.cpp:176: 5

../test/unittest/layers/unittest_layers_loss.cpp:180: Failure
The difference between positive.derivative[0] and -expected is 2.0870616413261669e-08, which exceeds expected * 3e-6, where
positive.derivative[0] evaluates to -4.5418739318847656e-05,
-expected evaluates to -4.5397868702434395e-05, and
expected * 3e-6 evaluates to 1.3619360610730319e-10.
Google Test trace:
../test/unittest/layers/unittest_layers_loss.cpp:176: 10

../test/unittest/layers/unittest_layers_loss.cpp:180: Failure
The difference between positive.derivative[0] and -expected is 2.0611536181902037e-09, which exceeds expected * 3e-6, where
positive.derivative[0] evaluates to 0,
-expected evaluates to -2.0611536181902037e-09, and
expected * 3e-6 evaluates to 6.1834608545706115e-15.
Google Test trace:
../test/unittest/layers/unittest_layers_loss.cpp:176: 20

../test/unittest/layers/unittest_layers_loss.cpp:180: Failure
The difference between positive.derivative[0] and -expected is 4.2483542552915889e-18, which exceeds expected * 3e-6, where
positive.derivative[0] evaluates to 0,
-expected evaluates to -4.2483542552915889e-18, and
expected * 3e-6 evaluates to 1.2745062765874768e-23.
Google Test trace:
../test/unittest/layers/unittest_layers_loss.cpp:176: 40

../test/unittest/layers/unittest_layers_loss.cpp:180: Failure
The difference between positive.derivative[0] and -expected is 1.8048513878454153e-35, which exceeds expected * 3e-6, where
positive.derivative[0] evaluates to 0,
-expected evaluates to -1.8048513878454153e-35, and
expected * 3e-6 evaluates to 5.414554163536246e-41.
Google Test trace:
../test/unittest/layers/unittest_layers_loss.cpp:176: 80

[  FAILED  ] SigmoidLossStability.SmallGradientSurvives (0 ms)
[ RUN      ] SigmoidLossStability.BatchShapePreservesMean
[       OK ] SigmoidLossStability.BatchShapePreservesMean (0 ms)
[ RUN      ] SigmoidLossStability.SoftLabelsAndWrongClasses
../test/unittest/layers/unittest_layers_loss.cpp:202: Failure
The difference between result.loss and expected is 1.8048513878454153e-35, which exceeds expected * 3e-6, where
result.loss evaluates to 0,
expected evaluates to 1.8048513878454153e-35, and
expected * 3e-6 evaluates to 5.414554163536246e-41.

../test/unittest/layers/unittest_layers_loss.cpp:202: Failure
The difference between result.loss and expected is 5.0790143459045201e-08, which exceeds expected * 3e-6, where
result.loss evaluates to 0.0067152976989746094,
expected evaluates to 0.0067153484891180684, and
expected * 3e-6 evaluates to 2.0146045467354206e-08.

../test/unittest/layers/unittest_layers_loss.cpp:202: Failure
The difference between result.loss and expected is 1.8048513878454153e-35, which exceeds expected * 3e-6, where
result.loss evaluates to 0,
expected evaluates to 1.8048513878454153e-35, and
expected * 3e-6 evaluates to 5.414554163536246e-41.

[  FAILED  ] SigmoidLossStability.SoftLabelsAndWrongClasses (0 ms)
[ RUN      ] SigmoidLossStability.GradientAgreesWithFiniteDifference
../test/unittest/layers/unittest_layers_loss.cpp:216: Failure
The difference between finite_difference and expected is 2.0611536181902037e-09, which exceeds std::abs(expected) * 1e-3, where
finite_difference evaluates to 0,
expected evaluates to -2.0611536181902037e-09, and
std::abs(expected) * 1e-3 evaluates to 2.0611536181902037e-12.

[  FAILED  ] SigmoidLossStability.GradientAgreesWithFiniteDifference (0 ms)
[----------] 5 tests from SigmoidLossStability (1 ms total)

[----------] 66 tests from LossCross/LayerSemantics
[ RUN      ] LossCross/LayerSemantics.createFromAppContext_pn/0
[       OK ] LossCross/LayerSemantics.createFromAppContext_pn/0 (11 ms)
[ RUN      ] LossCross/LayerSemantics.createFromAppContext_pn/1
[       OK ] LossCross/LayerSemantics.createFromAppContext_pn/1 (0 ms)
[ RUN      ] LossCross/LayerSemantics.createFromAppContext_pn/2
[       OK ] LossCross/LayerSemantics.createFromAppContext_pn/2 (0 ms)
[ RUN      ] LossCross/LayerSemantics.createFromAppContext_pn/3
[       OK ] LossCross/LayerSemantics.createFromAppContext_pn/3 (0 ms)
[ RUN      ] LossCross/LayerSemantics.createFromAppContext_pn/4
[       OK ] LossCross/LayerSemantics.createFromAppContext_pn/4 (0 ms)
[ RUN      ] LossCross/LayerSemantics.createFromAppContext_pn/5
[       OK ] LossCross/LayerSemantics.createFromAppContext_pn/5 (0 ms)
[ RUN      ] LossCross/LayerSemantics.setPropertiesInvalid_01_n/0
[       OK ] LossCross/LayerSemantics.setPropertiesInvalid_01_n/0 (0 ms)
[ RUN      ] LossCross/LayerSemantics.setPropertiesInvalid_01_n/1
[       OK ] LossCross/LayerSemantics.setPropertiesInvalid_01_n/1 (0 ms)
[ RUN      ] LossCross/LayerSemantics.setPropertiesInvalid_01_n/2
[       OK ] LossCross/LayerSemantics.setPropertiesInvalid_01_n/2 (0 ms)
[ RUN      ] LossCross/LayerSemantics.setPropertiesInvalid_01_n/3
[       OK ] LossCross/LayerSemantics.setPropertiesInvalid_01_n/3 (0 ms)
[ RUN      ] LossCross/LayerSemantics.setPropertiesInvalid_01_n/4
[       OK ] LossCross/LayerSemantics.setPropertiesInvalid_01_n/4 (0 ms)
[ RUN      ] LossCross/LayerSemantics.setPropertiesInvalid_01_n/5
[       OK ] LossCross/LayerSemantics.setPropertiesInvalid_01_n/5 (0 ms)
[ RUN      ] LossCross/LayerSemantics.setPropertiesInvalid_02_n/0
[       OK ] LossCross/LayerSemantics.setPropertiesInvalid_02_n/0 (0 ms)
[ RUN      ] LossCross/LayerSemantics.setPropertiesInvalid_02_n/1
[       OK ] LossCross/LayerSemantics.setPropertiesInvalid_02_n/1 (0 ms)
[ RUN      ] LossCross/LayerSemantics.setPropertiesInvalid_02_n/2
[       OK ] LossCross/LayerSemantics.setPropertiesInvalid_02_n/2 (0 ms)
[ RUN      ] LossCross/LayerSemantics.setPropertiesInvalid_02_n/3
[       OK ] LossCross/LayerSemantics.setPropertiesInvalid_02_n/3 (0 ms)
[ RUN      ] LossCross/LayerSemantics.setPropertiesInvalid_02_n/4
[       OK ] LossCross/LayerSemantics.setPropertiesInvalid_02_n/4 (0 ms)
[ RUN      ] LossCross/LayerSemantics.setPropertiesInvalid_02_n/5
[       OK ] LossCross/LayerSemantics.setPropertiesInvalid_02_n/5 (0 ms)
[ RUN      ] LossCross/LayerSemantics.finalizeValidateLayerNode_p/0
[       OK ] LossCross/LayerSemantics.finalizeValidateLayerNode_p/0 (0 ms)
[ RUN      ] LossCross/LayerSemantics.finalizeValidateLayerNode_p/1
[       OK ] LossCross/LayerSemantics.finalizeValidateLayerNode_p/1 (0 ms)
[ RUN      ] LossCross/LayerSemantics.finalizeValidateLayerNode_p/2
[       OK ] LossCross/LayerSemantics.finalizeValidateLayerNode_p/2 (0 ms)
[ RUN      ] LossCross/LayerSemantics.finalizeValidateLayerNode_p/3
[       OK ] LossCross/LayerSemantics.finalizeValidateLayerNode_p/3 (0 ms)
[ RUN      ] LossCross/LayerSemantics.finalizeValidateLayerNode_p/4
[       OK ] LossCross/LayerSemantics.finalizeValidateLayerNode_p/4 (0 ms)
[ RUN      ] LossCross/LayerSemantics.finalizeValidateLayerNode_p/5
[       OK ] LossCross/LayerSemantics.finalizeValidateLayerNode_p/5 (0 ms)
[ RUN      ] LossCross/LayerSemantics.getTypeValidateLayerNode_p/0
[       OK ] LossCross/LayerSemantics.getTypeValidateLayerNode_p/0 (0 ms)
[ RUN      ] LossCross/LayerSemantics.getTypeValidateLayerNode_p/1
[       OK ] LossCross/LayerSemantics.getTypeValidateLayerNode_p/1 (0 ms)
[ RUN      ] LossCross/LayerSemantics.getTypeValidateLayerNode_p/2
[       OK ] LossCross/LayerSemantics.getTypeValidateLayerNode_p/2 (0 ms)
[ RUN      ] LossCross/LayerSemantics.getTypeValidateLayerNode_p/3
[       OK ] LossCross/LayerSemantics.getTypeValidateLayerNode_p/3 (0 ms)
[ RUN      ] LossCross/LayerSemantics.getTypeValidateLayerNode_p/4
[       OK ] LossCross/LayerSemantics.getTypeValidateLayerNode_p/4 (0 ms)
[ RUN      ] LossCross/LayerSemantics.getTypeValidateLayerNode_p/5
[       OK ] LossCross/LayerSemantics.getTypeValidateLayerNode_p/5 (0 ms)
[ RUN      ] LossCross/LayerSemantics.gettersValidateLayerNode_p/0
[       OK ] LossCross/LayerSemantics.gettersValidateLayerNode_p/0 (0 ms)
[ RUN      ] LossCross/LayerSemantics.gettersValidateLayerNode_p/1
[       OK ] LossCross/LayerSemantics.gettersValidateLayerNode_p/1 (0 ms)
[ RUN      ] LossCross/LayerSemantics.gettersValidateLayerNode_p/2
[       OK ] LossCross/LayerSemantics.gettersValidateLayerNode_p/2 (0 ms)
[ RUN      ] LossCross/LayerSemantics.gettersValidateLayerNode_p/3
[       OK ] LossCross/LayerSemantics.gettersValidateLayerNode_p/3 (0 ms)
[ RUN      ] LossCross/LayerSemantics.gettersValidateLayerNode_p/4
[       OK ] LossCross/LayerSemantics.gettersValidateLayerNode_p/4 (0 ms)
[ RUN      ] LossCross/LayerSemantics.gettersValidateLayerNode_p/5
[       OK ] LossCross/LayerSemantics.gettersValidateLayerNode_p/5 (0 ms)
[ RUN      ] LossCross/LayerSemantics.setBatchValidateLayerNode_p/0
[       OK ] LossCross/LayerSemantics.setBatchValidateLayerNode_p/0 (0 ms)
[ RUN      ] LossCross/LayerSemantics.setBatchValidateLayerNode_p/1
[       OK ] LossCross/LayerSemantics.setBatchValidateLayerNode_p/1 (0 ms)
[ RUN      ] LossCross/LayerSemantics.setBatchValidateLayerNode_p/2
[       OK ] LossCross/LayerSemantics.setBatchValidateLayerNode_p/2 (0 ms)
[ RUN      ] LossCross/LayerSemantics.setBatchValidateLayerNode_p/3
[       OK ] LossCross/LayerSemantics.setBatchValidateLayerNode_p/3 (0 ms)
[ RUN      ] LossCross/LayerSemantics.setBatchValidateLayerNode_p/4
[       OK ] LossCross/LayerSemantics.setBatchValidateLayerNode_p/4 (0 ms)
[ RUN      ] LossCross/LayerSemantics.setBatchValidateLayerNode_p/5
[       OK ] LossCross/LayerSemantics.setBatchValidateLayerNode_p/5 (0 ms)
[ RUN      ] LossCross/LayerSemantics.setProperties_n/0
[       OK ] LossCross/LayerSemantics.setProperties_n/0 (0 ms)
[ RUN      ] LossCross/LayerSemantics.setProperties_n/1
[       OK ] LossCross/LayerSemantics.setProperties_n/1 (0 ms)
[ RUN      ] LossCross/LayerSemantics.setProperties_n/2
[       OK ] LossCross/LayerSemantics.setProperties_n/2 (0 ms)
[ RUN      ] LossCross/LayerSemantics.setProperties_n/3
[       OK ] LossCross/LayerSemantics.setProperties_n/3 (0 ms)
[ RUN      ] LossCross/LayerSemantics.setProperties_n/4
[       OK ] LossCross/LayerSemantics.setProperties_n/4 (0 ms)
[ RUN      ] LossCross/LayerSemantics.setProperties_n/5
[       OK ] LossCross/LayerSemantics.setProperties_n/5 (0 ms)
[ RUN      ] LossCross/LayerSemantics.gettersValidate_p/0
[       OK ] LossCross/LayerSemantics.gettersValidate_p/0 (0 ms)
[ RUN      ] LossCross/LayerSemantics.gettersValidate_p/1
[       OK ] LossCross/LayerSemantics.gettersValidate_p/1 (0 ms)
[ RUN      ] LossCross/LayerSemantics.gettersValidate_p/2
[       OK ] LossCross/LayerSemantics.gettersValidate_p/2 (0 ms)
[ RUN      ] LossCross/LayerSemantics.gettersValidate_p/3
[       OK ] LossCross/LayerSemantics.gettersValidate_p/3 (0 ms)
[ RUN      ] LossCross/LayerSemantics.gettersValidate_p/4
[       OK ] LossCross/LayerSemantics.gettersValidate_p/4 (0 ms)
[ RUN      ] LossCross/LayerSemantics.gettersValidate_p/5
[       OK ] LossCross/LayerSemantics.gettersValidate_p/5 (0 ms)
[ RUN      ] LossCross/LayerSemantics.finalizeValidate_p/0
[       OK ] LossCross/LayerSemantics.finalizeValidate_p/0 (0 ms)
[ RUN      ] LossCross/LayerSemantics.finalizeValidate_p/1
[       OK ] LossCross/LayerSemantics.finalizeValidate_p/1 (0 ms)
[ RUN      ] LossCross/LayerSemantics.finalizeValidate_p/2
[       OK ] LossCross/LayerSemantics.finalizeValidate_p/2 (0 ms)
[ RUN      ] LossCross/LayerSemantics.finalizeValidate_p/3
[       OK ] LossCross/LayerSemantics.finalizeValidate_p/3 (0 ms)
[ RUN      ] LossCross/LayerSemantics.finalizeValidate_p/4
[       OK ] LossCross/LayerSemantics.finalizeValidate_p/4 (0 ms)
[ RUN      ] LossCross/LayerSemantics.finalizeValidate_p/5
[       OK ] LossCross/LayerSemantics.finalizeValidate_p/5 (0 ms)
[ RUN      ] LossCross/LayerSemantics.setBatchValidate_p/0
[       OK ] LossCross/LayerSemantics.setBatchValidate_p/0 (0 ms)
[ RUN      ] LossCross/LayerSemantics.setBatchValidate_p/1
[       OK ] LossCross/LayerSemantics.setBatchValidate_p/1 (0 ms)
[ RUN      ] LossCross/LayerSemantics.setBatchValidate_p/2
[       OK ] LossCross/LayerSemantics.setBatchValidate_p/2 (0 ms)
[ RUN      ] LossCross/LayerSemantics.setBatchValidate_p/3
[       OK ] LossCross/LayerSemantics.setBatchValidate_p/3 (0 ms)
[ RUN      ] LossCross/LayerSemantics.setBatchValidate_p/4
[       OK ] LossCross/LayerSemantics.setBatchValidate_p/4 (0 ms)
[ RUN      ] LossCross/LayerSemantics.setBatchValidate_p/5
[       OK ] LossCross/LayerSemantics.setBatchValidate_p/5 (0 ms)
[----------] 66 tests from LossCross/LayerSemantics (13 ms total)

[----------] Global test environment tear-down
[==========] 77 tests from 3 test suites ran. (17 ms total)
[  PASSED  ] 73 tests.
[  FAILED  ] 4 tests, listed below:
[  FAILED  ] SigmoidLossStability.SmallPositiveLossSurvives
[  FAILED  ] SigmoidLossStability.SmallGradientSurvives
[  FAILED  ] SigmoidLossStability.SoftLabelsAndWrongClasses
[  FAILED  ] SigmoidLossStability.GradientAgreesWithFiniteDifference

 4 FAILED TESTS
