Running main() from ../subprojects/googletest/googletest/src/gtest_main.cc
Note: Google Test filter = LayerNormNumericalAudit.OrdinaryNonuniformGamma:LayerNormNumericalAudit.InputGradientMatchesActualForwardFiniteDifference:LayerNormNumericalAudit.ZeroGammaMakesInputGradientZero:LayerNormNumericalAudit.ConstantGammaScalesInputGradient
[==========] Running 4 tests from 1 test suite.
[----------] Global test environment set-up.
[----------] 4 tests from LayerNormNumericalAudit
[ RUN      ] LayerNormNumericalAudit.OrdinaryNonuniformGamma
AUDIT_DX 0.6260718107 -0.5366623998 -0.8049730062 0.7155635953
[       OK ] LayerNormNumericalAudit.OrdinaryNonuniformGamma (0 ms)
[ RUN      ] LayerNormNumericalAudit.InputGradientMatchesActualForwardFiniteDifference
AUDIT_FINITE_DIFFERENCE 0 0.6260452271
AUDIT_FINITE_DIFFERENCE 1 -0.5365600586
AUDIT_FINITE_DIFFERENCE 2 -0.8048706055
AUDIT_FINITE_DIFFERENCE 3 0.7155227661
[       OK ] LayerNormNumericalAudit.InputGradientMatchesActualForwardFiniteDifference (0 ms)
[ RUN      ] LayerNormNumericalAudit.ZeroGammaMakesInputGradientZero
[       OK ] LayerNormNumericalAudit.ZeroGammaMakesInputGradientZero (0 ms)
[ RUN      ] LayerNormNumericalAudit.ConstantGammaScalesInputGradient
[       OK ] LayerNormNumericalAudit.ConstantGammaScalesInputGradient (0 ms)
[----------] 4 tests from LayerNormNumericalAudit (0 ms total)

[----------] Global test environment tear-down
[==========] 4 tests from 1 test suite ran. (0 ms total)
[  PASSED  ] 4 tests.
