FAIL max_unique_ties source_vjp got=2,-3,4, expected=0,-3,0,
FAIL max_unique_ties source_only got=2,-3,4, expected=0,-3,0,
FAIL max_unique_ties cotangent_conservation got=9, expected=3,
FAIL max_unique_ties shift_derivative got=9, expected=3,
FAIL max_unique_ties scaled_source got=-4,6,-8, expected=-0,6,-0,
FAIL max_duplicate_source_ties source_vjp got=2,-3,4, expected=0,-3,0,
FAIL max_duplicate_source_ties updates_vjp got=2,2,-0,4, expected=1,1,0,4,
FAIL max_duplicate_source_ties source_only got=2,-3,4, expected=0,-3,0,
FAIL max_duplicate_source_ties updates_only got=2,2,-0,4, expected=1,1,0,4,
FAIL max_duplicate_source_ties cotangent_conservation got=11, expected=3,
FAIL max_duplicate_source_ties shift_derivative got=11, expected=3,
FAIL max_duplicate_source_ties scaled_source got=-4,6,-8, expected=-0,6,-0,
FAIL max_duplicate_source_ties scaled_updates got=-4,-4,0,-8, expected=-2,-2,-0,-8,
FAIL max_duplicate_update_ties updates_vjp got=2,2,0,0, expected=1,1,0,0,
FAIL max_duplicate_update_ties updates_only got=2,2,0,0, expected=1,1,0,0,
FAIL max_duplicate_update_ties cotangent_conservation got=5, expected=3,
FAIL max_duplicate_update_ties shift_derivative got=5, expected=3,
FAIL max_duplicate_update_ties scaled_updates got=-4,-4,-0,-0, expected=-2,-2,-0,-0,
FAIL max_zero_ties source_vjp got=2,-3,4, expected=0,-3,0,
FAIL max_zero_ties updates_vjp got=2,2,4, expected=1,1,4,
FAIL max_zero_ties source_only got=2,-3,4, expected=0,-3,0,
FAIL max_zero_ties updates_only got=2,2,4, expected=1,1,4,
FAIL max_zero_ties cotangent_conservation got=11, expected=3,
FAIL max_zero_ties shift_derivative got=11, expected=3,
FAIL max_zero_ties scaled_source got=-4,6,-8, expected=-0,6,-0,
FAIL max_zero_ties scaled_updates got=-4,-4,-8, expected=-2,-2,-8,
FAIL max_row_blocks source_vjp got=2,0,4,2,-3,4, expected=0,0,4,2,0,0,
FAIL max_row_blocks updates_vjp got=2,-0,2,-3,-3,4, expected=1,0,1,-3,-3,4,
FAIL max_row_blocks source_only got=2,0,4,2,-3,4, expected=0,0,4,2,0,0,
FAIL max_row_blocks updates_only got=2,-0,2,-3,-3,4, expected=1,0,1,-3,-3,4,
FAIL max_row_blocks cotangent_conservation got=11, expected=6,
FAIL max_row_blocks shift_derivative got=11, expected=6,
FAIL max_row_blocks scaled_source got=-4,0,-8,-4,6,-8, expected=-0,-0,-8,-4,-0,-0,
FAIL max_row_blocks scaled_updates got=-4,0,-4,6,6,-8, expected=-2,-0,-2,6,6,-8,
FAIL max_column_blocks source_vjp got=0,-3,4,2,-3,4, expected=0,-3,0,0,-3,0,
FAIL max_column_blocks updates_vjp got=0,2,2,2,4,4, expected=0,1,2,1,4,4,
FAIL max_column_blocks source_only got=0,-3,4,2,-3,4, expected=0,-3,0,0,-3,0,
FAIL max_column_blocks updates_only got=0,2,2,2,4,4, expected=0,1,2,1,4,4,
FAIL max_column_blocks cotangent_conservation got=18, expected=6,
FAIL max_column_blocks shift_derivative got=18, expected=6,
FAIL max_column_blocks scaled_source got=0,6,-8,-4,6,-8, expected=-0,6,-0,-0,6,-0,
FAIL max_column_blocks scaled_updates got=-0,-4,-4,-4,-8,-8, expected=-0,-2,-4,-2,-8,-8,
FAIL max_two_axes source_vjp got=2,-3,4,2,-3,4, expected=2,0,4,2,-3,0,
FAIL max_two_axes updates_vjp got=-3,-3,4, expected=-1.5,-1.5,4,
FAIL max_two_axes source_only got=2,-3,4,2,-3,4, expected=2,0,4,2,-3,0,
FAIL max_two_axes updates_only got=-3,-3,4, expected=-1.5,-1.5,4,
FAIL max_two_axes cotangent_conservation got=4, expected=6,
FAIL max_two_axes shift_derivative got=4, expected=6,
FAIL max_two_axes scaled_source got=-4,6,-8,-4,6,-8, expected=-4,-0,-8,-4,6,-0,
FAIL max_two_axes scaled_updates got=6,6,-8, expected=3,3,-8,
FAIL max_overlapping_blocks source_vjp got=2,-3,4,2, expected=0,0,0,2,
FAIL max_overlapping_blocks updates_vjp got=2,0,-3,-0, expected=2,-1.5,-1.5,4,
FAIL max_overlapping_blocks source_only got=2,-3,4,2, expected=0,0,0,2,
FAIL max_overlapping_blocks updates_only got=2,0,-3,-0, expected=2,-1.5,-1.5,4,
FAIL max_overlapping_blocks cotangent_conservation got=4, expected=5,
FAIL max_overlapping_blocks shift_derivative got=4, expected=5,
FAIL max_overlapping_blocks scaled_source got=-4,6,-8,-4, expected=-0,-0,-0,-4,
FAIL max_overlapping_blocks scaled_updates got=-4,-0,6,0, expected=-4,3,3,-8,
FAIL max_strict_overlapping_blocks updates_vjp got=2,0,-3,-0, expected=2,0,-3,4,
FAIL max_strict_overlapping_blocks updates_only got=2,0,-3,-0, expected=2,0,-3,4,
FAIL max_strict_overlapping_blocks cotangent_conservation got=1, expected=5,
FAIL max_strict_overlapping_blocks shift_derivative got=1, expected=5,
FAIL max_strict_overlapping_blocks updates_coordinate_fd got=2,0,-3,-0, expected=2,0,-3,4,
EVIDENCE max_strict_overlapping_blocks update_gradient=2,0,-3,-0, coordinate_fd=2,0,-3,4,
FAIL max_strict_overlapping_blocks scaled_updates got=-4,-0,6,0, expected=-4,-0,6,-8,
FAIL max_slice_partial source_vjp got=2,-3,4,2, expected=2,0,0,2,
FAIL max_slice_partial source_only got=2,-3,4,2, expected=2,0,0,2,
FAIL max_slice_partial cotangent_conservation got=6, expected=5,
FAIL max_slice_partial shift_derivative got=6, expected=5,
FAIL max_slice_partial scaled_source got=-4,6,-8,-4, expected=-4,-0,-0,-4,
FAIL max_slice_strided source_vjp got=2,-3,0,2,-3,4, expected=0,-3,0,2,0,4,
FAIL max_slice_strided source_only got=2,-3,0,2,-3,4, expected=0,-3,0,2,0,4,
FAIL max_slice_strided cotangent_conservation got=5, expected=6,
FAIL max_slice_strided shift_derivative got=5, expected=6,
FAIL max_slice_strided scaled_source got=-4,6,0,-4,6,-8, expected=-0,6,-0,-4,-0,-8,
FAIL max_slice_matrix source_vjp got=2,-3,0,2,-3,4, expected=2,0,0,2,0,4,
FAIL max_slice_matrix source_only got=2,-3,0,2,-3,4, expected=2,0,0,2,0,4,
FAIL max_slice_matrix cotangent_conservation got=0, expected=6,
FAIL max_slice_matrix shift_derivative got=0, expected=6,
FAIL max_slice_matrix scaled_source got=-4,6,0,-4,6,-8, expected=-4,-0,-0,-4,-0,-8,
FAIL max_shared_1 gradient got=2, expected=1,
FAIL max_shared_1 square_gradient got=4, expected=2,
FAIL max_shared_1 square_second got=4, expected=1,
FAIL max_shared_2 gradient got=3, expected=1,
FAIL max_shared_2 square_gradient got=6, expected=2,
FAIL max_shared_2 square_second got=9, expected=1,
FAIL max_shared_4 gradient got=5, expected=1,
FAIL max_shared_4 square_gradient got=10, expected=2,
FAIL max_shared_4 square_second got=25, expected=1,
FAIL min_unique_ties source_vjp got=2,-3,4, expected=0,-3,0,
FAIL min_unique_ties source_only got=2,-3,4, expected=0,-3,0,
FAIL min_unique_ties cotangent_conservation got=9, expected=3,
FAIL min_unique_ties shift_derivative got=9, expected=3,
FAIL min_unique_ties scaled_source got=-4,6,-8, expected=-0,6,-0,
FAIL min_duplicate_source_ties source_vjp got=2,0,4, expected=0,0,0,
FAIL min_duplicate_source_ties updates_vjp got=2,2,-3,4, expected=1,1,-3,4,
FAIL min_duplicate_source_ties source_only got=2,0,4, expected=0,0,0,
FAIL min_duplicate_source_ties updates_only got=2,2,-3,4, expected=1,1,-3,4,
FAIL min_duplicate_source_ties cotangent_conservation got=11, expected=3,
FAIL min_duplicate_source_ties shift_derivative got=11, expected=3,
FAIL min_duplicate_source_ties scaled_source got=-4,0,-8, expected=-0,-0,-0,
FAIL min_duplicate_source_ties scaled_updates got=-4,-4,6,-8, expected=-2,-2,6,-8,
FAIL min_duplicate_update_ties updates_vjp got=0,0,4,4, expected=0,0,2,2,
FAIL min_duplicate_update_ties updates_only got=0,0,4,4, expected=0,0,2,2,
FAIL min_duplicate_update_ties cotangent_conservation got=7, expected=3,
FAIL min_duplicate_update_ties shift_derivative got=7, expected=3,
FAIL min_duplicate_update_ties scaled_updates got=-0,-0,-8,-8, expected=-0,-0,-4,-4,
FAIL min_zero_ties source_vjp got=2,-3,4, expected=0,-3,0,
FAIL min_zero_ties updates_vjp got=2,2,4, expected=1,1,4,
FAIL min_zero_ties source_only got=2,-3,4, expected=0,-3,0,
FAIL min_zero_ties updates_only got=2,2,4, expected=1,1,4,
FAIL min_zero_ties cotangent_conservation got=11, expected=3,
FAIL min_zero_ties shift_derivative got=11, expected=3,
FAIL min_zero_ties scaled_source got=-4,6,-8, expected=-0,6,-0,
FAIL min_zero_ties scaled_updates got=-4,-4,-8, expected=-2,-2,-8,
FAIL min_row_blocks source_vjp got=2,-3,4,2,-3,4, expected=0,0,4,2,0,0,
FAIL min_row_blocks updates_vjp got=2,-3,2,-0,-3,4, expected=1,-3,1,0,-3,4,
FAIL min_row_blocks source_only got=2,-3,4,2,-3,4, expected=0,0,4,2,0,0,
FAIL min_row_blocks updates_only got=2,-3,2,-0,-3,4, expected=1,-3,1,0,-3,4,
FAIL min_row_blocks cotangent_conservation got=8, expected=6,
FAIL min_row_blocks shift_derivative got=8, expected=6,
FAIL min_row_blocks scaled_source got=-4,6,-8,-4,6,-8, expected=-0,-0,-8,-4,-0,-0,
FAIL min_row_blocks scaled_updates got=-4,6,-4,0,6,-8, expected=-2,6,-2,-0,6,-8,
FAIL min_column_blocks source_vjp got=2,-3,4,2,-3,4, expected=0,-3,0,0,-3,0,
FAIL min_column_blocks updates_vjp got=2,2,0,2,4,4, expected=2,1,0,1,4,4,
FAIL min_column_blocks source_only got=2,-3,4,2,-3,4, expected=0,-3,0,0,-3,0,
FAIL min_column_blocks updates_only got=2,2,0,2,4,4, expected=2,1,0,1,4,4,
FAIL min_column_blocks cotangent_conservation got=20, expected=6,
FAIL min_column_blocks shift_derivative got=20, expected=6,
FAIL min_column_blocks scaled_source got=-4,6,-8,-4,6,-8, expected=-0,6,-0,-0,6,-0,
FAIL min_column_blocks scaled_updates got=-4,-4,-0,-4,-8,-8, expected=-4,-2,-0,-2,-8,-8,
FAIL min_two_axes source_vjp got=2,-3,4,2,-3,4, expected=2,0,4,2,-3,0,
FAIL min_two_axes updates_vjp got=-3,-3,4, expected=-1.5,-1.5,4,
FAIL min_two_axes source_only got=2,-3,4,2,-3,4, expected=2,0,4,2,-3,0,
FAIL min_two_axes updates_only got=-3,-3,4, expected=-1.5,-1.5,4,
FAIL min_two_axes cotangent_conservation got=4, expected=6,
FAIL min_two_axes shift_derivative got=4, expected=6,
FAIL min_two_axes scaled_source got=-4,6,-8,-4,6,-8, expected=-4,-0,-8,-4,6,-0,
FAIL min_two_axes scaled_updates got=6,6,-8, expected=3,3,-8,
FAIL min_overlapping_blocks source_vjp got=2,-3,4,2, expected=0,0,0,2,
FAIL min_overlapping_blocks updates_vjp got=2,0,-3,-0, expected=2,-1.5,-1.5,4,
FAIL min_overlapping_blocks source_only got=2,-3,4,2, expected=0,0,0,2,
FAIL min_overlapping_blocks updates_only got=2,0,-3,-0, expected=2,-1.5,-1.5,4,
FAIL min_overlapping_blocks cotangent_conservation got=4, expected=5,
FAIL min_overlapping_blocks shift_derivative got=4, expected=5,
FAIL min_overlapping_blocks scaled_source got=-4,6,-8,-4, expected=-0,-0,-0,-4,
FAIL min_overlapping_blocks scaled_updates got=-4,-0,6,0, expected=-4,3,3,-8,
FAIL min_strict_overlapping_blocks updates_vjp got=2,0,-3,-0, expected=2,0,-3,4,
FAIL min_strict_overlapping_blocks updates_only got=2,0,-3,-0, expected=2,0,-3,4,
FAIL min_strict_overlapping_blocks cotangent_conservation got=1, expected=5,
FAIL min_strict_overlapping_blocks shift_derivative got=1, expected=5,
FAIL min_strict_overlapping_blocks updates_coordinate_fd got=2,0,-3,-0, expected=2,0,-3,4,
EVIDENCE min_strict_overlapping_blocks update_gradient=2,0,-3,-0, coordinate_fd=2,0,-3,4,
FAIL min_strict_overlapping_blocks scaled_updates got=-4,-0,6,0, expected=-4,-0,6,-8,
FAIL min_slice_partial source_vjp got=2,-3,4,2, expected=2,0,0,2,
FAIL min_slice_partial source_only got=2,-3,4,2, expected=2,0,0,2,
FAIL min_slice_partial cotangent_conservation got=6, expected=5,
FAIL min_slice_partial shift_derivative got=6, expected=5,
FAIL min_slice_partial scaled_source got=-4,6,-8,-4, expected=-4,-0,-0,-4,
FAIL min_slice_strided source_vjp got=2,-3,4,2,-3,4, expected=0,-3,4,2,0,4,
FAIL min_slice_strided source_only got=2,-3,4,2,-3,4, expected=0,-3,4,2,0,4,
FAIL min_slice_strided cotangent_conservation got=5, expected=6,
FAIL min_slice_strided shift_derivative got=5, expected=6,
FAIL min_slice_strided scaled_source got=-4,6,-8,-4,6,-8, expected=-0,6,-8,-4,-0,-8,
FAIL min_slice_matrix source_vjp got=2,-3,4,2,-3,0, expected=2,0,4,2,0,0,
FAIL min_slice_matrix source_only got=2,-3,4,2,-3,0, expected=2,0,4,2,0,0,
FAIL min_slice_matrix cotangent_conservation got=0, expected=6,
FAIL min_slice_matrix shift_derivative got=0, expected=6,
FAIL min_slice_matrix scaled_source got=-4,6,-8,-4,6,0, expected=-4,-0,-8,-4,-0,-0,
FAIL min_shared_1 gradient got=2, expected=1,
FAIL min_shared_1 square_gradient got=4, expected=2,
FAIL min_shared_1 square_second got=4, expected=1,
FAIL min_shared_2 gradient got=3, expected=1,
FAIL min_shared_2 square_gradient got=6, expected=2,
FAIL min_shared_2 square_second got=9, expected=1,
FAIL min_shared_4 gradient got=5, expected=1,
FAIL min_shared_4 square_gradient got=10, expected=2,
FAIL min_shared_4 square_second got=25, expected=1,
SUMMARY cases=40 passed_cases=10 failed_cases=30 checks=388 failures=176
