FAIL mm/left_repeat/sorted=0/dtype=9/strided=0 exception=[GatherMM::eval] Currently only supports float32.
FAIL mm/left_repeat/sorted=0/dtype=12/strided=0 exception=[GatherMM::eval] Currently only supports float32.
FAIL qmm/left_repeat/sorted=0/bits=4/dtype=9 exception=[GatherMM::eval] Currently only supports float32.
FAIL mm/left_repeat/sorted=1/dtype=9/strided=0 exception=[GatherMM::eval] Currently only supports float32.
FAIL mm/left_repeat/sorted=1/dtype=12/strided=0 exception=[GatherMM::eval] Currently only supports float32.
FAIL qmm/left_repeat/sorted=1/bits=4/dtype=9 exception=[GatherMM::eval] Currently only supports float32.
FAIL mm/left_subset/sorted=0/dtype=9/strided=0 exception=[GatherMM::eval] Currently only supports float32.
FAIL mm/left_subset/sorted=0/dtype=12/strided=0 exception=[GatherMM::eval] Currently only supports float32.
FAIL qmm/left_subset/sorted=0/bits=4/dtype=9 exception=[GatherMM::eval] Currently only supports float32.
FAIL mm/left_subset/sorted=1/dtype=9/strided=0 exception=[GatherMM::eval] Currently only supports float32.
FAIL mm/left_subset/sorted=1/dtype=12/strided=0 exception=[GatherMM::eval] Currently only supports float32.
FAIL qmm/left_subset/sorted=1/bits=4/dtype=9 exception=[GatherMM::eval] Currently only supports float32.
FAIL mm/left_identity/sorted=0/dtype=9/strided=0 exception=[GatherMM::eval] Currently only supports float32.
FAIL mm/left_identity/sorted=0/dtype=12/strided=0 exception=[GatherMM::eval] Currently only supports float32.
FAIL qmm/left_identity/sorted=0/bits=4/dtype=9 exception=[GatherMM::eval] Currently only supports float32.
FAIL mm/left_identity/sorted=1/dtype=9/strided=0 exception=[GatherMM::eval] Currently only supports float32.
FAIL mm/left_identity/sorted=1/dtype=12/strided=0 exception=[GatherMM::eval] Currently only supports float32.
FAIL qmm/left_identity/sorted=1/bits=4/dtype=9 exception=[GatherMM::eval] Currently only supports float32.
FAIL mm/left_scalar_broadcast/sorted=0/dtype=9/strided=0 exception=[GatherMM::eval] Currently only supports float32.
FAIL mm/left_scalar_broadcast/sorted=0/dtype=12/strided=0 exception=[GatherMM::eval] Currently only supports float32.
FAIL qmm/left_scalar_broadcast/sorted=0/bits=4/dtype=9 exception=[GatherMM::eval] Currently only supports float32.
FAIL mm/left_scalar_broadcast/sorted=1/dtype=9/strided=0 exception=[GatherMM::eval] Currently only supports float32.
FAIL mm/left_scalar_broadcast/sorted=1/dtype=12/strided=0 exception=[GatherMM::eval] Currently only supports float32.
FAIL qmm/left_scalar_broadcast/sorted=1/bits=4/dtype=9 exception=[GatherMM::eval] Currently only supports float32.
FAIL mm/right_repeat/sorted=0/dtype=9/strided=0 exception=[GatherMM::eval] Currently only supports float32.
FAIL mm/right_repeat/sorted=0/dtype=12/strided=0 exception=[GatherMM::eval] Currently only supports float32.
FAIL qmm/right_repeat/sorted=0/bits=4/dtype=9 exception=[GatherMM::eval] Currently only supports float32.
FAIL mm/right_repeat/sorted=1/dtype=9/strided=0 exception=[GatherMM::eval] Currently only supports float32.
FAIL mm/right_repeat/sorted=1/dtype=12/strided=0 exception=[GatherMM::eval] Currently only supports float32.
FAIL mm/right_left_broadcast/sorted=0/dtype=9/strided=0 exception=[GatherMM::eval] Currently only supports float32.
FAIL mm/right_left_broadcast/sorted=0/dtype=12/strided=0 exception=[GatherMM::eval] Currently only supports float32.
FAIL qmm/right_left_broadcast/sorted=0/bits=4/dtype=9 exception=[GatherMM::eval] Currently only supports float32.
FAIL mm/right_left_broadcast/sorted=1/dtype=9/strided=0 exception=[GatherMM::eval] Currently only supports float32.
FAIL mm/right_left_broadcast/sorted=1/dtype=12/strided=0 exception=[GatherMM::eval] Currently only supports float32.
FAIL qmm/right_left_broadcast/sorted=1/bits=4/dtype=9 exception=[GatherMM::eval] Currently only supports float32.
FAIL mm/both_explicit/sorted=0/dtype=9/strided=0 exception=[GatherMM::eval] Currently only supports float32.
FAIL mm/both_explicit/sorted=0/dtype=12/strided=0 exception=[GatherMM::eval] Currently only supports float32.
FAIL qmm/both_explicit/sorted=0/bits=4/dtype=9 exception=[GatherMM::eval] Currently only supports float32.
FAIL mm/both_explicit/sorted=1/dtype=9/strided=0 exception=[GatherMM::eval] Currently only supports float32.
FAIL mm/both_explicit/sorted=1/dtype=12/strided=0 exception=[GatherMM::eval] Currently only supports float32.
FAIL qmm/both_explicit/sorted=1/bits=4/dtype=9 exception=[GatherMM::eval] Currently only supports float32.
FAIL mm/right_scalar_broadcast/sorted=0/dtype=9/strided=0 exception=[GatherMM::eval] Currently only supports float32.
FAIL mm/right_scalar_broadcast/sorted=0/dtype=12/strided=0 exception=[GatherMM::eval] Currently only supports float32.
FAIL qmm/right_scalar_broadcast/sorted=0/bits=4/dtype=9 exception=[GatherMM::eval] Currently only supports float32.
FAIL mm/right_scalar_broadcast/sorted=1/dtype=9/strided=0 exception=[GatherMM::eval] Currently only supports float32.
FAIL mm/right_scalar_broadcast/sorted=1/dtype=12/strided=0 exception=[GatherMM::eval] Currently only supports float32.
SUMMARY scenarios=113 failed_scenarios=46 checks=708 failures=46
