FAIL polynomial_0_point_0 derivative_1 got=nan, expected=0,
FAIL polynomial_0_point_0 derivative_2 got=nan, expected=0,
FAIL polynomial_0_point_0 derivative_3 got=nan, expected=0,
FAIL polynomial_0_point_0 derivative_4 got=nan, expected=0,
FAIL polynomial_0_point_0 derivative_5 got=nan, expected=0,
FAIL polynomial_0_point_0 jvp got=nan, expected=0,
FAIL polynomial_0_point_0 vjp got=nan, expected=-0,
FAIL polynomial_0_point_0 zero_upstream got=nan, expected=0,
FAIL polynomial_0_point_1 derivative_1 got=nan, expected=0,
FAIL polynomial_0_point_1 derivative_2 got=nan, expected=0,
FAIL polynomial_0_point_1 derivative_3 got=nan, expected=0,
FAIL polynomial_0_point_1 derivative_4 got=nan, expected=0,
FAIL polynomial_0_point_1 derivative_5 got=nan, expected=0,
FAIL polynomial_0_point_1 jvp got=nan, expected=0,
FAIL polynomial_0_point_1 vjp got=nan, expected=-0,
FAIL polynomial_0_point_1 zero_upstream got=nan, expected=0,
FAIL polynomial_1_point_0 derivative_2 got=nan, expected=0,
FAIL polynomial_1_point_0 derivative_3 got=nan, expected=0,
FAIL polynomial_1_point_0 derivative_4 got=nan, expected=0,
FAIL polynomial_1_point_0 derivative_5 got=nan, expected=0,
FAIL polynomial_1_point_1 derivative_2 got=nan, expected=0,
FAIL polynomial_1_point_1 derivative_3 got=nan, expected=0,
FAIL polynomial_1_point_1 derivative_4 got=nan, expected=0,
FAIL polynomial_1_point_1 derivative_5 got=nan, expected=0,
FAIL polynomial_2_point_0 derivative_3 got=nan, expected=0,
FAIL polynomial_2_point_0 derivative_4 got=nan, expected=0,
FAIL polynomial_2_point_0 derivative_5 got=nan, expected=0,
FAIL polynomial_2_point_1 derivative_3 got=nan, expected=0,
FAIL polynomial_2_point_1 derivative_4 got=nan, expected=0,
FAIL polynomial_2_point_1 derivative_5 got=nan, expected=0,
FAIL polynomial_3_point_0 derivative_4 got=nan, expected=0,
FAIL polynomial_3_point_0 derivative_5 got=nan, expected=0,
FAIL polynomial_3_point_1 derivative_4 got=nan, expected=0,
FAIL polynomial_3_point_1 derivative_5 got=nan, expected=0,
FAIL polynomial_4_point_0 derivative_5 got=nan, expected=0,
FAIL polynomial_4_point_1 derivative_5 got=nan, expected=0,
FAIL features first got=nan, expected=2,
FAIL features second got=nan, expected=6,
FAIL features loss_gradient got=nan, expected=-6,
FAIL features next_loss got=nan, expected=0.017578125,
EVIDENCE loss initial=4.5 next=nan
FAIL broadcast gradient got=nan,-16, expected=2,-16,
FAIL broadcast jvp got=nan,1,0,-0,-2,-8, expected=0,1,0,0,-2,-8,
SUMMARY cases=41 passed_cases=29 failed_cases=12 checks=396 failures=42
