CASE {"label":"asinh/0.000000/g=0.000000/JVP","dtype":"float32","actual":[0],"expected":[0],"tolerance":7.9999999999999996e-06,"passed":true}
CASE {"label":"asinh/0.000000/g=0.000000/VJP","dtype":"float32","actual":[0],"expected":[0],"tolerance":7.9999999999999996e-06,"passed":true}
CASE {"label":"asinh/0.000000/g=1.000000/JVP","dtype":"float32","actual":[1],"expected":[1],"tolerance":7.9999999999999996e-06,"passed":true}
CASE {"label":"asinh/0.000000/g=1.000000/VJP","dtype":"float32","actual":[1],"expected":[1],"tolerance":7.9999999999999996e-06,"passed":true}
CASE {"label":"asinh/0.000000/g=-0.500000/JVP","dtype":"float32","actual":[-0.5],"expected":[-0.5],"tolerance":7.9999999999999996e-06,"passed":true}
CASE {"label":"asinh/0.000000/g=-0.500000/VJP","dtype":"float32","actual":[-0.5],"expected":[-0.5],"tolerance":7.9999999999999996e-06,"passed":true}
CASE {"label":"asinh/0.000000/g=2.000000/JVP","dtype":"float32","actual":[2],"expected":[2],"tolerance":7.9999999999999996e-06,"passed":true}
CASE {"label":"asinh/0.000000/g=2.000000/VJP","dtype":"float32","actual":[2],"expected":[2],"tolerance":7.9999999999999996e-06,"passed":true}
CASE {"label":"asinh/-0.000001/g=0.000000/JVP","dtype":"float32","actual":[0],"expected":[0],"tolerance":7.9999999999999996e-06,"passed":true}
CASE {"label":"asinh/-0.000001/g=0.000000/VJP","dtype":"float32","actual":[0],"expected":[0],"tolerance":7.9999999999999996e-06,"passed":true}
CASE {"label":"asinh/-0.000001/g=1.000000/JVP","dtype":"float32","actual":[1],"expected":[0.99999999999949996],"tolerance":7.9999999999999996e-06,"passed":true}
CASE {"label":"asinh/-0.000001/g=1.000000/VJP","dtype":"float32","actual":[1],"expected":[0.99999999999949996],"tolerance":7.9999999999999996e-06,"passed":true}
CASE {"label":"asinh/-0.000001/g=-0.500000/JVP","dtype":"float32","actual":[-0.5],"expected":[-0.49999999999974998],"tolerance":7.9999999999999996e-06,"passed":true}
CASE {"label":"asinh/-0.000001/g=-0.500000/VJP","dtype":"float32","actual":[-0.5],"expected":[-0.49999999999974998],"tolerance":7.9999999999999996e-06,"passed":true}
CASE {"label":"asinh/-0.000001/g=2.000000/JVP","dtype":"float32","actual":[2],"expected":[1.9999999999989999],"tolerance":7.9999999999999996e-06,"passed":true}
CASE {"label":"asinh/-0.000001/g=2.000000/VJP","dtype":"float32","actual":[2],"expected":[1.9999999999989999],"tolerance":7.9999999999999996e-06,"passed":true}
CASE {"label":"asinh/0.000001/g=0.000000/JVP","dtype":"float32","actual":[0],"expected":[0],"tolerance":7.9999999999999996e-06,"passed":true}
CASE {"label":"asinh/0.000001/g=0.000000/VJP","dtype":"float32","actual":[0],"expected":[0],"tolerance":7.9999999999999996e-06,"passed":true}
CASE {"label":"asinh/0.000001/g=1.000000/JVP","dtype":"float32","actual":[1],"expected":[0.99999999999949996],"tolerance":7.9999999999999996e-06,"passed":true}
CASE {"label":"asinh/0.000001/g=1.000000/VJP","dtype":"float32","actual":[1],"expected":[0.99999999999949996],"tolerance":7.9999999999999996e-06,"passed":true}
CASE {"label":"asinh/0.000001/g=-0.500000/JVP","dtype":"float32","actual":[-0.5],"expected":[-0.49999999999974998],"tolerance":7.9999999999999996e-06,"passed":true}
CASE {"label":"asinh/0.000001/g=-0.500000/VJP","dtype":"float32","actual":[-0.5],"expected":[-0.49999999999974998],"tolerance":7.9999999999999996e-06,"passed":true}
CASE {"label":"asinh/0.000001/g=2.000000/JVP","dtype":"float32","actual":[2],"expected":[1.9999999999989999],"tolerance":7.9999999999999996e-06,"passed":true}
CASE {"label":"asinh/0.000001/g=2.000000/VJP","dtype":"float32","actual":[2],"expected":[1.9999999999989999],"tolerance":7.9999999999999996e-06,"passed":true}
CASE {"label":"asinh/-1.000000/g=0.000000/JVP","dtype":"float32","actual":[0],"expected":[0],"tolerance":7.9999999999999996e-06,"passed":true}
CASE {"label":"asinh/-1.000000/g=0.000000/VJP","dtype":"float32","actual":[0],"expected":[0],"tolerance":7.9999999999999996e-06,"passed":true}
CASE {"label":"asinh/-1.000000/g=1.000000/JVP","dtype":"float32","actual":[0.70710676908493042],"expected":[0.70710678118654746],"tolerance":7.9999999999999996e-06,"passed":true}
CASE {"label":"asinh/-1.000000/g=1.000000/VJP","dtype":"float32","actual":[0.70710676908493042],"expected":[0.70710678118654746],"tolerance":7.9999999999999996e-06,"passed":true}
CASE {"label":"asinh/-1.000000/g=-0.500000/JVP","dtype":"float32","actual":[-0.35355338454246521],"expected":[-0.35355339059327373],"tolerance":7.9999999999999996e-06,"passed":true}
CASE {"label":"asinh/-1.000000/g=-0.500000/VJP","dtype":"float32","actual":[-0.35355338454246521],"expected":[-0.35355339059327373],"tolerance":7.9999999999999996e-06,"passed":true}
CASE {"label":"asinh/-1.000000/g=2.000000/JVP","dtype":"float32","actual":[1.4142135381698608],"expected":[1.4142135623730949],"tolerance":7.9999999999999996e-06,"passed":true}
CASE {"label":"asinh/-1.000000/g=2.000000/VJP","dtype":"float32","actual":[1.4142135381698608],"expected":[1.4142135623730949],"tolerance":7.9999999999999996e-06,"passed":true}
CASE {"label":"asinh/1.000000/g=0.000000/JVP","dtype":"float32","actual":[0],"expected":[0],"tolerance":7.9999999999999996e-06,"passed":true}
CASE {"label":"asinh/1.000000/g=0.000000/VJP","dtype":"float32","actual":[0],"expected":[0],"tolerance":7.9999999999999996e-06,"passed":true}
CASE {"label":"asinh/1.000000/g=1.000000/JVP","dtype":"float32","actual":[0.70710676908493042],"expected":[0.70710678118654746],"tolerance":7.9999999999999996e-06,"passed":true}
CASE {"label":"asinh/1.000000/g=1.000000/VJP","dtype":"float32","actual":[0.70710676908493042],"expected":[0.70710678118654746],"tolerance":7.9999999999999996e-06,"passed":true}
CASE {"label":"asinh/1.000000/g=-0.500000/JVP","dtype":"float32","actual":[-0.35355338454246521],"expected":[-0.35355339059327373],"tolerance":7.9999999999999996e-06,"passed":true}
CASE {"label":"asinh/1.000000/g=-0.500000/VJP","dtype":"float32","actual":[-0.35355338454246521],"expected":[-0.35355339059327373],"tolerance":7.9999999999999996e-06,"passed":true}
CASE {"label":"asinh/1.000000/g=2.000000/JVP","dtype":"float32","actual":[1.4142135381698608],"expected":[1.4142135623730949],"tolerance":7.9999999999999996e-06,"passed":true}
CASE {"label":"asinh/1.000000/g=2.000000/VJP","dtype":"float32","actual":[1.4142135381698608],"expected":[1.4142135623730949],"tolerance":7.9999999999999996e-06,"passed":true}
CASE {"label":"asinh/2.000000/g=0.000000/JVP","dtype":"float32","actual":[0],"expected":[0],"tolerance":7.9999999999999996e-06,"passed":true}
CASE {"label":"asinh/2.000000/g=0.000000/VJP","dtype":"float32","actual":[0],"expected":[0],"tolerance":7.9999999999999996e-06,"passed":true}
CASE {"label":"asinh/2.000000/g=1.000000/JVP","dtype":"float32","actual":[0.44721359014511108],"expected":[0.44721359549995793],"tolerance":7.9999999999999996e-06,"passed":true}
CASE {"label":"asinh/2.000000/g=1.000000/VJP","dtype":"float32","actual":[0.44721359014511108],"expected":[0.44721359549995793],"tolerance":7.9999999999999996e-06,"passed":true}
CASE {"label":"asinh/2.000000/g=-0.500000/JVP","dtype":"float32","actual":[-0.22360679507255554],"expected":[-0.22360679774997896],"tolerance":7.9999999999999996e-06,"passed":true}
CASE {"label":"asinh/2.000000/g=-0.500000/VJP","dtype":"float32","actual":[-0.22360679507255554],"expected":[-0.22360679774997896],"tolerance":7.9999999999999996e-06,"passed":true}
CASE {"label":"asinh/2.000000/g=2.000000/JVP","dtype":"float32","actual":[0.89442718029022217],"expected":[0.89442719099991586],"tolerance":7.9999999999999996e-06,"passed":true}
CASE {"label":"asinh/2.000000/g=2.000000/VJP","dtype":"float32","actual":[0.89442718029022217],"expected":[0.89442719099991586],"tolerance":7.9999999999999996e-06,"passed":true}
CASE {"label":"asinh/10.000000/g=0.000000/JVP","dtype":"float32","actual":[0],"expected":[0],"tolerance":7.9999999999999996e-06,"passed":true}
CASE {"label":"asinh/10.000000/g=0.000000/VJP","dtype":"float32","actual":[0],"expected":[0],"tolerance":7.9999999999999996e-06,"passed":true}
CASE {"label":"asinh/10.000000/g=1.000000/JVP","dtype":"float32","actual":[0.09950372576713562],"expected":[0.099503719020998915],"tolerance":7.9999999999999996e-06,"passed":true}
CASE {"label":"asinh/10.000000/g=1.000000/VJP","dtype":"float32","actual":[0.09950372576713562],"expected":[0.099503719020998915],"tolerance":7.9999999999999996e-06,"passed":true}
CASE {"label":"asinh/10.000000/g=-0.500000/JVP","dtype":"float32","actual":[-0.04975186288356781],"expected":[-0.049751859510499458],"tolerance":7.9999999999999996e-06,"passed":true}
CASE {"label":"asinh/10.000000/g=-0.500000/VJP","dtype":"float32","actual":[-0.04975186288356781],"expected":[-0.049751859510499458],"tolerance":7.9999999999999996e-06,"passed":true}
CASE {"label":"asinh/10.000000/g=2.000000/JVP","dtype":"float32","actual":[0.19900745153427124],"expected":[0.19900743804199783],"tolerance":7.9999999999999996e-06,"passed":true}
CASE {"label":"asinh/10.000000/g=2.000000/VJP","dtype":"float32","actual":[0.19900745153427124],"expected":[0.19900743804199783],"tolerance":7.9999999999999996e-06,"passed":true}
CASE {"label":"asinh/100000000000000000000.000000/g=0.000000/JVP","dtype":"float32","actual":[0],"expected":[0],"tolerance":7.9999999999999996e-06,"passed":true}
CASE {"label":"asinh/100000000000000000000.000000/g=0.000000/VJP","dtype":"float32","actual":[0],"expected":[0],"tolerance":7.9999999999999996e-06,"passed":true}
CASE {"label":"asinh/100000000000000000000.000000/g=1.000000/JVP","dtype":"float32","actual":[0],"expected":[9.9999997995912307e-21],"tolerance":7.9999999999999996e-06,"passed":false}
CASE {"label":"asinh/100000000000000000000.000000/g=1.000000/VJP","dtype":"float32","actual":[0],"expected":[9.9999997995912307e-21],"tolerance":7.9999999999999996e-06,"passed":false}
CASE {"label":"asinh/100000000000000000000.000000/g=-0.500000/JVP","dtype":"float32","actual":[-0],"expected":[-4.9999998997956154e-21],"tolerance":7.9999999999999996e-06,"passed":false}
CASE {"label":"asinh/100000000000000000000.000000/g=-0.500000/VJP","dtype":"float32","actual":[-0],"expected":[-4.9999998997956154e-21],"tolerance":7.9999999999999996e-06,"passed":false}
CASE {"label":"asinh/100000000000000000000.000000/g=2.000000/JVP","dtype":"float32","actual":[0],"expected":[1.9999999599182461e-20],"tolerance":7.9999999999999996e-06,"passed":false}
CASE {"label":"asinh/100000000000000000000.000000/g=2.000000/VJP","dtype":"float32","actual":[0],"expected":[1.9999999599182461e-20],"tolerance":7.9999999999999996e-06,"passed":false}
CASE {"label":"asinh/-100000000000000000000.000000/g=0.000000/JVP","dtype":"float32","actual":[0],"expected":[0],"tolerance":7.9999999999999996e-06,"passed":true}
CASE {"label":"asinh/-100000000000000000000.000000/g=0.000000/VJP","dtype":"float32","actual":[0],"expected":[0],"tolerance":7.9999999999999996e-06,"passed":true}
CASE {"label":"asinh/-100000000000000000000.000000/g=1.000000/JVP","dtype":"float32","actual":[0],"expected":[9.9999997995912307e-21],"tolerance":7.9999999999999996e-06,"passed":false}
CASE {"label":"asinh/-100000000000000000000.000000/g=1.000000/VJP","dtype":"float32","actual":[0],"expected":[9.9999997995912307e-21],"tolerance":7.9999999999999996e-06,"passed":false}
CASE {"label":"asinh/-100000000000000000000.000000/g=-0.500000/JVP","dtype":"float32","actual":[-0],"expected":[-4.9999998997956154e-21],"tolerance":7.9999999999999996e-06,"passed":false}
CASE {"label":"asinh/-100000000000000000000.000000/g=-0.500000/VJP","dtype":"float32","actual":[-0],"expected":[-4.9999998997956154e-21],"tolerance":7.9999999999999996e-06,"passed":false}
CASE {"label":"asinh/-100000000000000000000.000000/g=2.000000/JVP","dtype":"float32","actual":[0],"expected":[1.9999999599182461e-20],"tolerance":7.9999999999999996e-06,"passed":false}
CASE {"label":"asinh/-100000000000000000000.000000/g=2.000000/VJP","dtype":"float32","actual":[0],"expected":[1.9999999599182461e-20],"tolerance":7.9999999999999996e-06,"passed":false}
CASE {"label":"asinh/1000000000000000019884624838656.000000/g=0.000000/JVP","dtype":"float32","actual":[0],"expected":[0],"tolerance":7.9999999999999996e-06,"passed":true}
CASE {"label":"asinh/1000000000000000019884624838656.000000/g=0.000000/VJP","dtype":"float32","actual":[0],"expected":[0],"tolerance":7.9999999999999996e-06,"passed":true}
CASE {"label":"asinh/1000000000000000019884624838656.000000/g=1.000000/JVP","dtype":"float32","actual":[0],"expected":[9.99999984952534e-31],"tolerance":7.9999999999999996e-06,"passed":false}
CASE {"label":"asinh/1000000000000000019884624838656.000000/g=1.000000/VJP","dtype":"float32","actual":[0],"expected":[9.99999984952534e-31],"tolerance":7.9999999999999996e-06,"passed":false}
CASE {"label":"asinh/1000000000000000019884624838656.000000/g=-0.500000/JVP","dtype":"float32","actual":[-0],"expected":[-4.99999992476267e-31],"tolerance":7.9999999999999996e-06,"passed":false}
CASE {"label":"asinh/1000000000000000019884624838656.000000/g=-0.500000/VJP","dtype":"float32","actual":[-0],"expected":[-4.99999992476267e-31],"tolerance":7.9999999999999996e-06,"passed":false}
CASE {"label":"asinh/1000000000000000019884624838656.000000/g=2.000000/JVP","dtype":"float32","actual":[0],"expected":[1.999999969905068e-30],"tolerance":7.9999999999999996e-06,"passed":false}
CASE {"label":"asinh/1000000000000000019884624838656.000000/g=2.000000/VJP","dtype":"float32","actual":[0],"expected":[1.999999969905068e-30],"tolerance":7.9999999999999996e-06,"passed":false}
CASE {"label":"asinh/-1000000000000000019884624838656.000000/g=0.000000/JVP","dtype":"float32","actual":[0],"expected":[0],"tolerance":7.9999999999999996e-06,"passed":true}
CASE {"label":"asinh/-1000000000000000019884624838656.000000/g=0.000000/VJP","dtype":"float32","actual":[0],"expected":[0],"tolerance":7.9999999999999996e-06,"passed":true}
CASE {"label":"asinh/-1000000000000000019884624838656.000000/g=1.000000/JVP","dtype":"float32","actual":[0],"expected":[9.99999984952534e-31],"tolerance":7.9999999999999996e-06,"passed":false}
CASE {"label":"asinh/-1000000000000000019884624838656.000000/g=1.000000/VJP","dtype":"float32","actual":[0],"expected":[9.99999984952534e-31],"tolerance":7.9999999999999996e-06,"passed":false}
CASE {"label":"asinh/-1000000000000000019884624838656.000000/g=-0.500000/JVP","dtype":"float32","actual":[-0],"expected":[-4.99999992476267e-31],"tolerance":7.9999999999999996e-06,"passed":false}
CASE {"label":"asinh/-1000000000000000019884624838656.000000/g=-0.500000/VJP","dtype":"float32","actual":[-0],"expected":[-4.99999992476267e-31],"tolerance":7.9999999999999996e-06,"passed":false}
CASE {"label":"asinh/-1000000000000000019884624838656.000000/g=2.000000/JVP","dtype":"float32","actual":[0],"expected":[1.999999969905068e-30],"tolerance":7.9999999999999996e-06,"passed":false}
CASE {"label":"asinh/-1000000000000000019884624838656.000000/g=2.000000/VJP","dtype":"float32","actual":[0],"expected":[1.999999969905068e-30],"tolerance":7.9999999999999996e-06,"passed":false}
CASE {"label":"acosh/1.000000/g=0.000000/JVP","dtype":"float32","actual":[0],"expected":[0],"tolerance":7.9999999999999996e-06,"passed":true}
CASE {"label":"acosh/1.000000/g=0.000000/VJP","dtype":"float32","actual":[0],"expected":[0],"tolerance":7.9999999999999996e-06,"passed":true}
CASE {"label":"acosh/1.000000/g=1.000000/JVP","dtype":"float32","actual":[2048],"expected":[2047.9999389648463],"tolerance":7.9999999999999996e-06,"passed":true}
CASE {"label":"acosh/1.000000/g=1.000000/VJP","dtype":"float32","actual":[2048],"expected":[2047.9999389648463],"tolerance":7.9999999999999996e-06,"passed":true}
CASE {"label":"acosh/1.000000/g=-0.500000/JVP","dtype":"float32","actual":[-1024],"expected":[-1023.9999694824231],"tolerance":7.9999999999999996e-06,"passed":true}
CASE {"label":"acosh/1.000000/g=-0.500000/VJP","dtype":"float32","actual":[-1024],"expected":[-1023.9999694824231],"tolerance":7.9999999999999996e-06,"passed":true}
CASE {"label":"acosh/1.000000/g=2.000000/JVP","dtype":"float32","actual":[4096],"expected":[4095.9998779296925],"tolerance":7.9999999999999996e-06,"passed":true}
CASE {"label":"acosh/1.000000/g=2.000000/VJP","dtype":"float32","actual":[4096],"expected":[4095.9998779296925],"tolerance":7.9999999999999996e-06,"passed":true}
CASE {"label":"acosh/1.000100/g=0.000000/JVP","dtype":"float32","actual":[0],"expected":[0],"tolerance":7.9999999999999996e-06,"passed":true}
CASE {"label":"acosh/1.000100/g=0.000000/VJP","dtype":"float32","actual":[0],"expected":[0],"tolerance":7.9999999999999996e-06,"passed":true}
CASE {"label":"acosh/1.000100/g=1.000000/JVP","dtype":"float32","actual":[70.704811096191406],"expected":[70.703044160082953],"tolerance":7.9999999999999996e-06,"passed":false}
CASE {"label":"acosh/1.000100/g=1.000000/VJP","dtype":"float32","actual":[70.704811096191406],"expected":[70.703044160082953],"tolerance":7.9999999999999996e-06,"passed":false}
CASE {"label":"acosh/1.000100/g=-0.500000/JVP","dtype":"float32","actual":[-35.352405548095703],"expected":[-35.351522080041477],"tolerance":7.9999999999999996e-06,"passed":false}
CASE {"label":"acosh/1.000100/g=-0.500000/VJP","dtype":"float32","actual":[-35.352405548095703],"expected":[-35.351522080041477],"tolerance":7.9999999999999996e-06,"passed":false}
CASE {"label":"acosh/1.000100/g=2.000000/JVP","dtype":"float32","actual":[141.40962219238281],"expected":[141.40608832016591],"tolerance":7.9999999999999996e-06,"passed":false}
CASE {"label":"acosh/1.000100/g=2.000000/VJP","dtype":"float32","actual":[141.40962219238281],"expected":[141.40608832016591],"tolerance":7.9999999999999996e-06,"passed":false}
CASE {"label":"acosh/1.250000/g=0.000000/JVP","dtype":"float32","actual":[0],"expected":[0],"tolerance":7.9999999999999996e-06,"passed":true}
CASE {"label":"acosh/1.250000/g=0.000000/VJP","dtype":"float32","actual":[0],"expected":[0],"tolerance":7.9999999999999996e-06,"passed":true}
CASE {"label":"acosh/1.250000/g=1.000000/JVP","dtype":"float32","actual":[1.3333333730697632],"expected":[1.3333333333333333],"tolerance":7.9999999999999996e-06,"passed":true}
CASE {"label":"acosh/1.250000/g=1.000000/VJP","dtype":"float32","actual":[1.3333333730697632],"expected":[1.3333333333333333],"tolerance":7.9999999999999996e-06,"passed":true}
CASE {"label":"acosh/1.250000/g=-0.500000/JVP","dtype":"float32","actual":[-0.66666668653488159],"expected":[-0.66666666666666663],"tolerance":7.9999999999999996e-06,"passed":true}
CASE {"label":"acosh/1.250000/g=-0.500000/VJP","dtype":"float32","actual":[-0.66666668653488159],"expected":[-0.66666666666666663],"tolerance":7.9999999999999996e-06,"passed":true}
CASE {"label":"acosh/1.250000/g=2.000000/JVP","dtype":"float32","actual":[2.6666667461395264],"expected":[2.6666666666666665],"tolerance":7.9999999999999996e-06,"passed":true}
CASE {"label":"acosh/1.250000/g=2.000000/VJP","dtype":"float32","actual":[2.6666667461395264],"expected":[2.6666666666666665],"tolerance":7.9999999999999996e-06,"passed":true}
CASE {"label":"acosh/2.000000/g=0.000000/JVP","dtype":"float32","actual":[0],"expected":[0],"tolerance":7.9999999999999996e-06,"passed":true}
CASE {"label":"acosh/2.000000/g=0.000000/VJP","dtype":"float32","actual":[0],"expected":[0],"tolerance":7.9999999999999996e-06,"passed":true}
CASE {"label":"acosh/2.000000/g=1.000000/JVP","dtype":"float32","actual":[0.57735025882720947],"expected":[0.57735026918962584],"tolerance":7.9999999999999996e-06,"passed":true}
CASE {"label":"acosh/2.000000/g=1.000000/VJP","dtype":"float32","actual":[0.57735025882720947],"expected":[0.57735026918962584],"tolerance":7.9999999999999996e-06,"passed":true}
CASE {"label":"acosh/2.000000/g=-0.500000/JVP","dtype":"float32","actual":[-0.28867512941360474],"expected":[-0.28867513459481292],"tolerance":7.9999999999999996e-06,"passed":true}
CASE {"label":"acosh/2.000000/g=-0.500000/VJP","dtype":"float32","actual":[-0.28867512941360474],"expected":[-0.28867513459481292],"tolerance":7.9999999999999996e-06,"passed":true}
CASE {"label":"acosh/2.000000/g=2.000000/JVP","dtype":"float32","actual":[1.1547005176544189],"expected":[1.1547005383792517],"tolerance":7.9999999999999996e-06,"passed":true}
CASE {"label":"acosh/2.000000/g=2.000000/VJP","dtype":"float32","actual":[1.1547005176544189],"expected":[1.1547005383792517],"tolerance":7.9999999999999996e-06,"passed":true}
CASE {"label":"acosh/10.000000/g=0.000000/JVP","dtype":"float32","actual":[0],"expected":[0],"tolerance":7.9999999999999996e-06,"passed":true}
CASE {"label":"acosh/10.000000/g=0.000000/VJP","dtype":"float32","actual":[0],"expected":[0],"tolerance":7.9999999999999996e-06,"passed":true}
CASE {"label":"acosh/10.000000/g=1.000000/JVP","dtype":"float32","actual":[0.10050378739833832],"expected":[0.10050378152592121],"tolerance":7.9999999999999996e-06,"passed":true}
CASE {"label":"acosh/10.000000/g=1.000000/VJP","dtype":"float32","actual":[0.10050378739833832],"expected":[0.10050378152592121],"tolerance":7.9999999999999996e-06,"passed":true}
CASE {"label":"acosh/10.000000/g=-0.500000/JVP","dtype":"float32","actual":[-0.050251893699169159],"expected":[-0.050251890762960605],"tolerance":7.9999999999999996e-06,"passed":true}
CASE {"label":"acosh/10.000000/g=-0.500000/VJP","dtype":"float32","actual":[-0.050251893699169159],"expected":[-0.050251890762960605],"tolerance":7.9999999999999996e-06,"passed":true}
CASE {"label":"acosh/10.000000/g=2.000000/JVP","dtype":"float32","actual":[0.20100757479667664],"expected":[0.20100756305184242],"tolerance":7.9999999999999996e-06,"passed":true}
CASE {"label":"acosh/10.000000/g=2.000000/VJP","dtype":"float32","actual":[0.20100757479667664],"expected":[0.20100756305184242],"tolerance":7.9999999999999996e-06,"passed":true}
CASE {"label":"acosh/100000000000000000000.000000/g=0.000000/JVP","dtype":"float32","actual":[0],"expected":[0],"tolerance":7.9999999999999996e-06,"passed":true}
CASE {"label":"acosh/100000000000000000000.000000/g=0.000000/VJP","dtype":"float32","actual":[0],"expected":[0],"tolerance":7.9999999999999996e-06,"passed":true}
CASE {"label":"acosh/100000000000000000000.000000/g=1.000000/JVP","dtype":"float32","actual":[0],"expected":[9.9999997995912307e-21],"tolerance":7.9999999999999996e-06,"passed":false}
CASE {"label":"acosh/100000000000000000000.000000/g=1.000000/VJP","dtype":"float32","actual":[0],"expected":[9.9999997995912307e-21],"tolerance":7.9999999999999996e-06,"passed":false}
CASE {"label":"acosh/100000000000000000000.000000/g=-0.500000/JVP","dtype":"float32","actual":[-0],"expected":[-4.9999998997956154e-21],"tolerance":7.9999999999999996e-06,"passed":false}
CASE {"label":"acosh/100000000000000000000.000000/g=-0.500000/VJP","dtype":"float32","actual":[-0],"expected":[-4.9999998997956154e-21],"tolerance":7.9999999999999996e-06,"passed":false}
CASE {"label":"acosh/100000000000000000000.000000/g=2.000000/JVP","dtype":"float32","actual":[0],"expected":[1.9999999599182461e-20],"tolerance":7.9999999999999996e-06,"passed":false}
CASE {"label":"acosh/100000000000000000000.000000/g=2.000000/VJP","dtype":"float32","actual":[0],"expected":[1.9999999599182461e-20],"tolerance":7.9999999999999996e-06,"passed":false}
CASE {"label":"acosh/1000000000000000019884624838656.000000/g=0.000000/JVP","dtype":"float32","actual":[0],"expected":[0],"tolerance":7.9999999999999996e-06,"passed":true}
CASE {"label":"acosh/1000000000000000019884624838656.000000/g=0.000000/VJP","dtype":"float32","actual":[0],"expected":[0],"tolerance":7.9999999999999996e-06,"passed":true}
CASE {"label":"acosh/1000000000000000019884624838656.000000/g=1.000000/JVP","dtype":"float32","actual":[0],"expected":[9.99999984952534e-31],"tolerance":7.9999999999999996e-06,"passed":false}
CASE {"label":"acosh/1000000000000000019884624838656.000000/g=1.000000/VJP","dtype":"float32","actual":[0],"expected":[9.99999984952534e-31],"tolerance":7.9999999999999996e-06,"passed":false}
CASE {"label":"acosh/1000000000000000019884624838656.000000/g=-0.500000/JVP","dtype":"float32","actual":[-0],"expected":[-4.99999992476267e-31],"tolerance":7.9999999999999996e-06,"passed":false}
CASE {"label":"acosh/1000000000000000019884624838656.000000/g=-0.500000/VJP","dtype":"float32","actual":[-0],"expected":[-4.99999992476267e-31],"tolerance":7.9999999999999996e-06,"passed":false}
CASE {"label":"acosh/1000000000000000019884624838656.000000/g=2.000000/JVP","dtype":"float32","actual":[0],"expected":[1.999999969905068e-30],"tolerance":7.9999999999999996e-06,"passed":false}
CASE {"label":"acosh/1000000000000000019884624838656.000000/g=2.000000/VJP","dtype":"float32","actual":[0],"expected":[1.999999969905068e-30],"tolerance":7.9999999999999996e-06,"passed":false}
CASE {"label":"asinh-higher/-2.000000/2","dtype":"float32","actual":[0.17888543009757996],"expected":[0.17888543819998318],"tolerance":7.9999999999999996e-06,"passed":true}
CASE {"label":"asinh-higher/-2.000000/3","dtype":"float32","actual":[0.12521980702877045],"expected":[0.12521980673998823],"tolerance":7.9999999999999996e-06,"passed":true}
CASE {"label":"asinh-higher/-1.000000/2","dtype":"float32","actual":[0.35355338454246521],"expected":[0.35355339059327373],"tolerance":7.9999999999999996e-06,"passed":true}
CASE {"label":"asinh-higher/-1.000000/3","dtype":"float32","actual":[0.17677667737007141],"expected":[0.17677669529663687],"tolerance":7.9999999999999996e-06,"passed":true}
CASE {"label":"asinh-higher/0.000000/2","dtype":"float32","actual":[-0],"expected":[-0],"tolerance":7.9999999999999996e-06,"passed":true}
CASE {"label":"asinh-higher/0.000000/3","dtype":"float32","actual":[-1],"expected":[-1],"tolerance":7.9999999999999996e-06,"passed":true}
CASE {"label":"asinh-higher/0.250000/2","dtype":"float32","actual":[-0.2282688319683075],"expected":[-0.2282688235636075],"tolerance":7.9999999999999996e-06,"passed":true}
CASE {"label":"asinh-higher/0.250000/3","dtype":"float32","actual":[-0.75194436311721802],"expected":[-0.75194435997423648],"tolerance":7.9999999999999996e-06,"passed":true}
CASE {"label":"asinh-higher/1.000000/2","dtype":"float32","actual":[-0.35355338454246521],"expected":[-0.35355339059327373],"tolerance":7.9999999999999996e-06,"passed":true}
CASE {"label":"asinh-higher/1.000000/3","dtype":"float32","actual":[0.17677667737007141],"expected":[0.17677669529663687],"tolerance":7.9999999999999996e-06,"passed":true}
CASE {"label":"asinh-higher/2.000000/2","dtype":"float32","actual":[-0.17888543009757996],"expected":[-0.17888543819998318],"tolerance":7.9999999999999996e-06,"passed":true}
CASE {"label":"asinh-higher/2.000000/3","dtype":"float32","actual":[0.12521980702877045],"expected":[0.12521980673998823],"tolerance":7.9999999999999996e-06,"passed":true}
CASE {"label":"acosh-higher/1.000100/2","dtype":"float32","actual":[-353500.75],"expected":[-353474.24333103816],"tolerance":7.9999999999999996e-06,"passed":false}
CASE {"label":"acosh-higher/1.000100/3","dtype":"float32","actual":[5301808640],"expected":[5301145620.2794666],"tolerance":7.9999999999999996e-06,"passed":false}
CASE {"label":"acosh-higher/1.250000/2","dtype":"float32","actual":[-2.9629631042480469],"expected":[-2.9629629629629628],"tolerance":7.9999999999999996e-06,"passed":true}
CASE {"label":"acosh-higher/1.250000/3","dtype":"float32","actual":[17.382715225219727],"expected":[17.382716049382715],"tolerance":7.9999999999999996e-06,"passed":true}
CASE {"label":"acosh-higher/2.000000/2","dtype":"float32","actual":[-0.38490018248558044],"expected":[-0.38490017945975058],"tolerance":7.9999999999999996e-06,"passed":true}
CASE {"label":"acosh-higher/2.000000/3","dtype":"float32","actual":[0.57735025882720947],"expected":[0.57735026918962584],"tolerance":7.9999999999999996e-06,"passed":true}
CASE {"label":"acosh-higher/10.000000/2","dtype":"float32","actual":[-0.010151898488402367],"expected":[-0.010151897123830425],"tolerance":7.9999999999999996e-06,"passed":true}
CASE {"label":"acosh-higher/10.000000/3","dtype":"float32","actual":[0.0020611428190022707],"expected":[0.0020611427493837532],"tolerance":7.9999999999999996e-06,"passed":true}
CASE {"label":"asinh-composite/0.500000/1","dtype":"float32","actual":[0],"expected":[2],"tolerance":7.9999999999999996e-06,"passed":false}
CASE {"label":"asinh-composite/0.500000/2","dtype":"float32","actual":[-0],"expected":[-4],"tolerance":7.9999999999999996e-06,"passed":false}
CASE {"label":"asinh-composite/0.500000/3","dtype":"float32","actual":["NaN"],"expected":[16],"tolerance":7.9999999999999996e-06,"passed":false}
CASE {"label":"asinh-composite/1.000000/1","dtype":"float32","actual":[0],"expected":[1],"tolerance":7.9999999999999996e-06,"passed":false}
CASE {"label":"asinh-composite/1.000000/2","dtype":"float32","actual":[-0],"expected":[-1],"tolerance":7.9999999999999996e-06,"passed":false}
CASE {"label":"asinh-composite/1.000000/3","dtype":"float32","actual":["NaN"],"expected":[2],"tolerance":7.9999999999999996e-06,"passed":false}
CASE {"label":"asinh-composite/1.000000/finite-difference","dtype":"float32","actual":[1.0001220703125],"expected":[1],"tolerance":0.00050000000000000001,"passed":true}
CASE {"label":"asinh-composite/2.000000/1","dtype":"float32","actual":[0],"expected":[0.5],"tolerance":7.9999999999999996e-06,"passed":false}
CASE {"label":"asinh-composite/2.000000/2","dtype":"float32","actual":[-0],"expected":[-0.25],"tolerance":7.9999999999999996e-06,"passed":false}
CASE {"label":"asinh-composite/2.000000/3","dtype":"float32","actual":["NaN"],"expected":[0.25],"tolerance":7.9999999999999996e-06,"passed":false}
CASE {"label":"asinh-composite/-1.000000/1","dtype":"float32","actual":[0],"expected":[1],"tolerance":7.9999999999999996e-06,"passed":false}
CASE {"label":"asinh-composite/-1.000000/2","dtype":"float32","actual":[0],"expected":[1],"tolerance":7.9999999999999996e-06,"passed":false}
CASE {"label":"asinh-composite/-1.000000/3","dtype":"float32","actual":["NaN"],"expected":[2],"tolerance":7.9999999999999996e-06,"passed":false}
CASE {"label":"asinh-matrix/JVP","dtype":"float32","actual":[0,0.70710676908493042,-0.35355338454246521,0,-0,0.97014254331588745],"expected":[0,0.70710678118654746,-0.35355339059327373,1.9999999599182461e-20,-9.9999997995912307e-21,0.97014250014533188],"tolerance":7.9999999999999996e-06,"passed":false}
CASE {"label":"asinh-matrix/VJP","dtype":"float32","actual":[0,0.70710676908493042,-0.35355338454246521,0,-0,0.97014254331588745],"expected":[0,0.70710678118654746,-0.35355339059327373,1.9999999599182461e-20,-9.9999997995912307e-21,0.97014250014533188],"tolerance":7.9999999999999996e-06,"passed":false}
CASE {"label":"asinh-matrix-strided/JVP","dtype":"float32","actual":[0,0.70710676908493042,-0.35355338454246521,0,-0,0.97014254331588745],"expected":[0,0.70710678118654746,-0.35355339059327373,1.9999999599182461e-20,-9.9999997995912307e-21,0.97014250014533188],"tolerance":7.9999999999999996e-06,"passed":false}
CASE {"label":"asinh-matrix-strided/VJP","dtype":"float32","actual":[0,0.70710676908493042,-0.35355338454246521,0,-0,0.97014254331588745],"expected":[0,0.70710678118654746,-0.35355339059327373,1.9999999599182461e-20,-9.9999997995912307e-21,0.97014250014533188],"tolerance":7.9999999999999996e-06,"passed":false}
CASE {"label":"acosh-composite/0.500000/1","dtype":"float32","actual":[0],"expected":[2],"tolerance":7.9999999999999996e-06,"passed":false}
CASE {"label":"acosh-composite/0.500000/2","dtype":"float32","actual":[-0],"expected":[-4],"tolerance":7.9999999999999996e-06,"passed":false}
CASE {"label":"acosh-composite/0.500000/3","dtype":"float32","actual":["NaN"],"expected":[16],"tolerance":7.9999999999999996e-06,"passed":false}
CASE {"label":"acosh-composite/1.000000/1","dtype":"float32","actual":[0],"expected":[1],"tolerance":7.9999999999999996e-06,"passed":false}
CASE {"label":"acosh-composite/1.000000/2","dtype":"float32","actual":[-0],"expected":[-1],"tolerance":7.9999999999999996e-06,"passed":false}
CASE {"label":"acosh-composite/1.000000/3","dtype":"float32","actual":["NaN"],"expected":[2],"tolerance":7.9999999999999996e-06,"passed":false}
CASE {"label":"acosh-composite/1.000000/finite-difference","dtype":"float32","actual":[1.0001220703125],"expected":[1],"tolerance":0.00050000000000000001,"passed":true}
CASE {"label":"acosh-composite/2.000000/1","dtype":"float32","actual":[0],"expected":[0.5],"tolerance":7.9999999999999996e-06,"passed":false}
CASE {"label":"acosh-composite/2.000000/2","dtype":"float32","actual":[-0],"expected":[-0.25],"tolerance":7.9999999999999996e-06,"passed":false}
CASE {"label":"acosh-composite/2.000000/3","dtype":"float32","actual":["NaN"],"expected":[0.25],"tolerance":7.9999999999999996e-06,"passed":false}
CASE {"label":"acosh-matrix/JVP","dtype":"float32","actual":[0,0.57735025882720947,-0.1767766922712326,0,-0.57735025882720947,1.3333333730697632],"expected":[0,0.57735026918962584,-0.17677669529663687,1.9999999599182461e-20,-0.57735026918962584,1.3333333333333333],"tolerance":7.9999999999999996e-06,"passed":false}
CASE {"label":"acosh-matrix/VJP","dtype":"float32","actual":[0,0.57735025882720947,-0.1767766922712326,0,-0.57735025882720947,1.3333333730697632],"expected":[0,0.57735026918962584,-0.17677669529663687,1.9999999599182461e-20,-0.57735026918962584,1.3333333333333333],"tolerance":7.9999999999999996e-06,"passed":false}
CASE {"label":"acosh-matrix-strided/JVP","dtype":"float32","actual":[0,0.57735025882720947,-0.1767766922712326,0,-0.57735025882720947,1.3333333730697632],"expected":[0,0.57735026918962584,-0.17677669529663687,1.9999999599182461e-20,-0.57735026918962584,1.3333333333333333],"tolerance":7.9999999999999996e-06,"passed":false}
CASE {"label":"acosh-matrix-strided/VJP","dtype":"float32","actual":[0,0.57735025882720947,-0.1767766922712326,0,-0.57735025882720947,1.3333333730697632],"expected":[0,0.57735026918962584,-0.17677669529663687,1.9999999599182461e-20,-0.57735026918962584,1.3333333333333333],"tolerance":7.9999999999999996e-06,"passed":false}
CASE {"label":"asinh/0.000000/g=0.000000/JVP","dtype":"float64","actual":[0],"expected":[0],"tolerance":2.9999999999999998e-13,"passed":true}
CASE {"label":"asinh/0.000000/g=0.000000/VJP","dtype":"float64","actual":[0],"expected":[0],"tolerance":2.9999999999999998e-13,"passed":true}
CASE {"label":"asinh/0.000000/g=1.000000/JVP","dtype":"float64","actual":[1],"expected":[1],"tolerance":2.9999999999999998e-13,"passed":true}
CASE {"label":"asinh/0.000000/g=1.000000/VJP","dtype":"float64","actual":[1],"expected":[1],"tolerance":2.9999999999999998e-13,"passed":true}
CASE {"label":"asinh/0.000000/g=-0.500000/JVP","dtype":"float64","actual":[-0.5],"expected":[-0.5],"tolerance":2.9999999999999998e-13,"passed":true}
CASE {"label":"asinh/0.000000/g=-0.500000/VJP","dtype":"float64","actual":[-0.5],"expected":[-0.5],"tolerance":2.9999999999999998e-13,"passed":true}
CASE {"label":"asinh/0.000000/g=2.000000/JVP","dtype":"float64","actual":[2],"expected":[2],"tolerance":2.9999999999999998e-13,"passed":true}
CASE {"label":"asinh/0.000000/g=2.000000/VJP","dtype":"float64","actual":[2],"expected":[2],"tolerance":2.9999999999999998e-13,"passed":true}
CASE {"label":"asinh/-0.000001/g=0.000000/JVP","dtype":"float64","actual":[0],"expected":[0],"tolerance":2.9999999999999998e-13,"passed":true}
CASE {"label":"asinh/-0.000001/g=0.000000/VJP","dtype":"float64","actual":[0],"expected":[0],"tolerance":2.9999999999999998e-13,"passed":true}
CASE {"label":"asinh/-0.000001/g=1.000000/JVP","dtype":"float64","actual":[0.99999999999949996],"expected":[0.99999999999949996],"tolerance":2.9999999999999998e-13,"passed":true}
CASE {"label":"asinh/-0.000001/g=1.000000/VJP","dtype":"float64","actual":[0.99999999999949996],"expected":[0.99999999999949996],"tolerance":2.9999999999999998e-13,"passed":true}
CASE {"label":"asinh/-0.000001/g=-0.500000/JVP","dtype":"float64","actual":[-0.49999999999974998],"expected":[-0.49999999999974998],"tolerance":2.9999999999999998e-13,"passed":true}
CASE {"label":"asinh/-0.000001/g=-0.500000/VJP","dtype":"float64","actual":[-0.49999999999974998],"expected":[-0.49999999999974998],"tolerance":2.9999999999999998e-13,"passed":true}
CASE {"label":"asinh/-0.000001/g=2.000000/JVP","dtype":"float64","actual":[1.9999999999989999],"expected":[1.9999999999989999],"tolerance":2.9999999999999998e-13,"passed":true}
CASE {"label":"asinh/-0.000001/g=2.000000/VJP","dtype":"float64","actual":[1.9999999999989999],"expected":[1.9999999999989999],"tolerance":2.9999999999999998e-13,"passed":true}
CASE {"label":"asinh/0.000001/g=0.000000/JVP","dtype":"float64","actual":[0],"expected":[0],"tolerance":2.9999999999999998e-13,"passed":true}
CASE {"label":"asinh/0.000001/g=0.000000/VJP","dtype":"float64","actual":[0],"expected":[0],"tolerance":2.9999999999999998e-13,"passed":true}
CASE {"label":"asinh/0.000001/g=1.000000/JVP","dtype":"float64","actual":[0.99999999999949996],"expected":[0.99999999999949996],"tolerance":2.9999999999999998e-13,"passed":true}
CASE {"label":"asinh/0.000001/g=1.000000/VJP","dtype":"float64","actual":[0.99999999999949996],"expected":[0.99999999999949996],"tolerance":2.9999999999999998e-13,"passed":true}
CASE {"label":"asinh/0.000001/g=-0.500000/JVP","dtype":"float64","actual":[-0.49999999999974998],"expected":[-0.49999999999974998],"tolerance":2.9999999999999998e-13,"passed":true}
CASE {"label":"asinh/0.000001/g=-0.500000/VJP","dtype":"float64","actual":[-0.49999999999974998],"expected":[-0.49999999999974998],"tolerance":2.9999999999999998e-13,"passed":true}
CASE {"label":"asinh/0.000001/g=2.000000/JVP","dtype":"float64","actual":[1.9999999999989999],"expected":[1.9999999999989999],"tolerance":2.9999999999999998e-13,"passed":true}
CASE {"label":"asinh/0.000001/g=2.000000/VJP","dtype":"float64","actual":[1.9999999999989999],"expected":[1.9999999999989999],"tolerance":2.9999999999999998e-13,"passed":true}
CASE {"label":"asinh/-1.000000/g=0.000000/JVP","dtype":"float64","actual":[0],"expected":[0],"tolerance":2.9999999999999998e-13,"passed":true}
CASE {"label":"asinh/-1.000000/g=0.000000/VJP","dtype":"float64","actual":[0],"expected":[0],"tolerance":2.9999999999999998e-13,"passed":true}
CASE {"label":"asinh/-1.000000/g=1.000000/JVP","dtype":"float64","actual":[0.70710678118654746],"expected":[0.70710678118654746],"tolerance":2.9999999999999998e-13,"passed":true}
CASE {"label":"asinh/-1.000000/g=1.000000/VJP","dtype":"float64","actual":[0.70710678118654746],"expected":[0.70710678118654746],"tolerance":2.9999999999999998e-13,"passed":true}
CASE {"label":"asinh/-1.000000/g=-0.500000/JVP","dtype":"float64","actual":[-0.35355339059327373],"expected":[-0.35355339059327373],"tolerance":2.9999999999999998e-13,"passed":true}
CASE {"label":"asinh/-1.000000/g=-0.500000/VJP","dtype":"float64","actual":[-0.35355339059327373],"expected":[-0.35355339059327373],"tolerance":2.9999999999999998e-13,"passed":true}
CASE {"label":"asinh/-1.000000/g=2.000000/JVP","dtype":"float64","actual":[1.4142135623730949],"expected":[1.4142135623730949],"tolerance":2.9999999999999998e-13,"passed":true}
CASE {"label":"asinh/-1.000000/g=2.000000/VJP","dtype":"float64","actual":[1.4142135623730949],"expected":[1.4142135623730949],"tolerance":2.9999999999999998e-13,"passed":true}
CASE {"label":"asinh/1.000000/g=0.000000/JVP","dtype":"float64","actual":[0],"expected":[0],"tolerance":2.9999999999999998e-13,"passed":true}
CASE {"label":"asinh/1.000000/g=0.000000/VJP","dtype":"float64","actual":[0],"expected":[0],"tolerance":2.9999999999999998e-13,"passed":true}
CASE {"label":"asinh/1.000000/g=1.000000/JVP","dtype":"float64","actual":[0.70710678118654746],"expected":[0.70710678118654746],"tolerance":2.9999999999999998e-13,"passed":true}
CASE {"label":"asinh/1.000000/g=1.000000/VJP","dtype":"float64","actual":[0.70710678118654746],"expected":[0.70710678118654746],"tolerance":2.9999999999999998e-13,"passed":true}
CASE {"label":"asinh/1.000000/g=-0.500000/JVP","dtype":"float64","actual":[-0.35355339059327373],"expected":[-0.35355339059327373],"tolerance":2.9999999999999998e-13,"passed":true}
CASE {"label":"asinh/1.000000/g=-0.500000/VJP","dtype":"float64","actual":[-0.35355339059327373],"expected":[-0.35355339059327373],"tolerance":2.9999999999999998e-13,"passed":true}
CASE {"label":"asinh/1.000000/g=2.000000/JVP","dtype":"float64","actual":[1.4142135623730949],"expected":[1.4142135623730949],"tolerance":2.9999999999999998e-13,"passed":true}
CASE {"label":"asinh/1.000000/g=2.000000/VJP","dtype":"float64","actual":[1.4142135623730949],"expected":[1.4142135623730949],"tolerance":2.9999999999999998e-13,"passed":true}
CASE {"label":"asinh/2.000000/g=0.000000/JVP","dtype":"float64","actual":[0],"expected":[0],"tolerance":2.9999999999999998e-13,"passed":true}
CASE {"label":"asinh/2.000000/g=0.000000/VJP","dtype":"float64","actual":[0],"expected":[0],"tolerance":2.9999999999999998e-13,"passed":true}
CASE {"label":"asinh/2.000000/g=1.000000/JVP","dtype":"float64","actual":[0.44721359549995793],"expected":[0.44721359549995793],"tolerance":2.9999999999999998e-13,"passed":true}
CASE {"label":"asinh/2.000000/g=1.000000/VJP","dtype":"float64","actual":[0.44721359549995793],"expected":[0.44721359549995793],"tolerance":2.9999999999999998e-13,"passed":true}
CASE {"label":"asinh/2.000000/g=-0.500000/JVP","dtype":"float64","actual":[-0.22360679774997896],"expected":[-0.22360679774997896],"tolerance":2.9999999999999998e-13,"passed":true}
CASE {"label":"asinh/2.000000/g=-0.500000/VJP","dtype":"float64","actual":[-0.22360679774997896],"expected":[-0.22360679774997896],"tolerance":2.9999999999999998e-13,"passed":true}
CASE {"label":"asinh/2.000000/g=2.000000/JVP","dtype":"float64","actual":[0.89442719099991586],"expected":[0.89442719099991586],"tolerance":2.9999999999999998e-13,"passed":true}
CASE {"label":"asinh/2.000000/g=2.000000/VJP","dtype":"float64","actual":[0.89442719099991586],"expected":[0.89442719099991586],"tolerance":2.9999999999999998e-13,"passed":true}
CASE {"label":"asinh/10.000000/g=0.000000/JVP","dtype":"float64","actual":[0],"expected":[0],"tolerance":2.9999999999999998e-13,"passed":true}
CASE {"label":"asinh/10.000000/g=0.000000/VJP","dtype":"float64","actual":[0],"expected":[0],"tolerance":2.9999999999999998e-13,"passed":true}
CASE {"label":"asinh/10.000000/g=1.000000/JVP","dtype":"float64","actual":[0.099503719020998915],"expected":[0.099503719020998915],"tolerance":2.9999999999999998e-13,"passed":true}
CASE {"label":"asinh/10.000000/g=1.000000/VJP","dtype":"float64","actual":[0.099503719020998915],"expected":[0.099503719020998915],"tolerance":2.9999999999999998e-13,"passed":true}
CASE {"label":"asinh/10.000000/g=-0.500000/JVP","dtype":"float64","actual":[-0.049751859510499458],"expected":[-0.049751859510499458],"tolerance":2.9999999999999998e-13,"passed":true}
CASE {"label":"asinh/10.000000/g=-0.500000/VJP","dtype":"float64","actual":[-0.049751859510499458],"expected":[-0.049751859510499458],"tolerance":2.9999999999999998e-13,"passed":true}
CASE {"label":"asinh/10.000000/g=2.000000/JVP","dtype":"float64","actual":[0.19900743804199783],"expected":[0.19900743804199783],"tolerance":2.9999999999999998e-13,"passed":true}
CASE {"label":"asinh/10.000000/g=2.000000/VJP","dtype":"float64","actual":[0.19900743804199783],"expected":[0.19900743804199783],"tolerance":2.9999999999999998e-13,"passed":true}
CASE {"label":"asinh/99999999999999996973312221251036165947450327545502362648241750950346848435554075534196338404706251868027512415973882408182135734368278484639385041047239877871023591066789981811181813306167128854888448.000000/g=0.000000/JVP","dtype":"float64","actual":[0],"expected":[0],"tolerance":2.9999999999999998e-13,"passed":true}
CASE {"label":"asinh/99999999999999996973312221251036165947450327545502362648241750950346848435554075534196338404706251868027512415973882408182135734368278484639385041047239877871023591066789981811181813306167128854888448.000000/g=0.000000/VJP","dtype":"float64","actual":[0],"expected":[0],"tolerance":2.9999999999999998e-13,"passed":true}
CASE {"label":"asinh/99999999999999996973312221251036165947450327545502362648241750950346848435554075534196338404706251868027512415973882408182135734368278484639385041047239877871023591066789981811181813306167128854888448.000000/g=1.000000/JVP","dtype":"float64","actual":[0],"expected":[9.9999999999999998e-201],"tolerance":2.9999999999999998e-13,"passed":false}
CASE {"label":"asinh/99999999999999996973312221251036165947450327545502362648241750950346848435554075534196338404706251868027512415973882408182135734368278484639385041047239877871023591066789981811181813306167128854888448.000000/g=1.000000/VJP","dtype":"float64","actual":[0],"expected":[9.9999999999999998e-201],"tolerance":2.9999999999999998e-13,"passed":false}
CASE {"label":"asinh/99999999999999996973312221251036165947450327545502362648241750950346848435554075534196338404706251868027512415973882408182135734368278484639385041047239877871023591066789981811181813306167128854888448.000000/g=-0.500000/JVP","dtype":"float64","actual":[-0],"expected":[-4.9999999999999999e-201],"tolerance":2.9999999999999998e-13,"passed":false}
CASE {"label":"asinh/99999999999999996973312221251036165947450327545502362648241750950346848435554075534196338404706251868027512415973882408182135734368278484639385041047239877871023591066789981811181813306167128854888448.000000/g=-0.500000/VJP","dtype":"float64","actual":[-0],"expected":[-4.9999999999999999e-201],"tolerance":2.9999999999999998e-13,"passed":false}
CASE {"label":"asinh/99999999999999996973312221251036165947450327545502362648241750950346848435554075534196338404706251868027512415973882408182135734368278484639385041047239877871023591066789981811181813306167128854888448.000000/g=2.000000/JVP","dtype":"float64","actual":[0],"expected":[2e-200],"tolerance":2.9999999999999998e-13,"passed":false}
CASE {"label":"asinh/99999999999999996973312221251036165947450327545502362648241750950346848435554075534196338404706251868027512415973882408182135734368278484639385041047239877871023591066789981811181813306167128854888448.000000/g=2.000000/VJP","dtype":"float64","actual":[0],"expected":[2e-200],"tolerance":2.9999999999999998e-13,"passed":false}
CASE {"label":"asinh/-99999999999999996973312221251036165947450327545502362648241750950346848435554075534196338404706251868027512415973882408182135734368278484639385041047239877871023591066789981811181813306167128854888448.000000/g=0.000000/JVP","dtype":"float64","actual":[0],"expected":[0],"tolerance":2.9999999999999998e-13,"passed":true}
CASE {"label":"asinh/-99999999999999996973312221251036165947450327545502362648241750950346848435554075534196338404706251868027512415973882408182135734368278484639385041047239877871023591066789981811181813306167128854888448.000000/g=0.000000/VJP","dtype":"float64","actual":[0],"expected":[0],"tolerance":2.9999999999999998e-13,"passed":true}
CASE {"label":"asinh/-99999999999999996973312221251036165947450327545502362648241750950346848435554075534196338404706251868027512415973882408182135734368278484639385041047239877871023591066789981811181813306167128854888448.000000/g=1.000000/JVP","dtype":"float64","actual":[0],"expected":[9.9999999999999998e-201],"tolerance":2.9999999999999998e-13,"passed":false}
CASE {"label":"asinh/-99999999999999996973312221251036165947450327545502362648241750950346848435554075534196338404706251868027512415973882408182135734368278484639385041047239877871023591066789981811181813306167128854888448.000000/g=1.000000/VJP","dtype":"float64","actual":[0],"expected":[9.9999999999999998e-201],"tolerance":2.9999999999999998e-13,"passed":false}
CASE {"label":"asinh/-99999999999999996973312221251036165947450327545502362648241750950346848435554075534196338404706251868027512415973882408182135734368278484639385041047239877871023591066789981811181813306167128854888448.000000/g=-0.500000/JVP","dtype":"float64","actual":[-0],"expected":[-4.9999999999999999e-201],"tolerance":2.9999999999999998e-13,"passed":false}
CASE {"label":"asinh/-99999999999999996973312221251036165947450327545502362648241750950346848435554075534196338404706251868027512415973882408182135734368278484639385041047239877871023591066789981811181813306167128854888448.000000/g=-0.500000/VJP","dtype":"float64","actual":[-0],"expected":[-4.9999999999999999e-201],"tolerance":2.9999999999999998e-13,"passed":false}
CASE {"label":"asinh/-99999999999999996973312221251036165947450327545502362648241750950346848435554075534196338404706251868027512415973882408182135734368278484639385041047239877871023591066789981811181813306167128854888448.000000/g=2.000000/JVP","dtype":"float64","actual":[0],"expected":[2e-200],"tolerance":2.9999999999999998e-13,"passed":false}
CASE {"label":"asinh/-99999999999999996973312221251036165947450327545502362648241750950346848435554075534196338404706251868027512415973882408182135734368278484639385041047239877871023591066789981811181813306167128854888448.000000/g=2.000000/VJP","dtype":"float64","actual":[0],"expected":[2e-200],"tolerance":2.9999999999999998e-13,"passed":false}
CASE {"label":"asinh/1000000000000000052504760255204420248704468581108159154915854115511802457988908195786371375080447864043704443832883878176942523235360430575644792184786706982848387200926575803737830233794788090059368953234970799945081119038967640880074652742780142494579258788820056842838115669472196386865459400540160.000000/g=0.000000/JVP","dtype":"float64","actual":[0],"expected":[0],"tolerance":2.9999999999999998e-13,"passed":true}
CASE {"label":"asinh/1000000000000000052504760255204420248704468581108159154915854115511802457988908195786371375080447864043704443832883878176942523235360430575644792184786706982848387200926575803737830233794788090059368953234970799945081119038967640880074652742780142494579258788820056842838115669472196386865459400540160.000000/g=0.000000/VJP","dtype":"float64","actual":[0],"expected":[0],"tolerance":2.9999999999999998e-13,"passed":true}
CASE {"label":"asinh/1000000000000000052504760255204420248704468581108159154915854115511802457988908195786371375080447864043704443832883878176942523235360430575644792184786706982848387200926575803737830233794788090059368953234970799945081119038967640880074652742780142494579258788820056842838115669472196386865459400540160.000000/g=1.000000/JVP","dtype":"float64","actual":[0],"expected":[1e-300],"tolerance":2.9999999999999998e-13,"passed":false}
CASE {"label":"asinh/1000000000000000052504760255204420248704468581108159154915854115511802457988908195786371375080447864043704443832883878176942523235360430575644792184786706982848387200926575803737830233794788090059368953234970799945081119038967640880074652742780142494579258788820056842838115669472196386865459400540160.000000/g=1.000000/VJP","dtype":"float64","actual":[0],"expected":[1e-300],"tolerance":2.9999999999999998e-13,"passed":false}
CASE {"label":"asinh/1000000000000000052504760255204420248704468581108159154915854115511802457988908195786371375080447864043704443832883878176942523235360430575644792184786706982848387200926575803737830233794788090059368953234970799945081119038967640880074652742780142494579258788820056842838115669472196386865459400540160.000000/g=-0.500000/JVP","dtype":"float64","actual":[-0],"expected":[-5.0000000000000001e-301],"tolerance":2.9999999999999998e-13,"passed":false}
CASE {"label":"asinh/1000000000000000052504760255204420248704468581108159154915854115511802457988908195786371375080447864043704443832883878176942523235360430575644792184786706982848387200926575803737830233794788090059368953234970799945081119038967640880074652742780142494579258788820056842838115669472196386865459400540160.000000/g=-0.500000/VJP","dtype":"float64","actual":[-0],"expected":[-5.0000000000000001e-301],"tolerance":2.9999999999999998e-13,"passed":false}
CASE {"label":"asinh/1000000000000000052504760255204420248704468581108159154915854115511802457988908195786371375080447864043704443832883878176942523235360430575644792184786706982848387200926575803737830233794788090059368953234970799945081119038967640880074652742780142494579258788820056842838115669472196386865459400540160.000000/g=2.000000/JVP","dtype":"float64","actual":[0],"expected":[2.0000000000000001e-300],"tolerance":2.9999999999999998e-13,"passed":false}
CASE {"label":"asinh/1000000000000000052504760255204420248704468581108159154915854115511802457988908195786371375080447864043704443832883878176942523235360430575644792184786706982848387200926575803737830233794788090059368953234970799945081119038967640880074652742780142494579258788820056842838115669472196386865459400540160.000000/g=2.000000/VJP","dtype":"float64","actual":[0],"expected":[2.0000000000000001e-300],"tolerance":2.9999999999999998e-13,"passed":false}
CASE {"label":"asinh/-1000000000000000052504760255204420248704468581108159154915854115511802457988908195786371375080447864043704443832883878176942523235360430575644792184786706982848387200926575803737830233794788090059368953234970799945081119038967640880074652742780142494579258788820056842838115669472196386865459400540160.000000/g=0.000000/JVP","dtype":"float64","actual":[0],"expected":[0],"tolerance":2.9999999999999998e-13,"passed":true}
CASE {"label":"asinh/-1000000000000000052504760255204420248704468581108159154915854115511802457988908195786371375080447864043704443832883878176942523235360430575644792184786706982848387200926575803737830233794788090059368953234970799945081119038967640880074652742780142494579258788820056842838115669472196386865459400540160.000000/g=0.000000/VJP","dtype":"float64","actual":[0],"expected":[0],"tolerance":2.9999999999999998e-13,"passed":true}
CASE {"label":"asinh/-1000000000000000052504760255204420248704468581108159154915854115511802457988908195786371375080447864043704443832883878176942523235360430575644792184786706982848387200926575803737830233794788090059368953234970799945081119038967640880074652742780142494579258788820056842838115669472196386865459400540160.000000/g=1.000000/JVP","dtype":"float64","actual":[0],"expected":[1e-300],"tolerance":2.9999999999999998e-13,"passed":false}
CASE {"label":"asinh/-1000000000000000052504760255204420248704468581108159154915854115511802457988908195786371375080447864043704443832883878176942523235360430575644792184786706982848387200926575803737830233794788090059368953234970799945081119038967640880074652742780142494579258788820056842838115669472196386865459400540160.000000/g=1.000000/VJP","dtype":"float64","actual":[0],"expected":[1e-300],"tolerance":2.9999999999999998e-13,"passed":false}
CASE {"label":"asinh/-1000000000000000052504760255204420248704468581108159154915854115511802457988908195786371375080447864043704443832883878176942523235360430575644792184786706982848387200926575803737830233794788090059368953234970799945081119038967640880074652742780142494579258788820056842838115669472196386865459400540160.000000/g=-0.500000/JVP","dtype":"float64","actual":[-0],"expected":[-5.0000000000000001e-301],"tolerance":2.9999999999999998e-13,"passed":false}
CASE {"label":"asinh/-1000000000000000052504760255204420248704468581108159154915854115511802457988908195786371375080447864043704443832883878176942523235360430575644792184786706982848387200926575803737830233794788090059368953234970799945081119038967640880074652742780142494579258788820056842838115669472196386865459400540160.000000/g=-0.500000/VJP","dtype":"float64","actual":[-0],"expected":[-5.0000000000000001e-301],"tolerance":2.9999999999999998e-13,"passed":false}
CASE {"label":"asinh/-1000000000000000052504760255204420248704468581108159154915854115511802457988908195786371375080447864043704443832883878176942523235360430575644792184786706982848387200926575803737830233794788090059368953234970799945081119038967640880074652742780142494579258788820056842838115669472196386865459400540160.000000/g=2.000000/JVP","dtype":"float64","actual":[0],"expected":[2.0000000000000001e-300],"tolerance":2.9999999999999998e-13,"passed":false}
CASE {"label":"asinh/-1000000000000000052504760255204420248704468581108159154915854115511802457988908195786371375080447864043704443832883878176942523235360430575644792184786706982848387200926575803737830233794788090059368953234970799945081119038967640880074652742780142494579258788820056842838115669472196386865459400540160.000000/g=2.000000/VJP","dtype":"float64","actual":[0],"expected":[2.0000000000000001e-300],"tolerance":2.9999999999999998e-13,"passed":false}
CASE {"label":"acosh/1.000000/g=0.000000/JVP","dtype":"float64","actual":[0],"expected":[0],"tolerance":2.9999999999999998e-13,"passed":true}
CASE {"label":"acosh/1.000000/g=0.000000/VJP","dtype":"float64","actual":[0],"expected":[0],"tolerance":2.9999999999999998e-13,"passed":true}
CASE {"label":"acosh/1.000000/g=1.000000/JVP","dtype":"float64","actual":[47453132.812125772],"expected":[47453132.812125772],"tolerance":2.9999999999999998e-13,"passed":true}
CASE {"label":"acosh/1.000000/g=1.000000/VJP","dtype":"float64","actual":[47453132.812125772],"expected":[47453132.812125772],"tolerance":2.9999999999999998e-13,"passed":true}
CASE {"label":"acosh/1.000000/g=-0.500000/JVP","dtype":"float64","actual":[-23726566.406062886],"expected":[-23726566.406062886],"tolerance":2.9999999999999998e-13,"passed":true}
CASE {"label":"acosh/1.000000/g=-0.500000/VJP","dtype":"float64","actual":[-23726566.406062886],"expected":[-23726566.406062886],"tolerance":2.9999999999999998e-13,"passed":true}
CASE {"label":"acosh/1.000000/g=2.000000/JVP","dtype":"float64","actual":[94906265.624251544],"expected":[94906265.624251544],"tolerance":2.9999999999999998e-13,"passed":true}
CASE {"label":"acosh/1.000000/g=2.000000/VJP","dtype":"float64","actual":[94906265.624251544],"expected":[94906265.624251544],"tolerance":2.9999999999999998e-13,"passed":true}
CASE {"label":"acosh/1.000100/g=0.000000/JVP","dtype":"float64","actual":[0],"expected":[0],"tolerance":2.9999999999999998e-13,"passed":true}
CASE {"label":"acosh/1.000100/g=0.000000/VJP","dtype":"float64","actual":[0],"expected":[0],"tolerance":2.9999999999999998e-13,"passed":true}
CASE {"label":"acosh/1.000100/g=1.000000/JVP","dtype":"float64","actual":[70.708910418004919],"expected":[70.70891041799419],"tolerance":2.9999999999999998e-13,"passed":true}
CASE {"label":"acosh/1.000100/g=1.000000/VJP","dtype":"float64","actual":[70.708910418004919],"expected":[70.70891041799419],"tolerance":2.9999999999999998e-13,"passed":true}
CASE {"label":"acosh/1.000100/g=-0.500000/JVP","dtype":"float64","actual":[-35.35445520900246],"expected":[-35.354455208997095],"tolerance":2.9999999999999998e-13,"passed":true}
CASE {"label":"acosh/1.000100/g=-0.500000/VJP","dtype":"float64","actual":[-35.35445520900246],"expected":[-35.354455208997095],"tolerance":2.9999999999999998e-13,"passed":true}
CASE {"label":"acosh/1.000100/g=2.000000/JVP","dtype":"float64","actual":[141.41782083600984],"expected":[141.41782083598838],"tolerance":2.9999999999999998e-13,"passed":true}
CASE {"label":"acosh/1.000100/g=2.000000/VJP","dtype":"float64","actual":[141.41782083600984],"expected":[141.41782083598838],"tolerance":2.9999999999999998e-13,"passed":true}
CASE {"label":"acosh/1.250000/g=0.000000/JVP","dtype":"float64","actual":[0],"expected":[0],"tolerance":2.9999999999999998e-13,"passed":true}
CASE {"label":"acosh/1.250000/g=0.000000/VJP","dtype":"float64","actual":[0],"expected":[0],"tolerance":2.9999999999999998e-13,"passed":true}
CASE {"label":"acosh/1.250000/g=1.000000/JVP","dtype":"float64","actual":[1.3333333333333333],"expected":[1.3333333333333333],"tolerance":2.9999999999999998e-13,"passed":true}
CASE {"label":"acosh/1.250000/g=1.000000/VJP","dtype":"float64","actual":[1.3333333333333333],"expected":[1.3333333333333333],"tolerance":2.9999999999999998e-13,"passed":true}
CASE {"label":"acosh/1.250000/g=-0.500000/JVP","dtype":"float64","actual":[-0.66666666666666663],"expected":[-0.66666666666666663],"tolerance":2.9999999999999998e-13,"passed":true}
CASE {"label":"acosh/1.250000/g=-0.500000/VJP","dtype":"float64","actual":[-0.66666666666666663],"expected":[-0.66666666666666663],"tolerance":2.9999999999999998e-13,"passed":true}
CASE {"label":"acosh/1.250000/g=2.000000/JVP","dtype":"float64","actual":[2.6666666666666665],"expected":[2.6666666666666665],"tolerance":2.9999999999999998e-13,"passed":true}
CASE {"label":"acosh/1.250000/g=2.000000/VJP","dtype":"float64","actual":[2.6666666666666665],"expected":[2.6666666666666665],"tolerance":2.9999999999999998e-13,"passed":true}
CASE {"label":"acosh/2.000000/g=0.000000/JVP","dtype":"float64","actual":[0],"expected":[0],"tolerance":2.9999999999999998e-13,"passed":true}
CASE {"label":"acosh/2.000000/g=0.000000/VJP","dtype":"float64","actual":[0],"expected":[0],"tolerance":2.9999999999999998e-13,"passed":true}
CASE {"label":"acosh/2.000000/g=1.000000/JVP","dtype":"float64","actual":[0.57735026918962584],"expected":[0.57735026918962584],"tolerance":2.9999999999999998e-13,"passed":true}
CASE {"label":"acosh/2.000000/g=1.000000/VJP","dtype":"float64","actual":[0.57735026918962584],"expected":[0.57735026918962584],"tolerance":2.9999999999999998e-13,"passed":true}
CASE {"label":"acosh/2.000000/g=-0.500000/JVP","dtype":"float64","actual":[-0.28867513459481292],"expected":[-0.28867513459481292],"tolerance":2.9999999999999998e-13,"passed":true}
CASE {"label":"acosh/2.000000/g=-0.500000/VJP","dtype":"float64","actual":[-0.28867513459481292],"expected":[-0.28867513459481292],"tolerance":2.9999999999999998e-13,"passed":true}
CASE {"label":"acosh/2.000000/g=2.000000/JVP","dtype":"float64","actual":[1.1547005383792517],"expected":[1.1547005383792517],"tolerance":2.9999999999999998e-13,"passed":true}
CASE {"label":"acosh/2.000000/g=2.000000/VJP","dtype":"float64","actual":[1.1547005383792517],"expected":[1.1547005383792517],"tolerance":2.9999999999999998e-13,"passed":true}
CASE {"label":"acosh/10.000000/g=0.000000/JVP","dtype":"float64","actual":[0],"expected":[0],"tolerance":2.9999999999999998e-13,"passed":true}
CASE {"label":"acosh/10.000000/g=0.000000/VJP","dtype":"float64","actual":[0],"expected":[0],"tolerance":2.9999999999999998e-13,"passed":true}
CASE {"label":"acosh/10.000000/g=1.000000/JVP","dtype":"float64","actual":[0.10050378152592121],"expected":[0.10050378152592121],"tolerance":2.9999999999999998e-13,"passed":true}
CASE {"label":"acosh/10.000000/g=1.000000/VJP","dtype":"float64","actual":[0.10050378152592121],"expected":[0.10050378152592121],"tolerance":2.9999999999999998e-13,"passed":true}
CASE {"label":"acosh/10.000000/g=-0.500000/JVP","dtype":"float64","actual":[-0.050251890762960605],"expected":[-0.050251890762960605],"tolerance":2.9999999999999998e-13,"passed":true}
CASE {"label":"acosh/10.000000/g=-0.500000/VJP","dtype":"float64","actual":[-0.050251890762960605],"expected":[-0.050251890762960605],"tolerance":2.9999999999999998e-13,"passed":true}
CASE {"label":"acosh/10.000000/g=2.000000/JVP","dtype":"float64","actual":[0.20100756305184242],"expected":[0.20100756305184242],"tolerance":2.9999999999999998e-13,"passed":true}
CASE {"label":"acosh/10.000000/g=2.000000/VJP","dtype":"float64","actual":[0.20100756305184242],"expected":[0.20100756305184242],"tolerance":2.9999999999999998e-13,"passed":true}
CASE {"label":"acosh/99999999999999996973312221251036165947450327545502362648241750950346848435554075534196338404706251868027512415973882408182135734368278484639385041047239877871023591066789981811181813306167128854888448.000000/g=0.000000/JVP","dtype":"float64","actual":[0],"expected":[0],"tolerance":2.9999999999999998e-13,"passed":true}
CASE {"label":"acosh/99999999999999996973312221251036165947450327545502362648241750950346848435554075534196338404706251868027512415973882408182135734368278484639385041047239877871023591066789981811181813306167128854888448.000000/g=0.000000/VJP","dtype":"float64","actual":[0],"expected":[0],"tolerance":2.9999999999999998e-13,"passed":true}
CASE {"label":"acosh/99999999999999996973312221251036165947450327545502362648241750950346848435554075534196338404706251868027512415973882408182135734368278484639385041047239877871023591066789981811181813306167128854888448.000000/g=1.000000/JVP","dtype":"float64","actual":[0],"expected":[9.9999999999999998e-201],"tolerance":2.9999999999999998e-13,"passed":false}
CASE {"label":"acosh/99999999999999996973312221251036165947450327545502362648241750950346848435554075534196338404706251868027512415973882408182135734368278484639385041047239877871023591066789981811181813306167128854888448.000000/g=1.000000/VJP","dtype":"float64","actual":[0],"expected":[9.9999999999999998e-201],"tolerance":2.9999999999999998e-13,"passed":false}
CASE {"label":"acosh/99999999999999996973312221251036165947450327545502362648241750950346848435554075534196338404706251868027512415973882408182135734368278484639385041047239877871023591066789981811181813306167128854888448.000000/g=-0.500000/JVP","dtype":"float64","actual":[-0],"expected":[-4.9999999999999999e-201],"tolerance":2.9999999999999998e-13,"passed":false}
CASE {"label":"acosh/99999999999999996973312221251036165947450327545502362648241750950346848435554075534196338404706251868027512415973882408182135734368278484639385041047239877871023591066789981811181813306167128854888448.000000/g=-0.500000/VJP","dtype":"float64","actual":[-0],"expected":[-4.9999999999999999e-201],"tolerance":2.9999999999999998e-13,"passed":false}
CASE {"label":"acosh/99999999999999996973312221251036165947450327545502362648241750950346848435554075534196338404706251868027512415973882408182135734368278484639385041047239877871023591066789981811181813306167128854888448.000000/g=2.000000/JVP","dtype":"float64","actual":[0],"expected":[2e-200],"tolerance":2.9999999999999998e-13,"passed":false}
CASE {"label":"acosh/99999999999999996973312221251036165947450327545502362648241750950346848435554075534196338404706251868027512415973882408182135734368278484639385041047239877871023591066789981811181813306167128854888448.000000/g=2.000000/VJP","dtype":"float64","actual":[0],"expected":[2e-200],"tolerance":2.9999999999999998e-13,"passed":false}
CASE {"label":"acosh/1000000000000000052504760255204420248704468581108159154915854115511802457988908195786371375080447864043704443832883878176942523235360430575644792184786706982848387200926575803737830233794788090059368953234970799945081119038967640880074652742780142494579258788820056842838115669472196386865459400540160.000000/g=0.000000/JVP","dtype":"float64","actual":[0],"expected":[0],"tolerance":2.9999999999999998e-13,"passed":true}
CASE {"label":"acosh/1000000000000000052504760255204420248704468581108159154915854115511802457988908195786371375080447864043704443832883878176942523235360430575644792184786706982848387200926575803737830233794788090059368953234970799945081119038967640880074652742780142494579258788820056842838115669472196386865459400540160.000000/g=0.000000/VJP","dtype":"float64","actual":[0],"expected":[0],"tolerance":2.9999999999999998e-13,"passed":true}
CASE {"label":"acosh/1000000000000000052504760255204420248704468581108159154915854115511802457988908195786371375080447864043704443832883878176942523235360430575644792184786706982848387200926575803737830233794788090059368953234970799945081119038967640880074652742780142494579258788820056842838115669472196386865459400540160.000000/g=1.000000/JVP","dtype":"float64","actual":[0],"expected":[1e-300],"tolerance":2.9999999999999998e-13,"passed":false}
CASE {"label":"acosh/1000000000000000052504760255204420248704468581108159154915854115511802457988908195786371375080447864043704443832883878176942523235360430575644792184786706982848387200926575803737830233794788090059368953234970799945081119038967640880074652742780142494579258788820056842838115669472196386865459400540160.000000/g=1.000000/VJP","dtype":"float64","actual":[0],"expected":[1e-300],"tolerance":2.9999999999999998e-13,"passed":false}
CASE {"label":"acosh/1000000000000000052504760255204420248704468581108159154915854115511802457988908195786371375080447864043704443832883878176942523235360430575644792184786706982848387200926575803737830233794788090059368953234970799945081119038967640880074652742780142494579258788820056842838115669472196386865459400540160.000000/g=-0.500000/JVP","dtype":"float64","actual":[-0],"expected":[-5.0000000000000001e-301],"tolerance":2.9999999999999998e-13,"passed":false}
CASE {"label":"acosh/1000000000000000052504760255204420248704468581108159154915854115511802457988908195786371375080447864043704443832883878176942523235360430575644792184786706982848387200926575803737830233794788090059368953234970799945081119038967640880074652742780142494579258788820056842838115669472196386865459400540160.000000/g=-0.500000/VJP","dtype":"float64","actual":[-0],"expected":[-5.0000000000000001e-301],"tolerance":2.9999999999999998e-13,"passed":false}
CASE {"label":"acosh/1000000000000000052504760255204420248704468581108159154915854115511802457988908195786371375080447864043704443832883878176942523235360430575644792184786706982848387200926575803737830233794788090059368953234970799945081119038967640880074652742780142494579258788820056842838115669472196386865459400540160.000000/g=2.000000/JVP","dtype":"float64","actual":[0],"expected":[2.0000000000000001e-300],"tolerance":2.9999999999999998e-13,"passed":false}
CASE {"label":"acosh/1000000000000000052504760255204420248704468581108159154915854115511802457988908195786371375080447864043704443832883878176942523235360430575644792184786706982848387200926575803737830233794788090059368953234970799945081119038967640880074652742780142494579258788820056842838115669472196386865459400540160.000000/g=2.000000/VJP","dtype":"float64","actual":[0],"expected":[2.0000000000000001e-300],"tolerance":2.9999999999999998e-13,"passed":false}
CASE {"label":"asinh-higher/-2.000000/2","dtype":"float64","actual":[0.17888543819998318],"expected":[0.17888543819998318],"tolerance":2.9999999999999998e-13,"passed":true}
CASE {"label":"asinh-higher/-2.000000/3","dtype":"float64","actual":[0.12521980673998823],"expected":[0.12521980673998823],"tolerance":2.9999999999999998e-13,"passed":true}
CASE {"label":"asinh-higher/-1.000000/2","dtype":"float64","actual":[0.35355339059327373],"expected":[0.35355339059327373],"tolerance":2.9999999999999998e-13,"passed":true}
CASE {"label":"asinh-higher/-1.000000/3","dtype":"float64","actual":[0.17677669529663687],"expected":[0.17677669529663687],"tolerance":2.9999999999999998e-13,"passed":true}
CASE {"label":"asinh-higher/0.000000/2","dtype":"float64","actual":[-0],"expected":[-0],"tolerance":2.9999999999999998e-13,"passed":true}
CASE {"label":"asinh-higher/0.000000/3","dtype":"float64","actual":[-1],"expected":[-1],"tolerance":2.9999999999999998e-13,"passed":true}
CASE {"label":"asinh-higher/0.250000/2","dtype":"float64","actual":[-0.2282688235636075],"expected":[-0.2282688235636075],"tolerance":2.9999999999999998e-13,"passed":true}
CASE {"label":"asinh-higher/0.250000/3","dtype":"float64","actual":[-0.75194435997423648],"expected":[-0.75194435997423648],"tolerance":2.9999999999999998e-13,"passed":true}
CASE {"label":"asinh-higher/1.000000/2","dtype":"float64","actual":[-0.35355339059327373],"expected":[-0.35355339059327373],"tolerance":2.9999999999999998e-13,"passed":true}
CASE {"label":"asinh-higher/1.000000/3","dtype":"float64","actual":[0.17677669529663687],"expected":[0.17677669529663687],"tolerance":2.9999999999999998e-13,"passed":true}
CASE {"label":"asinh-higher/2.000000/2","dtype":"float64","actual":[-0.17888543819998318],"expected":[-0.17888543819998318],"tolerance":2.9999999999999998e-13,"passed":true}
CASE {"label":"asinh-higher/2.000000/3","dtype":"float64","actual":[0.12521980673998823],"expected":[0.12521980673998823],"tolerance":2.9999999999999998e-13,"passed":true}
CASE {"label":"acosh-higher/1.000100/2","dtype":"float64","actual":[-353562.22843395825],"expected":[-353562.22843379719],"tolerance":2.9999999999999998e-13,"passed":false}
CASE {"label":"acosh-higher/1.000100/3","dtype":"float64","actual":[5303345058.0492287],"expected":[5303345058.0452023],"tolerance":2.9999999999999998e-13,"passed":false}
CASE {"label":"acosh-higher/1.250000/2","dtype":"float64","actual":[-2.9629629629629628],"expected":[-2.9629629629629628],"tolerance":2.9999999999999998e-13,"passed":true}
CASE {"label":"acosh-higher/1.250000/3","dtype":"float64","actual":[17.382716049382715],"expected":[17.382716049382715],"tolerance":2.9999999999999998e-13,"passed":true}
CASE {"label":"acosh-higher/2.000000/2","dtype":"float64","actual":[-0.38490017945975058],"expected":[-0.38490017945975058],"tolerance":2.9999999999999998e-13,"passed":true}
CASE {"label":"acosh-higher/2.000000/3","dtype":"float64","actual":[0.57735026918962573],"expected":[0.57735026918962584],"tolerance":2.9999999999999998e-13,"passed":true}
CASE {"label":"acosh-higher/10.000000/2","dtype":"float64","actual":[-0.010151897123830425],"expected":[-0.010151897123830425],"tolerance":2.9999999999999998e-13,"passed":true}
CASE {"label":"acosh-higher/10.000000/3","dtype":"float64","actual":[0.0020611427493837532],"expected":[0.0020611427493837532],"tolerance":2.9999999999999998e-13,"passed":true}
CASE {"label":"asinh-composite/0.500000/1","dtype":"float64","actual":[0],"expected":[2],"tolerance":2.9999999999999998e-13,"passed":false}
CASE {"label":"asinh-composite/0.500000/2","dtype":"float64","actual":[-0],"expected":[-4],"tolerance":2.9999999999999998e-13,"passed":false}
CASE {"label":"asinh-composite/0.500000/3","dtype":"float64","actual":["NaN"],"expected":[16],"tolerance":2.9999999999999998e-13,"passed":false}
CASE {"label":"asinh-composite/1.000000/1","dtype":"float64","actual":[0],"expected":[1],"tolerance":2.9999999999999998e-13,"passed":false}
CASE {"label":"asinh-composite/1.000000/2","dtype":"float64","actual":[-0],"expected":[-1],"tolerance":2.9999999999999998e-13,"passed":false}
CASE {"label":"asinh-composite/1.000000/3","dtype":"float64","actual":["NaN"],"expected":[2],"tolerance":2.9999999999999998e-13,"passed":false}
CASE {"label":"asinh-composite/1.000000/finite-difference","dtype":"float64","actual":[1.0000003179011401],"expected":[1],"tolerance":1.9999999999999999e-06,"passed":true}
CASE {"label":"asinh-composite/2.000000/1","dtype":"float64","actual":[0],"expected":[0.5],"tolerance":2.9999999999999998e-13,"passed":false}
CASE {"label":"asinh-composite/2.000000/2","dtype":"float64","actual":[-0],"expected":[-0.25],"tolerance":2.9999999999999998e-13,"passed":false}
CASE {"label":"asinh-composite/2.000000/3","dtype":"float64","actual":["NaN"],"expected":[0.25],"tolerance":2.9999999999999998e-13,"passed":false}
CASE {"label":"asinh-composite/-1.000000/1","dtype":"float64","actual":[0],"expected":[1],"tolerance":2.9999999999999998e-13,"passed":false}
CASE {"label":"asinh-composite/-1.000000/2","dtype":"float64","actual":[0],"expected":[1],"tolerance":2.9999999999999998e-13,"passed":false}
CASE {"label":"asinh-composite/-1.000000/3","dtype":"float64","actual":["NaN"],"expected":[2],"tolerance":2.9999999999999998e-13,"passed":false}
CASE {"label":"asinh-matrix/JVP","dtype":"float64","actual":[0,0.70710678118654746,-0.35355339059327373,0,-0,0.97014250014533188],"expected":[0,0.70710678118654746,-0.35355339059327373,2e-200,-9.9999999999999998e-201,0.97014250014533188],"tolerance":2.9999999999999998e-13,"passed":false}
CASE {"label":"asinh-matrix/VJP","dtype":"float64","actual":[0,0.70710678118654746,-0.35355339059327373,0,-0,0.97014250014533188],"expected":[0,0.70710678118654746,-0.35355339059327373,2e-200,-9.9999999999999998e-201,0.97014250014533188],"tolerance":2.9999999999999998e-13,"passed":false}
CASE {"label":"asinh-matrix-strided/JVP","dtype":"float64","actual":[0,0.70710678118654746,-0.35355339059327373,0,-0,0.97014250014533188],"expected":[0,0.70710678118654746,-0.35355339059327373,2e-200,-9.9999999999999998e-201,0.97014250014533188],"tolerance":2.9999999999999998e-13,"passed":false}
CASE {"label":"asinh-matrix-strided/VJP","dtype":"float64","actual":[0,0.70710678118654746,-0.35355339059327373,0,-0,0.97014250014533188],"expected":[0,0.70710678118654746,-0.35355339059327373,2e-200,-9.9999999999999998e-201,0.97014250014533188],"tolerance":2.9999999999999998e-13,"passed":false}
CASE {"label":"acosh-composite/0.500000/1","dtype":"float64","actual":[0],"expected":[2],"tolerance":2.9999999999999998e-13,"passed":false}
CASE {"label":"acosh-composite/0.500000/2","dtype":"float64","actual":[-0],"expected":[-4],"tolerance":2.9999999999999998e-13,"passed":false}
CASE {"label":"acosh-composite/0.500000/3","dtype":"float64","actual":["NaN"],"expected":[16],"tolerance":2.9999999999999998e-13,"passed":false}
CASE {"label":"acosh-composite/1.000000/1","dtype":"float64","actual":[0],"expected":[1],"tolerance":2.9999999999999998e-13,"passed":false}
CASE {"label":"acosh-composite/1.000000/2","dtype":"float64","actual":[-0],"expected":[-1],"tolerance":2.9999999999999998e-13,"passed":false}
CASE {"label":"acosh-composite/1.000000/3","dtype":"float64","actual":["NaN"],"expected":[2],"tolerance":2.9999999999999998e-13,"passed":false}
CASE {"label":"acosh-composite/1.000000/finite-difference","dtype":"float64","actual":[1.0000003179011401],"expected":[1],"tolerance":1.9999999999999999e-06,"passed":true}
CASE {"label":"acosh-composite/2.000000/1","dtype":"float64","actual":[0],"expected":[0.5],"tolerance":2.9999999999999998e-13,"passed":false}
CASE {"label":"acosh-composite/2.000000/2","dtype":"float64","actual":[-0],"expected":[-0.25],"tolerance":2.9999999999999998e-13,"passed":false}
CASE {"label":"acosh-composite/2.000000/3","dtype":"float64","actual":["NaN"],"expected":[0.25],"tolerance":2.9999999999999998e-13,"passed":false}
CASE {"label":"acosh-matrix/JVP","dtype":"float64","actual":[0,0.57735026918962584,-0.17677669529663687,0,-0.57735026918962584,1.3333333333333333],"expected":[0,0.57735026918962584,-0.17677669529663687,2e-200,-0.57735026918962584,1.3333333333333333],"tolerance":2.9999999999999998e-13,"passed":false}
CASE {"label":"acosh-matrix/VJP","dtype":"float64","actual":[0,0.57735026918962584,-0.17677669529663687,0,-0.57735026918962584,1.3333333333333333],"expected":[0,0.57735026918962584,-0.17677669529663687,2e-200,-0.57735026918962584,1.3333333333333333],"tolerance":2.9999999999999998e-13,"passed":false}
CASE {"label":"acosh-matrix-strided/JVP","dtype":"float64","actual":[0,0.57735026918962584,-0.17677669529663687,0,-0.57735026918962584,1.3333333333333333],"expected":[0,0.57735026918962584,-0.17677669529663687,2e-200,-0.57735026918962584,1.3333333333333333],"tolerance":2.9999999999999998e-13,"passed":false}
CASE {"label":"acosh-matrix-strided/VJP","dtype":"float64","actual":[0,0.57735026918962584,-0.17677669529663687,0,-0.57735026918962584,1.3333333333333333],"expected":[0,0.57735026918962584,-0.17677669529663687,2e-200,-0.57735026918962584,1.3333333333333333],"tolerance":2.9999999999999998e-13,"passed":false}
CASE {"label":"asinh/0.000000/g=0.000000/JVP","dtype":"float16","actual":[0],"expected":[0],"tolerance":0.0030000000000000001,"passed":true}
CASE {"label":"asinh/0.000000/g=0.000000/VJP","dtype":"float16","actual":[0],"expected":[0],"tolerance":0.0030000000000000001,"passed":true}
CASE {"label":"asinh/0.000000/g=1.000000/JVP","dtype":"float16","actual":[1],"expected":[1],"tolerance":0.0030000000000000001,"passed":true}
CASE {"label":"asinh/0.000000/g=1.000000/VJP","dtype":"float16","actual":[1],"expected":[1],"tolerance":0.0030000000000000001,"passed":true}
CASE {"label":"asinh/0.000000/g=-0.500000/JVP","dtype":"float16","actual":[-0.5],"expected":[-0.5],"tolerance":0.0030000000000000001,"passed":true}
CASE {"label":"asinh/0.000000/g=-0.500000/VJP","dtype":"float16","actual":[-0.5],"expected":[-0.5],"tolerance":0.0030000000000000001,"passed":true}
CASE {"label":"asinh/0.000000/g=2.000000/JVP","dtype":"float16","actual":[2],"expected":[2],"tolerance":0.0030000000000000001,"passed":true}
CASE {"label":"asinh/0.000000/g=2.000000/VJP","dtype":"float16","actual":[2],"expected":[2],"tolerance":0.0030000000000000001,"passed":true}
CASE {"label":"asinh/1.000000/g=0.000000/JVP","dtype":"float16","actual":[0],"expected":[0],"tolerance":0.0030000000000000001,"passed":true}
CASE {"label":"asinh/1.000000/g=0.000000/VJP","dtype":"float16","actual":[0],"expected":[0],"tolerance":0.0030000000000000001,"passed":true}
CASE {"label":"asinh/1.000000/g=1.000000/JVP","dtype":"float16","actual":[0.70703125],"expected":[0.70710678118654746],"tolerance":0.0030000000000000001,"passed":true}
CASE {"label":"asinh/1.000000/g=1.000000/VJP","dtype":"float16","actual":[0.70703125],"expected":[0.70710678118654746],"tolerance":0.0030000000000000001,"passed":true}
CASE {"label":"asinh/1.000000/g=-0.500000/JVP","dtype":"float16","actual":[-0.353515625],"expected":[-0.35355339059327373],"tolerance":0.0030000000000000001,"passed":true}
CASE {"label":"asinh/1.000000/g=-0.500000/VJP","dtype":"float16","actual":[-0.353515625],"expected":[-0.35355339059327373],"tolerance":0.0030000000000000001,"passed":true}
CASE {"label":"asinh/1.000000/g=2.000000/JVP","dtype":"float16","actual":[1.4140625],"expected":[1.4142135623730949],"tolerance":0.0030000000000000001,"passed":true}
CASE {"label":"asinh/1.000000/g=2.000000/VJP","dtype":"float16","actual":[1.4140625],"expected":[1.4142135623730949],"tolerance":0.0030000000000000001,"passed":true}
CASE {"label":"asinh/1000.000000/g=0.000000/JVP","dtype":"float16","actual":[0],"expected":[0],"tolerance":0.0030000000000000001,"passed":true}
CASE {"label":"asinh/1000.000000/g=0.000000/VJP","dtype":"float16","actual":[0],"expected":[0],"tolerance":0.0030000000000000001,"passed":true}
CASE {"label":"asinh/1000.000000/g=1.000000/JVP","dtype":"float16","actual":[0],"expected":[0.00099999950000037498],"tolerance":0.0030000000000000001,"passed":false}
CASE {"label":"asinh/1000.000000/g=1.000000/VJP","dtype":"float16","actual":[0],"expected":[0.00099999950000037498],"tolerance":0.0030000000000000001,"passed":false}
CASE {"label":"asinh/1000.000000/g=-0.500000/JVP","dtype":"float16","actual":[-0],"expected":[-0.00049999975000018749],"tolerance":0.0030000000000000001,"passed":false}
CASE {"label":"asinh/1000.000000/g=-0.500000/VJP","dtype":"float16","actual":[-0],"expected":[-0.00049999975000018749],"tolerance":0.0030000000000000001,"passed":false}
CASE {"label":"asinh/1000.000000/g=2.000000/JVP","dtype":"float16","actual":[0],"expected":[0.00199999900000075],"tolerance":0.0030000000000000001,"passed":false}
CASE {"label":"asinh/1000.000000/g=2.000000/VJP","dtype":"float16","actual":[0],"expected":[0.00199999900000075],"tolerance":0.0030000000000000001,"passed":false}
CASE {"label":"asinh/-1000.000000/g=0.000000/JVP","dtype":"float16","actual":[0],"expected":[0],"tolerance":0.0030000000000000001,"passed":true}
CASE {"label":"asinh/-1000.000000/g=0.000000/VJP","dtype":"float16","actual":[0],"expected":[0],"tolerance":0.0030000000000000001,"passed":true}
CASE {"label":"asinh/-1000.000000/g=1.000000/JVP","dtype":"float16","actual":[0],"expected":[0.00099999950000037498],"tolerance":0.0030000000000000001,"passed":false}
CASE {"label":"asinh/-1000.000000/g=1.000000/VJP","dtype":"float16","actual":[0],"expected":[0.00099999950000037498],"tolerance":0.0030000000000000001,"passed":false}
CASE {"label":"asinh/-1000.000000/g=-0.500000/JVP","dtype":"float16","actual":[-0],"expected":[-0.00049999975000018749],"tolerance":0.0030000000000000001,"passed":false}
CASE {"label":"asinh/-1000.000000/g=-0.500000/VJP","dtype":"float16","actual":[-0],"expected":[-0.00049999975000018749],"tolerance":0.0030000000000000001,"passed":false}
CASE {"label":"asinh/-1000.000000/g=2.000000/JVP","dtype":"float16","actual":[0],"expected":[0.00199999900000075],"tolerance":0.0030000000000000001,"passed":false}
CASE {"label":"asinh/-1000.000000/g=2.000000/VJP","dtype":"float16","actual":[0],"expected":[0.00199999900000075],"tolerance":0.0030000000000000001,"passed":false}
CASE {"label":"acosh/1.125000/g=0.000000/JVP","dtype":"float16","actual":[0],"expected":[0],"tolerance":0.0030000000000000001,"passed":true}
CASE {"label":"acosh/1.125000/g=0.000000/VJP","dtype":"float16","actual":[0],"expected":[0],"tolerance":0.0030000000000000001,"passed":true}
CASE {"label":"acosh/1.125000/g=1.000000/JVP","dtype":"float16","actual":[1.939453125],"expected":[1.9402850002906635],"tolerance":0.0030000000000000001,"passed":true}
CASE {"label":"acosh/1.125000/g=1.000000/VJP","dtype":"float16","actual":[1.939453125],"expected":[1.9402850002906635],"tolerance":0.0030000000000000001,"passed":true}
CASE {"label":"acosh/1.125000/g=-0.500000/JVP","dtype":"float16","actual":[-0.9697265625],"expected":[-0.97014250014533177],"tolerance":0.0030000000000000001,"passed":true}
CASE {"label":"acosh/1.125000/g=-0.500000/VJP","dtype":"float16","actual":[-0.9697265625],"expected":[-0.97014250014533177],"tolerance":0.0030000000000000001,"passed":true}
CASE {"label":"acosh/1.125000/g=2.000000/JVP","dtype":"float16","actual":[3.87890625],"expected":[3.8805700005813271],"tolerance":0.0030000000000000001,"passed":true}
CASE {"label":"acosh/1.125000/g=2.000000/VJP","dtype":"float16","actual":[3.87890625],"expected":[3.8805700005813271],"tolerance":0.0030000000000000001,"passed":true}
CASE {"label":"acosh/2.000000/g=0.000000/JVP","dtype":"float16","actual":[0],"expected":[0],"tolerance":0.0030000000000000001,"passed":true}
CASE {"label":"acosh/2.000000/g=0.000000/VJP","dtype":"float16","actual":[0],"expected":[0],"tolerance":0.0030000000000000001,"passed":true}
CASE {"label":"acosh/2.000000/g=1.000000/JVP","dtype":"float16","actual":[0.5771484375],"expected":[0.57735026918962584],"tolerance":0.0030000000000000001,"passed":true}
CASE {"label":"acosh/2.000000/g=1.000000/VJP","dtype":"float16","actual":[0.5771484375],"expected":[0.57735026918962584],"tolerance":0.0030000000000000001,"passed":true}
CASE {"label":"acosh/2.000000/g=-0.500000/JVP","dtype":"float16","actual":[-0.28857421875],"expected":[-0.28867513459481292],"tolerance":0.0030000000000000001,"passed":true}
CASE {"label":"acosh/2.000000/g=-0.500000/VJP","dtype":"float16","actual":[-0.28857421875],"expected":[-0.28867513459481292],"tolerance":0.0030000000000000001,"passed":true}
CASE {"label":"acosh/2.000000/g=2.000000/JVP","dtype":"float16","actual":[1.154296875],"expected":[1.1547005383792517],"tolerance":0.0030000000000000001,"passed":true}
CASE {"label":"acosh/2.000000/g=2.000000/VJP","dtype":"float16","actual":[1.154296875],"expected":[1.1547005383792517],"tolerance":0.0030000000000000001,"passed":true}
CASE {"label":"acosh/1000.000000/g=0.000000/JVP","dtype":"float16","actual":[0],"expected":[0],"tolerance":0.0030000000000000001,"passed":true}
CASE {"label":"acosh/1000.000000/g=0.000000/VJP","dtype":"float16","actual":[0],"expected":[0],"tolerance":0.0030000000000000001,"passed":true}
CASE {"label":"acosh/1000.000000/g=1.000000/JVP","dtype":"float16","actual":[0],"expected":[0.0010000005000003749],"tolerance":0.0030000000000000001,"passed":false}
CASE {"label":"acosh/1000.000000/g=1.000000/VJP","dtype":"float16","actual":[0],"expected":[0.0010000005000003749],"tolerance":0.0030000000000000001,"passed":false}
CASE {"label":"acosh/1000.000000/g=-0.500000/JVP","dtype":"float16","actual":[-0],"expected":[-0.00050000025000018745],"tolerance":0.0030000000000000001,"passed":false}
CASE {"label":"acosh/1000.000000/g=-0.500000/VJP","dtype":"float16","actual":[-0],"expected":[-0.00050000025000018745],"tolerance":0.0030000000000000001,"passed":false}
CASE {"label":"acosh/1000.000000/g=2.000000/JVP","dtype":"float16","actual":[0],"expected":[0.0020000010000007498],"tolerance":0.0030000000000000001,"passed":false}
CASE {"label":"acosh/1000.000000/g=2.000000/VJP","dtype":"float16","actual":[0],"expected":[0.0020000010000007498],"tolerance":0.0030000000000000001,"passed":false}
CASE {"label":"acosh/2048.000000/g=0.000000/JVP","dtype":"float16","actual":[0],"expected":[0],"tolerance":0.0030000000000000001,"passed":true}
CASE {"label":"acosh/2048.000000/g=0.000000/VJP","dtype":"float16","actual":[0],"expected":[0],"tolerance":0.0030000000000000001,"passed":true}
CASE {"label":"acosh/2048.000000/g=1.000000/JVP","dtype":"float16","actual":[0],"expected":[0.00048828130820767132],"tolerance":0.0030000000000000001,"passed":false}
CASE {"label":"acosh/2048.000000/g=1.000000/VJP","dtype":"float16","actual":[0],"expected":[0.00048828130820767132],"tolerance":0.0030000000000000001,"passed":false}
CASE {"label":"acosh/2048.000000/g=-0.500000/JVP","dtype":"float16","actual":[-0],"expected":[-0.00024414065410383566],"tolerance":0.0030000000000000001,"passed":false}
CASE {"label":"acosh/2048.000000/g=-0.500000/VJP","dtype":"float16","actual":[-0],"expected":[-0.00024414065410383566],"tolerance":0.0030000000000000001,"passed":false}
CASE {"label":"acosh/2048.000000/g=2.000000/JVP","dtype":"float16","actual":[0],"expected":[0.00097656261641534264],"tolerance":0.0030000000000000001,"passed":false}
CASE {"label":"acosh/2048.000000/g=2.000000/VJP","dtype":"float16","actual":[0],"expected":[0.00097656261641534264],"tolerance":0.0030000000000000001,"passed":false}
CASE {"label":"asinh/0.000000/g=0.000000/JVP","dtype":"bfloat16","actual":[0],"expected":[0],"tolerance":0.02,"passed":true}
CASE {"label":"asinh/0.000000/g=0.000000/VJP","dtype":"bfloat16","actual":[0],"expected":[0],"tolerance":0.02,"passed":true}
CASE {"label":"asinh/0.000000/g=1.000000/JVP","dtype":"bfloat16","actual":[1],"expected":[1],"tolerance":0.02,"passed":true}
CASE {"label":"asinh/0.000000/g=1.000000/VJP","dtype":"bfloat16","actual":[1],"expected":[1],"tolerance":0.02,"passed":true}
CASE {"label":"asinh/0.000000/g=-0.500000/JVP","dtype":"bfloat16","actual":[-0.5],"expected":[-0.5],"tolerance":0.02,"passed":true}
CASE {"label":"asinh/0.000000/g=-0.500000/VJP","dtype":"bfloat16","actual":[-0.5],"expected":[-0.5],"tolerance":0.02,"passed":true}
CASE {"label":"asinh/0.000000/g=2.000000/JVP","dtype":"bfloat16","actual":[2],"expected":[2],"tolerance":0.02,"passed":true}
CASE {"label":"asinh/0.000000/g=2.000000/VJP","dtype":"bfloat16","actual":[2],"expected":[2],"tolerance":0.02,"passed":true}
CASE {"label":"asinh/1.000000/g=0.000000/JVP","dtype":"bfloat16","actual":[0],"expected":[0],"tolerance":0.02,"passed":true}
CASE {"label":"asinh/1.000000/g=0.000000/VJP","dtype":"bfloat16","actual":[0],"expected":[0],"tolerance":0.02,"passed":true}
CASE {"label":"asinh/1.000000/g=1.000000/JVP","dtype":"bfloat16","actual":[0.70703125],"expected":[0.70710678118654746],"tolerance":0.02,"passed":true}
CASE {"label":"asinh/1.000000/g=1.000000/VJP","dtype":"bfloat16","actual":[0.70703125],"expected":[0.70710678118654746],"tolerance":0.02,"passed":true}
CASE {"label":"asinh/1.000000/g=-0.500000/JVP","dtype":"bfloat16","actual":[-0.353515625],"expected":[-0.35355339059327373],"tolerance":0.02,"passed":true}
CASE {"label":"asinh/1.000000/g=-0.500000/VJP","dtype":"bfloat16","actual":[-0.353515625],"expected":[-0.35355339059327373],"tolerance":0.02,"passed":true}
CASE {"label":"asinh/1.000000/g=2.000000/JVP","dtype":"bfloat16","actual":[1.4140625],"expected":[1.4142135623730949],"tolerance":0.02,"passed":true}
CASE {"label":"asinh/1.000000/g=2.000000/VJP","dtype":"bfloat16","actual":[1.4140625],"expected":[1.4142135623730949],"tolerance":0.02,"passed":true}
CASE {"label":"asinh/100000000000000000000.000000/g=0.000000/JVP","dtype":"bfloat16","actual":[0],"expected":[0],"tolerance":0.02,"passed":true}
CASE {"label":"asinh/100000000000000000000.000000/g=0.000000/VJP","dtype":"bfloat16","actual":[0],"expected":[0],"tolerance":0.02,"passed":true}
CASE {"label":"asinh/100000000000000000000.000000/g=1.000000/JVP","dtype":"bfloat16","actual":[0],"expected":[1.0027303329345705e-20],"tolerance":0.02,"passed":false}
CASE {"label":"asinh/100000000000000000000.000000/g=1.000000/VJP","dtype":"bfloat16","actual":[0],"expected":[1.0027303329345705e-20],"tolerance":0.02,"passed":false}
CASE {"label":"asinh/100000000000000000000.000000/g=-0.500000/JVP","dtype":"bfloat16","actual":[-0],"expected":[-5.0136516646728526e-21],"tolerance":0.02,"passed":false}
CASE {"label":"asinh/100000000000000000000.000000/g=-0.500000/VJP","dtype":"bfloat16","actual":[-0],"expected":[-5.0136516646728526e-21],"tolerance":0.02,"passed":false}
CASE {"label":"asinh/100000000000000000000.000000/g=2.000000/JVP","dtype":"bfloat16","actual":[0],"expected":[2.0054606658691411e-20],"tolerance":0.02,"passed":false}
CASE {"label":"asinh/100000000000000000000.000000/g=2.000000/VJP","dtype":"bfloat16","actual":[0],"expected":[2.0054606658691411e-20],"tolerance":0.02,"passed":false}
CASE {"label":"asinh/-100000000000000000000.000000/g=0.000000/JVP","dtype":"bfloat16","actual":[0],"expected":[0],"tolerance":0.02,"passed":true}
CASE {"label":"asinh/-100000000000000000000.000000/g=0.000000/VJP","dtype":"bfloat16","actual":[0],"expected":[0],"tolerance":0.02,"passed":true}
CASE {"label":"asinh/-100000000000000000000.000000/g=1.000000/JVP","dtype":"bfloat16","actual":[0],"expected":[1.0027303329345705e-20],"tolerance":0.02,"passed":false}
CASE {"label":"asinh/-100000000000000000000.000000/g=1.000000/VJP","dtype":"bfloat16","actual":[0],"expected":[1.0027303329345705e-20],"tolerance":0.02,"passed":false}
CASE {"label":"asinh/-100000000000000000000.000000/g=-0.500000/JVP","dtype":"bfloat16","actual":[-0],"expected":[-5.0136516646728526e-21],"tolerance":0.02,"passed":false}
CASE {"label":"asinh/-100000000000000000000.000000/g=-0.500000/VJP","dtype":"bfloat16","actual":[-0],"expected":[-5.0136516646728526e-21],"tolerance":0.02,"passed":false}
CASE {"label":"asinh/-100000000000000000000.000000/g=2.000000/JVP","dtype":"bfloat16","actual":[0],"expected":[2.0054606658691411e-20],"tolerance":0.02,"passed":false}
CASE {"label":"asinh/-100000000000000000000.000000/g=2.000000/VJP","dtype":"bfloat16","actual":[0],"expected":[2.0054606658691411e-20],"tolerance":0.02,"passed":false}
CASE {"label":"acosh/1.125000/g=0.000000/JVP","dtype":"bfloat16","actual":[0],"expected":[0],"tolerance":0.02,"passed":true}
CASE {"label":"acosh/1.125000/g=0.000000/VJP","dtype":"bfloat16","actual":[0],"expected":[0],"tolerance":0.02,"passed":true}
CASE {"label":"acosh/1.125000/g=1.000000/JVP","dtype":"bfloat16","actual":[1.9375],"expected":[1.9402850002906635],"tolerance":0.02,"passed":true}
CASE {"label":"acosh/1.125000/g=1.000000/VJP","dtype":"bfloat16","actual":[1.9375],"expected":[1.9402850002906635],"tolerance":0.02,"passed":true}
CASE {"label":"acosh/1.125000/g=-0.500000/JVP","dtype":"bfloat16","actual":[-0.96875],"expected":[-0.97014250014533177],"tolerance":0.02,"passed":true}
CASE {"label":"acosh/1.125000/g=-0.500000/VJP","dtype":"bfloat16","actual":[-0.96875],"expected":[-0.97014250014533177],"tolerance":0.02,"passed":true}
CASE {"label":"acosh/1.125000/g=2.000000/JVP","dtype":"bfloat16","actual":[3.875],"expected":[3.8805700005813271],"tolerance":0.02,"passed":true}
CASE {"label":"acosh/1.125000/g=2.000000/VJP","dtype":"bfloat16","actual":[3.875],"expected":[3.8805700005813271],"tolerance":0.02,"passed":true}
CASE {"label":"acosh/2.000000/g=0.000000/JVP","dtype":"bfloat16","actual":[0],"expected":[0],"tolerance":0.02,"passed":true}
CASE {"label":"acosh/2.000000/g=0.000000/VJP","dtype":"bfloat16","actual":[0],"expected":[0],"tolerance":0.02,"passed":true}
CASE {"label":"acosh/2.000000/g=1.000000/JVP","dtype":"bfloat16","actual":[0.578125],"expected":[0.57735026918962584],"tolerance":0.02,"passed":true}
CASE {"label":"acosh/2.000000/g=1.000000/VJP","dtype":"bfloat16","actual":[0.578125],"expected":[0.57735026918962584],"tolerance":0.02,"passed":true}
CASE {"label":"acosh/2.000000/g=-0.500000/JVP","dtype":"bfloat16","actual":[-0.2890625],"expected":[-0.28867513459481292],"tolerance":0.02,"passed":true}
CASE {"label":"acosh/2.000000/g=-0.500000/VJP","dtype":"bfloat16","actual":[-0.2890625],"expected":[-0.28867513459481292],"tolerance":0.02,"passed":true}
CASE {"label":"acosh/2.000000/g=2.000000/JVP","dtype":"bfloat16","actual":[1.15625],"expected":[1.1547005383792517],"tolerance":0.02,"passed":true}
CASE {"label":"acosh/2.000000/g=2.000000/VJP","dtype":"bfloat16","actual":[1.15625],"expected":[1.1547005383792517],"tolerance":0.02,"passed":true}
CASE {"label":"acosh/100000000000000000000.000000/g=0.000000/JVP","dtype":"bfloat16","actual":[0],"expected":[0],"tolerance":0.02,"passed":true}
CASE {"label":"acosh/100000000000000000000.000000/g=0.000000/VJP","dtype":"bfloat16","actual":[0],"expected":[0],"tolerance":0.02,"passed":true}
CASE {"label":"acosh/100000000000000000000.000000/g=1.000000/JVP","dtype":"bfloat16","actual":[0],"expected":[1.0027303329345705e-20],"tolerance":0.02,"passed":false}
CASE {"label":"acosh/100000000000000000000.000000/g=1.000000/VJP","dtype":"bfloat16","actual":[0],"expected":[1.0027303329345705e-20],"tolerance":0.02,"passed":false}
CASE {"label":"acosh/100000000000000000000.000000/g=-0.500000/JVP","dtype":"bfloat16","actual":[-0],"expected":[-5.0136516646728526e-21],"tolerance":0.02,"passed":false}
CASE {"label":"acosh/100000000000000000000.000000/g=-0.500000/VJP","dtype":"bfloat16","actual":[-0],"expected":[-5.0136516646728526e-21],"tolerance":0.02,"passed":false}
CASE {"label":"acosh/100000000000000000000.000000/g=2.000000/JVP","dtype":"bfloat16","actual":[0],"expected":[2.0054606658691411e-20],"tolerance":0.02,"passed":false}
CASE {"label":"acosh/100000000000000000000.000000/g=2.000000/VJP","dtype":"bfloat16","actual":[0],"expected":[2.0054606658691411e-20],"tolerance":0.02,"passed":false}
CASE {"label":"acosh/200000000000000000000.000000/g=0.000000/JVP","dtype":"bfloat16","actual":[0],"expected":[0],"tolerance":0.02,"passed":true}
CASE {"label":"acosh/200000000000000000000.000000/g=0.000000/VJP","dtype":"bfloat16","actual":[0],"expected":[0],"tolerance":0.02,"passed":true}
CASE {"label":"acosh/200000000000000000000.000000/g=1.000000/JVP","dtype":"bfloat16","actual":[0],"expected":[5.0136516646728526e-21],"tolerance":0.02,"passed":false}
CASE {"label":"acosh/200000000000000000000.000000/g=1.000000/VJP","dtype":"bfloat16","actual":[0],"expected":[5.0136516646728526e-21],"tolerance":0.02,"passed":false}
CASE {"label":"acosh/200000000000000000000.000000/g=-0.500000/JVP","dtype":"bfloat16","actual":[-0],"expected":[-2.5068258323364263e-21],"tolerance":0.02,"passed":false}
CASE {"label":"acosh/200000000000000000000.000000/g=-0.500000/VJP","dtype":"bfloat16","actual":[-0],"expected":[-2.5068258323364263e-21],"tolerance":0.02,"passed":false}
CASE {"label":"acosh/200000000000000000000.000000/g=2.000000/JVP","dtype":"bfloat16","actual":[0],"expected":[1.0027303329345705e-20],"tolerance":0.02,"passed":false}
CASE {"label":"acosh/200000000000000000000.000000/g=2.000000/VJP","dtype":"bfloat16","actual":[0],"expected":[1.0027303329345705e-20],"tolerance":0.02,"passed":false}
SUMMARY checks=518 failures=188
