Running main() from ../subprojects/googletest/googletest/src/gtest_main.cc
Note: Google Test filter = DropoutRoutingAudit.*:Dropout/*
[==========] Running 19 tests from 3 test suites.
[----------] Global test environment set-up.
[----------] 4 tests from DropoutRoutingAudit
[ RUN      ] DropoutRoutingAudit.ZeroRateSingleInputControl
[       OK ] DropoutRoutingAudit.ZeroRateSingleInputControl (0 ms)
[ RUN      ] DropoutRoutingAudit.ZeroRateRoutesEachIncomingGradientToItsInput
DROPOUT_AUDIT_DX[0] 10 20 30
../test/unittest/layers/unittest_layers_dropout.cpp:187: Failure
Expected equality of these values:
  result.dx[i]
    Which is: { 10, 20, 30 }
  dy[i]
    Which is: { 1, 2, 3 }
input 0

DROPOUT_AUDIT_DX[1] 0 0 0
../test/unittest/layers/unittest_layers_dropout.cpp:187: Failure
Expected equality of these values:
  result.dx[i]
    Which is: { 0, 0, 0 }
  dy[i]
    Which is: { 10, 20, 30 }
input 1

[  FAILED  ] DropoutRoutingAudit.ZeroRateRoutesEachIncomingGradientToItsInput (0 ms)
[ RUN      ] DropoutRoutingAudit.ZeroRateMatchesRuntimeFiniteDifferences
../test/unittest/layers/unittest_layers_dropout.cpp:207: Failure
The difference between result.dx[i][j] and numeric is 5, which exceeds 1e-6, where
result.dx[i][j] evaluates to -4,
numeric evaluates to 1, and
1e-6 evaluates to 9.9999999999999995e-07.
input 0 coordinate 0

../test/unittest/layers/unittest_layers_dropout.cpp:207: Failure
The difference between result.dx[i][j] and numeric is 7, which exceeds 1e-6, where
result.dx[i][j] evaluates to 5,
numeric evaluates to -2, and
1e-6 evaluates to 9.9999999999999995e-07.
input 0 coordinate 1

../test/unittest/layers/unittest_layers_dropout.cpp:207: Failure
The difference between result.dx[i][j] and numeric is 9, which exceeds 1e-6, where
result.dx[i][j] evaluates to -6,
numeric evaluates to 3, and
1e-6 evaluates to 9.9999999999999995e-07.
input 0 coordinate 2

../test/unittest/layers/unittest_layers_dropout.cpp:207: Failure
The difference between result.dx[i][j] and numeric is 4, which exceeds 1e-6, where
result.dx[i][j] evaluates to 0,
numeric evaluates to -4, and
1e-6 evaluates to 9.9999999999999995e-07.
input 1 coordinate 0

../test/unittest/layers/unittest_layers_dropout.cpp:207: Failure
The difference between result.dx[i][j] and numeric is 5, which exceeds 1e-6, where
result.dx[i][j] evaluates to 0,
numeric evaluates to 5, and
1e-6 evaluates to 9.9999999999999995e-07.
input 1 coordinate 1

../test/unittest/layers/unittest_layers_dropout.cpp:207: Failure
The difference between result.dx[i][j] and numeric is 6, which exceeds 1e-6, where
result.dx[i][j] evaluates to 0,
numeric evaluates to -6, and
1e-6 evaluates to 9.9999999999999995e-07.
input 1 coordinate 2

[  FAILED  ] DropoutRoutingAudit.ZeroRateMatchesRuntimeFiniteDifferences (0 ms)
[ RUN      ] DropoutRoutingAudit.ReplayUsesEachInputsOwnGradientAndMask
../test/unittest/layers/unittest_layers_dropout.cpp:221: Failure
Expected equality of these values:
  result.dx[i][j]
    Which is: -14
  dy[i][j] * masks[i][j]
    Which is: 2
input 0 coordinate 0

../test/unittest/layers/unittest_layers_dropout.cpp:221: Failure
Expected equality of these values:
  result.dx[i][j]
    Which is: 16
  dy[i][j] * masks[i][j]
    Which is: -0
input 0 coordinate 1

../test/unittest/layers/unittest_layers_dropout.cpp:221: Failure
Expected equality of these values:
  result.dx[i][j]
    Which is: 0
  dy[i][j] * masks[i][j]
    Which is: 6
input 0 coordinate 2

../test/unittest/layers/unittest_layers_dropout.cpp:221: Failure
Expected equality of these values:
  result.dx[i][j]
    Which is: 0
  dy[i][j] * masks[i][j]
    Which is: 10
input 1 coordinate 1

../test/unittest/layers/unittest_layers_dropout.cpp:221: Failure
Expected equality of these values:
  result.dx[i][j]
    Which is: 0
  dy[i][j] * masks[i][j]
    Which is: -12
input 1 coordinate 2

../test/unittest/layers/unittest_layers_dropout.cpp:221: Failure
Expected equality of these values:
  result.dx[i][j]
    Which is: 0
  dy[i][j] * masks[i][j]
    Which is: -14
input 2 coordinate 0

../test/unittest/layers/unittest_layers_dropout.cpp:221: Failure
Expected equality of these values:
  result.dx[i][j]
    Which is: 0
  dy[i][j] * masks[i][j]
    Which is: 16
input 2 coordinate 1

[  FAILED  ] DropoutRoutingAudit.ReplayUsesEachInputsOwnGradientAndMask (0 ms)
[----------] 4 tests from DropoutRoutingAudit (1 ms total)

[----------] 11 tests from Dropout/LayerSemantics
[ RUN      ] Dropout/LayerSemantics.createFromAppContext_pn/0
[       OK ] Dropout/LayerSemantics.createFromAppContext_pn/0 (11 ms)
[ RUN      ] Dropout/LayerSemantics.setPropertiesInvalid_01_n/0
[       OK ] Dropout/LayerSemantics.setPropertiesInvalid_01_n/0 (0 ms)
[ RUN      ] Dropout/LayerSemantics.setPropertiesInvalid_02_n/0
[       OK ] Dropout/LayerSemantics.setPropertiesInvalid_02_n/0 (0 ms)
[ RUN      ] Dropout/LayerSemantics.finalizeValidateLayerNode_p/0
[       OK ] Dropout/LayerSemantics.finalizeValidateLayerNode_p/0 (0 ms)
[ RUN      ] Dropout/LayerSemantics.getTypeValidateLayerNode_p/0
[       OK ] Dropout/LayerSemantics.getTypeValidateLayerNode_p/0 (0 ms)
[ RUN      ] Dropout/LayerSemantics.gettersValidateLayerNode_p/0
[       OK ] Dropout/LayerSemantics.gettersValidateLayerNode_p/0 (0 ms)
[ RUN      ] Dropout/LayerSemantics.setBatchValidateLayerNode_p/0
[       OK ] Dropout/LayerSemantics.setBatchValidateLayerNode_p/0 (0 ms)
[ RUN      ] Dropout/LayerSemantics.setProperties_n/0
[       OK ] Dropout/LayerSemantics.setProperties_n/0 (0 ms)
[ RUN      ] Dropout/LayerSemantics.gettersValidate_p/0
[       OK ] Dropout/LayerSemantics.gettersValidate_p/0 (0 ms)
[ RUN      ] Dropout/LayerSemantics.finalizeValidate_p/0
[       OK ] Dropout/LayerSemantics.finalizeValidate_p/0 (0 ms)
[ RUN      ] Dropout/LayerSemantics.setBatchValidate_p/0
[       OK ] Dropout/LayerSemantics.setBatchValidate_p/0 (0 ms)
[----------] 11 tests from Dropout/LayerSemantics (12 ms total)

[----------] 4 tests from Dropout/LayerGoldenTest
[ RUN      ] Dropout/LayerGoldenTest.run/0
[       OK ] Dropout/LayerGoldenTest.run/0 (1 ms)
[ RUN      ] Dropout/LayerGoldenTest.run/1
[       OK ] Dropout/LayerGoldenTest.run/1 (0 ms)
[ RUN      ] Dropout/LayerGoldenTest.run/2
[       OK ] Dropout/LayerGoldenTest.run/2 (0 ms)
[ RUN      ] Dropout/LayerGoldenTest.run/3
[       OK ] Dropout/LayerGoldenTest.run/3 (0 ms)
[----------] 4 tests from Dropout/LayerGoldenTest (2 ms total)

[----------] Global test environment tear-down
[==========] 19 tests from 3 test suites ran. (16 ms total)
[  PASSED  ] 16 tests.
[  FAILED  ] 3 tests, listed below:
[  FAILED  ] DropoutRoutingAudit.ZeroRateRoutesEachIncomingGradientToItsInput
[  FAILED  ] DropoutRoutingAudit.ZeroRateMatchesRuntimeFiniteDifferences
[  FAILED  ] DropoutRoutingAudit.ReplayUsesEachInputsOwnGradientAndMask

 3 FAILED TESTS
