FAIL mm/left_repeat/sorted=1/dtype=10/strided=0/da error=0.296875
FAIL mm/left_repeat/sorted=1/dtype=10/strided=0/db error=0.546875
FAIL mm/left_repeat/sorted=1/dtype=10/strided=0/only_da error=0.296875
FAIL mm/left_repeat/sorted=1/dtype=10/strided=0/only_db error=0.546875
FAIL mm/left_repeat/sorted=1/dtype=10/strided=0/negative_da error=0.296875
FAIL mm/left_repeat/sorted=1/dtype=10/strided=0/negative_db error=0.546875
FAIL mm/left_repeat/sorted=1/dtype=10/strided=1/da error=0.296875
FAIL mm/left_repeat/sorted=1/dtype=10/strided=1/db error=0.546875
FAIL mm/left_repeat/sorted=1/dtype=10/strided=1/only_da error=0.296875
FAIL mm/left_repeat/sorted=1/dtype=10/strided=1/only_db error=0.546875
FAIL mm/left_repeat/sorted=1/dtype=10/strided=1/negative_da error=0.296875
FAIL mm/left_repeat/sorted=1/dtype=10/strided=1/negative_db error=0.546875
FAIL qmm/left_repeat/sorted=1/bits=4/dtype=10/dx error=1.51562
FAIL qmm/left_repeat/sorted=1/bits=4/dtype=10/ds error=6.46875
FAIL qmm/left_repeat/sorted=1/bits=4/dtype=10/db error=0.234375
FAIL qmm/left_repeat/sorted=1/bits=4/dtype=10/only_0 error=1.51562
FAIL qmm/left_repeat/sorted=1/bits=4/dtype=10/only_1 error=6.46875
FAIL qmm/left_repeat/sorted=1/bits=4/dtype=10/only_2 error=0.234375
FAIL qmm/left_repeat/sorted=1/bits=8/dtype=10/dx error=2.64062
FAIL qmm/left_repeat/sorted=1/bits=8/dtype=10/ds error=7.03125
FAIL qmm/left_repeat/sorted=1/bits=8/dtype=10/db error=0.234375
FAIL qmm/left_repeat/sorted=1/bits=8/dtype=10/only_0 error=2.64062
FAIL qmm/left_repeat/sorted=1/bits=8/dtype=10/only_1 error=7.03125
FAIL qmm/left_repeat/sorted=1/bits=8/dtype=10/only_2 error=0.234375
FAIL mm/left_subset/sorted=1/dtype=10/strided=0/db error=0.328125
FAIL mm/left_subset/sorted=1/dtype=10/strided=0/only_db error=0.328125
FAIL mm/left_subset/sorted=1/dtype=10/strided=0/negative_db error=0.328125
FAIL mm/left_subset/sorted=1/dtype=10/strided=1/db error=0.328125
FAIL mm/left_subset/sorted=1/dtype=10/strided=1/only_db error=0.328125
FAIL mm/left_subset/sorted=1/dtype=10/strided=1/negative_db error=0.328125
FAIL qmm/left_subset/sorted=1/bits=4/dtype=10/ds error=6.79688
FAIL qmm/left_subset/sorted=1/bits=4/dtype=10/db error=0.234375
FAIL qmm/left_subset/sorted=1/bits=4/dtype=10/only_1 error=6.79688
FAIL qmm/left_subset/sorted=1/bits=4/dtype=10/only_2 error=0.234375
FAIL qmm/left_subset/sorted=1/bits=8/dtype=10/ds error=15.4688
FAIL qmm/left_subset/sorted=1/bits=8/dtype=10/db error=0.234375
FAIL qmm/left_subset/sorted=1/bits=8/dtype=10/only_1 error=15.4688
FAIL qmm/left_subset/sorted=1/bits=8/dtype=10/only_2 error=0.234375
FAIL mm/left_scalar_broadcast/sorted=1/dtype=10/strided=0/db error=0.4375
FAIL mm/left_scalar_broadcast/sorted=1/dtype=10/strided=0/only_db error=0.4375
FAIL mm/left_scalar_broadcast/sorted=1/dtype=10/strided=0/negative_db error=0.4375
FAIL mm/left_scalar_broadcast/sorted=1/dtype=10/strided=1/db error=0.59375
FAIL mm/left_scalar_broadcast/sorted=1/dtype=10/strided=1/only_db error=0.4375
FAIL mm/left_scalar_broadcast/sorted=1/dtype=10/strided=1/negative_db error=0.4375
FAIL qmm/left_scalar_broadcast/sorted=1/bits=4/dtype=10/ds error=10.2656
FAIL qmm/left_scalar_broadcast/sorted=1/bits=4/dtype=10/db error=0.234375
FAIL qmm/left_scalar_broadcast/sorted=1/bits=4/dtype=10/only_1 error=10.2656
FAIL qmm/left_scalar_broadcast/sorted=1/bits=4/dtype=10/only_2 error=0.234375
FAIL qmm/left_scalar_broadcast/sorted=1/bits=8/dtype=10/ds error=6.32812
FAIL qmm/left_scalar_broadcast/sorted=1/bits=8/dtype=10/db error=0.234375
FAIL qmm/left_scalar_broadcast/sorted=1/bits=8/dtype=10/only_1 error=6.32812
FAIL qmm/left_scalar_broadcast/sorted=1/bits=8/dtype=10/only_2 error=0.234375
FAIL mm/right_left_broadcast/sorted=1/dtype=10/strided=0/db error=0.859375
FAIL mm/right_left_broadcast/sorted=1/dtype=10/strided=0/only_db error=0.859375
FAIL mm/right_left_broadcast/sorted=1/dtype=10/strided=0/negative_db error=0.859375
FAIL mm/right_left_broadcast/sorted=1/dtype=10/strided=1/db error=0.859375
FAIL mm/right_left_broadcast/sorted=1/dtype=10/strided=1/only_db error=0.859375
FAIL mm/right_left_broadcast/sorted=1/dtype=10/strided=1/negative_db error=0.859375
FAIL qmm/right_left_broadcast/sorted=1/bits=4/dtype=10/ds error=16.7344
FAIL qmm/right_left_broadcast/sorted=1/bits=4/dtype=10/db error=0.5625
FAIL qmm/right_left_broadcast/sorted=1/bits=4/dtype=10/only_1 error=16.7344
FAIL qmm/right_left_broadcast/sorted=1/bits=4/dtype=10/only_2 error=0.5625
FAIL qmm/right_left_broadcast/sorted=1/bits=8/dtype=10/ds error=25.1719
FAIL qmm/right_left_broadcast/sorted=1/bits=8/dtype=10/db error=0.5625
FAIL qmm/right_left_broadcast/sorted=1/bits=8/dtype=10/only_1 error=25.1719
FAIL qmm/right_left_broadcast/sorted=1/bits=8/dtype=10/only_2 error=0.5625
FAIL loss/gradient error=20
FAIL loss/step error=5.15625
FAIL loss/hessian_sum error=10
FAIL view/db error=200
FAIL view/db error=45
SUMMARY scenarios=69 failed_scenarios=19 checks=626 failures=71
