Running main() from ../subprojects/googletest/googletest/src/gtest_main.cc
Note: Google Test filter = PoolingPaddingAudit.*:PaddingCases/*:Pooling2DMax/*
[==========] Running 58 tests from 4 test suites.
[----------] Global test environment set-up.
[----------] 2 tests from PoolingPaddingAudit
[ RUN      ] PoolingPaddingAudit.SameEvenKernelConservesIncomingGradient
POOL_AUDIT_DX 0.25 0.25 0.25 0.25
../test/unittest/layers/unittest_layers_pooling2d.cpp:88: Failure
Expected equality of these values:
  result.dx[i]
    Which is: 0.25
  expected[i]
    Which is: 0.75

../test/unittest/layers/unittest_layers_pooling2d.cpp:88: Failure
Expected equality of these values:
  result.dx[i]
    Which is: 0.25
  expected[i]
    Which is: 0.75

../test/unittest/layers/unittest_layers_pooling2d.cpp:88: Failure
Expected equality of these values:
  result.dx[i]
    Which is: 0.25
  expected[i]
    Which is: 2.25

../test/unittest/layers/unittest_layers_pooling2d.cpp:90: Failure
Expected equality of these values:
  std::accumulate(result.dx.begin(), result.dx.end(), 0.0f)
    Which is: 1
  4.0f
    Which is: 4

[  FAILED  ] PoolingPaddingAudit.SameEvenKernelConservesIncomingGradient (0 ms)
[ RUN      ] PoolingPaddingAudit.SameEvenKernelMatchesRuntimeFiniteDifferences
../test/unittest/layers/unittest_layers_pooling2d.cpp:109: Failure
The difference between result.dx[i] and numeric is 1, which exceeds 1e-5, where
result.dx[i] evaluates to 0.25,
numeric evaluates to -0.75, and
1e-5 evaluates to 1.0000000000000001e-05.
input index 1

../test/unittest/layers/unittest_layers_pooling2d.cpp:109: Failure
The difference between result.dx[i] and numeric is 1.5, which exceeds 1e-5, where
result.dx[i] evaluates to 0.25,
numeric evaluates to 1.75, and
1e-5 evaluates to 1.0000000000000001e-05.
input index 2

../test/unittest/layers/unittest_layers_pooling2d.cpp:109: Failure
The difference between result.dx[i] and numeric is 4.5, which exceeds 1e-5, where
result.dx[i] evaluates to 0.25,
numeric evaluates to 4.75, and
1e-5 evaluates to 1.0000000000000001e-05.
input index 3

[  FAILED  ] PoolingPaddingAudit.SameEvenKernelMatchesRuntimeFiniteDifferences (0 ms)
[----------] 2 tests from PoolingPaddingAudit (1 ms total)

[----------] 44 tests from Pooling2DMax/LayerSemantics
[ RUN      ] Pooling2DMax/LayerSemantics.createFromAppContext_pn/0
[       OK ] Pooling2DMax/LayerSemantics.createFromAppContext_pn/0 (8 ms)
[ RUN      ] Pooling2DMax/LayerSemantics.createFromAppContext_pn/1
[       OK ] Pooling2DMax/LayerSemantics.createFromAppContext_pn/1 (0 ms)
[ RUN      ] Pooling2DMax/LayerSemantics.createFromAppContext_pn/2
[       OK ] Pooling2DMax/LayerSemantics.createFromAppContext_pn/2 (0 ms)
[ RUN      ] Pooling2DMax/LayerSemantics.createFromAppContext_pn/3
[       OK ] Pooling2DMax/LayerSemantics.createFromAppContext_pn/3 (0 ms)
[ RUN      ] Pooling2DMax/LayerSemantics.setPropertiesInvalid_01_n/0
[       OK ] Pooling2DMax/LayerSemantics.setPropertiesInvalid_01_n/0 (0 ms)
[ RUN      ] Pooling2DMax/LayerSemantics.setPropertiesInvalid_01_n/1
[       OK ] Pooling2DMax/LayerSemantics.setPropertiesInvalid_01_n/1 (0 ms)
[ RUN      ] Pooling2DMax/LayerSemantics.setPropertiesInvalid_01_n/2
[       OK ] Pooling2DMax/LayerSemantics.setPropertiesInvalid_01_n/2 (0 ms)
[ RUN      ] Pooling2DMax/LayerSemantics.setPropertiesInvalid_01_n/3
[       OK ] Pooling2DMax/LayerSemantics.setPropertiesInvalid_01_n/3 (0 ms)
[ RUN      ] Pooling2DMax/LayerSemantics.setPropertiesInvalid_02_n/0
[       OK ] Pooling2DMax/LayerSemantics.setPropertiesInvalid_02_n/0 (0 ms)
[ RUN      ] Pooling2DMax/LayerSemantics.setPropertiesInvalid_02_n/1
[       OK ] Pooling2DMax/LayerSemantics.setPropertiesInvalid_02_n/1 (0 ms)
[ RUN      ] Pooling2DMax/LayerSemantics.setPropertiesInvalid_02_n/2
[       OK ] Pooling2DMax/LayerSemantics.setPropertiesInvalid_02_n/2 (0 ms)
[ RUN      ] Pooling2DMax/LayerSemantics.setPropertiesInvalid_02_n/3
[       OK ] Pooling2DMax/LayerSemantics.setPropertiesInvalid_02_n/3 (0 ms)
[ RUN      ] Pooling2DMax/LayerSemantics.finalizeValidateLayerNode_p/0
[       OK ] Pooling2DMax/LayerSemantics.finalizeValidateLayerNode_p/0 (0 ms)
[ RUN      ] Pooling2DMax/LayerSemantics.finalizeValidateLayerNode_p/1
[       OK ] Pooling2DMax/LayerSemantics.finalizeValidateLayerNode_p/1 (0 ms)
[ RUN      ] Pooling2DMax/LayerSemantics.finalizeValidateLayerNode_p/2
[       OK ] Pooling2DMax/LayerSemantics.finalizeValidateLayerNode_p/2 (0 ms)
[ RUN      ] Pooling2DMax/LayerSemantics.finalizeValidateLayerNode_p/3
[       OK ] Pooling2DMax/LayerSemantics.finalizeValidateLayerNode_p/3 (0 ms)
[ RUN      ] Pooling2DMax/LayerSemantics.getTypeValidateLayerNode_p/0
[       OK ] Pooling2DMax/LayerSemantics.getTypeValidateLayerNode_p/0 (0 ms)
[ RUN      ] Pooling2DMax/LayerSemantics.getTypeValidateLayerNode_p/1
[       OK ] Pooling2DMax/LayerSemantics.getTypeValidateLayerNode_p/1 (0 ms)
[ RUN      ] Pooling2DMax/LayerSemantics.getTypeValidateLayerNode_p/2
[       OK ] Pooling2DMax/LayerSemantics.getTypeValidateLayerNode_p/2 (0 ms)
[ RUN      ] Pooling2DMax/LayerSemantics.getTypeValidateLayerNode_p/3
[       OK ] Pooling2DMax/LayerSemantics.getTypeValidateLayerNode_p/3 (0 ms)
[ RUN      ] Pooling2DMax/LayerSemantics.gettersValidateLayerNode_p/0
[       OK ] Pooling2DMax/LayerSemantics.gettersValidateLayerNode_p/0 (0 ms)
[ RUN      ] Pooling2DMax/LayerSemantics.gettersValidateLayerNode_p/1
[       OK ] Pooling2DMax/LayerSemantics.gettersValidateLayerNode_p/1 (0 ms)
[ RUN      ] Pooling2DMax/LayerSemantics.gettersValidateLayerNode_p/2
[       OK ] Pooling2DMax/LayerSemantics.gettersValidateLayerNode_p/2 (0 ms)
[ RUN      ] Pooling2DMax/LayerSemantics.gettersValidateLayerNode_p/3
[       OK ] Pooling2DMax/LayerSemantics.gettersValidateLayerNode_p/3 (0 ms)
[ RUN      ] Pooling2DMax/LayerSemantics.setBatchValidateLayerNode_p/0
[       OK ] Pooling2DMax/LayerSemantics.setBatchValidateLayerNode_p/0 (0 ms)
[ RUN      ] Pooling2DMax/LayerSemantics.setBatchValidateLayerNode_p/1
[       OK ] Pooling2DMax/LayerSemantics.setBatchValidateLayerNode_p/1 (0 ms)
[ RUN      ] Pooling2DMax/LayerSemantics.setBatchValidateLayerNode_p/2
[       OK ] Pooling2DMax/LayerSemantics.setBatchValidateLayerNode_p/2 (0 ms)
[ RUN      ] Pooling2DMax/LayerSemantics.setBatchValidateLayerNode_p/3
[       OK ] Pooling2DMax/LayerSemantics.setBatchValidateLayerNode_p/3 (0 ms)
[ RUN      ] Pooling2DMax/LayerSemantics.setProperties_n/0
[       OK ] Pooling2DMax/LayerSemantics.setProperties_n/0 (0 ms)
[ RUN      ] Pooling2DMax/LayerSemantics.setProperties_n/1
[       OK ] Pooling2DMax/LayerSemantics.setProperties_n/1 (0 ms)
[ RUN      ] Pooling2DMax/LayerSemantics.setProperties_n/2
[       OK ] Pooling2DMax/LayerSemantics.setProperties_n/2 (0 ms)
[ RUN      ] Pooling2DMax/LayerSemantics.setProperties_n/3
[       OK ] Pooling2DMax/LayerSemantics.setProperties_n/3 (0 ms)
[ RUN      ] Pooling2DMax/LayerSemantics.gettersValidate_p/0
[       OK ] Pooling2DMax/LayerSemantics.gettersValidate_p/0 (0 ms)
[ RUN      ] Pooling2DMax/LayerSemantics.gettersValidate_p/1
[       OK ] Pooling2DMax/LayerSemantics.gettersValidate_p/1 (0 ms)
[ RUN      ] Pooling2DMax/LayerSemantics.gettersValidate_p/2
[       OK ] Pooling2DMax/LayerSemantics.gettersValidate_p/2 (0 ms)
[ RUN      ] Pooling2DMax/LayerSemantics.gettersValidate_p/3
[       OK ] Pooling2DMax/LayerSemantics.gettersValidate_p/3 (0 ms)
[ RUN      ] Pooling2DMax/LayerSemantics.finalizeValidate_p/0
[       OK ] Pooling2DMax/LayerSemantics.finalizeValidate_p/0 (0 ms)
[ RUN      ] Pooling2DMax/LayerSemantics.finalizeValidate_p/1
[       OK ] Pooling2DMax/LayerSemantics.finalizeValidate_p/1 (0 ms)
[ RUN      ] Pooling2DMax/LayerSemantics.finalizeValidate_p/2
[       OK ] Pooling2DMax/LayerSemantics.finalizeValidate_p/2 (0 ms)
[ RUN      ] Pooling2DMax/LayerSemantics.finalizeValidate_p/3
[       OK ] Pooling2DMax/LayerSemantics.finalizeValidate_p/3 (0 ms)
[ RUN      ] Pooling2DMax/LayerSemantics.setBatchValidate_p/0
[       OK ] Pooling2DMax/LayerSemantics.setBatchValidate_p/0 (0 ms)
[ RUN      ] Pooling2DMax/LayerSemantics.setBatchValidate_p/1
[       OK ] Pooling2DMax/LayerSemantics.setBatchValidate_p/1 (0 ms)
[ RUN      ] Pooling2DMax/LayerSemantics.setBatchValidate_p/2
[       OK ] Pooling2DMax/LayerSemantics.setBatchValidate_p/2 (0 ms)
[ RUN      ] Pooling2DMax/LayerSemantics.setBatchValidate_p/3
[       OK ] Pooling2DMax/LayerSemantics.setBatchValidate_p/3 (0 ms)
[----------] 44 tests from Pooling2DMax/LayerSemantics (11 ms total)

[----------] 2 tests from Pooling2DMax/LayerPropertySemantics
[ RUN      ] Pooling2DMax/LayerPropertySemantics.setPropertiesInvalid_n/0
[       OK ] Pooling2DMax/LayerPropertySemantics.setPropertiesInvalid_n/0 (0 ms)
[ RUN      ] Pooling2DMax/LayerPropertySemantics.setPropertiesValidInvalidOnly_n/0
[       OK ] Pooling2DMax/LayerPropertySemantics.setPropertiesValidInvalidOnly_n/0 (0 ms)
[----------] 2 tests from Pooling2DMax/LayerPropertySemantics (0 ms total)

[----------] 10 tests from PaddingCases/PoolingPaddingMatrix
[ RUN      ] PaddingCases/PoolingPaddingMatrix.MatchesIndependentWindowJacobian/BothSame
../test/unittest/layers/unittest_layers_pooling2d.cpp:181: Failure
The difference between result.dx[i] and expected_dx[i] is 0.5, which exceeds 2e-6, where
result.dx[i] evaluates to -0.625,
expected_dx[i] evaluates to -1.125, and
2e-6 evaluates to 1.9999999999999999e-06.
dx 1

../test/unittest/layers/unittest_layers_pooling2d.cpp:181: Failure
The difference between result.dx[i] and expected_dx[i] is 0.25, which exceeds 2e-6, where
result.dx[i] evaluates to -0.625,
expected_dx[i] evaluates to -0.375, and
2e-6 evaluates to 1.9999999999999999e-06.
dx 2

../test/unittest/layers/unittest_layers_pooling2d.cpp:181: Failure
The difference between result.dx[i] and expected_dx[i] is 1.75, which exceeds 2e-6, where
result.dx[i] evaluates to -0.625,
expected_dx[i] evaluates to 1.125, and
2e-6 evaluates to 1.9999999999999999e-06.
dx 3

../test/unittest/layers/unittest_layers_pooling2d.cpp:196: Failure
The difference between std::accumulate(result.dx.begin(), result.dx.end(), 0.0) and std::accumulate(dy.begin(), dy.end(), 0.0) is 1.5, which exceeds 2e-5, where
std::accumulate(result.dx.begin(), result.dx.end(), 0.0) evaluates to -2.5,
std::accumulate(dy.begin(), dy.end(), 0.0) evaluates to -1, and
2e-5 evaluates to 2.0000000000000002e-05.

[  FAILED  ] PaddingCases/PoolingPaddingMatrix.MatchesIndependentWindowJacobian/BothSame, where GetParam() = 120-byte object <42-6F 74-68 53-61 6D-65 00-C8 A8-00 01-00 00-00 E0-9F 60-EF 01-00 00-08 61-76 65-72 61-67 65-00 A0-19 56-01 00-60 00-00 01-00 00-00 00-00 00-07 73-61 6D-65 00-00 00-00 00-C0 B7-00 01-00 00-00 80-C0 B7-00 01-00 00-04 01-00 00-00 01-00 00-00 02-00 00-00 02-00 00-00 02-00 00-00 02-00 00-00 01-00 00-00 01-00 00-00 00-00 00-00 01-00 00-00 00-00 00-00 01-00 00-00> (0 ms)
[ RUN      ] PaddingCases/PoolingPaddingMatrix.MatchesIndependentWindowJacobian/BottomOnly
../test/unittest/layers/unittest_layers_pooling2d.cpp:181: Failure
The difference between result.dx[i] and expected_dx[i] is 0.3333333432674408, which exceeds 2e-6, where
result.dx[i] evaluates to -0.4166666567325592,
expected_dx[i] evaluates to -0.75, and
2e-6 evaluates to 1.9999999999999999e-06.
dx 3

../test/unittest/layers/unittest_layers_pooling2d.cpp:181: Failure
The difference between result.dx[i] and expected_dx[i] is 0.3333333432674408, which exceeds 2e-6, where
result.dx[i] evaluates to -0.4166666567325592,
expected_dx[i] evaluates to -0.75, and
2e-6 evaluates to 1.9999999999999999e-06.
dx 4

../test/unittest/layers/unittest_layers_pooling2d.cpp:181: Failure
The difference between result.dx[i] and expected_dx[i] is 0.3333333432674408, which exceeds 2e-6, where
result.dx[i] evaluates to -0.4166666567325592,
expected_dx[i] evaluates to -0.75, and
2e-6 evaluates to 1.9999999999999999e-06.
dx 5

../test/unittest/layers/unittest_layers_pooling2d.cpp:196: Failure
The difference between std::accumulate(result.dx.begin(), result.dx.end(), 0.0) and std::accumulate(dy.begin(), dy.end(), 0.0) is 1.0000000596046448, which exceeds 2e-5, where
std::accumulate(result.dx.begin(), result.dx.end(), 0.0) evaluates to -2.4999999403953552,
std::accumulate(dy.begin(), dy.end(), 0.0) evaluates to -3.5, and
2e-5 evaluates to 2.0000000000000002e-05.

[  FAILED  ] PaddingCases/PoolingPaddingMatrix.MatchesIndependentWindowJacobian/BottomOnly, where GetParam() = 120-byte object <42-6F 74-74 6F-6D 4F-6E 6C-79 00-00 00-00 00-00 00-00 00-00 00-00 00-0A 61-76 65-72 61-67 65-00 00-00 00-00 00-00 00-00 00-00 00-00 00-00 00-07 30-2C 31-2C 30-2C 30-00 00-00 00-00 00-00 00-00 00-00 00-00 00-00 00-07 01-00 00-00 01-00 00-00 02-00 00-00 03-00 00-00 02-00 00-00 03-00 00-00 01-00 00-00 01-00 00-00 00-00 00-00 01-00 00-00 00-00 00-00 00-00 00-00> (0 ms)
[ RUN      ] PaddingCases/PoolingPaddingMatrix.MatchesIndependentWindowJacobian/RightOnly
../test/unittest/layers/unittest_layers_pooling2d.cpp:181: Failure
The difference between result.dx[i] and expected_dx[i] is 0.3333333432674408, which exceeds 2e-6, where
result.dx[i] evaluates to -0.4166666567325592,
expected_dx[i] evaluates to -0.75, and
2e-6 evaluates to 1.9999999999999999e-06.
dx 1

../test/unittest/layers/unittest_layers_pooling2d.cpp:181: Failure
The difference between result.dx[i] and expected_dx[i] is 0.3333333432674408, which exceeds 2e-6, where
result.dx[i] evaluates to -0.4166666567325592,
expected_dx[i] evaluates to -0.75, and
2e-6 evaluates to 1.9999999999999999e-06.
dx 3

../test/unittest/layers/unittest_layers_pooling2d.cpp:181: Failure
The difference between result.dx[i] and expected_dx[i] is 0.3333333432674408, which exceeds 2e-6, where
result.dx[i] evaluates to -0.4166666567325592,
expected_dx[i] evaluates to -0.75, and
2e-6 evaluates to 1.9999999999999999e-06.
dx 5

../test/unittest/layers/unittest_layers_pooling2d.cpp:196: Failure
The difference between std::accumulate(result.dx.begin(), result.dx.end(), 0.0) and std::accumulate(dy.begin(), dy.end(), 0.0) is 1.0000000596046448, which exceeds 2e-5, where
std::accumulate(result.dx.begin(), result.dx.end(), 0.0) evaluates to -2.4999999403953552,
std::accumulate(dy.begin(), dy.end(), 0.0) evaluates to -3.5, and
2e-5 evaluates to 2.0000000000000002e-05.

[  FAILED  ] PaddingCases/PoolingPaddingMatrix.MatchesIndependentWindowJacobian/RightOnly, where GetParam() = 120-byte object <52-69 67-68 74-4F 6E-6C 79-00 00-00 00-00 00-00 00-00 00-00 00-00 00-09 61-76 65-72 61-67 65-00 00-00 00-00 00-00 00-00 F0-C6 A9-00 01-00 00-07 30-2C 30-2C 30-2C 31-00 88-EC F4-4B 01-00 00-00 28-1A 4C-6F 01-00 00-07 01-00 00-00 01-00 00-00 03-00 00-00 02-00 00-00 03-00 00-00 02-00 00-00 01-00 00-00 01-00 00-00 00-00 00-00 00-00 00-00 00-00 00-00 01-00 00-00> (0 ms)
[ RUN      ] PaddingCases/PoolingPaddingMatrix.MatchesIndependentWindowJacobian/StrideTwo
../test/unittest/layers/unittest_layers_pooling2d.cpp:181: Failure
The difference between result.dx[i] and expected_dx[i] is 0.25, which exceeds 2e-6, where
result.dx[i] evaluates to 0,
expected_dx[i] evaluates to 0.25, and
2e-6 evaluates to 1.9999999999999999e-06.
dx 4

../test/unittest/layers/unittest_layers_pooling2d.cpp:181: Failure
The difference between result.dx[i] and expected_dx[i] is 0.25, which exceeds 2e-6, where
result.dx[i] evaluates to 0,
expected_dx[i] evaluates to 0.25, and
2e-6 evaluates to 1.9999999999999999e-06.
dx 9

../test/unittest/layers/unittest_layers_pooling2d.cpp:181: Failure
The difference between result.dx[i] and expected_dx[i] is 1, which exceeds 2e-6, where
result.dx[i] evaluates to 0,
expected_dx[i] evaluates to 1, and
2e-6 evaluates to 1.9999999999999999e-06.
dx 10

../test/unittest/layers/unittest_layers_pooling2d.cpp:181: Failure
The difference between result.dx[i] and expected_dx[i] is 1, which exceeds 2e-6, where
result.dx[i] evaluates to 0,
expected_dx[i] evaluates to 1, and
2e-6 evaluates to 1.9999999999999999e-06.
dx 11

../test/unittest/layers/unittest_layers_pooling2d.cpp:181: Failure
The difference between result.dx[i] and expected_dx[i] is 1, which exceeds 2e-6, where
result.dx[i] evaluates to 0,
expected_dx[i] evaluates to -1, and
2e-6 evaluates to 1.9999999999999999e-06.
dx 12

../test/unittest/layers/unittest_layers_pooling2d.cpp:181: Failure
The difference between result.dx[i] and expected_dx[i] is 1, which exceeds 2e-6, where
result.dx[i] evaluates to 0,
expected_dx[i] evaluates to -1, and
2e-6 evaluates to 1.9999999999999999e-06.
dx 13

../test/unittest/layers/unittest_layers_pooling2d.cpp:181: Failure
The difference between result.dx[i] and expected_dx[i] is 0.5, which exceeds 2e-6, where
result.dx[i] evaluates to 0,
expected_dx[i] evaluates to -0.5, and
2e-6 evaluates to 1.9999999999999999e-06.
dx 14

[  FAILED  ] PaddingCases/PoolingPaddingMatrix.MatchesIndependentWindowJacobian/StrideTwo, where GetParam() = 120-byte object <53-74 72-69 64-65 54-77 6F-00 A9-00 01-00 00-00 AC-BD 9D-00 01-00 00-09 61-76 65-72 61-67 65-00 90-19 4C-6F 01-00 00-00 00-00 00-00 00-00 00-07 73-61 6D-65 00-00 00-00 00-00 00-00 00-00 00-00 69-C8 A8-00 01-00 00-04 01-00 00-00 01-00 00-00 03-00 00-00 05-00 00-00 02-00 00-00 02-00 00-00 02-00 00-00 02-00 00-00 00-00 00-00 01-00 00-00 00-00 00-00 01-00 00-00> (0 ms)
[ RUN      ] PaddingCases/PoolingPaddingMatrix.MatchesIndependentWindowJacobian/BatchChannels
../test/unittest/layers/unittest_layers_pooling2d.cpp:181: Failure
The difference between result.dx[i] and expected_dx[i] is 0.5, which exceeds 2e-6, where
result.dx[i] evaluates to -0.625,
expected_dx[i] evaluates to -1.125, and
2e-6 evaluates to 1.9999999999999999e-06.
dx 1

../test/unittest/layers/unittest_layers_pooling2d.cpp:181: Failure
The difference between result.dx[i] and expected_dx[i] is 0.25, which exceeds 2e-6, where
result.dx[i] evaluates to -0.625,
expected_dx[i] evaluates to -0.375, and
2e-6 evaluates to 1.9999999999999999e-06.
dx 2

../test/unittest/layers/unittest_layers_pooling2d.cpp:181: Failure
The difference between result.dx[i] and expected_dx[i] is 1.75, which exceeds 2e-6, where
result.dx[i] evaluates to -0.625,
expected_dx[i] evaluates to 1.125, and
2e-6 evaluates to 1.9999999999999999e-06.
dx 3

../test/unittest/layers/unittest_layers_pooling2d.cpp:181: Failure
The difference between result.dx[i] and expected_dx[i] is 0.5, which exceeds 2e-6, where
result.dx[i] evaluates to -1,
expected_dx[i] evaluates to -0.5, and
2e-6 evaluates to 1.9999999999999999e-06.
dx 4

../test/unittest/layers/unittest_layers_pooling2d.cpp:181: Failure
The difference between result.dx[i] and expected_dx[i] is 0.25, which exceeds 2e-6, where
result.dx[i] evaluates to -1,
expected_dx[i] evaluates to -0.75, and
2e-6 evaluates to 1.9999999999999999e-06.
dx 5

../test/unittest/layers/unittest_layers_pooling2d.cpp:181: Failure
The difference between result.dx[i] and expected_dx[i] is 1, which exceeds 2e-6, where
result.dx[i] evaluates to -1,
expected_dx[i] evaluates to 0, and
2e-6 evaluates to 1.9999999999999999e-06.
dx 6

../test/unittest/layers/unittest_layers_pooling2d.cpp:181: Failure
The difference between result.dx[i] and expected_dx[i] is 3.25, which exceeds 2e-6, where
result.dx[i] evaluates to -1,
expected_dx[i] evaluates to 2.25, and
2e-6 evaluates to 1.9999999999999999e-06.
dx 7

../test/unittest/layers/unittest_layers_pooling2d.cpp:181: Failure
The difference between result.dx[i] and expected_dx[i] is 0.375, which exceeds 2e-6, where
result.dx[i] evaluates to -0.75,
expected_dx[i] evaluates to -0.375, and
2e-6 evaluates to 1.9999999999999999e-06.
dx 8

../test/unittest/layers/unittest_layers_pooling2d.cpp:181: Failure
The difference between result.dx[i] and expected_dx[i] is 0.375, which exceeds 2e-6, where
result.dx[i] evaluates to -0.75,
expected_dx[i] evaluates to -0.375, and
2e-6 evaluates to 1.9999999999999999e-06.
dx 9

../test/unittest/layers/unittest_layers_pooling2d.cpp:181: Failure
The difference between result.dx[i] and expected_dx[i] is 1.125, which exceeds 2e-6, where
result.dx[i] evaluates to -0.75,
expected_dx[i] evaluates to 0.375, and
2e-6 evaluates to 1.9999999999999999e-06.
dx 10

../test/unittest/layers/unittest_layers_pooling2d.cpp:181: Failure
The difference between result.dx[i] and expected_dx[i] is 1.375, which exceeds 2e-6, where
result.dx[i] evaluates to -0.75,
expected_dx[i] evaluates to -2.125, and
2e-6 evaluates to 1.9999999999999999e-06.
dx 11

../test/unittest/layers/unittest_layers_pooling2d.cpp:181: Failure
The difference between result.dx[i] and expected_dx[i] is 0.75, which exceeds 2e-6, where
result.dx[i] evaluates to -1,
expected_dx[i] evaluates to -0.25, and
2e-6 evaluates to 1.9999999999999999e-06.
dx 12

../test/unittest/layers/unittest_layers_pooling2d.cpp:181: Failure
The difference between result.dx[i] and expected_dx[i] is 1, which exceeds 2e-6, where
result.dx[i] evaluates to -1,
expected_dx[i] evaluates to 0, and
2e-6 evaluates to 1.9999999999999999e-06.
dx 13

../test/unittest/layers/unittest_layers_pooling2d.cpp:181: Failure
The difference between result.dx[i] and expected_dx[i] is 1.75, which exceeds 2e-6, where
result.dx[i] evaluates to -1,
expected_dx[i] evaluates to 0.75, and
2e-6 evaluates to 1.9999999999999999e-06.
dx 14

../test/unittest/layers/unittest_layers_pooling2d.cpp:196: Failure
The difference between std::accumulate(result.dx.begin(), result.dx.end(), 0.0) and std::accumulate(dy.begin(), dy.end(), 0.0) is 10.5, which exceeds 2e-5, where
std::accumulate(result.dx.begin(), result.dx.end(), 0.0) evaluates to -13.5,
std::accumulate(dy.begin(), dy.end(), 0.0) evaluates to -3, and
2e-5 evaluates to 2.0000000000000002e-05.

[  FAILED  ] PaddingCases/PoolingPaddingMatrix.MatchesIndependentWindowJacobian/BatchChannels, where GetParam() = 120-byte object <42-61 74-63 68-43 68-61 6E-6E 65-6C 73-00 00-00 00-00 00-00 00-00 00-0D 61-76 65-72 61-67 65-00 F0-C9 A8-00 01-00 00-00 0F-CD A8-00 01-00 00-07 73-61 6D-65 00-00 00-00 00-00 00-00 00-00 00-00 00-00 00-00 00-00 00-04 02-00 00-00 02-00 00-00 02-00 00-00 02-00 00-00 02-00 00-00 02-00 00-00 01-00 00-00 01-00 00-00 00-00 00-00 01-00 00-00 00-00 00-00 01-00 00-00> (0 ms)
[ RUN      ] PaddingCases/PoolingPaddingMatrix.MatchesIndependentWindowJacobian/ExplicitBottomRight
../test/unittest/layers/unittest_layers_pooling2d.cpp:181: Failure
The difference between result.dx[i] and expected_dx[i] is 0.083333339956071617, which exceeds 2e-6, where
result.dx[i] evaluates to -0.3888888955116272,
expected_dx[i] evaluates to -0.30555555555555558, and
2e-6 evaluates to 1.9999999999999999e-06.
dx 2

../test/unittest/layers/unittest_layers_pooling2d.cpp:181: Failure
The difference between result.dx[i] and expected_dx[i] is 0.75000000082784224, which exceeds 2e-6, where
result.dx[i] evaluates to -0.1111111119389534,
expected_dx[i] evaluates to 0.63888888888888884, and
2e-6 evaluates to 1.9999999999999999e-06.
dx 3

../test/unittest/layers/unittest_layers_pooling2d.cpp:181: Failure
The difference between result.dx[i] and expected_dx[i] is 0.33333332008785677, which exceeds 2e-6, where
result.dx[i] evaluates to -0.27777779102325439,
expected_dx[i] evaluates to -0.61111111111111116, and
2e-6 evaluates to 1.9999999999999999e-06.
dx 4

../test/unittest/layers/unittest_layers_pooling2d.cpp:181: Failure
The difference between result.dx[i] and expected_dx[i] is 0.41666666004392838, which exceeds 2e-6, where
result.dx[i] evaluates to -0.3888888955116272,
expected_dx[i] evaluates to -0.80555555555555558, and
2e-6 evaluates to 1.9999999999999999e-06.
dx 5

../test/unittest/layers/unittest_layers_pooling2d.cpp:181: Failure
The difference between result.dx[i] and expected_dx[i] is 0.083333326710595013, which exceeds 2e-6, where
result.dx[i] evaluates to -0.3888888955116272,
expected_dx[i] evaluates to -0.47222222222222221, and
2e-6 evaluates to 1.9999999999999999e-06.
dx 6

../test/unittest/layers/unittest_layers_pooling2d.cpp:181: Failure
The difference between result.dx[i] and expected_dx[i] is 2.1666666674945088, which exceeds 2e-6, where
result.dx[i] evaluates to -0.1111111119389534,
expected_dx[i] evaluates to 2.0555555555555554, and
2e-6 evaluates to 1.9999999999999999e-06.
dx 7

../test/unittest/layers/unittest_layers_pooling2d.cpp:181: Failure
The difference between result.dx[i] and expected_dx[i] is 0.33333332008785677, which exceeds 2e-6, where
result.dx[i] evaluates to -0.27777779102325439,
expected_dx[i] evaluates to -0.61111111111111116, and
2e-6 evaluates to 1.9999999999999999e-06.
dx 8

../test/unittest/layers/unittest_layers_pooling2d.cpp:181: Failure
The difference between result.dx[i] and expected_dx[i] is 0.41666666004392838, which exceeds 2e-6, where
result.dx[i] evaluates to -0.3888888955116272,
expected_dx[i] evaluates to -0.80555555555555558, and
2e-6 evaluates to 1.9999999999999999e-06.
dx 9

../test/unittest/layers/unittest_layers_pooling2d.cpp:181: Failure
The difference between result.dx[i] and expected_dx[i] is 0.083333326710595013, which exceeds 2e-6, where
result.dx[i] evaluates to -0.3888888955116272,
expected_dx[i] evaluates to -0.47222222222222221, and
2e-6 evaluates to 1.9999999999999999e-06.
dx 10

../test/unittest/layers/unittest_layers_pooling2d.cpp:181: Failure
The difference between result.dx[i] and expected_dx[i] is 2.1666666674945088, which exceeds 2e-6, where
result.dx[i] evaluates to -0.1111111119389534,
expected_dx[i] evaluates to 2.0555555555555554, and
2e-6 evaluates to 1.9999999999999999e-06.
dx 11

../test/unittest/layers/unittest_layers_pooling2d.cpp:196: Failure
The difference between std::accumulate(result.dx.begin(), result.dx.end(), 0.0) and std::accumulate(dy.begin(), dy.end(), 0.0) is 3.5000000819563866, which exceeds 2e-5, where
std::accumulate(result.dx.begin(), result.dx.end(), 0.0) evaluates to -3.5000000819563866,
std::accumulate(dy.begin(), dy.end(), 0.0) evaluates to 0, and
2e-5 evaluates to 2.0000000000000002e-05.

[  FAILED  ] PaddingCases/PoolingPaddingMatrix.MatchesIndependentWindowJacobian/ExplicitBottomRight, where GetParam() = 120-byte object <45-78 70-6C 69-63 69-74 42-6F 74-74 6F-6D 52-69 67-68 74-00 01-00 00-13 61-76 65-72 61-67 65-00 00-00 00-00 00-00 00-00 00-00 00-00 00-00 00-07 30-2C 31-2C 30-2C 32-00 00-00 00-00 00-00 00-00 00-00 00-00 00-00 00-07 01-00 00-00 01-00 00-00 03-00 00-00 04-00 00-00 03-00 00-00 03-00 00-00 01-00 00-00 01-00 00-00 00-00 00-00 01-00 00-00 00-00 00-00 02-00 00-00> (0 ms)
[ RUN      ] PaddingCases/PoolingPaddingMatrix.MatchesIndependentWindowJacobian/SymmetricControl
[       OK ] PaddingCases/PoolingPaddingMatrix.MatchesIndependentWindowJacobian/SymmetricControl (0 ms)
[ RUN      ] PaddingCases/PoolingPaddingMatrix.MatchesIndependentWindowJacobian/ValidControl
[       OK ] PaddingCases/PoolingPaddingMatrix.MatchesIndependentWindowJacobian/ValidControl (0 ms)
[ RUN      ] PaddingCases/PoolingPaddingMatrix.MatchesIndependentWindowJacobian/GlobalAverageControl
[       OK ] PaddingCases/PoolingPaddingMatrix.MatchesIndependentWindowJacobian/GlobalAverageControl (0 ms)
[ RUN      ] PaddingCases/PoolingPaddingMatrix.MatchesIndependentWindowJacobian/MaxSameControl
[       OK ] PaddingCases/PoolingPaddingMatrix.MatchesIndependentWindowJacobian/MaxSameControl (0 ms)
[----------] 10 tests from PaddingCases/PoolingPaddingMatrix (2 ms total)

[----------] Global test environment tear-down
[==========] 58 tests from 4 test suites ran. (15 ms total)
[  PASSED  ] 50 tests.
[  FAILED  ] 8 tests, listed below:
[  FAILED  ] PoolingPaddingAudit.SameEvenKernelConservesIncomingGradient
[  FAILED  ] PoolingPaddingAudit.SameEvenKernelMatchesRuntimeFiniteDifferences
[  FAILED  ] PaddingCases/PoolingPaddingMatrix.MatchesIndependentWindowJacobian/BothSame, where GetParam() = 120-byte object <42-6F 74-68 53-61 6D-65 00-C8 A8-00 01-00 00-00 E0-9F 60-EF 01-00 00-08 61-76 65-72 61-67 65-00 A0-19 56-01 00-60 00-00 01-00 00-00 00-00 00-07 73-61 6D-65 00-00 00-00 00-C0 B7-00 01-00 00-00 80-C0 B7-00 01-00 00-04 01-00 00-00 01-00 00-00 02-00 00-00 02-00 00-00 02-00 00-00 02-00 00-00 01-00 00-00 01-00 00-00 00-00 00-00 01-00 00-00 00-00 00-00 01-00 00-00>
[  FAILED  ] PaddingCases/PoolingPaddingMatrix.MatchesIndependentWindowJacobian/BottomOnly, where GetParam() = 120-byte object <42-6F 74-74 6F-6D 4F-6E 6C-79 00-00 00-00 00-00 00-00 00-00 00-00 00-0A 61-76 65-72 61-67 65-00 00-00 00-00 00-00 00-00 00-00 00-00 00-00 00-07 30-2C 31-2C 30-2C 30-00 00-00 00-00 00-00 00-00 00-00 00-00 00-00 00-07 01-00 00-00 01-00 00-00 02-00 00-00 03-00 00-00 02-00 00-00 03-00 00-00 01-00 00-00 01-00 00-00 00-00 00-00 01-00 00-00 00-00 00-00 00-00 00-00>
[  FAILED  ] PaddingCases/PoolingPaddingMatrix.MatchesIndependentWindowJacobian/RightOnly, where GetParam() = 120-byte object <52-69 67-68 74-4F 6E-6C 79-00 00-00 00-00 00-00 00-00 00-00 00-00 00-09 61-76 65-72 61-67 65-00 00-00 00-00 00-00 00-00 F0-C6 A9-00 01-00 00-07 30-2C 30-2C 30-2C 31-00 88-EC F4-4B 01-00 00-00 28-1A 4C-6F 01-00 00-07 01-00 00-00 01-00 00-00 03-00 00-00 02-00 00-00 03-00 00-00 02-00 00-00 01-00 00-00 01-00 00-00 00-00 00-00 00-00 00-00 00-00 00-00 01-00 00-00>
[  FAILED  ] PaddingCases/PoolingPaddingMatrix.MatchesIndependentWindowJacobian/StrideTwo, where GetParam() = 120-byte object <53-74 72-69 64-65 54-77 6F-00 A9-00 01-00 00-00 AC-BD 9D-00 01-00 00-09 61-76 65-72 61-67 65-00 90-19 4C-6F 01-00 00-00 00-00 00-00 00-00 00-07 73-61 6D-65 00-00 00-00 00-00 00-00 00-00 00-00 69-C8 A8-00 01-00 00-04 01-00 00-00 01-00 00-00 03-00 00-00 05-00 00-00 02-00 00-00 02-00 00-00 02-00 00-00 02-00 00-00 00-00 00-00 01-00 00-00 00-00 00-00 01-00 00-00>
[  FAILED  ] PaddingCases/PoolingPaddingMatrix.MatchesIndependentWindowJacobian/BatchChannels, where GetParam() = 120-byte object <42-61 74-63 68-43 68-61 6E-6E 65-6C 73-00 00-00 00-00 00-00 00-00 00-0D 61-76 65-72 61-67 65-00 F0-C9 A8-00 01-00 00-00 0F-CD A8-00 01-00 00-07 73-61 6D-65 00-00 00-00 00-00 00-00 00-00 00-00 00-00 00-00 00-00 00-04 02-00 00-00 02-00 00-00 02-00 00-00 02-00 00-00 02-00 00-00 02-00 00-00 01-00 00-00 01-00 00-00 00-00 00-00 01-00 00-00 00-00 00-00 01-00 00-00>
[  FAILED  ] PaddingCases/PoolingPaddingMatrix.MatchesIndependentWindowJacobian/ExplicitBottomRight, where GetParam() = 120-byte object <45-78 70-6C 69-63 69-74 42-6F 74-74 6F-6D 52-69 67-68 74-00 01-00 00-13 61-76 65-72 61-67 65-00 00-00 00-00 00-00 00-00 00-00 00-00 00-00 00-07 30-2C 31-2C 30-2C 32-00 00-00 00-00 00-00 00-00 00-00 00-00 00-00 00-07 01-00 00-00 01-00 00-00 03-00 00-00 04-00 00-00 03-00 00-00 03-00 00-00 01-00 00-00 01-00 00-00 00-00 00-00 01-00 00-00 00-00 00-00 02-00 00-00>

 8 FAILED TESTS
