Running main() from ../subprojects/googletest/googletest/src/gtest_main.cc
Note: Google Test filter = PoolingPaddingAudit.*
[==========] Running 2 tests from 1 test suite.
[----------] Global test environment set-up.
[----------] 2 tests from PoolingPaddingAudit
[ RUN      ] PoolingPaddingAudit.SameEvenKernelConservesIncomingGradient
POOL_AUDIT_DX 0.25 0.25 0.25 0.25
../test/unittest/layers/unittest_layers_pooling2d.cpp:88: Failure
Expected equality of these values:
  result.dx[i]
    Which is: 0.25
  expected[i]
    Which is: 0.75

../test/unittest/layers/unittest_layers_pooling2d.cpp:88: Failure
Expected equality of these values:
  result.dx[i]
    Which is: 0.25
  expected[i]
    Which is: 0.75

../test/unittest/layers/unittest_layers_pooling2d.cpp:88: Failure
Expected equality of these values:
  result.dx[i]
    Which is: 0.25
  expected[i]
    Which is: 2.25

../test/unittest/layers/unittest_layers_pooling2d.cpp:90: Failure
Expected equality of these values:
  std::accumulate(result.dx.begin(), result.dx.end(), 0.0f)
    Which is: 1
  4.0f
    Which is: 4

[  FAILED  ] PoolingPaddingAudit.SameEvenKernelConservesIncomingGradient (1 ms)
[ RUN      ] PoolingPaddingAudit.SameEvenKernelMatchesRuntimeFiniteDifferences
../test/unittest/layers/unittest_layers_pooling2d.cpp:109: Failure
The difference between result.dx[i] and numeric is 1, which exceeds 1e-5, where
result.dx[i] evaluates to 0.25,
numeric evaluates to -0.75, and
1e-5 evaluates to 1.0000000000000001e-05.
input index 1

../test/unittest/layers/unittest_layers_pooling2d.cpp:109: Failure
The difference between result.dx[i] and numeric is 1.5, which exceeds 1e-5, where
result.dx[i] evaluates to 0.25,
numeric evaluates to 1.75, and
1e-5 evaluates to 1.0000000000000001e-05.
input index 2

../test/unittest/layers/unittest_layers_pooling2d.cpp:109: Failure
The difference between result.dx[i] and numeric is 4.5, which exceeds 1e-5, where
result.dx[i] evaluates to 0.25,
numeric evaluates to 4.75, and
1e-5 evaluates to 1.0000000000000001e-05.
input index 3

[  FAILED  ] PoolingPaddingAudit.SameEvenKernelMatchesRuntimeFiniteDifferences (0 ms)
[----------] 2 tests from PoolingPaddingAudit (1 ms total)

[----------] Global test environment tear-down
[==========] 2 tests from 1 test suite ran. (1 ms total)
[  PASSED  ] 0 tests.
[  FAILED  ] 2 tests, listed below:
[  FAILED  ] PoolingPaddingAudit.SameEvenKernelConservesIncomingGradient
[  FAILED  ] PoolingPaddingAudit.SameEvenKernelMatchesRuntimeFiniteDifferences

 2 FAILED TESTS
