Running main() from ../subprojects/googletest/googletest/src/gtest_main.cc
Note: Google Test filter = AttentionNumericalAudit.RectangularFewerQueries:AttentionNumericalAudit.FutureValueHasZeroDerivative:AttentionNumericalAudit.LargeFiniteFutureLogitIsExcluded:AttentionNumericalAudit.IncrementalChunksMatchFull
[==========] Running 4 tests from 1 test suite.
[----------] Global test environment set-up.
[----------] 4 tests from AttentionNumericalAudit
[ RUN      ] AttentionNumericalAudit.RectangularFewerQueries
ATTENTION_OUTPUT 2 6
[       OK ] AttentionNumericalAudit.RectangularFewerQueries (0 ms)
[ RUN      ] AttentionNumericalAudit.FutureValueHasZeroDerivative
ATTENTION_OUTPUT 1 0 0
[       OK ] AttentionNumericalAudit.FutureValueHasZeroDerivative (0 ms)
[ RUN      ] AttentionNumericalAudit.LargeFiniteFutureLogitIsExcluded
ATTENTION_OUTPUT 2 10
[       OK ] AttentionNumericalAudit.LargeFiniteFutureLogitIsExcluded (0 ms)
[ RUN      ] AttentionNumericalAudit.IncrementalChunksMatchFull
ATTENTION_OUTPUT 2 6 20.66666794
[       OK ] AttentionNumericalAudit.IncrementalChunksMatchFull (0 ms)
[----------] 4 tests from AttentionNumericalAudit (0 ms total)

[----------] Global test environment tear-down
[==========] 4 tests from 1 test suite ran. (0 ms total)
[  PASSED  ] 4 tests.
