[1/86] Generating compiled_preamble.cpp
[2/86] Building CXX object mlx-build/mlx/CMakeFiles/mlx_version.dir/version.cpp.o
[3/86] Building CXX object mlx-build/CMakeFiles/mlx.dir/mlx/array.cpp.o
[4/86] Building CXX object mlx-build/CMakeFiles/mlx.dir/mlx/compile.cpp.o
[5/86] Building CXX object mlx-build/CMakeFiles/mlx.dir/mlx/device.cpp.o
[6/86] Building CXX object mlx-build/CMakeFiles/mlx.dir/mlx/dtype.cpp.o
[7/86] Building CXX object mlx-build/CMakeFiles/mlx.dir/mlx/dtype_utils.cpp.o
[8/86] Building CXX object mlx-build/CMakeFiles/mlx.dir/mlx/export.cpp.o
[9/86] Building CXX object mlx-build/CMakeFiles/mlx.dir/mlx/einsum.cpp.o
[10/86] Building CXX object mlx-build/CMakeFiles/mlx.dir/mlx/fast.cpp.o
[11/86] Building CXX object mlx-build/CMakeFiles/mlx.dir/mlx/fft.cpp.o
[12/86] Building CXX object mlx-build/CMakeFiles/mlx.dir/mlx/ops.cpp.o
[13/86] Building CXX object mlx-build/CMakeFiles/mlx.dir/mlx/graph_utils.cpp.o
[14/86] Building CXX object mlx-build/CMakeFiles/mlx.dir/mlx/primitives.cpp.o
[15/86] Building CXX object mlx-build/CMakeFiles/mlx.dir/mlx/random.cpp.o
[16/86] Building CXX object mlx-build/CMakeFiles/mlx.dir/mlx/scheduler.cpp.o
[17/86] Building CXX object mlx-build/CMakeFiles/mlx.dir/mlx/stream.cpp.o
[18/86] Building CXX object mlx-build/CMakeFiles/mlx.dir/mlx/transforms.cpp.o
[19/86] Building CXX object mlx-build/CMakeFiles/mlx.dir/mlx/utils.cpp.o
[20/86] Building CXX object mlx-build/CMakeFiles/mlx.dir/mlx/linalg.cpp.o
[21/86] Building CXX object mlx-build/CMakeFiles/mlx.dir/mlx/memory.cpp.o
[22/86] Building CXX object mlx-build/CMakeFiles/mlx.dir/mlx/backend/common/broadcasting.cpp.o
[23/86] Building CXX object mlx-build/CMakeFiles/mlx.dir/mlx/backend/common/compiled.cpp.o
[24/86] Building CXX object mlx-build/CMakeFiles/mlx.dir/mlx/backend/common/common.cpp.o
[25/86] Building CXX object mlx-build/CMakeFiles/mlx.dir/mlx/backend/common/load.cpp.o
[26/86] Building CXX object mlx-build/CMakeFiles/mlx.dir/mlx/backend/common/metal_kernel.cpp.o
[27/86] Building CXX object mlx-build/CMakeFiles/mlx.dir/mlx/backend/common/reduce.cpp.o
[28/86] Building CXX object mlx-build/CMakeFiles/mlx.dir/mlx/backend/common/slicing.cpp.o
[29/86] Building CXX object mlx-build/CMakeFiles/mlx.dir/mlx/backend/common/utils.cpp.o
[30/86] Building CXX object mlx-build/CMakeFiles/mlx.dir/mlx/backend/cpu/device_info.cpp.o
[31/86] Building CXX object mlx-build/CMakeFiles/mlx.dir/mlx/backend/cpu/arg_reduce.cpp.o
[32/86] Building CXX object mlx-build/CMakeFiles/mlx.dir/mlx/backend/cpu/binary.cpp.o
[33/86] Building CXX object mlx-build/CMakeFiles/mlx.dir/mlx/backend/cpu/conv.cpp.o
[34/86] Building CXX object mlx-build/CMakeFiles/mlx.dir/mlx/backend/cpu/copy.cpp.o
[35/86] Building CXX object mlx-build/CMakeFiles/mlx.dir/mlx/backend/cpu/distributed.cpp.o
[36/86] Building CXX object mlx-build/CMakeFiles/mlx.dir/mlx/backend/cpu/eig.cpp.o
[37/86] Building CXX object mlx-build/CMakeFiles/mlx.dir/mlx/backend/cpu/eigh.cpp.o
[38/86] Building CXX object mlx-build/CMakeFiles/mlx.dir/mlx/backend/cpu/encoder.cpp.o
[39/86] Building CXX object mlx-build/CMakeFiles/mlx.dir/mlx/backend/cpu/fft.cpp.o
[40/86] Building CXX object mlx-build/CMakeFiles/mlx.dir/mlx/backend/cpu/hadamard.cpp.o
[41/86] Building CXX object mlx-build/CMakeFiles/mlx.dir/mlx/backend/cpu/matmul.cpp.o
[42/86] Building CXX object mlx-build/CMakeFiles/mlx.dir/mlx/backend/cpu/gemms/cblas.cpp.o
[43/86] Building CXX object mlx-build/CMakeFiles/mlx.dir/mlx/backend/cpu/masked_mm.cpp.o
[44/86] Building CXX object mlx-build/CMakeFiles/mlx.dir/mlx/backend/cpu/primitives.cpp.o
[45/86] Building CXX object mlx-build/CMakeFiles/mlx.dir/mlx/backend/cpu/quantized.cpp.o
[46/86] Building CXX object mlx-build/CMakeFiles/mlx.dir/mlx/backend/cpu/reduce.cpp.o
[47/86] Building CXX object mlx-build/CMakeFiles/mlx.dir/mlx/backend/cpu/scan.cpp.o
[48/86] Building CXX object mlx-build/CMakeFiles/mlx.dir/mlx/backend/cpu/select.cpp.o
[49/86] Building CXX object mlx-build/CMakeFiles/mlx.dir/mlx/backend/cpu/softmax.cpp.o
[50/86] Building CXX object mlx-build/CMakeFiles/mlx.dir/mlx/backend/cpu/logsumexp.cpp.o
[51/86] Building CXX object mlx-build/CMakeFiles/mlx.dir/mlx/backend/cpu/sort.cpp.o
[52/86] Building CXX object mlx-build/CMakeFiles/mlx.dir/mlx/backend/cpu/threefry.cpp.o
[53/86] Building CXX object mlx-build/CMakeFiles/mlx.dir/mlx/backend/cpu/indexing.cpp.o
[54/86] Building CXX object mlx-build/CMakeFiles/mlx.dir/mlx/backend/cpu/luf.cpp.o
[55/86] Building CXX object mlx-build/CMakeFiles/mlx.dir/mlx/backend/cpu/qrf.cpp.o
[56/86] Building CXX object mlx-build/CMakeFiles/mlx.dir/mlx/backend/cpu/svd.cpp.o
[57/86] Building CXX object mlx-build/CMakeFiles/mlx.dir/mlx/backend/cpu/inverse.cpp.o
[58/86] Building CXX object mlx-build/CMakeFiles/mlx.dir/mlx/backend/cpu/cholesky.cpp.o
[59/86] Building CXX object mlx-build/CMakeFiles/mlx.dir/mlx/backend/cpu/unary.cpp.o
[60/86] Building CXX object mlx-build/CMakeFiles/mlx.dir/mlx/backend/cpu/eval.cpp.o
[61/86] Building CXX object mlx-build/CMakeFiles/mlx.dir/mlx/backend/cpu/compiled_preamble.cpp.o
[62/86] Building CXX object mlx-build/CMakeFiles/mlx.dir/mlx/backend/cpu/gemms/bnns.cpp.o
[63/86] Building CXX object mlx-build/CMakeFiles/mlx.dir/mlx/backend/cpu/compiled.cpp.o
[64/86] Building CXX object mlx-build/CMakeFiles/mlx.dir/mlx/backend/cpu/jit_compiler.cpp.o
[65/86] Building CXX object mlx-build/CMakeFiles/mlx.dir/mlx/distributed/primitives.cpp.o
[66/86] Building CXX object mlx-build/CMakeFiles/mlx.dir/mlx/distributed/ops.cpp.o
[67/86] Building CXX object mlx-build/CMakeFiles/mlx.dir/mlx/distributed/distributed.cpp.o
[68/86] Building CXX object mlx-build/CMakeFiles/mlx.dir/mlx/distributed/utils.cpp.o
[69/86] Building CXX object mlx-build/CMakeFiles/mlx.dir/mlx/distributed/mpi/mpi.cpp.o
[70/86] Building CXX object mlx-build/CMakeFiles/mlx.dir/mlx/distributed/ring/ring.cpp.o
[71/86] Building CXX object mlx-build/CMakeFiles/mlx.dir/mlx/distributed/nccl/no_nccl.cpp.o
[72/86] Building CXX object mlx-build/CMakeFiles/mlx.dir/mlx/distributed/jaccl/no_jaccl.cpp.o
[73/86] Building CXX object mlx-build/CMakeFiles/mlx.dir/mlx/io/load.cpp.o
[74/86] Building CXX object mlx-build/CMakeFiles/mlx.dir/mlx/io/no_safetensors.cpp.o
[75/86] Building CXX object mlx-build/CMakeFiles/mlx.dir/mlx/io/no_gguf.cpp.o
[76/86] Building CXX object mlx-build/CMakeFiles/mlx.dir/mlx/backend/metal/no_metal.cpp.o
[77/86] Building CXX object mlx-build/CMakeFiles/mlx.dir/mlx/backend/cuda/no_cuda.cpp.o
[78/86] Building CXX object mlx-build/CMakeFiles/mlx.dir/mlx/backend/no_gpu/allocator.cpp.o
[79/86] Building CXX object mlx-build/CMakeFiles/mlx.dir/mlx/backend/no_gpu/device_info.cpp.o
[80/86] Building CXX object mlx-build/CMakeFiles/mlx.dir/mlx/backend/no_gpu/event.cpp.o
[81/86] Building CXX object mlx-build/CMakeFiles/mlx.dir/mlx/backend/no_gpu/fence.cpp.o
[82/86] Building CXX object mlx-build/CMakeFiles/mlx.dir/mlx/backend/no_gpu/eval.cpp.o
[83/86] Building CXX object mlx-build/CMakeFiles/mlx.dir/mlx/backend/no_gpu/primitives.cpp.o
[84/86] Building CXX object CMakeFiles/layernorm_regression.dir$WORKSPACE/software-audits/mlx-layernorm-bias-dtype-2026-09-12/native_regression.cpp.o
[85/86] Linking CXX static library mlx-build/libmlx.a
[86/86] Linking CXX executable layernorm_regression
