FAIL n=20 scale=0.223607 batch=1 dtype=10 vjp max_error=2.347871311
FAIL n=20 scale=0.223607 batch=1 dtype=10 vjp_linearity max_error=4.695742622
FAIL n=20 scale=0.223607 batch=1 dtype=10 energy_gradient max_error=1.549999934
FAIL n=20 scale=0.223607 batch=1 dtype=10 Hessian_reverse max_error=1.162500009
FAIL n=20 scale=0.223607 batch=1 dtype=10 Hessian_forward max_error=1.162500009
FAIL n=20 scale=0.250000 batch=1 dtype=10 vjp max_error=2.625
FAIL n=20 scale=0.250000 batch=1 dtype=10 vjp_linearity max_error=5.25
FAIL n=20 scale=0.250000 batch=1 dtype=10 energy_gradient max_error=1.9375
FAIL n=20 scale=0.250000 batch=1 dtype=10 Hessian_reverse max_error=1.453125
FAIL n=20 scale=0.250000 batch=1 dtype=10 Hessian_forward max_error=1.453125
FAIL n=20 scale=-0.125000 batch=1 dtype=10 vjp max_error=1.3125
FAIL n=20 scale=-0.125000 batch=1 dtype=10 vjp_linearity max_error=2.625
FAIL n=20 scale=-0.125000 batch=1 dtype=10 energy_gradient max_error=0.484375
FAIL n=20 scale=-0.125000 batch=1 dtype=10 Hessian_reverse max_error=0.36328125
FAIL n=20 scale=-0.125000 batch=1 dtype=10 Hessian_forward max_error=0.36328125
FAIL n=40 scale=0.158114 batch=1 dtype=10 vjp max_error=1.739252731
FAIL n=40 scale=0.158114 batch=1 dtype=10 vjp_linearity max_error=3.478505462
FAIL n=40 scale=0.158114 batch=1 dtype=10 energy_gradient max_error=1.93749999
FAIL n=40 scale=0.158114 batch=1 dtype=10 Hessian_reverse max_error=1.362499886
FAIL n=40 scale=0.158114 batch=1 dtype=10 Hessian_forward max_error=1.362499886
FAIL n=40 scale=0.250000 batch=1 dtype=10 vjp max_error=2.75
FAIL n=40 scale=0.250000 batch=1 dtype=10 vjp_linearity max_error=5.5
FAIL n=40 scale=0.250000 batch=1 dtype=10 energy_gradient max_error=4.84375
FAIL n=40 scale=0.250000 batch=1 dtype=10 Hessian_reverse max_error=3.40625
FAIL n=40 scale=0.250000 batch=1 dtype=10 Hessian_forward max_error=3.40625
FAIL n=40 scale=-0.125000 batch=1 dtype=10 vjp max_error=1.375
FAIL n=40 scale=-0.125000 batch=1 dtype=10 vjp_linearity max_error=2.75
FAIL n=40 scale=-0.125000 batch=1 dtype=10 energy_gradient max_error=1.2109375
FAIL n=40 scale=-0.125000 batch=1 dtype=10 Hessian_reverse max_error=0.8515625
FAIL n=40 scale=-0.125000 batch=1 dtype=10 Hessian_forward max_error=0.8515625
FAIL n=80 scale=0.111803 batch=1 dtype=10 vjp max_error=2.347871296
FAIL n=80 scale=0.111803 batch=1 dtype=10 vjp_linearity max_error=4.695742592
FAIL n=80 scale=0.111803 batch=1 dtype=10 energy_gradient max_error=1.962499958
FAIL n=80 scale=0.111803 batch=1 dtype=10 Hessian_reverse max_error=1.487499937
FAIL n=80 scale=0.111803 batch=1 dtype=10 Hessian_forward max_error=1.487499937
FAIL n=80 scale=0.250000 batch=1 dtype=10 vjp max_error=5.25
FAIL n=80 scale=0.250000 batch=1 dtype=10 vjp_linearity max_error=10.5
FAIL n=80 scale=0.250000 batch=1 dtype=10 energy_gradient max_error=9.8125
FAIL n=80 scale=0.250000 batch=1 dtype=10 Hessian_reverse max_error=7.4375
FAIL n=80 scale=0.250000 batch=1 dtype=10 Hessian_forward max_error=7.4375
FAIL n=80 scale=-0.125000 batch=1 dtype=10 vjp max_error=2.625
FAIL n=80 scale=-0.125000 batch=1 dtype=10 vjp_linearity max_error=5.25
FAIL n=80 scale=-0.125000 batch=1 dtype=10 energy_gradient max_error=2.453125
FAIL n=80 scale=-0.125000 batch=1 dtype=10 Hessian_reverse max_error=1.859375
FAIL n=80 scale=-0.125000 batch=1 dtype=10 Hessian_forward max_error=1.859375
FAIL n=28 scale=0.188982 batch=1 dtype=10 vjp max_error=1.889822483
FAIL n=28 scale=0.188982 batch=1 dtype=10 vjp_linearity max_error=3.779644966
FAIL n=28 scale=0.188982 batch=1 dtype=10 energy_gradient max_error=1.651785885
FAIL n=28 scale=0.188982 batch=1 dtype=10 Hessian_reverse max_error=1.401785809
FAIL n=28 scale=0.188982 batch=1 dtype=10 Hessian_forward max_error=1.401785809
FAIL n=28 scale=0.250000 batch=1 dtype=10 vjp max_error=2.5
FAIL n=28 scale=0.250000 batch=1 dtype=10 vjp_linearity max_error=5
FAIL n=28 scale=0.250000 batch=1 dtype=10 energy_gradient max_error=2.890625
FAIL n=28 scale=0.250000 batch=1 dtype=10 Hessian_reverse max_error=2.453125
FAIL n=28 scale=0.250000 batch=1 dtype=10 Hessian_forward max_error=2.453125
FAIL n=28 scale=-0.125000 batch=1 dtype=10 vjp max_error=1.25
FAIL n=28 scale=-0.125000 batch=1 dtype=10 vjp_linearity max_error=2.5
FAIL n=28 scale=-0.125000 batch=1 dtype=10 energy_gradient max_error=0.72265625
FAIL n=28 scale=-0.125000 batch=1 dtype=10 Hessian_reverse max_error=0.61328125
FAIL n=28 scale=-0.125000 batch=1 dtype=10 Hessian_forward max_error=0.61328125
FAIL n=56 scale=0.133631 batch=1 dtype=10 vjp max_error=2.672612354
FAIL n=56 scale=0.133631 batch=1 dtype=10 vjp_linearity max_error=5.345224708
FAIL n=56 scale=0.133631 batch=1 dtype=10 energy_gradient max_error=1.830357166
FAIL n=56 scale=0.133631 batch=1 dtype=10 Hessian_reverse max_error=1.526785589
FAIL n=56 scale=0.133631 batch=1 dtype=10 Hessian_forward max_error=1.526785589
FAIL n=56 scale=0.250000 batch=1 dtype=10 vjp max_error=5
FAIL n=56 scale=0.250000 batch=1 dtype=10 vjp_linearity max_error=10
FAIL n=56 scale=0.250000 batch=1 dtype=10 energy_gradient max_error=6.40625
FAIL n=56 scale=0.250000 batch=1 dtype=10 Hessian_reverse max_error=5.34375
FAIL n=56 scale=0.250000 batch=1 dtype=10 Hessian_forward max_error=5.34375
FAIL n=56 scale=-0.125000 batch=1 dtype=10 vjp max_error=2.5
FAIL n=56 scale=-0.125000 batch=1 dtype=10 vjp_linearity max_error=5
FAIL n=56 scale=-0.125000 batch=1 dtype=10 energy_gradient max_error=1.6015625
FAIL n=56 scale=-0.125000 batch=1 dtype=10 Hessian_reverse max_error=1.3359375
FAIL n=56 scale=-0.125000 batch=1 dtype=10 Hessian_forward max_error=1.3359375
FAIL n=112 scale=0.094491 batch=1 dtype=10 vjp max_error=2.645751476
FAIL n=112 scale=0.094491 batch=1 dtype=10 vjp_linearity max_error=5.291502953
FAIL n=112 scale=0.094491 batch=1 dtype=10 energy_gradient max_error=1.96428569
FAIL n=112 scale=0.094491 batch=1 dtype=10 Hessian_reverse max_error=1.687500197
FAIL n=112 scale=0.094491 batch=1 dtype=10 Hessian_forward max_error=1.687500197
FAIL n=112 scale=0.250000 batch=1 dtype=10 vjp max_error=7
FAIL n=112 scale=0.250000 batch=1 dtype=10 vjp_linearity max_error=14
FAIL n=112 scale=0.250000 batch=1 dtype=10 energy_gradient max_error=13.75
FAIL n=112 scale=0.250000 batch=1 dtype=10 Hessian_reverse max_error=11.8125
FAIL n=112 scale=0.250000 batch=1 dtype=10 Hessian_forward max_error=11.8125
FAIL n=112 scale=-0.125000 batch=1 dtype=10 vjp max_error=3.5
FAIL n=112 scale=-0.125000 batch=1 dtype=10 vjp_linearity max_error=7
FAIL n=112 scale=-0.125000 batch=1 dtype=10 energy_gradient max_error=3.4375
FAIL n=112 scale=-0.125000 batch=1 dtype=10 Hessian_reverse max_error=2.953125
FAIL n=112 scale=-0.125000 batch=1 dtype=10 Hessian_forward max_error=2.953125
FAIL n=20 scale=0.223607 batch=2 dtype=10 vjp max_error=2.347871311
FAIL n=20 scale=0.223607 batch=2 dtype=10 vjp_linearity max_error=4.695742622
FAIL n=20 scale=0.223607 batch=2 dtype=10 energy_gradient max_error=1.549999934
FAIL n=20 scale=0.223607 batch=2 dtype=10 Hessian_reverse max_error=1.349999833
FAIL n=20 scale=0.223607 batch=2 dtype=10 Hessian_forward max_error=1.349999833
FAIL n=20 scale=0.223607 batch=2 dtype=10 grad_vmap max_error=1.549999934
FAIL n=20 scale=0.223607 batch=2 dtype=10 vmap_grad max_error=1.549999934
FAIL n=20 scale=0.223607 batch=2 dtype=10 vmap_last max_error=1.549999934
FAIL n=28 scale=0.188982 batch=2 dtype=10 vjp max_error=1.889822483
FAIL n=28 scale=0.188982 batch=2 dtype=10 vjp_linearity max_error=3.779644966
FAIL n=28 scale=0.188982 batch=2 dtype=10 energy_gradient max_error=1.651785885
FAIL n=28 scale=0.188982 batch=2 dtype=10 Hessian_reverse max_error=1.625000316
FAIL n=28 scale=0.188982 batch=2 dtype=10 Hessian_forward max_error=1.625000316
FAIL n=28 scale=0.188982 batch=2 dtype=10 grad_vmap max_error=1.651785885
FAIL n=28 scale=0.188982 batch=2 dtype=10 vmap_grad max_error=1.651785885
FAIL n=28 scale=0.188982 batch=2 dtype=10 vmap_last max_error=1.651785885
FAIL n=40 scale=0.158114 batch=2 dtype=10 vjp max_error=1.739252746
FAIL n=40 scale=0.158114 batch=2 dtype=10 vjp_linearity max_error=3.478505492
FAIL n=40 scale=0.158114 batch=2 dtype=10 energy_gradient max_error=1.93749999
FAIL n=40 scale=0.158114 batch=2 dtype=10 Hessian_reverse max_error=1.474999837
FAIL n=40 scale=0.158114 batch=2 dtype=10 Hessian_forward max_error=1.474999837
FAIL n=40 scale=0.158114 batch=2 dtype=10 grad_vmap max_error=1.93749999
FAIL n=40 scale=0.158114 batch=2 dtype=10 vmap_grad max_error=1.93749999
FAIL n=40 scale=0.158114 batch=2 dtype=10 vmap_last max_error=1.93749999
FAIL n=56 scale=0.133631 batch=2 dtype=10 vjp max_error=2.672612354
FAIL n=56 scale=0.133631 batch=2 dtype=10 vjp_linearity max_error=5.345224708
FAIL n=56 scale=0.133631 batch=2 dtype=10 energy_gradient max_error=1.830357166
FAIL n=56 scale=0.133631 batch=2 dtype=10 Hessian_reverse max_error=1.526785589
FAIL n=56 scale=0.133631 batch=2 dtype=10 Hessian_forward max_error=1.526785589
FAIL n=56 scale=0.133631 batch=2 dtype=10 grad_vmap max_error=1.830357166
FAIL n=56 scale=0.133631 batch=2 dtype=10 vmap_grad max_error=1.830357166
FAIL n=56 scale=0.133631 batch=2 dtype=10 vmap_last max_error=1.830357166
FAIL n=20 scale=0.223607 batch=2 dtype=9 vjp max_error=2.348265059
FAIL n=20 scale=0.223607 batch=2 dtype=9 vjp_linearity max_error=4.696530119
FAIL n=20 scale=0.223607 batch=2 dtype=9 energy_gradient max_error=1.54980467
FAIL n=20 scale=0.223607 batch=2 dtype=9 Hessian_reverse max_error=1.350097644
FAIL n=20 scale=0.223607 batch=2 dtype=9 Hessian_forward max_error=1.350097644
FAIL n=20 scale=0.223607 batch=2 dtype=9 grad_vmap max_error=1.54980467
FAIL n=20 scale=0.223607 batch=2 dtype=9 vmap_grad max_error=1.54980467
FAIL n=20 scale=0.223607 batch=2 dtype=9 vmap_last max_error=1.54980467
FAIL n=28 scale=0.188982 batch=2 dtype=9 vjp max_error=1.889988303
FAIL n=28 scale=0.188982 batch=2 dtype=9 vjp_linearity max_error=3.779976606
FAIL n=28 scale=0.188982 batch=2 dtype=9 energy_gradient max_error=1.651855562
FAIL n=28 scale=0.188982 batch=2 dtype=9 Hessian_reverse max_error=1.625000078
FAIL n=28 scale=0.188982 batch=2 dtype=9 Hessian_forward max_error=1.625000078
FAIL n=28 scale=0.188982 batch=2 dtype=9 grad_vmap max_error=1.651855562
FAIL n=28 scale=0.188982 batch=2 dtype=9 vmap_grad max_error=1.651855562
FAIL n=28 scale=0.188982 batch=2 dtype=9 vmap_last max_error=1.651855562
FAIL n=40 scale=0.158114 batch=2 dtype=9 vjp max_error=1.739545286
FAIL n=40 scale=0.158114 batch=2 dtype=9 vjp_linearity max_error=3.479090571
FAIL n=40 scale=0.158114 batch=2 dtype=9 energy_gradient max_error=1.93749999
FAIL n=40 scale=0.158114 batch=2 dtype=9 Hessian_reverse max_error=1.475097648
FAIL n=40 scale=0.158114 batch=2 dtype=9 Hessian_forward max_error=1.475097648
FAIL n=40 scale=0.158114 batch=2 dtype=9 grad_vmap max_error=1.93749999
FAIL n=40 scale=0.158114 batch=2 dtype=9 vmap_grad max_error=1.93749999
FAIL n=40 scale=0.158114 batch=2 dtype=9 vmap_last max_error=1.93749999
FAIL n=56 scale=0.133631 batch=2 dtype=9 vjp max_error=2.673061773
FAIL n=56 scale=0.133631 batch=2 dtype=9 vjp_linearity max_error=5.346123546
FAIL n=56 scale=0.133631 batch=2 dtype=9 energy_gradient max_error=1.830078097
FAIL n=56 scale=0.133631 batch=2 dtype=9 Hessian_reverse max_error=1.526855445
FAIL n=56 scale=0.133631 batch=2 dtype=9 Hessian_forward max_error=1.526855445
FAIL n=56 scale=0.133631 batch=2 dtype=9 grad_vmap max_error=1.830078097
FAIL n=56 scale=0.133631 batch=2 dtype=9 vmap_grad max_error=1.830078097
FAIL n=56 scale=0.133631 batch=2 dtype=9 vmap_last max_error=1.830078097
FAIL n=20 scale=0.223607 batch=2 dtype=12 vjp max_error=2.351194747
FAIL n=20 scale=0.223607 batch=2 dtype=12 vjp_linearity max_error=4.702389494
FAIL n=20 scale=0.223607 batch=2 dtype=12 energy_gradient max_error=1.550781232
FAIL n=20 scale=0.223607 batch=2 dtype=12 Hessian_reverse max_error=1.351562488
FAIL n=20 scale=0.223607 batch=2 dtype=12 Hessian_forward max_error=1.351562488
FAIL n=20 scale=0.223607 batch=2 dtype=12 grad_vmap max_error=1.550781232
FAIL n=20 scale=0.223607 batch=2 dtype=12 vmap_grad max_error=1.550781232
FAIL n=20 scale=0.223607 batch=2 dtype=12 vmap_last max_error=1.550781232
FAIL n=28 scale=0.188982 batch=2 dtype=12 vjp max_error=1.890964866
FAIL n=28 scale=0.188982 batch=2 dtype=12 vjp_linearity max_error=3.781929731
FAIL n=28 scale=0.188982 batch=2 dtype=12 energy_gradient max_error=1.652343844
FAIL n=28 scale=0.188982 batch=2 dtype=12 Hessian_reverse max_error=1.625000078
FAIL n=28 scale=0.188982 batch=2 dtype=12 Hessian_forward max_error=1.625000078
FAIL n=28 scale=0.188982 batch=2 dtype=12 grad_vmap max_error=1.652343844
FAIL n=28 scale=0.188982 batch=2 dtype=12 vmap_grad max_error=1.652343844
FAIL n=28 scale=0.188982 batch=2 dtype=12 vmap_last max_error=1.652343844
FAIL n=40 scale=0.158114 batch=2 dtype=12 vjp max_error=1.741830513
FAIL n=40 scale=0.158114 batch=2 dtype=12 vjp_linearity max_error=3.483661026
FAIL n=40 scale=0.158114 batch=2 dtype=12 energy_gradient max_error=1.93749999
FAIL n=40 scale=0.158114 batch=2 dtype=12 Hessian_reverse max_error=1.476562492
FAIL n=40 scale=0.158114 batch=2 dtype=12 Hessian_forward max_error=1.476562492
FAIL n=40 scale=0.158114 batch=2 dtype=12 grad_vmap max_error=1.93749999
FAIL n=40 scale=0.158114 batch=2 dtype=12 vmap_grad max_error=1.93749999
FAIL n=40 scale=0.158114 batch=2 dtype=12 vmap_last max_error=1.93749999
FAIL n=56 scale=0.133631 batch=2 dtype=12 vjp max_error=2.673061773
FAIL n=56 scale=0.133631 batch=2 dtype=12 vjp_linearity max_error=5.346123546
FAIL n=56 scale=0.133631 batch=2 dtype=12 energy_gradient max_error=1.828124972
FAIL n=56 scale=0.133631 batch=2 dtype=12 Hessian_reverse max_error=1.527343727
FAIL n=56 scale=0.133631 batch=2 dtype=12 Hessian_forward max_error=1.527343727
FAIL n=56 scale=0.133631 batch=2 dtype=12 grad_vmap max_error=1.828124972
FAIL n=56 scale=0.133631 batch=2 dtype=12 vmap_grad max_error=1.828124972
FAIL n=56 scale=0.133631 batch=2 dtype=12 vmap_last max_error=1.828124972
SUMMARY cases=64 passed=34 failed_cases=30 checks=624 failures=186
