CASE {"label":"asinh/0.000000/g=0.000000/JVP","dtype":"float32","actual":[0],"expected":[0],"tolerance":7.9999999999999996e-06,"passed":true}
CASE {"label":"asinh/0.000000/g=0.000000/VJP","dtype":"float32","actual":[0],"expected":[0],"tolerance":7.9999999999999996e-06,"passed":true}
CASE {"label":"asinh/0.000000/g=1.000000/JVP","dtype":"float32","actual":[1],"expected":[1],"tolerance":7.9999999999999996e-06,"passed":true}
CASE {"label":"asinh/0.000000/g=1.000000/VJP","dtype":"float32","actual":[1],"expected":[1],"tolerance":7.9999999999999996e-06,"passed":true}
CASE {"label":"asinh/0.000000/g=-0.500000/JVP","dtype":"float32","actual":[-0.5],"expected":[-0.5],"tolerance":7.9999999999999996e-06,"passed":true}
CASE {"label":"asinh/0.000000/g=-0.500000/VJP","dtype":"float32","actual":[-0.5],"expected":[-0.5],"tolerance":7.9999999999999996e-06,"passed":true}
CASE {"label":"asinh/0.000000/g=2.000000/JVP","dtype":"float32","actual":[2],"expected":[2],"tolerance":7.9999999999999996e-06,"passed":true}
CASE {"label":"asinh/0.000000/g=2.000000/VJP","dtype":"float32","actual":[2],"expected":[2],"tolerance":7.9999999999999996e-06,"passed":true}
CASE {"label":"asinh/-0.000001/g=0.000000/JVP","dtype":"float32","actual":[0],"expected":[0],"tolerance":7.9999999999999996e-06,"passed":true}
CASE {"label":"asinh/-0.000001/g=0.000000/VJP","dtype":"float32","actual":[0],"expected":[0],"tolerance":7.9999999999999996e-06,"passed":true}
CASE {"label":"asinh/-0.000001/g=1.000000/JVP","dtype":"float32","actual":[1],"expected":[0.99999999999949996],"tolerance":7.9999999999999996e-06,"passed":true}
CASE {"label":"asinh/-0.000001/g=1.000000/VJP","dtype":"float32","actual":[1],"expected":[0.99999999999949996],"tolerance":7.9999999999999996e-06,"passed":true}
CASE {"label":"asinh/-0.000001/g=-0.500000/JVP","dtype":"float32","actual":[-0.5],"expected":[-0.49999999999974998],"tolerance":7.9999999999999996e-06,"passed":true}
CASE {"label":"asinh/-0.000001/g=-0.500000/VJP","dtype":"float32","actual":[-0.5],"expected":[-0.49999999999974998],"tolerance":7.9999999999999996e-06,"passed":true}
CASE {"label":"asinh/-0.000001/g=2.000000/JVP","dtype":"float32","actual":[2],"expected":[1.9999999999989999],"tolerance":7.9999999999999996e-06,"passed":true}
CASE {"label":"asinh/-0.000001/g=2.000000/VJP","dtype":"float32","actual":[2],"expected":[1.9999999999989999],"tolerance":7.9999999999999996e-06,"passed":true}
CASE {"label":"asinh/0.000001/g=0.000000/JVP","dtype":"float32","actual":[0],"expected":[0],"tolerance":7.9999999999999996e-06,"passed":true}
CASE {"label":"asinh/0.000001/g=0.000000/VJP","dtype":"float32","actual":[0],"expected":[0],"tolerance":7.9999999999999996e-06,"passed":true}
CASE {"label":"asinh/0.000001/g=1.000000/JVP","dtype":"float32","actual":[1],"expected":[0.99999999999949996],"tolerance":7.9999999999999996e-06,"passed":true}
CASE {"label":"asinh/0.000001/g=1.000000/VJP","dtype":"float32","actual":[1],"expected":[0.99999999999949996],"tolerance":7.9999999999999996e-06,"passed":true}
CASE {"label":"asinh/0.000001/g=-0.500000/JVP","dtype":"float32","actual":[-0.5],"expected":[-0.49999999999974998],"tolerance":7.9999999999999996e-06,"passed":true}
CASE {"label":"asinh/0.000001/g=-0.500000/VJP","dtype":"float32","actual":[-0.5],"expected":[-0.49999999999974998],"tolerance":7.9999999999999996e-06,"passed":true}
CASE {"label":"asinh/0.000001/g=2.000000/JVP","dtype":"float32","actual":[2],"expected":[1.9999999999989999],"tolerance":7.9999999999999996e-06,"passed":true}
CASE {"label":"asinh/0.000001/g=2.000000/VJP","dtype":"float32","actual":[2],"expected":[1.9999999999989999],"tolerance":7.9999999999999996e-06,"passed":true}
CASE {"label":"asinh/-1.000000/g=0.000000/JVP","dtype":"float32","actual":[0],"expected":[0],"tolerance":7.9999999999999996e-06,"passed":true}
CASE {"label":"asinh/-1.000000/g=0.000000/VJP","dtype":"float32","actual":[0],"expected":[0],"tolerance":7.9999999999999996e-06,"passed":true}
CASE {"label":"asinh/-1.000000/g=1.000000/JVP","dtype":"float32","actual":[0.70710676908493042],"expected":[0.70710678118654746],"tolerance":7.9999999999999996e-06,"passed":true}
CASE {"label":"asinh/-1.000000/g=1.000000/VJP","dtype":"float32","actual":[0.70710676908493042],"expected":[0.70710678118654746],"tolerance":7.9999999999999996e-06,"passed":true}
CASE {"label":"asinh/-1.000000/g=-0.500000/JVP","dtype":"float32","actual":[-0.35355338454246521],"expected":[-0.35355339059327373],"tolerance":7.9999999999999996e-06,"passed":true}
CASE {"label":"asinh/-1.000000/g=-0.500000/VJP","dtype":"float32","actual":[-0.35355338454246521],"expected":[-0.35355339059327373],"tolerance":7.9999999999999996e-06,"passed":true}
CASE {"label":"asinh/-1.000000/g=2.000000/JVP","dtype":"float32","actual":[1.4142135381698608],"expected":[1.4142135623730949],"tolerance":7.9999999999999996e-06,"passed":true}
CASE {"label":"asinh/-1.000000/g=2.000000/VJP","dtype":"float32","actual":[1.4142135381698608],"expected":[1.4142135623730949],"tolerance":7.9999999999999996e-06,"passed":true}
CASE {"label":"asinh/1.000000/g=0.000000/JVP","dtype":"float32","actual":[0],"expected":[0],"tolerance":7.9999999999999996e-06,"passed":true}
CASE {"label":"asinh/1.000000/g=0.000000/VJP","dtype":"float32","actual":[0],"expected":[0],"tolerance":7.9999999999999996e-06,"passed":true}
CASE {"label":"asinh/1.000000/g=1.000000/JVP","dtype":"float32","actual":[0.70710676908493042],"expected":[0.70710678118654746],"tolerance":7.9999999999999996e-06,"passed":true}
CASE {"label":"asinh/1.000000/g=1.000000/VJP","dtype":"float32","actual":[0.70710676908493042],"expected":[0.70710678118654746],"tolerance":7.9999999999999996e-06,"passed":true}
CASE {"label":"asinh/1.000000/g=-0.500000/JVP","dtype":"float32","actual":[-0.35355338454246521],"expected":[-0.35355339059327373],"tolerance":7.9999999999999996e-06,"passed":true}
CASE {"label":"asinh/1.000000/g=-0.500000/VJP","dtype":"float32","actual":[-0.35355338454246521],"expected":[-0.35355339059327373],"tolerance":7.9999999999999996e-06,"passed":true}
CASE {"label":"asinh/1.000000/g=2.000000/JVP","dtype":"float32","actual":[1.4142135381698608],"expected":[1.4142135623730949],"tolerance":7.9999999999999996e-06,"passed":true}
CASE {"label":"asinh/1.000000/g=2.000000/VJP","dtype":"float32","actual":[1.4142135381698608],"expected":[1.4142135623730949],"tolerance":7.9999999999999996e-06,"passed":true}
CASE {"label":"asinh/2.000000/g=0.000000/JVP","dtype":"float32","actual":[0],"expected":[0],"tolerance":7.9999999999999996e-06,"passed":true}
CASE {"label":"asinh/2.000000/g=0.000000/VJP","dtype":"float32","actual":[0],"expected":[0],"tolerance":7.9999999999999996e-06,"passed":true}
CASE {"label":"asinh/2.000000/g=1.000000/JVP","dtype":"float32","actual":[0.44721359014511108],"expected":[0.44721359549995793],"tolerance":7.9999999999999996e-06,"passed":true}
CASE {"label":"asinh/2.000000/g=1.000000/VJP","dtype":"float32","actual":[0.44721359014511108],"expected":[0.44721359549995793],"tolerance":7.9999999999999996e-06,"passed":true}
CASE {"label":"asinh/2.000000/g=-0.500000/JVP","dtype":"float32","actual":[-0.22360679507255554],"expected":[-0.22360679774997896],"tolerance":7.9999999999999996e-06,"passed":true}
CASE {"label":"asinh/2.000000/g=-0.500000/VJP","dtype":"float32","actual":[-0.22360679507255554],"expected":[-0.22360679774997896],"tolerance":7.9999999999999996e-06,"passed":true}
CASE {"label":"asinh/2.000000/g=2.000000/JVP","dtype":"float32","actual":[0.89442718029022217],"expected":[0.89442719099991586],"tolerance":7.9999999999999996e-06,"passed":true}
CASE {"label":"asinh/2.000000/g=2.000000/VJP","dtype":"float32","actual":[0.89442718029022217],"expected":[0.89442719099991586],"tolerance":7.9999999999999996e-06,"passed":true}
CASE {"label":"asinh/10.000000/g=0.000000/JVP","dtype":"float32","actual":[0],"expected":[0],"tolerance":7.9999999999999996e-06,"passed":true}
CASE {"label":"asinh/10.000000/g=0.000000/VJP","dtype":"float32","actual":[0],"expected":[0],"tolerance":7.9999999999999996e-06,"passed":true}
CASE {"label":"asinh/10.000000/g=1.000000/JVP","dtype":"float32","actual":[0.099503710865974426],"expected":[0.099503719020998915],"tolerance":7.9999999999999996e-06,"passed":true}
CASE {"label":"asinh/10.000000/g=1.000000/VJP","dtype":"float32","actual":[0.099503710865974426],"expected":[0.099503719020998915],"tolerance":7.9999999999999996e-06,"passed":true}
CASE {"label":"asinh/10.000000/g=-0.500000/JVP","dtype":"float32","actual":[-0.049751855432987213],"expected":[-0.049751859510499458],"tolerance":7.9999999999999996e-06,"passed":true}
CASE {"label":"asinh/10.000000/g=-0.500000/VJP","dtype":"float32","actual":[-0.049751855432987213],"expected":[-0.049751859510499458],"tolerance":7.9999999999999996e-06,"passed":true}
CASE {"label":"asinh/10.000000/g=2.000000/JVP","dtype":"float32","actual":[0.19900742173194885],"expected":[0.19900743804199783],"tolerance":7.9999999999999996e-06,"passed":true}
CASE {"label":"asinh/10.000000/g=2.000000/VJP","dtype":"float32","actual":[0.19900742173194885],"expected":[0.19900743804199783],"tolerance":7.9999999999999996e-06,"passed":true}
CASE {"label":"asinh/100000000000000000000.000000/g=0.000000/JVP","dtype":"float32","actual":[0],"expected":[0],"tolerance":7.9999999999999996e-06,"passed":true}
CASE {"label":"asinh/100000000000000000000.000000/g=0.000000/VJP","dtype":"float32","actual":[0],"expected":[0],"tolerance":7.9999999999999996e-06,"passed":true}
CASE {"label":"asinh/100000000000000000000.000000/g=1.000000/JVP","dtype":"float32","actual":[9.9999996826552254e-21],"expected":[9.9999997995912307e-21],"tolerance":7.9999999999999996e-06,"passed":true}
CASE {"label":"asinh/100000000000000000000.000000/g=1.000000/VJP","dtype":"float32","actual":[9.9999996826552254e-21],"expected":[9.9999997995912307e-21],"tolerance":7.9999999999999996e-06,"passed":true}
CASE {"label":"asinh/100000000000000000000.000000/g=-0.500000/JVP","dtype":"float32","actual":[-4.9999998413276127e-21],"expected":[-4.9999998997956154e-21],"tolerance":7.9999999999999996e-06,"passed":true}
CASE {"label":"asinh/100000000000000000000.000000/g=-0.500000/VJP","dtype":"float32","actual":[-4.9999998413276127e-21],"expected":[-4.9999998997956154e-21],"tolerance":7.9999999999999996e-06,"passed":true}
CASE {"label":"asinh/100000000000000000000.000000/g=2.000000/JVP","dtype":"float32","actual":[1.9999999365310451e-20],"expected":[1.9999999599182461e-20],"tolerance":7.9999999999999996e-06,"passed":true}
CASE {"label":"asinh/100000000000000000000.000000/g=2.000000/VJP","dtype":"float32","actual":[1.9999999365310451e-20],"expected":[1.9999999599182461e-20],"tolerance":7.9999999999999996e-06,"passed":true}
CASE {"label":"asinh/-100000000000000000000.000000/g=0.000000/JVP","dtype":"float32","actual":[0],"expected":[0],"tolerance":7.9999999999999996e-06,"passed":true}
CASE {"label":"asinh/-100000000000000000000.000000/g=0.000000/VJP","dtype":"float32","actual":[0],"expected":[0],"tolerance":7.9999999999999996e-06,"passed":true}
CASE {"label":"asinh/-100000000000000000000.000000/g=1.000000/JVP","dtype":"float32","actual":[9.9999996826552254e-21],"expected":[9.9999997995912307e-21],"tolerance":7.9999999999999996e-06,"passed":true}
CASE {"label":"asinh/-100000000000000000000.000000/g=1.000000/VJP","dtype":"float32","actual":[9.9999996826552254e-21],"expected":[9.9999997995912307e-21],"tolerance":7.9999999999999996e-06,"passed":true}
CASE {"label":"asinh/-100000000000000000000.000000/g=-0.500000/JVP","dtype":"float32","actual":[-4.9999998413276127e-21],"expected":[-4.9999998997956154e-21],"tolerance":7.9999999999999996e-06,"passed":true}
CASE {"label":"asinh/-100000000000000000000.000000/g=-0.500000/VJP","dtype":"float32","actual":[-4.9999998413276127e-21],"expected":[-4.9999998997956154e-21],"tolerance":7.9999999999999996e-06,"passed":true}
CASE {"label":"asinh/-100000000000000000000.000000/g=2.000000/JVP","dtype":"float32","actual":[1.9999999365310451e-20],"expected":[1.9999999599182461e-20],"tolerance":7.9999999999999996e-06,"passed":true}
CASE {"label":"asinh/-100000000000000000000.000000/g=2.000000/VJP","dtype":"float32","actual":[1.9999999365310451e-20],"expected":[1.9999999599182461e-20],"tolerance":7.9999999999999996e-06,"passed":true}
CASE {"label":"asinh/1000000000000000019884624838656.000000/g=0.000000/JVP","dtype":"float32","actual":[0],"expected":[0],"tolerance":7.9999999999999996e-06,"passed":true}
CASE {"label":"asinh/1000000000000000019884624838656.000000/g=0.000000/VJP","dtype":"float32","actual":[0],"expected":[0],"tolerance":7.9999999999999996e-06,"passed":true}
CASE {"label":"asinh/1000000000000000019884624838656.000000/g=1.000000/JVP","dtype":"float32","actual":[1.0000000031710769e-30],"expected":[9.99999984952534e-31],"tolerance":7.9999999999999996e-06,"passed":true}
CASE {"label":"asinh/1000000000000000019884624838656.000000/g=1.000000/VJP","dtype":"float32","actual":[1.0000000031710769e-30],"expected":[9.99999984952534e-31],"tolerance":7.9999999999999996e-06,"passed":true}
CASE {"label":"asinh/1000000000000000019884624838656.000000/g=-0.500000/JVP","dtype":"float32","actual":[-5.0000000158553843e-31],"expected":[-4.99999992476267e-31],"tolerance":7.9999999999999996e-06,"passed":true}
CASE {"label":"asinh/1000000000000000019884624838656.000000/g=-0.500000/VJP","dtype":"float32","actual":[-5.0000000158553843e-31],"expected":[-4.99999992476267e-31],"tolerance":7.9999999999999996e-06,"passed":true}
CASE {"label":"asinh/1000000000000000019884624838656.000000/g=2.000000/JVP","dtype":"float32","actual":[2.0000000063421537e-30],"expected":[1.999999969905068e-30],"tolerance":7.9999999999999996e-06,"passed":true}
CASE {"label":"asinh/1000000000000000019884624838656.000000/g=2.000000/VJP","dtype":"float32","actual":[2.0000000063421537e-30],"expected":[1.999999969905068e-30],"tolerance":7.9999999999999996e-06,"passed":true}
CASE {"label":"asinh/-1000000000000000019884624838656.000000/g=0.000000/JVP","dtype":"float32","actual":[0],"expected":[0],"tolerance":7.9999999999999996e-06,"passed":true}
CASE {"label":"asinh/-1000000000000000019884624838656.000000/g=0.000000/VJP","dtype":"float32","actual":[0],"expected":[0],"tolerance":7.9999999999999996e-06,"passed":true}
CASE {"label":"asinh/-1000000000000000019884624838656.000000/g=1.000000/JVP","dtype":"float32","actual":[1.0000000031710769e-30],"expected":[9.99999984952534e-31],"tolerance":7.9999999999999996e-06,"passed":true}
CASE {"label":"asinh/-1000000000000000019884624838656.000000/g=1.000000/VJP","dtype":"float32","actual":[1.0000000031710769e-30],"expected":[9.99999984952534e-31],"tolerance":7.9999999999999996e-06,"passed":true}
CASE {"label":"asinh/-1000000000000000019884624838656.000000/g=-0.500000/JVP","dtype":"float32","actual":[-5.0000000158553843e-31],"expected":[-4.99999992476267e-31],"tolerance":7.9999999999999996e-06,"passed":true}
CASE {"label":"asinh/-1000000000000000019884624838656.000000/g=-0.500000/VJP","dtype":"float32","actual":[-5.0000000158553843e-31],"expected":[-4.99999992476267e-31],"tolerance":7.9999999999999996e-06,"passed":true}
CASE {"label":"asinh/-1000000000000000019884624838656.000000/g=2.000000/JVP","dtype":"float32","actual":[2.0000000063421537e-30],"expected":[1.999999969905068e-30],"tolerance":7.9999999999999996e-06,"passed":true}
CASE {"label":"asinh/-1000000000000000019884624838656.000000/g=2.000000/VJP","dtype":"float32","actual":[2.0000000063421537e-30],"expected":[1.999999969905068e-30],"tolerance":7.9999999999999996e-06,"passed":true}
CASE {"label":"acosh/1.000000/g=0.000000/JVP","dtype":"float32","actual":[0],"expected":[0],"tolerance":7.9999999999999996e-06,"passed":true}
CASE {"label":"acosh/1.000000/g=0.000000/VJP","dtype":"float32","actual":[0],"expected":[0],"tolerance":7.9999999999999996e-06,"passed":true}
CASE {"label":"acosh/1.000000/g=1.000000/JVP","dtype":"float32","actual":[2048],"expected":[2047.9999389648463],"tolerance":7.9999999999999996e-06,"passed":true}
CASE {"label":"acosh/1.000000/g=1.000000/VJP","dtype":"float32","actual":[2048],"expected":[2047.9999389648463],"tolerance":7.9999999999999996e-06,"passed":true}
CASE {"label":"acosh/1.000000/g=-0.500000/JVP","dtype":"float32","actual":[-1024],"expected":[-1023.9999694824231],"tolerance":7.9999999999999996e-06,"passed":true}
CASE {"label":"acosh/1.000000/g=-0.500000/VJP","dtype":"float32","actual":[-1024],"expected":[-1023.9999694824231],"tolerance":7.9999999999999996e-06,"passed":true}
CASE {"label":"acosh/1.000000/g=2.000000/JVP","dtype":"float32","actual":[4096],"expected":[4095.9998779296925],"tolerance":7.9999999999999996e-06,"passed":true}
CASE {"label":"acosh/1.000000/g=2.000000/VJP","dtype":"float32","actual":[4096],"expected":[4095.9998779296925],"tolerance":7.9999999999999996e-06,"passed":true}
CASE {"label":"acosh/1.000100/g=0.000000/JVP","dtype":"float32","actual":[0],"expected":[0],"tolerance":7.9999999999999996e-06,"passed":true}
CASE {"label":"acosh/1.000100/g=0.000000/VJP","dtype":"float32","actual":[0],"expected":[0],"tolerance":7.9999999999999996e-06,"passed":true}
CASE {"label":"acosh/1.000100/g=1.000000/JVP","dtype":"float32","actual":[70.703041076660156],"expected":[70.703044160082953],"tolerance":7.9999999999999996e-06,"passed":true}
CASE {"label":"acosh/1.000100/g=1.000000/VJP","dtype":"float32","actual":[70.703041076660156],"expected":[70.703044160082953],"tolerance":7.9999999999999996e-06,"passed":true}
CASE {"label":"acosh/1.000100/g=-0.500000/JVP","dtype":"float32","actual":[-35.351520538330078],"expected":[-35.351522080041477],"tolerance":7.9999999999999996e-06,"passed":true}
CASE {"label":"acosh/1.000100/g=-0.500000/VJP","dtype":"float32","actual":[-35.351520538330078],"expected":[-35.351522080041477],"tolerance":7.9999999999999996e-06,"passed":true}
CASE {"label":"acosh/1.000100/g=2.000000/JVP","dtype":"float32","actual":[141.40608215332031],"expected":[141.40608832016591],"tolerance":7.9999999999999996e-06,"passed":true}
CASE {"label":"acosh/1.000100/g=2.000000/VJP","dtype":"float32","actual":[141.40608215332031],"expected":[141.40608832016591],"tolerance":7.9999999999999996e-06,"passed":true}
CASE {"label":"acosh/1.250000/g=0.000000/JVP","dtype":"float32","actual":[0],"expected":[0],"tolerance":7.9999999999999996e-06,"passed":true}
CASE {"label":"acosh/1.250000/g=0.000000/VJP","dtype":"float32","actual":[0],"expected":[0],"tolerance":7.9999999999999996e-06,"passed":true}
CASE {"label":"acosh/1.250000/g=1.000000/JVP","dtype":"float32","actual":[1.3333333730697632],"expected":[1.3333333333333333],"tolerance":7.9999999999999996e-06,"passed":true}
CASE {"label":"acosh/1.250000/g=1.000000/VJP","dtype":"float32","actual":[1.3333333730697632],"expected":[1.3333333333333333],"tolerance":7.9999999999999996e-06,"passed":true}
CASE {"label":"acosh/1.250000/g=-0.500000/JVP","dtype":"float32","actual":[-0.66666668653488159],"expected":[-0.66666666666666663],"tolerance":7.9999999999999996e-06,"passed":true}
CASE {"label":"acosh/1.250000/g=-0.500000/VJP","dtype":"float32","actual":[-0.66666668653488159],"expected":[-0.66666666666666663],"tolerance":7.9999999999999996e-06,"passed":true}
CASE {"label":"acosh/1.250000/g=2.000000/JVP","dtype":"float32","actual":[2.6666667461395264],"expected":[2.6666666666666665],"tolerance":7.9999999999999996e-06,"passed":true}
CASE {"label":"acosh/1.250000/g=2.000000/VJP","dtype":"float32","actual":[2.6666667461395264],"expected":[2.6666666666666665],"tolerance":7.9999999999999996e-06,"passed":true}
CASE {"label":"acosh/2.000000/g=0.000000/JVP","dtype":"float32","actual":[0],"expected":[0],"tolerance":7.9999999999999996e-06,"passed":true}
CASE {"label":"acosh/2.000000/g=0.000000/VJP","dtype":"float32","actual":[0],"expected":[0],"tolerance":7.9999999999999996e-06,"passed":true}
CASE {"label":"acosh/2.000000/g=1.000000/JVP","dtype":"float32","actual":[0.57735025882720947],"expected":[0.57735026918962584],"tolerance":7.9999999999999996e-06,"passed":true}
CASE {"label":"acosh/2.000000/g=1.000000/VJP","dtype":"float32","actual":[0.57735025882720947],"expected":[0.57735026918962584],"tolerance":7.9999999999999996e-06,"passed":true}
CASE {"label":"acosh/2.000000/g=-0.500000/JVP","dtype":"float32","actual":[-0.28867512941360474],"expected":[-0.28867513459481292],"tolerance":7.9999999999999996e-06,"passed":true}
CASE {"label":"acosh/2.000000/g=-0.500000/VJP","dtype":"float32","actual":[-0.28867512941360474],"expected":[-0.28867513459481292],"tolerance":7.9999999999999996e-06,"passed":true}
CASE {"label":"acosh/2.000000/g=2.000000/JVP","dtype":"float32","actual":[1.1547005176544189],"expected":[1.1547005383792517],"tolerance":7.9999999999999996e-06,"passed":true}
CASE {"label":"acosh/2.000000/g=2.000000/VJP","dtype":"float32","actual":[1.1547005176544189],"expected":[1.1547005383792517],"tolerance":7.9999999999999996e-06,"passed":true}
CASE {"label":"acosh/10.000000/g=0.000000/JVP","dtype":"float32","actual":[0],"expected":[0],"tolerance":7.9999999999999996e-06,"passed":true}
CASE {"label":"acosh/10.000000/g=0.000000/VJP","dtype":"float32","actual":[0],"expected":[0],"tolerance":7.9999999999999996e-06,"passed":true}
CASE {"label":"acosh/10.000000/g=1.000000/JVP","dtype":"float32","actual":[0.10050377994775772],"expected":[0.10050378152592121],"tolerance":7.9999999999999996e-06,"passed":true}
CASE {"label":"acosh/10.000000/g=1.000000/VJP","dtype":"float32","actual":[0.10050377994775772],"expected":[0.10050378152592121],"tolerance":7.9999999999999996e-06,"passed":true}
CASE {"label":"acosh/10.000000/g=-0.500000/JVP","dtype":"float32","actual":[-0.05025188997387886],"expected":[-0.050251890762960605],"tolerance":7.9999999999999996e-06,"passed":true}
CASE {"label":"acosh/10.000000/g=-0.500000/VJP","dtype":"float32","actual":[-0.05025188997387886],"expected":[-0.050251890762960605],"tolerance":7.9999999999999996e-06,"passed":true}
CASE {"label":"acosh/10.000000/g=2.000000/JVP","dtype":"float32","actual":[0.20100755989551544],"expected":[0.20100756305184242],"tolerance":7.9999999999999996e-06,"passed":true}
CASE {"label":"acosh/10.000000/g=2.000000/VJP","dtype":"float32","actual":[0.20100755989551544],"expected":[0.20100756305184242],"tolerance":7.9999999999999996e-06,"passed":true}
CASE {"label":"acosh/100000000000000000000.000000/g=0.000000/JVP","dtype":"float32","actual":[0],"expected":[0],"tolerance":7.9999999999999996e-06,"passed":true}
CASE {"label":"acosh/100000000000000000000.000000/g=0.000000/VJP","dtype":"float32","actual":[0],"expected":[0],"tolerance":7.9999999999999996e-06,"passed":true}
CASE {"label":"acosh/100000000000000000000.000000/g=1.000000/JVP","dtype":"float32","actual":[9.9999996826552254e-21],"expected":[9.9999997995912307e-21],"tolerance":7.9999999999999996e-06,"passed":true}
CASE {"label":"acosh/100000000000000000000.000000/g=1.000000/VJP","dtype":"float32","actual":[9.9999996826552254e-21],"expected":[9.9999997995912307e-21],"tolerance":7.9999999999999996e-06,"passed":true}
CASE {"label":"acosh/100000000000000000000.000000/g=-0.500000/JVP","dtype":"float32","actual":[-4.9999998413276127e-21],"expected":[-4.9999998997956154e-21],"tolerance":7.9999999999999996e-06,"passed":true}
CASE {"label":"acosh/100000000000000000000.000000/g=-0.500000/VJP","dtype":"float32","actual":[-4.9999998413276127e-21],"expected":[-4.9999998997956154e-21],"tolerance":7.9999999999999996e-06,"passed":true}
CASE {"label":"acosh/100000000000000000000.000000/g=2.000000/JVP","dtype":"float32","actual":[1.9999999365310451e-20],"expected":[1.9999999599182461e-20],"tolerance":7.9999999999999996e-06,"passed":true}
CASE {"label":"acosh/100000000000000000000.000000/g=2.000000/VJP","dtype":"float32","actual":[1.9999999365310451e-20],"expected":[1.9999999599182461e-20],"tolerance":7.9999999999999996e-06,"passed":true}
CASE {"label":"acosh/1000000000000000019884624838656.000000/g=0.000000/JVP","dtype":"float32","actual":[0],"expected":[0],"tolerance":7.9999999999999996e-06,"passed":true}
CASE {"label":"acosh/1000000000000000019884624838656.000000/g=0.000000/VJP","dtype":"float32","actual":[0],"expected":[0],"tolerance":7.9999999999999996e-06,"passed":true}
CASE {"label":"acosh/1000000000000000019884624838656.000000/g=1.000000/JVP","dtype":"float32","actual":[1.0000000031710769e-30],"expected":[9.99999984952534e-31],"tolerance":7.9999999999999996e-06,"passed":true}
CASE {"label":"acosh/1000000000000000019884624838656.000000/g=1.000000/VJP","dtype":"float32","actual":[1.0000000031710769e-30],"expected":[9.99999984952534e-31],"tolerance":7.9999999999999996e-06,"passed":true}
CASE {"label":"acosh/1000000000000000019884624838656.000000/g=-0.500000/JVP","dtype":"float32","actual":[-5.0000000158553843e-31],"expected":[-4.99999992476267e-31],"tolerance":7.9999999999999996e-06,"passed":true}
CASE {"label":"acosh/1000000000000000019884624838656.000000/g=-0.500000/VJP","dtype":"float32","actual":[-5.0000000158553843e-31],"expected":[-4.99999992476267e-31],"tolerance":7.9999999999999996e-06,"passed":true}
CASE {"label":"acosh/1000000000000000019884624838656.000000/g=2.000000/JVP","dtype":"float32","actual":[2.0000000063421537e-30],"expected":[1.999999969905068e-30],"tolerance":7.9999999999999996e-06,"passed":true}
CASE {"label":"acosh/1000000000000000019884624838656.000000/g=2.000000/VJP","dtype":"float32","actual":[2.0000000063421537e-30],"expected":[1.999999969905068e-30],"tolerance":7.9999999999999996e-06,"passed":true}
CASE {"label":"asinh-higher/-2.000000/2","dtype":"float32","actual":[0.17888543009757996],"expected":[0.17888543819998318],"tolerance":7.9999999999999996e-06,"passed":true}
CASE {"label":"asinh-higher/-2.000000/3","dtype":"float32","actual":[0.12521980702877045],"expected":[0.12521980673998823],"tolerance":7.9999999999999996e-06,"passed":true}
CASE {"label":"asinh-higher/-1.000000/2","dtype":"float32","actual":[0.35355338454246521],"expected":[0.35355339059327373],"tolerance":7.9999999999999996e-06,"passed":true}
CASE {"label":"asinh-higher/-1.000000/3","dtype":"float32","actual":[0.17677667737007141],"expected":[0.17677669529663687],"tolerance":7.9999999999999996e-06,"passed":true}
CASE {"label":"asinh-higher/0.000000/2","dtype":"float32","actual":[-0],"expected":[-0],"tolerance":7.9999999999999996e-06,"passed":true}
CASE {"label":"asinh-higher/0.000000/3","dtype":"float32","actual":[-1],"expected":[-1],"tolerance":7.9999999999999996e-06,"passed":true}
CASE {"label":"asinh-higher/0.250000/2","dtype":"float32","actual":[-0.2282688319683075],"expected":[-0.2282688235636075],"tolerance":7.9999999999999996e-06,"passed":true}
CASE {"label":"asinh-higher/0.250000/3","dtype":"float32","actual":[-0.75194436311721802],"expected":[-0.75194435997423648],"tolerance":7.9999999999999996e-06,"passed":true}
CASE {"label":"asinh-higher/1.000000/2","dtype":"float32","actual":[-0.35355338454246521],"expected":[-0.35355339059327373],"tolerance":7.9999999999999996e-06,"passed":true}
CASE {"label":"asinh-higher/1.000000/3","dtype":"float32","actual":[0.17677667737007141],"expected":[0.17677669529663687],"tolerance":7.9999999999999996e-06,"passed":true}
CASE {"label":"asinh-higher/2.000000/2","dtype":"float32","actual":[-0.17888543009757996],"expected":[-0.17888543819998318],"tolerance":7.9999999999999996e-06,"passed":true}
CASE {"label":"asinh-higher/2.000000/3","dtype":"float32","actual":[0.12521980702877045],"expected":[0.12521980673998823],"tolerance":7.9999999999999996e-06,"passed":true}
CASE {"label":"acosh-higher/1.000100/2","dtype":"float32","actual":[-353474.25],"expected":[-353474.24333103816],"tolerance":7.9999999999999996e-06,"passed":true}
CASE {"label":"acosh-higher/1.000100/3","dtype":"float32","actual":[5301146112],"expected":[5301145620.2794666],"tolerance":7.9999999999999996e-06,"passed":true}
CASE {"label":"acosh-higher/1.250000/2","dtype":"float32","actual":[-2.962963342666626],"expected":[-2.9629629629629628],"tolerance":7.9999999999999996e-06,"passed":true}
CASE {"label":"acosh-higher/1.250000/3","dtype":"float32","actual":[17.382717132568359],"expected":[17.382716049382715],"tolerance":7.9999999999999996e-06,"passed":true}
CASE {"label":"acosh-higher/2.000000/2","dtype":"float32","actual":[-0.38490018248558044],"expected":[-0.38490017945975058],"tolerance":7.9999999999999996e-06,"passed":true}
CASE {"label":"acosh-higher/2.000000/3","dtype":"float32","actual":[0.57735025882720947],"expected":[0.57735026918962584],"tolerance":7.9999999999999996e-06,"passed":true}
CASE {"label":"acosh-higher/10.000000/2","dtype":"float32","actual":[-0.010151896625757217],"expected":[-0.010151897123830425],"tolerance":7.9999999999999996e-06,"passed":true}
CASE {"label":"acosh-higher/10.000000/3","dtype":"float32","actual":[0.0020611428190022707],"expected":[0.0020611427493837532],"tolerance":7.9999999999999996e-06,"passed":true}
CASE {"label":"asinh-composite/0.500000/1","dtype":"float32","actual":[2],"expected":[2],"tolerance":7.9999999999999996e-06,"passed":true}
CASE {"label":"asinh-composite/0.500000/2","dtype":"float32","actual":[-4],"expected":[-4],"tolerance":7.9999999999999996e-06,"passed":true}
CASE {"label":"asinh-composite/0.500000/3","dtype":"float32","actual":[16],"expected":[16],"tolerance":7.9999999999999996e-06,"passed":true}
CASE {"label":"asinh-composite/1.000000/1","dtype":"float32","actual":[1],"expected":[1],"tolerance":7.9999999999999996e-06,"passed":true}
CASE {"label":"asinh-composite/1.000000/2","dtype":"float32","actual":[-1],"expected":[-1],"tolerance":7.9999999999999996e-06,"passed":true}
CASE {"label":"asinh-composite/1.000000/3","dtype":"float32","actual":[2],"expected":[2],"tolerance":7.9999999999999996e-06,"passed":true}
CASE {"label":"asinh-composite/1.000000/finite-difference","dtype":"float32","actual":[1.0001220703125],"expected":[1],"tolerance":0.00050000000000000001,"passed":true}
CASE {"label":"asinh-composite/2.000000/1","dtype":"float32","actual":[0.5],"expected":[0.5],"tolerance":7.9999999999999996e-06,"passed":true}
CASE {"label":"asinh-composite/2.000000/2","dtype":"float32","actual":[-0.25],"expected":[-0.25],"tolerance":7.9999999999999996e-06,"passed":true}
CASE {"label":"asinh-composite/2.000000/3","dtype":"float32","actual":[0.25],"expected":[0.25],"tolerance":7.9999999999999996e-06,"passed":true}
CASE {"label":"asinh-composite/-1.000000/1","dtype":"float32","actual":[1],"expected":[1],"tolerance":7.9999999999999996e-06,"passed":true}
CASE {"label":"asinh-composite/-1.000000/2","dtype":"float32","actual":[1],"expected":[1],"tolerance":7.9999999999999996e-06,"passed":true}
CASE {"label":"asinh-composite/-1.000000/3","dtype":"float32","actual":[2],"expected":[2],"tolerance":7.9999999999999996e-06,"passed":true}
CASE {"label":"asinh-matrix/JVP","dtype":"float32","actual":[0,0.70710676908493042,-0.35355338454246521,1.9999999365310451e-20,-9.9999996826552254e-21,0.97014254331588745],"expected":[0,0.70710678118654746,-0.35355339059327373,1.9999999599182461e-20,-9.9999997995912307e-21,0.97014250014533188],"tolerance":7.9999999999999996e-06,"passed":true}
CASE {"label":"asinh-matrix/VJP","dtype":"float32","actual":[0,0.70710676908493042,-0.35355338454246521,1.9999999365310451e-20,-9.9999996826552254e-21,0.97014254331588745],"expected":[0,0.70710678118654746,-0.35355339059327373,1.9999999599182461e-20,-9.9999997995912307e-21,0.97014250014533188],"tolerance":7.9999999999999996e-06,"passed":true}
CASE {"label":"asinh-matrix-strided/JVP","dtype":"float32","actual":[0,0.70710676908493042,-0.35355338454246521,1.9999999365310451e-20,-9.9999996826552254e-21,0.97014254331588745],"expected":[0,0.70710678118654746,-0.35355339059327373,1.9999999599182461e-20,-9.9999997995912307e-21,0.97014250014533188],"tolerance":7.9999999999999996e-06,"passed":true}
CASE {"label":"asinh-matrix-strided/VJP","dtype":"float32","actual":[0,0.70710676908493042,-0.35355338454246521,1.9999999365310451e-20,-9.9999996826552254e-21,0.97014254331588745],"expected":[0,0.70710678118654746,-0.35355339059327373,1.9999999599182461e-20,-9.9999997995912307e-21,0.97014250014533188],"tolerance":7.9999999999999996e-06,"passed":true}
CASE {"label":"acosh-composite/0.500000/1","dtype":"float32","actual":[2],"expected":[2],"tolerance":7.9999999999999996e-06,"passed":true}
CASE {"label":"acosh-composite/0.500000/2","dtype":"float32","actual":[-4],"expected":[-4],"tolerance":7.9999999999999996e-06,"passed":true}
CASE {"label":"acosh-composite/0.500000/3","dtype":"float32","actual":[16],"expected":[16],"tolerance":7.9999999999999996e-06,"passed":true}
CASE {"label":"acosh-composite/1.000000/1","dtype":"float32","actual":[1],"expected":[1],"tolerance":7.9999999999999996e-06,"passed":true}
CASE {"label":"acosh-composite/1.000000/2","dtype":"float32","actual":[-1],"expected":[-1],"tolerance":7.9999999999999996e-06,"passed":true}
CASE {"label":"acosh-composite/1.000000/3","dtype":"float32","actual":[2],"expected":[2],"tolerance":7.9999999999999996e-06,"passed":true}
CASE {"label":"acosh-composite/1.000000/finite-difference","dtype":"float32","actual":[1.0001220703125],"expected":[1],"tolerance":0.00050000000000000001,"passed":true}
CASE {"label":"acosh-composite/2.000000/1","dtype":"float32","actual":[0.5],"expected":[0.5],"tolerance":7.9999999999999996e-06,"passed":true}
CASE {"label":"acosh-composite/2.000000/2","dtype":"float32","actual":[-0.25],"expected":[-0.25],"tolerance":7.9999999999999996e-06,"passed":true}
CASE {"label":"acosh-composite/2.000000/3","dtype":"float32","actual":[0.25],"expected":[0.25],"tolerance":7.9999999999999996e-06,"passed":true}
CASE {"label":"acosh-matrix/JVP","dtype":"float32","actual":[0,0.57735025882720947,-0.1767766922712326,1.9999999365310451e-20,-0.57735025882720947,1.3333333730697632],"expected":[0,0.57735026918962584,-0.17677669529663687,1.9999999599182461e-20,-0.57735026918962584,1.3333333333333333],"tolerance":7.9999999999999996e-06,"passed":true}
CASE {"label":"acosh-matrix/VJP","dtype":"float32","actual":[0,0.57735025882720947,-0.1767766922712326,1.9999999365310451e-20,-0.57735025882720947,1.3333333730697632],"expected":[0,0.57735026918962584,-0.17677669529663687,1.9999999599182461e-20,-0.57735026918962584,1.3333333333333333],"tolerance":7.9999999999999996e-06,"passed":true}
CASE {"label":"acosh-matrix-strided/JVP","dtype":"float32","actual":[0,0.57735025882720947,-0.1767766922712326,1.9999999365310451e-20,-0.57735025882720947,1.3333333730697632],"expected":[0,0.57735026918962584,-0.17677669529663687,1.9999999599182461e-20,-0.57735026918962584,1.3333333333333333],"tolerance":7.9999999999999996e-06,"passed":true}
CASE {"label":"acosh-matrix-strided/VJP","dtype":"float32","actual":[0,0.57735025882720947,-0.1767766922712326,1.9999999365310451e-20,-0.57735025882720947,1.3333333730697632],"expected":[0,0.57735026918962584,-0.17677669529663687,1.9999999599182461e-20,-0.57735026918962584,1.3333333333333333],"tolerance":7.9999999999999996e-06,"passed":true}
CASE {"label":"asinh/0.000000/g=0.000000/JVP","dtype":"float64","actual":[0],"expected":[0],"tolerance":2.9999999999999998e-13,"passed":true}
CASE {"label":"asinh/0.000000/g=0.000000/VJP","dtype":"float64","actual":[0],"expected":[0],"tolerance":2.9999999999999998e-13,"passed":true}
CASE {"label":"asinh/0.000000/g=1.000000/JVP","dtype":"float64","actual":[1],"expected":[1],"tolerance":2.9999999999999998e-13,"passed":true}
CASE {"label":"asinh/0.000000/g=1.000000/VJP","dtype":"float64","actual":[1],"expected":[1],"tolerance":2.9999999999999998e-13,"passed":true}
CASE {"label":"asinh/0.000000/g=-0.500000/JVP","dtype":"float64","actual":[-0.5],"expected":[-0.5],"tolerance":2.9999999999999998e-13,"passed":true}
CASE {"label":"asinh/0.000000/g=-0.500000/VJP","dtype":"float64","actual":[-0.5],"expected":[-0.5],"tolerance":2.9999999999999998e-13,"passed":true}
CASE {"label":"asinh/0.000000/g=2.000000/JVP","dtype":"float64","actual":[2],"expected":[2],"tolerance":2.9999999999999998e-13,"passed":true}
CASE {"label":"asinh/0.000000/g=2.000000/VJP","dtype":"float64","actual":[2],"expected":[2],"tolerance":2.9999999999999998e-13,"passed":true}
CASE {"label":"asinh/-0.000001/g=0.000000/JVP","dtype":"float64","actual":[0],"expected":[0],"tolerance":2.9999999999999998e-13,"passed":true}
CASE {"label":"asinh/-0.000001/g=0.000000/VJP","dtype":"float64","actual":[0],"expected":[0],"tolerance":2.9999999999999998e-13,"passed":true}
CASE {"label":"asinh/-0.000001/g=1.000000/JVP","dtype":"float64","actual":[0.99999999999949996],"expected":[0.99999999999949996],"tolerance":2.9999999999999998e-13,"passed":true}
CASE {"label":"asinh/-0.000001/g=1.000000/VJP","dtype":"float64","actual":[0.99999999999949996],"expected":[0.99999999999949996],"tolerance":2.9999999999999998e-13,"passed":true}
CASE {"label":"asinh/-0.000001/g=-0.500000/JVP","dtype":"float64","actual":[-0.49999999999974998],"expected":[-0.49999999999974998],"tolerance":2.9999999999999998e-13,"passed":true}
CASE {"label":"asinh/-0.000001/g=-0.500000/VJP","dtype":"float64","actual":[-0.49999999999974998],"expected":[-0.49999999999974998],"tolerance":2.9999999999999998e-13,"passed":true}
CASE {"label":"asinh/-0.000001/g=2.000000/JVP","dtype":"float64","actual":[1.9999999999989999],"expected":[1.9999999999989999],"tolerance":2.9999999999999998e-13,"passed":true}
CASE {"label":"asinh/-0.000001/g=2.000000/VJP","dtype":"float64","actual":[1.9999999999989999],"expected":[1.9999999999989999],"tolerance":2.9999999999999998e-13,"passed":true}
CASE {"label":"asinh/0.000001/g=0.000000/JVP","dtype":"float64","actual":[0],"expected":[0],"tolerance":2.9999999999999998e-13,"passed":true}
CASE {"label":"asinh/0.000001/g=0.000000/VJP","dtype":"float64","actual":[0],"expected":[0],"tolerance":2.9999999999999998e-13,"passed":true}
CASE {"label":"asinh/0.000001/g=1.000000/JVP","dtype":"float64","actual":[0.99999999999949996],"expected":[0.99999999999949996],"tolerance":2.9999999999999998e-13,"passed":true}
CASE {"label":"asinh/0.000001/g=1.000000/VJP","dtype":"float64","actual":[0.99999999999949996],"expected":[0.99999999999949996],"tolerance":2.9999999999999998e-13,"passed":true}
CASE {"label":"asinh/0.000001/g=-0.500000/JVP","dtype":"float64","actual":[-0.49999999999974998],"expected":[-0.49999999999974998],"tolerance":2.9999999999999998e-13,"passed":true}
CASE {"label":"asinh/0.000001/g=-0.500000/VJP","dtype":"float64","actual":[-0.49999999999974998],"expected":[-0.49999999999974998],"tolerance":2.9999999999999998e-13,"passed":true}
CASE {"label":"asinh/0.000001/g=2.000000/JVP","dtype":"float64","actual":[1.9999999999989999],"expected":[1.9999999999989999],"tolerance":2.9999999999999998e-13,"passed":true}
CASE {"label":"asinh/0.000001/g=2.000000/VJP","dtype":"float64","actual":[1.9999999999989999],"expected":[1.9999999999989999],"tolerance":2.9999999999999998e-13,"passed":true}
CASE {"label":"asinh/-1.000000/g=0.000000/JVP","dtype":"float64","actual":[0],"expected":[0],"tolerance":2.9999999999999998e-13,"passed":true}
CASE {"label":"asinh/-1.000000/g=0.000000/VJP","dtype":"float64","actual":[0],"expected":[0],"tolerance":2.9999999999999998e-13,"passed":true}
CASE {"label":"asinh/-1.000000/g=1.000000/JVP","dtype":"float64","actual":[0.70710678118654746],"expected":[0.70710678118654746],"tolerance":2.9999999999999998e-13,"passed":true}
CASE {"label":"asinh/-1.000000/g=1.000000/VJP","dtype":"float64","actual":[0.70710678118654746],"expected":[0.70710678118654746],"tolerance":2.9999999999999998e-13,"passed":true}
CASE {"label":"asinh/-1.000000/g=-0.500000/JVP","dtype":"float64","actual":[-0.35355339059327373],"expected":[-0.35355339059327373],"tolerance":2.9999999999999998e-13,"passed":true}
CASE {"label":"asinh/-1.000000/g=-0.500000/VJP","dtype":"float64","actual":[-0.35355339059327373],"expected":[-0.35355339059327373],"tolerance":2.9999999999999998e-13,"passed":true}
CASE {"label":"asinh/-1.000000/g=2.000000/JVP","dtype":"float64","actual":[1.4142135623730949],"expected":[1.4142135623730949],"tolerance":2.9999999999999998e-13,"passed":true}
CASE {"label":"asinh/-1.000000/g=2.000000/VJP","dtype":"float64","actual":[1.4142135623730949],"expected":[1.4142135623730949],"tolerance":2.9999999999999998e-13,"passed":true}
CASE {"label":"asinh/1.000000/g=0.000000/JVP","dtype":"float64","actual":[0],"expected":[0],"tolerance":2.9999999999999998e-13,"passed":true}
CASE {"label":"asinh/1.000000/g=0.000000/VJP","dtype":"float64","actual":[0],"expected":[0],"tolerance":2.9999999999999998e-13,"passed":true}
CASE {"label":"asinh/1.000000/g=1.000000/JVP","dtype":"float64","actual":[0.70710678118654746],"expected":[0.70710678118654746],"tolerance":2.9999999999999998e-13,"passed":true}
CASE {"label":"asinh/1.000000/g=1.000000/VJP","dtype":"float64","actual":[0.70710678118654746],"expected":[0.70710678118654746],"tolerance":2.9999999999999998e-13,"passed":true}
CASE {"label":"asinh/1.000000/g=-0.500000/JVP","dtype":"float64","actual":[-0.35355339059327373],"expected":[-0.35355339059327373],"tolerance":2.9999999999999998e-13,"passed":true}
CASE {"label":"asinh/1.000000/g=-0.500000/VJP","dtype":"float64","actual":[-0.35355339059327373],"expected":[-0.35355339059327373],"tolerance":2.9999999999999998e-13,"passed":true}
CASE {"label":"asinh/1.000000/g=2.000000/JVP","dtype":"float64","actual":[1.4142135623730949],"expected":[1.4142135623730949],"tolerance":2.9999999999999998e-13,"passed":true}
CASE {"label":"asinh/1.000000/g=2.000000/VJP","dtype":"float64","actual":[1.4142135623730949],"expected":[1.4142135623730949],"tolerance":2.9999999999999998e-13,"passed":true}
CASE {"label":"asinh/2.000000/g=0.000000/JVP","dtype":"float64","actual":[0],"expected":[0],"tolerance":2.9999999999999998e-13,"passed":true}
CASE {"label":"asinh/2.000000/g=0.000000/VJP","dtype":"float64","actual":[0],"expected":[0],"tolerance":2.9999999999999998e-13,"passed":true}
CASE {"label":"asinh/2.000000/g=1.000000/JVP","dtype":"float64","actual":[0.44721359549995793],"expected":[0.44721359549995793],"tolerance":2.9999999999999998e-13,"passed":true}
CASE {"label":"asinh/2.000000/g=1.000000/VJP","dtype":"float64","actual":[0.44721359549995793],"expected":[0.44721359549995793],"tolerance":2.9999999999999998e-13,"passed":true}
CASE {"label":"asinh/2.000000/g=-0.500000/JVP","dtype":"float64","actual":[-0.22360679774997896],"expected":[-0.22360679774997896],"tolerance":2.9999999999999998e-13,"passed":true}
CASE {"label":"asinh/2.000000/g=-0.500000/VJP","dtype":"float64","actual":[-0.22360679774997896],"expected":[-0.22360679774997896],"tolerance":2.9999999999999998e-13,"passed":true}
CASE {"label":"asinh/2.000000/g=2.000000/JVP","dtype":"float64","actual":[0.89442719099991586],"expected":[0.89442719099991586],"tolerance":2.9999999999999998e-13,"passed":true}
CASE {"label":"asinh/2.000000/g=2.000000/VJP","dtype":"float64","actual":[0.89442719099991586],"expected":[0.89442719099991586],"tolerance":2.9999999999999998e-13,"passed":true}
CASE {"label":"asinh/10.000000/g=0.000000/JVP","dtype":"float64","actual":[0],"expected":[0],"tolerance":2.9999999999999998e-13,"passed":true}
CASE {"label":"asinh/10.000000/g=0.000000/VJP","dtype":"float64","actual":[0],"expected":[0],"tolerance":2.9999999999999998e-13,"passed":true}
CASE {"label":"asinh/10.000000/g=1.000000/JVP","dtype":"float64","actual":[0.099503719020998929],"expected":[0.099503719020998915],"tolerance":2.9999999999999998e-13,"passed":true}
CASE {"label":"asinh/10.000000/g=1.000000/VJP","dtype":"float64","actual":[0.099503719020998929],"expected":[0.099503719020998915],"tolerance":2.9999999999999998e-13,"passed":true}
CASE {"label":"asinh/10.000000/g=-0.500000/JVP","dtype":"float64","actual":[-0.049751859510499465],"expected":[-0.049751859510499458],"tolerance":2.9999999999999998e-13,"passed":true}
CASE {"label":"asinh/10.000000/g=-0.500000/VJP","dtype":"float64","actual":[-0.049751859510499465],"expected":[-0.049751859510499458],"tolerance":2.9999999999999998e-13,"passed":true}
CASE {"label":"asinh/10.000000/g=2.000000/JVP","dtype":"float64","actual":[0.19900743804199786],"expected":[0.19900743804199783],"tolerance":2.9999999999999998e-13,"passed":true}
CASE {"label":"asinh/10.000000/g=2.000000/VJP","dtype":"float64","actual":[0.19900743804199786],"expected":[0.19900743804199783],"tolerance":2.9999999999999998e-13,"passed":true}
CASE {"label":"asinh/99999999999999996973312221251036165947450327545502362648241750950346848435554075534196338404706251868027512415973882408182135734368278484639385041047239877871023591066789981811181813306167128854888448.000000/g=0.000000/JVP","dtype":"float64","actual":[0],"expected":[0],"tolerance":2.9999999999999998e-13,"passed":true}
CASE {"label":"asinh/99999999999999996973312221251036165947450327545502362648241750950346848435554075534196338404706251868027512415973882408182135734368278484639385041047239877871023591066789981811181813306167128854888448.000000/g=0.000000/VJP","dtype":"float64","actual":[0],"expected":[0],"tolerance":2.9999999999999998e-13,"passed":true}
CASE {"label":"asinh/99999999999999996973312221251036165947450327545502362648241750950346848435554075534196338404706251868027512415973882408182135734368278484639385041047239877871023591066789981811181813306167128854888448.000000/g=1.000000/JVP","dtype":"float64","actual":[0],"expected":[0],"tolerance":2.9999999999999998e-13,"passed":true}
CASE {"label":"asinh/99999999999999996973312221251036165947450327545502362648241750950346848435554075534196338404706251868027512415973882408182135734368278484639385041047239877871023591066789981811181813306167128854888448.000000/g=1.000000/VJP","dtype":"float64","actual":[0],"expected":[0],"tolerance":2.9999999999999998e-13,"passed":true}
CASE {"label":"asinh/99999999999999996973312221251036165947450327545502362648241750950346848435554075534196338404706251868027512415973882408182135734368278484639385041047239877871023591066789981811181813306167128854888448.000000/g=-0.500000/JVP","dtype":"float64","actual":[-0],"expected":[-0],"tolerance":2.9999999999999998e-13,"passed":true}
CASE {"label":"asinh/99999999999999996973312221251036165947450327545502362648241750950346848435554075534196338404706251868027512415973882408182135734368278484639385041047239877871023591066789981811181813306167128854888448.000000/g=-0.500000/VJP","dtype":"float64","actual":[-0],"expected":[-0],"tolerance":2.9999999999999998e-13,"passed":true}
CASE {"label":"asinh/99999999999999996973312221251036165947450327545502362648241750950346848435554075534196338404706251868027512415973882408182135734368278484639385041047239877871023591066789981811181813306167128854888448.000000/g=2.000000/JVP","dtype":"float64","actual":[0],"expected":[0],"tolerance":2.9999999999999998e-13,"passed":true}
CASE {"label":"asinh/99999999999999996973312221251036165947450327545502362648241750950346848435554075534196338404706251868027512415973882408182135734368278484639385041047239877871023591066789981811181813306167128854888448.000000/g=2.000000/VJP","dtype":"float64","actual":[0],"expected":[0],"tolerance":2.9999999999999998e-13,"passed":true}
CASE {"label":"asinh/-99999999999999996973312221251036165947450327545502362648241750950346848435554075534196338404706251868027512415973882408182135734368278484639385041047239877871023591066789981811181813306167128854888448.000000/g=0.000000/JVP","dtype":"float64","actual":[0],"expected":[0],"tolerance":2.9999999999999998e-13,"passed":true}
CASE {"label":"asinh/-99999999999999996973312221251036165947450327545502362648241750950346848435554075534196338404706251868027512415973882408182135734368278484639385041047239877871023591066789981811181813306167128854888448.000000/g=0.000000/VJP","dtype":"float64","actual":[0],"expected":[0],"tolerance":2.9999999999999998e-13,"passed":true}
CASE {"label":"asinh/-99999999999999996973312221251036165947450327545502362648241750950346848435554075534196338404706251868027512415973882408182135734368278484639385041047239877871023591066789981811181813306167128854888448.000000/g=1.000000/JVP","dtype":"float64","actual":[0],"expected":[0],"tolerance":2.9999999999999998e-13,"passed":true}
CASE {"label":"asinh/-99999999999999996973312221251036165947450327545502362648241750950346848435554075534196338404706251868027512415973882408182135734368278484639385041047239877871023591066789981811181813306167128854888448.000000/g=1.000000/VJP","dtype":"float64","actual":[0],"expected":[0],"tolerance":2.9999999999999998e-13,"passed":true}
CASE {"label":"asinh/-99999999999999996973312221251036165947450327545502362648241750950346848435554075534196338404706251868027512415973882408182135734368278484639385041047239877871023591066789981811181813306167128854888448.000000/g=-0.500000/JVP","dtype":"float64","actual":[-0],"expected":[-0],"tolerance":2.9999999999999998e-13,"passed":true}
CASE {"label":"asinh/-99999999999999996973312221251036165947450327545502362648241750950346848435554075534196338404706251868027512415973882408182135734368278484639385041047239877871023591066789981811181813306167128854888448.000000/g=-0.500000/VJP","dtype":"float64","actual":[-0],"expected":[-0],"tolerance":2.9999999999999998e-13,"passed":true}
CASE {"label":"asinh/-99999999999999996973312221251036165947450327545502362648241750950346848435554075534196338404706251868027512415973882408182135734368278484639385041047239877871023591066789981811181813306167128854888448.000000/g=2.000000/JVP","dtype":"float64","actual":[0],"expected":[0],"tolerance":2.9999999999999998e-13,"passed":true}
CASE {"label":"asinh/-99999999999999996973312221251036165947450327545502362648241750950346848435554075534196338404706251868027512415973882408182135734368278484639385041047239877871023591066789981811181813306167128854888448.000000/g=2.000000/VJP","dtype":"float64","actual":[0],"expected":[0],"tolerance":2.9999999999999998e-13,"passed":true}
CASE {"label":"asinh/1000000000000000052504760255204420248704468581108159154915854115511802457988908195786371375080447864043704443832883878176942523235360430575644792184786706982848387200926575803737830233794788090059368953234970799945081119038967640880074652742780142494579258788820056842838115669472196386865459400540160.000000/g=0.000000/JVP","dtype":"float64","actual":[0],"expected":[0],"tolerance":2.9999999999999998e-13,"passed":true}
CASE {"label":"asinh/1000000000000000052504760255204420248704468581108159154915854115511802457988908195786371375080447864043704443832883878176942523235360430575644792184786706982848387200926575803737830233794788090059368953234970799945081119038967640880074652742780142494579258788820056842838115669472196386865459400540160.000000/g=0.000000/VJP","dtype":"float64","actual":[0],"expected":[0],"tolerance":2.9999999999999998e-13,"passed":true}
CASE {"label":"asinh/1000000000000000052504760255204420248704468581108159154915854115511802457988908195786371375080447864043704443832883878176942523235360430575644792184786706982848387200926575803737830233794788090059368953234970799945081119038967640880074652742780142494579258788820056842838115669472196386865459400540160.000000/g=1.000000/JVP","dtype":"float64","actual":[0],"expected":[0],"tolerance":2.9999999999999998e-13,"passed":true}
CASE {"label":"asinh/1000000000000000052504760255204420248704468581108159154915854115511802457988908195786371375080447864043704443832883878176942523235360430575644792184786706982848387200926575803737830233794788090059368953234970799945081119038967640880074652742780142494579258788820056842838115669472196386865459400540160.000000/g=1.000000/VJP","dtype":"float64","actual":[0],"expected":[0],"tolerance":2.9999999999999998e-13,"passed":true}
CASE {"label":"asinh/1000000000000000052504760255204420248704468581108159154915854115511802457988908195786371375080447864043704443832883878176942523235360430575644792184786706982848387200926575803737830233794788090059368953234970799945081119038967640880074652742780142494579258788820056842838115669472196386865459400540160.000000/g=-0.500000/JVP","dtype":"float64","actual":[-0],"expected":[-0],"tolerance":2.9999999999999998e-13,"passed":true}
CASE {"label":"asinh/1000000000000000052504760255204420248704468581108159154915854115511802457988908195786371375080447864043704443832883878176942523235360430575644792184786706982848387200926575803737830233794788090059368953234970799945081119038967640880074652742780142494579258788820056842838115669472196386865459400540160.000000/g=-0.500000/VJP","dtype":"float64","actual":[-0],"expected":[-0],"tolerance":2.9999999999999998e-13,"passed":true}
CASE {"label":"asinh/1000000000000000052504760255204420248704468581108159154915854115511802457988908195786371375080447864043704443832883878176942523235360430575644792184786706982848387200926575803737830233794788090059368953234970799945081119038967640880074652742780142494579258788820056842838115669472196386865459400540160.000000/g=2.000000/JVP","dtype":"float64","actual":[0],"expected":[0],"tolerance":2.9999999999999998e-13,"passed":true}
CASE {"label":"asinh/1000000000000000052504760255204420248704468581108159154915854115511802457988908195786371375080447864043704443832883878176942523235360430575644792184786706982848387200926575803737830233794788090059368953234970799945081119038967640880074652742780142494579258788820056842838115669472196386865459400540160.000000/g=2.000000/VJP","dtype":"float64","actual":[0],"expected":[0],"tolerance":2.9999999999999998e-13,"passed":true}
CASE {"label":"asinh/-1000000000000000052504760255204420248704468581108159154915854115511802457988908195786371375080447864043704443832883878176942523235360430575644792184786706982848387200926575803737830233794788090059368953234970799945081119038967640880074652742780142494579258788820056842838115669472196386865459400540160.000000/g=0.000000/JVP","dtype":"float64","actual":[0],"expected":[0],"tolerance":2.9999999999999998e-13,"passed":true}
CASE {"label":"asinh/-1000000000000000052504760255204420248704468581108159154915854115511802457988908195786371375080447864043704443832883878176942523235360430575644792184786706982848387200926575803737830233794788090059368953234970799945081119038967640880074652742780142494579258788820056842838115669472196386865459400540160.000000/g=0.000000/VJP","dtype":"float64","actual":[0],"expected":[0],"tolerance":2.9999999999999998e-13,"passed":true}
CASE {"label":"asinh/-1000000000000000052504760255204420248704468581108159154915854115511802457988908195786371375080447864043704443832883878176942523235360430575644792184786706982848387200926575803737830233794788090059368953234970799945081119038967640880074652742780142494579258788820056842838115669472196386865459400540160.000000/g=1.000000/JVP","dtype":"float64","actual":[0],"expected":[0],"tolerance":2.9999999999999998e-13,"passed":true}
CASE {"label":"asinh/-1000000000000000052504760255204420248704468581108159154915854115511802457988908195786371375080447864043704443832883878176942523235360430575644792184786706982848387200926575803737830233794788090059368953234970799945081119038967640880074652742780142494579258788820056842838115669472196386865459400540160.000000/g=1.000000/VJP","dtype":"float64","actual":[0],"expected":[0],"tolerance":2.9999999999999998e-13,"passed":true}
CASE {"label":"asinh/-1000000000000000052504760255204420248704468581108159154915854115511802457988908195786371375080447864043704443832883878176942523235360430575644792184786706982848387200926575803737830233794788090059368953234970799945081119038967640880074652742780142494579258788820056842838115669472196386865459400540160.000000/g=-0.500000/JVP","dtype":"float64","actual":[-0],"expected":[-0],"tolerance":2.9999999999999998e-13,"passed":true}
CASE {"label":"asinh/-1000000000000000052504760255204420248704468581108159154915854115511802457988908195786371375080447864043704443832883878176942523235360430575644792184786706982848387200926575803737830233794788090059368953234970799945081119038967640880074652742780142494579258788820056842838115669472196386865459400540160.000000/g=-0.500000/VJP","dtype":"float64","actual":[-0],"expected":[-0],"tolerance":2.9999999999999998e-13,"passed":true}
CASE {"label":"asinh/-1000000000000000052504760255204420248704468581108159154915854115511802457988908195786371375080447864043704443832883878176942523235360430575644792184786706982848387200926575803737830233794788090059368953234970799945081119038967640880074652742780142494579258788820056842838115669472196386865459400540160.000000/g=2.000000/JVP","dtype":"float64","actual":[0],"expected":[0],"tolerance":2.9999999999999998e-13,"passed":true}
CASE {"label":"asinh/-1000000000000000052504760255204420248704468581108159154915854115511802457988908195786371375080447864043704443832883878176942523235360430575644792184786706982848387200926575803737830233794788090059368953234970799945081119038967640880074652742780142494579258788820056842838115669472196386865459400540160.000000/g=2.000000/VJP","dtype":"float64","actual":[0],"expected":[0],"tolerance":2.9999999999999998e-13,"passed":true}
CASE {"label":"acosh/1.000000/g=0.000000/JVP","dtype":"float64","actual":["NaN"],"expected":["NaN"],"tolerance":2.9999999999999998e-13,"passed":false}
CASE {"label":"acosh/1.000000/g=0.000000/VJP","dtype":"float64","actual":["NaN"],"expected":["NaN"],"tolerance":2.9999999999999998e-13,"passed":false}
CASE {"label":"acosh/1.000000/g=1.000000/JVP","dtype":"float64","actual":["Infinity"],"expected":["Infinity"],"tolerance":2.9999999999999998e-13,"passed":false}
CASE {"label":"acosh/1.000000/g=1.000000/VJP","dtype":"float64","actual":["Infinity"],"expected":["Infinity"],"tolerance":2.9999999999999998e-13,"passed":false}
CASE {"label":"acosh/1.000000/g=-0.500000/JVP","dtype":"float64","actual":["-Infinity"],"expected":["-Infinity"],"tolerance":2.9999999999999998e-13,"passed":false}
CASE {"label":"acosh/1.000000/g=-0.500000/VJP","dtype":"float64","actual":["-Infinity"],"expected":["-Infinity"],"tolerance":2.9999999999999998e-13,"passed":false}
CASE {"label":"acosh/1.000000/g=2.000000/JVP","dtype":"float64","actual":["Infinity"],"expected":["Infinity"],"tolerance":2.9999999999999998e-13,"passed":false}
CASE {"label":"acosh/1.000000/g=2.000000/VJP","dtype":"float64","actual":["Infinity"],"expected":["Infinity"],"tolerance":2.9999999999999998e-13,"passed":false}
CASE {"label":"acosh/1.000100/g=0.000000/JVP","dtype":"float64","actual":[0],"expected":[0],"tolerance":2.9999999999999998e-13,"passed":true}
CASE {"label":"acosh/1.000100/g=0.000000/VJP","dtype":"float64","actual":[0],"expected":[0],"tolerance":2.9999999999999998e-13,"passed":true}
CASE {"label":"acosh/1.000100/g=1.000000/JVP","dtype":"float64","actual":[70.703044160082968],"expected":[70.703044160082953],"tolerance":2.9999999999999998e-13,"passed":true}
CASE {"label":"acosh/1.000100/g=1.000000/VJP","dtype":"float64","actual":[70.703044160082968],"expected":[70.703044160082953],"tolerance":2.9999999999999998e-13,"passed":true}
CASE {"label":"acosh/1.000100/g=-0.500000/JVP","dtype":"float64","actual":[-35.351522080041484],"expected":[-35.351522080041477],"tolerance":2.9999999999999998e-13,"passed":true}
CASE {"label":"acosh/1.000100/g=-0.500000/VJP","dtype":"float64","actual":[-35.351522080041484],"expected":[-35.351522080041477],"tolerance":2.9999999999999998e-13,"passed":true}
CASE {"label":"acosh/1.000100/g=2.000000/JVP","dtype":"float64","actual":[141.40608832016594],"expected":[141.40608832016591],"tolerance":2.9999999999999998e-13,"passed":true}
CASE {"label":"acosh/1.000100/g=2.000000/VJP","dtype":"float64","actual":[141.40608832016594],"expected":[141.40608832016591],"tolerance":2.9999999999999998e-13,"passed":true}
CASE {"label":"acosh/1.250000/g=0.000000/JVP","dtype":"float64","actual":[0],"expected":[0],"tolerance":2.9999999999999998e-13,"passed":true}
CASE {"label":"acosh/1.250000/g=0.000000/VJP","dtype":"float64","actual":[0],"expected":[0],"tolerance":2.9999999999999998e-13,"passed":true}
CASE {"label":"acosh/1.250000/g=1.000000/JVP","dtype":"float64","actual":[1.3333333333333333],"expected":[1.3333333333333333],"tolerance":2.9999999999999998e-13,"passed":true}
CASE {"label":"acosh/1.250000/g=1.000000/VJP","dtype":"float64","actual":[1.3333333333333333],"expected":[1.3333333333333333],"tolerance":2.9999999999999998e-13,"passed":true}
CASE {"label":"acosh/1.250000/g=-0.500000/JVP","dtype":"float64","actual":[-0.66666666666666663],"expected":[-0.66666666666666663],"tolerance":2.9999999999999998e-13,"passed":true}
CASE {"label":"acosh/1.250000/g=-0.500000/VJP","dtype":"float64","actual":[-0.66666666666666663],"expected":[-0.66666666666666663],"tolerance":2.9999999999999998e-13,"passed":true}
CASE {"label":"acosh/1.250000/g=2.000000/JVP","dtype":"float64","actual":[2.6666666666666665],"expected":[2.6666666666666665],"tolerance":2.9999999999999998e-13,"passed":true}
CASE {"label":"acosh/1.250000/g=2.000000/VJP","dtype":"float64","actual":[2.6666666666666665],"expected":[2.6666666666666665],"tolerance":2.9999999999999998e-13,"passed":true}
CASE {"label":"acosh/2.000000/g=0.000000/JVP","dtype":"float64","actual":[0],"expected":[0],"tolerance":2.9999999999999998e-13,"passed":true}
CASE {"label":"acosh/2.000000/g=0.000000/VJP","dtype":"float64","actual":[0],"expected":[0],"tolerance":2.9999999999999998e-13,"passed":true}
CASE {"label":"acosh/2.000000/g=1.000000/JVP","dtype":"float64","actual":[0.57735026918962584],"expected":[0.57735026918962584],"tolerance":2.9999999999999998e-13,"passed":true}
CASE {"label":"acosh/2.000000/g=1.000000/VJP","dtype":"float64","actual":[0.57735026918962584],"expected":[0.57735026918962584],"tolerance":2.9999999999999998e-13,"passed":true}
CASE {"label":"acosh/2.000000/g=-0.500000/JVP","dtype":"float64","actual":[-0.28867513459481292],"expected":[-0.28867513459481292],"tolerance":2.9999999999999998e-13,"passed":true}
CASE {"label":"acosh/2.000000/g=-0.500000/VJP","dtype":"float64","actual":[-0.28867513459481292],"expected":[-0.28867513459481292],"tolerance":2.9999999999999998e-13,"passed":true}
CASE {"label":"acosh/2.000000/g=2.000000/JVP","dtype":"float64","actual":[1.1547005383792517],"expected":[1.1547005383792517],"tolerance":2.9999999999999998e-13,"passed":true}
CASE {"label":"acosh/2.000000/g=2.000000/VJP","dtype":"float64","actual":[1.1547005383792517],"expected":[1.1547005383792517],"tolerance":2.9999999999999998e-13,"passed":true}
CASE {"label":"acosh/10.000000/g=0.000000/JVP","dtype":"float64","actual":[0],"expected":[0],"tolerance":2.9999999999999998e-13,"passed":true}
CASE {"label":"acosh/10.000000/g=0.000000/VJP","dtype":"float64","actual":[0],"expected":[0],"tolerance":2.9999999999999998e-13,"passed":true}
CASE {"label":"acosh/10.000000/g=1.000000/JVP","dtype":"float64","actual":[0.10050378152592121],"expected":[0.10050378152592121],"tolerance":2.9999999999999998e-13,"passed":true}
CASE {"label":"acosh/10.000000/g=1.000000/VJP","dtype":"float64","actual":[0.10050378152592121],"expected":[0.10050378152592121],"tolerance":2.9999999999999998e-13,"passed":true}
CASE {"label":"acosh/10.000000/g=-0.500000/JVP","dtype":"float64","actual":[-0.050251890762960605],"expected":[-0.050251890762960605],"tolerance":2.9999999999999998e-13,"passed":true}
CASE {"label":"acosh/10.000000/g=-0.500000/VJP","dtype":"float64","actual":[-0.050251890762960605],"expected":[-0.050251890762960605],"tolerance":2.9999999999999998e-13,"passed":true}
CASE {"label":"acosh/10.000000/g=2.000000/JVP","dtype":"float64","actual":[0.20100756305184242],"expected":[0.20100756305184242],"tolerance":2.9999999999999998e-13,"passed":true}
CASE {"label":"acosh/10.000000/g=2.000000/VJP","dtype":"float64","actual":[0.20100756305184242],"expected":[0.20100756305184242],"tolerance":2.9999999999999998e-13,"passed":true}
CASE {"label":"acosh/99999999999999996973312221251036165947450327545502362648241750950346848435554075534196338404706251868027512415973882408182135734368278484639385041047239877871023591066789981811181813306167128854888448.000000/g=0.000000/JVP","dtype":"float64","actual":[0],"expected":[0],"tolerance":2.9999999999999998e-13,"passed":true}
CASE {"label":"acosh/99999999999999996973312221251036165947450327545502362648241750950346848435554075534196338404706251868027512415973882408182135734368278484639385041047239877871023591066789981811181813306167128854888448.000000/g=0.000000/VJP","dtype":"float64","actual":[0],"expected":[0],"tolerance":2.9999999999999998e-13,"passed":true}
CASE {"label":"acosh/99999999999999996973312221251036165947450327545502362648241750950346848435554075534196338404706251868027512415973882408182135734368278484639385041047239877871023591066789981811181813306167128854888448.000000/g=1.000000/JVP","dtype":"float64","actual":[0],"expected":[0],"tolerance":2.9999999999999998e-13,"passed":true}
CASE {"label":"acosh/99999999999999996973312221251036165947450327545502362648241750950346848435554075534196338404706251868027512415973882408182135734368278484639385041047239877871023591066789981811181813306167128854888448.000000/g=1.000000/VJP","dtype":"float64","actual":[0],"expected":[0],"tolerance":2.9999999999999998e-13,"passed":true}
CASE {"label":"acosh/99999999999999996973312221251036165947450327545502362648241750950346848435554075534196338404706251868027512415973882408182135734368278484639385041047239877871023591066789981811181813306167128854888448.000000/g=-0.500000/JVP","dtype":"float64","actual":[-0],"expected":[-0],"tolerance":2.9999999999999998e-13,"passed":true}
CASE {"label":"acosh/99999999999999996973312221251036165947450327545502362648241750950346848435554075534196338404706251868027512415973882408182135734368278484639385041047239877871023591066789981811181813306167128854888448.000000/g=-0.500000/VJP","dtype":"float64","actual":[-0],"expected":[-0],"tolerance":2.9999999999999998e-13,"passed":true}
CASE {"label":"acosh/99999999999999996973312221251036165947450327545502362648241750950346848435554075534196338404706251868027512415973882408182135734368278484639385041047239877871023591066789981811181813306167128854888448.000000/g=2.000000/JVP","dtype":"float64","actual":[0],"expected":[0],"tolerance":2.9999999999999998e-13,"passed":true}
CASE {"label":"acosh/99999999999999996973312221251036165947450327545502362648241750950346848435554075534196338404706251868027512415973882408182135734368278484639385041047239877871023591066789981811181813306167128854888448.000000/g=2.000000/VJP","dtype":"float64","actual":[0],"expected":[0],"tolerance":2.9999999999999998e-13,"passed":true}
CASE {"label":"acosh/1000000000000000052504760255204420248704468581108159154915854115511802457988908195786371375080447864043704443832883878176942523235360430575644792184786706982848387200926575803737830233794788090059368953234970799945081119038967640880074652742780142494579258788820056842838115669472196386865459400540160.000000/g=0.000000/JVP","dtype":"float64","actual":[0],"expected":[0],"tolerance":2.9999999999999998e-13,"passed":true}
CASE {"label":"acosh/1000000000000000052504760255204420248704468581108159154915854115511802457988908195786371375080447864043704443832883878176942523235360430575644792184786706982848387200926575803737830233794788090059368953234970799945081119038967640880074652742780142494579258788820056842838115669472196386865459400540160.000000/g=0.000000/VJP","dtype":"float64","actual":[0],"expected":[0],"tolerance":2.9999999999999998e-13,"passed":true}
CASE {"label":"acosh/1000000000000000052504760255204420248704468581108159154915854115511802457988908195786371375080447864043704443832883878176942523235360430575644792184786706982848387200926575803737830233794788090059368953234970799945081119038967640880074652742780142494579258788820056842838115669472196386865459400540160.000000/g=1.000000/JVP","dtype":"float64","actual":[0],"expected":[0],"tolerance":2.9999999999999998e-13,"passed":true}
CASE {"label":"acosh/1000000000000000052504760255204420248704468581108159154915854115511802457988908195786371375080447864043704443832883878176942523235360430575644792184786706982848387200926575803737830233794788090059368953234970799945081119038967640880074652742780142494579258788820056842838115669472196386865459400540160.000000/g=1.000000/VJP","dtype":"float64","actual":[0],"expected":[0],"tolerance":2.9999999999999998e-13,"passed":true}
CASE {"label":"acosh/1000000000000000052504760255204420248704468581108159154915854115511802457988908195786371375080447864043704443832883878176942523235360430575644792184786706982848387200926575803737830233794788090059368953234970799945081119038967640880074652742780142494579258788820056842838115669472196386865459400540160.000000/g=-0.500000/JVP","dtype":"float64","actual":[-0],"expected":[-0],"tolerance":2.9999999999999998e-13,"passed":true}
CASE {"label":"acosh/1000000000000000052504760255204420248704468581108159154915854115511802457988908195786371375080447864043704443832883878176942523235360430575644792184786706982848387200926575803737830233794788090059368953234970799945081119038967640880074652742780142494579258788820056842838115669472196386865459400540160.000000/g=-0.500000/VJP","dtype":"float64","actual":[-0],"expected":[-0],"tolerance":2.9999999999999998e-13,"passed":true}
CASE {"label":"acosh/1000000000000000052504760255204420248704468581108159154915854115511802457988908195786371375080447864043704443832883878176942523235360430575644792184786706982848387200926575803737830233794788090059368953234970799945081119038967640880074652742780142494579258788820056842838115669472196386865459400540160.000000/g=2.000000/JVP","dtype":"float64","actual":[0],"expected":[0],"tolerance":2.9999999999999998e-13,"passed":true}
CASE {"label":"acosh/1000000000000000052504760255204420248704468581108159154915854115511802457988908195786371375080447864043704443832883878176942523235360430575644792184786706982848387200926575803737830233794788090059368953234970799945081119038967640880074652742780142494579258788820056842838115669472196386865459400540160.000000/g=2.000000/VJP","dtype":"float64","actual":[0],"expected":[0],"tolerance":2.9999999999999998e-13,"passed":true}
CASE {"label":"asinh-higher/-2.000000/2","dtype":"float64","actual":[0.17888543819998318],"expected":[0.17888543819998318],"tolerance":2.9999999999999998e-13,"passed":true}
CASE {"label":"asinh-higher/-2.000000/3","dtype":"float64","actual":[0.12521980673998823],"expected":[0.12521980673998823],"tolerance":2.9999999999999998e-13,"passed":true}
CASE {"label":"asinh-higher/-1.000000/2","dtype":"float64","actual":[0.35355339059327373],"expected":[0.35355339059327373],"tolerance":2.9999999999999998e-13,"passed":true}
CASE {"label":"asinh-higher/-1.000000/3","dtype":"float64","actual":[0.17677669529663687],"expected":[0.17677669529663687],"tolerance":2.9999999999999998e-13,"passed":true}
CASE {"label":"asinh-higher/0.000000/2","dtype":"float64","actual":[-0],"expected":[-0],"tolerance":2.9999999999999998e-13,"passed":true}
CASE {"label":"asinh-higher/0.000000/3","dtype":"float64","actual":[-1],"expected":[-1],"tolerance":2.9999999999999998e-13,"passed":true}
CASE {"label":"asinh-higher/0.250000/2","dtype":"float64","actual":[-0.2282688235636075],"expected":[-0.2282688235636075],"tolerance":2.9999999999999998e-13,"passed":true}
CASE {"label":"asinh-higher/0.250000/3","dtype":"float64","actual":[-0.75194435997423648],"expected":[-0.75194435997423648],"tolerance":2.9999999999999998e-13,"passed":true}
CASE {"label":"asinh-higher/1.000000/2","dtype":"float64","actual":[-0.35355339059327373],"expected":[-0.35355339059327373],"tolerance":2.9999999999999998e-13,"passed":true}
CASE {"label":"asinh-higher/1.000000/3","dtype":"float64","actual":[0.17677669529663687],"expected":[0.17677669529663687],"tolerance":2.9999999999999998e-13,"passed":true}
CASE {"label":"asinh-higher/2.000000/2","dtype":"float64","actual":[-0.17888543819998318],"expected":[-0.17888543819998318],"tolerance":2.9999999999999998e-13,"passed":true}
CASE {"label":"asinh-higher/2.000000/3","dtype":"float64","actual":[0.12521980673998823],"expected":[0.12521980673998823],"tolerance":2.9999999999999998e-13,"passed":true}
CASE {"label":"acosh-higher/1.000100/2","dtype":"float64","actual":[-353474.24333103828],"expected":[-353474.24333103816],"tolerance":2.9999999999999998e-13,"passed":true}
CASE {"label":"acosh-higher/1.000100/3","dtype":"float64","actual":[5301145620.2794676],"expected":[5301145620.2794666],"tolerance":2.9999999999999998e-13,"passed":true}
CASE {"label":"acosh-higher/1.250000/2","dtype":"float64","actual":[-2.9629629629629628],"expected":[-2.9629629629629628],"tolerance":2.9999999999999998e-13,"passed":true}
CASE {"label":"acosh-higher/1.250000/3","dtype":"float64","actual":[17.382716049382715],"expected":[17.382716049382715],"tolerance":2.9999999999999998e-13,"passed":true}
CASE {"label":"acosh-higher/2.000000/2","dtype":"float64","actual":[-0.38490017945975058],"expected":[-0.38490017945975058],"tolerance":2.9999999999999998e-13,"passed":true}
CASE {"label":"acosh-higher/2.000000/3","dtype":"float64","actual":[0.57735026918962573],"expected":[0.57735026918962584],"tolerance":2.9999999999999998e-13,"passed":true}
CASE {"label":"acosh-higher/10.000000/2","dtype":"float64","actual":[-0.010151897123830425],"expected":[-0.010151897123830425],"tolerance":2.9999999999999998e-13,"passed":true}
CASE {"label":"acosh-higher/10.000000/3","dtype":"float64","actual":[0.0020611427493837532],"expected":[0.0020611427493837532],"tolerance":2.9999999999999998e-13,"passed":true}
CASE {"label":"asinh-composite/0.500000/1","dtype":"float64","actual":["NaN"],"expected":[2],"tolerance":2.9999999999999998e-13,"passed":false}
CASE {"label":"asinh-composite/0.500000/2","dtype":"float64","actual":["NaN"],"expected":[-4],"tolerance":2.9999999999999998e-13,"passed":false}
CASE {"label":"asinh-composite/0.500000/3","dtype":"float64","actual":["NaN"],"expected":[16],"tolerance":2.9999999999999998e-13,"passed":false}
CASE {"label":"asinh-composite/1.000000/1","dtype":"float64","actual":["NaN"],"expected":[1],"tolerance":2.9999999999999998e-13,"passed":false}
CASE {"label":"asinh-composite/1.000000/2","dtype":"float64","actual":["NaN"],"expected":[-1],"tolerance":2.9999999999999998e-13,"passed":false}
CASE {"label":"asinh-composite/1.000000/3","dtype":"float64","actual":["NaN"],"expected":[2],"tolerance":2.9999999999999998e-13,"passed":false}
CASE {"label":"asinh-composite/1.000000/finite-difference","dtype":"float64","actual":["NaN"],"expected":[1],"tolerance":1.9999999999999999e-06,"passed":false}
CASE {"label":"asinh-composite/2.000000/1","dtype":"float64","actual":["NaN"],"expected":[0.5],"tolerance":2.9999999999999998e-13,"passed":false}
CASE {"label":"asinh-composite/2.000000/2","dtype":"float64","actual":["NaN"],"expected":[-0.25],"tolerance":2.9999999999999998e-13,"passed":false}
CASE {"label":"asinh-composite/2.000000/3","dtype":"float64","actual":["NaN"],"expected":[0.25],"tolerance":2.9999999999999998e-13,"passed":false}
CASE {"label":"asinh-composite/-1.000000/1","dtype":"float64","actual":["NaN"],"expected":[1],"tolerance":2.9999999999999998e-13,"passed":false}
CASE {"label":"asinh-composite/-1.000000/2","dtype":"float64","actual":["NaN"],"expected":[1],"tolerance":2.9999999999999998e-13,"passed":false}
CASE {"label":"asinh-composite/-1.000000/3","dtype":"float64","actual":["NaN"],"expected":[2],"tolerance":2.9999999999999998e-13,"passed":false}
CASE {"label":"asinh-matrix/JVP","dtype":"float64","actual":[0,0.70710678118654746,-0.35355339059327373,2e-200,-9.9999999999999998e-201,0.97014250014533188],"expected":[0,0.70710678118654746,-0.35355339059327373,2e-200,-9.9999999999999998e-201,0.97014250014533188],"tolerance":2.9999999999999998e-13,"passed":true}
CASE {"label":"asinh-matrix/VJP","dtype":"float64","actual":[0,0.70710678118654746,-0.35355339059327373,2e-200,-9.9999999999999998e-201,0.97014250014533188],"expected":[0,0.70710678118654746,-0.35355339059327373,2e-200,-9.9999999999999998e-201,0.97014250014533188],"tolerance":2.9999999999999998e-13,"passed":true}
CASE {"label":"asinh-matrix-strided/JVP","dtype":"float64","actual":[0,0.70710678118654746,-0.35355339059327373,2e-200,-9.9999999999999998e-201,0.97014250014533188],"expected":[0,0.70710678118654746,-0.35355339059327373,2e-200,-9.9999999999999998e-201,0.97014250014533188],"tolerance":2.9999999999999998e-13,"passed":true}
CASE {"label":"asinh-matrix-strided/VJP","dtype":"float64","actual":[0,0.70710678118654746,-0.35355339059327373,2e-200,-9.9999999999999998e-201,0.97014250014533188],"expected":[0,0.70710678118654746,-0.35355339059327373,2e-200,-9.9999999999999998e-201,0.97014250014533188],"tolerance":2.9999999999999998e-13,"passed":true}
CASE {"label":"acosh-composite/0.500000/1","dtype":"float64","actual":["NaN"],"expected":[2],"tolerance":2.9999999999999998e-13,"passed":false}
CASE {"label":"acosh-composite/0.500000/2","dtype":"float64","actual":["NaN"],"expected":[-4],"tolerance":2.9999999999999998e-13,"passed":false}
CASE {"label":"acosh-composite/0.500000/3","dtype":"float64","actual":["NaN"],"expected":[16],"tolerance":2.9999999999999998e-13,"passed":false}
CASE {"label":"acosh-composite/1.000000/1","dtype":"float64","actual":["NaN"],"expected":[1],"tolerance":2.9999999999999998e-13,"passed":false}
CASE {"label":"acosh-composite/1.000000/2","dtype":"float64","actual":["NaN"],"expected":[-1],"tolerance":2.9999999999999998e-13,"passed":false}
CASE {"label":"acosh-composite/1.000000/3","dtype":"float64","actual":["NaN"],"expected":[2],"tolerance":2.9999999999999998e-13,"passed":false}
CASE {"label":"acosh-composite/1.000000/finite-difference","dtype":"float64","actual":["NaN"],"expected":[1],"tolerance":1.9999999999999999e-06,"passed":false}
CASE {"label":"acosh-composite/2.000000/1","dtype":"float64","actual":["NaN"],"expected":[0.5],"tolerance":2.9999999999999998e-13,"passed":false}
CASE {"label":"acosh-composite/2.000000/2","dtype":"float64","actual":["NaN"],"expected":[-0.25],"tolerance":2.9999999999999998e-13,"passed":false}
CASE {"label":"acosh-composite/2.000000/3","dtype":"float64","actual":["NaN"],"expected":[0.25],"tolerance":2.9999999999999998e-13,"passed":false}
CASE {"label":"acosh-matrix/JVP","dtype":"float64","actual":[0,0.57735026918962584,-0.17677669529663687,2e-200,-0.57735026918962584,1.3333333333333333],"expected":[0,0.57735026918962584,-0.17677669529663687,2e-200,-0.57735026918962584,1.3333333333333333],"tolerance":2.9999999999999998e-13,"passed":true}
CASE {"label":"acosh-matrix/VJP","dtype":"float64","actual":[0,0.57735026918962584,-0.17677669529663687,2e-200,-0.57735026918962584,1.3333333333333333],"expected":[0,0.57735026918962584,-0.17677669529663687,2e-200,-0.57735026918962584,1.3333333333333333],"tolerance":2.9999999999999998e-13,"passed":true}
CASE {"label":"acosh-matrix-strided/JVP","dtype":"float64","actual":[0,0.57735026918962584,-0.17677669529663687,2e-200,-0.57735026918962584,1.3333333333333333],"expected":[0,0.57735026918962584,-0.17677669529663687,2e-200,-0.57735026918962584,1.3333333333333333],"tolerance":2.9999999999999998e-13,"passed":true}
CASE {"label":"acosh-matrix-strided/VJP","dtype":"float64","actual":[0,0.57735026918962584,-0.17677669529663687,2e-200,-0.57735026918962584,1.3333333333333333],"expected":[0,0.57735026918962584,-0.17677669529663687,2e-200,-0.57735026918962584,1.3333333333333333],"tolerance":2.9999999999999998e-13,"passed":true}
SUMMARY checks=390 failures=31
