FAIL batch_padded source_vjp got=1,3,6,-8,0,0, expected=1,3,0,6,-8,0,
FAIL batch_padded source_only got=1,3,6,-8,0,0, expected=1,3,0,6,-8,0,
FAIL batch_padded upstream_source got=-2,-6,-12,16,0,0, expected=-2,-6,-0,-12,16,-0,
FAIL batch_padded adjoint_rhs got=-7, expected=-9,
FAIL batch_padded source_coordinate_fd got=1,3,6,-8,0,0, expected=1,3,0,6,-8,0,
FAIL batch_padded quadratic_gradient got=3,4,6,7,0,0, expected=3,4,0,6,7,0,
FAIL batch_padded quadratic_hvp got=1,2,3,4,0,0, expected=1,2,0,4,5,0,
FAIL batch_unequal_populations source_vjp got=1,6,7,-8,0,0,0,0, expected=1,0,0,0,6,7,-8,0,
FAIL batch_unequal_populations source_only got=1,6,7,-8,0,0,0,0, expected=1,0,0,0,6,7,-8,0,
FAIL batch_unequal_populations upstream_source got=-2,-12,-14,16,0,0,0,0, expected=-2,-0,-0,-0,-12,-14,16,-0,
FAIL batch_unequal_populations adjoint_rhs got=2, expected=17,
FAIL batch_unequal_populations source_coordinate_fd got=1,6,7,-8,0,0,0,0, expected=1,0,0,0,6,7,-8,0,
FAIL batch_unequal_populations quadratic_gradient got=3,7,8,9,0,0,0,0, expected=3,0,0,0,7,8,9,0,
FAIL batch_unequal_populations quadratic_hvp got=1,2,3,4,0,0,0,0, expected=1,0,0,0,5,6,7,0,
FAIL batch_first_empty source_vjp got=6,-8,0,0,0,0, expected=0,0,0,6,-8,0,
FAIL batch_first_empty source_only got=6,-8,0,0,0,0, expected=0,0,0,6,-8,0,
FAIL batch_first_empty upstream_source got=-12,16,0,0,0,0, expected=-0,-0,-0,-12,16,-0,
FAIL batch_first_empty adjoint_rhs got=-10, expected=-16,
FAIL batch_first_empty source_coordinate_fd got=6,-8,0,0,0,0, expected=0,0,0,6,-8,0,
FAIL batch_first_empty quadratic_gradient got=6,7,0,0,0,0, expected=0,0,0,6,7,0,
FAIL batch_first_empty quadratic_hvp got=1,2,0,0,0,0, expected=0,0,0,4,5,0,
FAIL shared_source source_vjp got=-7,3,6, expected=7,-5,0,
FAIL shared_source source_only got=-7,3,6, expected=7,-5,0,
FAIL shared_source upstream_source got=14,-6,-12, expected=-14,10,-0,
FAIL shared_source adjoint_rhs got=17, expected=-3,
FAIL shared_source source_coordinate_fd got=-7,3,6, expected=7,-5,0,
FAIL shared_source quadratic_gradient got=7,4,3, expected=6,8,0,
FAIL shared_source quadratic_hvp got=2,2,3, expected=2,4,0,
FAIL shared_destination source_vjp got=1,3,6,-8,0,0, expected=1,3,0,6,-8,0,
FAIL shared_destination source_only got=1,3,6,-8,0,0, expected=1,3,0,6,-8,0,
FAIL shared_destination upstream_source got=-2,-6,-12,16,0,0, expected=-2,-6,-0,-12,16,-0,
FAIL shared_destination adjoint_rhs got=-7, expected=-9,
FAIL shared_destination source_coordinate_fd got=1,3,6,-8,0,0, expected=1,3,0,6,-8,0,
FAIL shared_destination quadratic_gradient got=3,4,6,7,0,0, expected=3,4,0,6,7,0,
FAIL shared_destination quadratic_hvp got=1,2,3,4,0,0, expected=1,2,0,4,5,0,
FAIL shared_mask source_vjp got=1,3,-5,7,0,0, expected=1,3,0,-5,7,0,
FAIL shared_mask source_only got=1,3,-5,7,0,0, expected=1,3,0,-5,7,0,
FAIL shared_mask upstream_source got=-2,-6,10,-14,0,0, expected=-2,-6,-0,10,-14,-0,
FAIL shared_mask adjoint_rhs got=20, expected=22,
FAIL shared_mask source_coordinate_fd got=1,3,-5,7,0,0, expected=1,3,0,-5,7,0,
FAIL shared_mask quadratic_gradient got=3,4,6,7,0,0, expected=3,4,0,6,7,0,
FAIL shared_mask quadratic_hvp got=1,2,3,4,0,0, expected=1,2,0,4,5,0,
FAIL batched_scalars source_vjp got=2,0, expected=4,-2,
FAIL batched_scalars source_only got=2,0, expected=4,-2,
FAIL batched_scalars upstream_source got=-4,0, expected=-8,4,
FAIL batched_scalars adjoint_rhs got=2, expected=0,
FAIL batched_scalars source_coordinate_fd got=2,0, expected=4,-2,
FAIL batched_scalars quadratic_gradient got=14,0, expected=6,8,
FAIL batched_scalars quadratic_hvp got=4,0, expected=2,4,
FAIL leading_mask_blocks source_vjp got=1,-2,7,-8,0,0,0,0, expected=1,-2,0,0,7,-8,0,0,
FAIL leading_mask_blocks source_only got=1,-2,7,-8,0,0,0,0, expected=1,-2,0,0,7,-8,0,0,
FAIL leading_mask_blocks upstream_source got=-2,4,-14,16,0,0,0,0, expected=-2,4,-0,-0,-14,16,-0,-0,
FAIL leading_mask_blocks adjoint_rhs got=-14, expected=-16,
FAIL leading_mask_blocks source_coordinate_fd got=1,-2,7,-8,0,0,0,0, expected=1,-2,0,0,7,-8,0,0,
FAIL leading_mask_blocks quadratic_gradient got=3,4,7,8,0,0,0,0, expected=3,4,0,0,7,8,0,0,
FAIL leading_mask_blocks quadratic_hvp got=1,2,3,4,0,0,0,0, expected=1,2,0,0,5,6,0,0,
FAIL nonleading_batch_axis source_vjp got=1,-8,-5,0,4,0, expected=1,4,-5,-8,0,0,
FAIL nonleading_batch_axis source_only got=1,-8,-5,0,4,0, expected=1,4,-5,-8,0,0,
FAIL nonleading_batch_axis upstream_source got=-2,16,10,0,-8,0, expected=-2,-8,10,16,-0,-0,
FAIL nonleading_batch_axis adjoint_rhs got=-10, expected=-38,
FAIL nonleading_batch_axis source_coordinate_fd got=1,-8,-5,0,4,0, expected=1,4,-5,-8,0,0,
FAIL nonleading_batch_axis quadratic_gradient got=3,6,5,0,4,0, expected=3,4,5,6,0,0,
FAIL nonleading_batch_axis quadratic_hvp got=1,2,3,0,5,0, expected=1,2,3,4,0,0,
FAIL nested_vmap source_vjp got=1,3,6,-8,9,10,15,16,0,0,0,0, expected=1,3,0,6,-8,0,9,10,0,15,16,0,
FAIL nested_vmap source_only got=1,3,6,-8,9,10,15,16,0,0,0,0, expected=1,3,0,6,-8,0,9,10,0,15,16,0,
FAIL nested_vmap upstream_source got=-2,-6,-12,16,-18,-20,-30,-32,0,0,0,0, expected=-2,-6,-0,-12,16,-0,-18,-20,-0,-30,-32,-0,
FAIL nested_vmap adjoint_rhs got=331, expected=460,
FAIL nested_vmap source_coordinate_fd got=1,3,6,-8,9,10,15,16,0,0,0,0, expected=1,3,0,6,-8,0,9,10,0,15,16,0,
FAIL nested_vmap quadratic_gradient got=3,4,6,7,9,10,12,13,0,0,0,0, expected=3,4,0,6,7,0,9,10,0,12,13,0,
FAIL nested_vmap quadratic_hvp got=1,2,3,4,5,6,7,8,0,0,0,0, expected=1,2,0,4,5,0,7,8,0,10,11,0,
FAIL descent gradient got=1,3,-20,40,0,0, expected=1,3,0,-20,40,0,
FAIL descent next_loss got=1168.75, expected=818.75,
EVIDENCE descent initial=1070 next=1168.75
SUMMARY cases=19 passed_cases=8 failed_cases=11 checks=255 failures=72
