FAIL vector_1_00 Hessian_row_0 got=nan,2,0, expected=0,2,0,
FAIL vector_1_00 Hessian_row_1 got=nan,0,0, expected=2,0,0,
FAIL vector_1_00 Hessian_row_2 got=nan,0,0, expected=0,0,0,
FAIL vector_2_00 Hessian_row_0 got=nan,nan,0, expected=0,2,0,
FAIL vector_2_00 Hessian_row_1 got=nan,nan,0, expected=2,0,0,
FAIL vector_2_00 Hessian_row_2 got=nan,nan,0, expected=0,0,0,
FAIL vector_3_00 Hessian_row_0 got=0,2,nan, expected=0,2,0,
FAIL vector_3_00 Hessian_row_1 got=2,0,nan, expected=2,0,0,
FAIL vector_3_00 Hessian_row_2 got=0,0,nan, expected=0,0,0,
FAIL vector_4_00 Hessian_row_0 got=nan,nan,0, expected=0,2,0,
FAIL vector_4_00 Hessian_row_1 got=nan,nan,0, expected=2,0,0,
FAIL vector_4_00 Hessian_row_2 got=nan,nan,0, expected=0,0,0,
FAIL vector_5_00 Hessian_row_0 got=nan,nan,nan, expected=0,2,0,
FAIL vector_5_00 Hessian_row_1 got=nan,nan,nan, expected=2,0,0,
FAIL vector_5_00 Hessian_row_2 got=nan,nan,nan, expected=0,0,0,
FAIL matrix_axis1_00 Hessian_row_0 got=nan,2,0,nan,nan,0, expected=0,2,0,0,0,0,
FAIL matrix_axis1_00 Hessian_row_1 got=nan,0,0,nan,nan,0, expected=2,0,0,0,0,0,
FAIL matrix_axis1_00 Hessian_row_2 got=nan,0,0,nan,nan,0, expected=0,0,0,0,0,0,
FAIL matrix_axis1_00 Hessian_row_3 got=nan,0,0,nan,nan,0, expected=0,0,0,0,2,0,
FAIL matrix_axis1_00 Hessian_row_4 got=nan,0,0,nan,nan,0, expected=0,0,0,2,0,0,
FAIL matrix_axis1_00 Hessian_row_5 got=nan,0,0,nan,nan,0, expected=0,0,0,0,0,0,
FAIL matrix_axis-2_00 Hessian_row_0 got=nan,nan,-0.5,nan,0,0, expected=0,0,-0.5,0,0,0,
FAIL matrix_axis-2_00 Hessian_row_1 got=nan,nan,0,nan,0,0, expected=0,0,0,2,0,0,
FAIL matrix_axis-2_00 Hessian_row_2 got=nan,nan,0,nan,0,0, expected=-0.5,0,0,0,0,0,
FAIL matrix_axis-2_00 Hessian_row_3 got=nan,nan,0,nan,0,0, expected=0,2,0,0,0,0,
FAIL matrix_axis-2_00 Hessian_row_4 got=nan,nan,0,nan,0,0, expected=0,0,0,0,0,0,
FAIL matrix_axis-2_00 Hessian_row_5 got=nan,nan,0,nan,0,0, expected=0,0,0,0,0,0,
FAIL singleton_00 Hessian_row_0 got=nan, expected=0,
FAIL length5_zero_00 Hessian_row_0 got=nan,nan,nan,0,0, expected=0,2,0,0,0,
FAIL length5_zero_00 Hessian_row_1 got=nan,nan,nan,0,0, expected=2,0,0,0,0,
FAIL length5_zero_00 Hessian_row_2 got=nan,nan,nan,-0.25,0, expected=0,0,0,-0.25,0,
FAIL length5_zero_00 Hessian_row_3 got=nan,nan,nan,0,0, expected=0,0,-0.25,0,0,
FAIL length5_zero_00 Hessian_row_4 got=nan,nan,nan,0,0, expected=0,0,0,0,0,
FAIL length8_zeros_00 Hessian_row_0 got=nan,nan,0,0,nan,0,0,0, expected=0,3,0,0,0,0,0,0,
FAIL length8_zeros_00 Hessian_row_1 got=nan,nan,0.5,-1,nan,0,0,0, expected=3,0,0.5,-1,4.5,0,0,0,
FAIL length8_zeros_00 Hessian_row_2 got=nan,nan,0,0,nan,0,0,0, expected=0,0.5,0,0,0,0,0,0,
FAIL length8_zeros_00 Hessian_row_3 got=nan,nan,0,0,nan,0,0,0, expected=0,-1,0,0,0,0,0,0,
FAIL length8_zeros_00 Hessian_row_4 got=nan,nan,0,0,nan,0,0,0, expected=0,4.5,0,0,0,0,0,0,
FAIL length8_zeros_00 Hessian_row_5 got=nan,nan,0,0,nan,0,0,0, expected=0,0,0,0,0,0,0,0,
FAIL length8_zeros_00 Hessian_row_6 got=nan,nan,0,0,nan,0,0,0, expected=0,0,0,0,0,0,0,0,
FAIL length8_zeros_00 Hessian_row_7 got=nan,nan,0,0,nan,0,0,0, expected=0,0,0,0,0,0,0,0,
FAIL vector_1_01 Hessian_row_0 got=nan,5.5,4, expected=0,5.5,4,
FAIL vector_1_01 Hessian_row_1 got=nan,0,0, expected=5.5,0,0,
FAIL vector_1_01 Hessian_row_2 got=nan,0,0, expected=4,0,0,
FAIL vector_2_01 Hessian_row_0 got=nan,nan,0, expected=0,5.5,0,
FAIL vector_2_01 Hessian_row_1 got=nan,nan,2, expected=5.5,0,2,
FAIL vector_2_01 Hessian_row_2 got=nan,nan,0, expected=0,2,0,
FAIL vector_3_01 Hessian_row_0 got=nan,nan,nan, expected=0,-0.5,4,
FAIL vector_3_01 Hessian_row_1 got=nan,nan,nan, expected=-0.5,0,2,
FAIL vector_3_01 Hessian_row_2 got=nan,nan,nan, expected=4,2,0,
FAIL vector_4_01 Hessian_row_0 got=nan,nan,0, expected=0,5.5,0,
FAIL vector_4_01 Hessian_row_1 got=nan,nan,0, expected=5.5,0,0,
FAIL vector_4_01 Hessian_row_2 got=nan,nan,0, expected=0,0,0,
FAIL vector_5_01 Hessian_row_0 got=nan,nan,nan, expected=0,-0.5,0,
FAIL vector_5_01 Hessian_row_1 got=nan,nan,nan, expected=-0.5,0,0,
FAIL vector_5_01 Hessian_row_2 got=nan,nan,nan, expected=0,0,0,
FAIL matrix_axis1_01 Hessian_row_0 got=nan,5.5,4,nan,nan,0, expected=0,5.5,4,0,0,0,
FAIL matrix_axis1_01 Hessian_row_1 got=nan,0,0,nan,nan,0, expected=5.5,0,0,0,0,0,
FAIL matrix_axis1_01 Hessian_row_2 got=nan,0,0,nan,nan,0, expected=4,0,0,0,0,0,
FAIL matrix_axis1_01 Hessian_row_3 got=nan,0,0,nan,nan,0, expected=0,0,0,0,3.5,0,
FAIL matrix_axis1_01 Hessian_row_4 got=nan,0,0,nan,nan,2, expected=0,0,0,3.5,0,2,
FAIL matrix_axis1_01 Hessian_row_5 got=nan,0,0,nan,nan,0, expected=0,0,0,0,2,0,
FAIL matrix_axis-2_01 Hessian_row_0 got=nan,nan,0.5,nan,-1,0, expected=0,0,0.5,0,-1,0,
FAIL matrix_axis-2_01 Hessian_row_1 got=nan,nan,0,nan,0,0, expected=0,0,0,5,0,0,
FAIL matrix_axis-2_01 Hessian_row_2 got=nan,nan,0,nan,0,0, expected=0.5,0,0,0,0,0,
FAIL matrix_axis-2_01 Hessian_row_3 got=nan,nan,0,nan,0,2, expected=0,5,0,0,0,2,
FAIL matrix_axis-2_01 Hessian_row_4 got=nan,nan,0,nan,0,0, expected=-1,0,0,0,0,0,
FAIL matrix_axis-2_01 Hessian_row_5 got=nan,nan,0,nan,0,0, expected=0,0,0,2,0,0,
FAIL singleton_01 Hessian_row_0 got=nan, expected=0,
FAIL length5_zero_01 Hessian_row_0 got=nan,nan,nan,0,0, expected=0,-0.5,2.5,0,0,
FAIL length5_zero_01 Hessian_row_1 got=nan,nan,nan,0,0, expected=-0.5,0,5,0,0,
FAIL length5_zero_01 Hessian_row_2 got=nan,nan,nan,0.75,-0.5, expected=2.5,5,0,0.75,-0.5,
FAIL length5_zero_01 Hessian_row_3 got=nan,nan,nan,0,0, expected=0,0,0.75,0,0,
FAIL length5_zero_01 Hessian_row_4 got=nan,nan,nan,0,0, expected=0,0,-0.5,0,0,
FAIL length8_zeros_01 Hessian_row_0 got=nan,nan,0,0,nan,0,0,0, expected=0,5.5,0,0,0,0,0,0,
FAIL length8_zeros_01 Hessian_row_1 got=nan,nan,3,2,nan,0,0,0, expected=5.5,0,3,2,2.5,0,0,0,
FAIL length8_zeros_01 Hessian_row_2 got=nan,nan,0,0,nan,0,0,0, expected=0,3,0,0,0,0,0,0,
FAIL length8_zeros_01 Hessian_row_3 got=nan,nan,0,0,nan,0,0,0, expected=0,2,0,0,0,0,0,0,
FAIL length8_zeros_01 Hessian_row_4 got=nan,nan,0,0,nan,0,0,0, expected=0,2.5,0,0,0,0,0,0,
FAIL length8_zeros_01 Hessian_row_5 got=nan,nan,0,0,nan,0,0,0, expected=0,0,0,0,0,0,0,0,
FAIL length8_zeros_01 Hessian_row_6 got=nan,nan,0,0,nan,0,0,0, expected=0,0,0,0,0,0,0,0,
FAIL length8_zeros_01 Hessian_row_7 got=nan,nan,0,0,nan,0,0,0, expected=0,0,0,0,0,0,0,0,
FAIL vector_1_10 Hessian_row_0 got=nan,0,0, expected=0,0,0,
FAIL vector_1_10 Hessian_row_1 got=nan,0,1, expected=0,0,1,
FAIL vector_1_10 Hessian_row_2 got=nan,1,0, expected=0,1,0,
FAIL vector_2_10 Hessian_row_0 got=0,nan,nan, expected=0,0,0,
FAIL vector_2_10 Hessian_row_1 got=0,nan,nan, expected=0,0,1,
FAIL vector_2_10 Hessian_row_2 got=0,nan,nan, expected=0,1,0,
FAIL vector_3_10 Hessian_row_0 got=0,0,nan, expected=0,0,0,
FAIL vector_3_10 Hessian_row_1 got=0,0,nan, expected=0,0,1,
FAIL vector_3_10 Hessian_row_2 got=0,1,nan, expected=0,1,0,
FAIL vector_4_10 Hessian_row_0 got=nan,nan,nan, expected=0,0,0,
FAIL vector_4_10 Hessian_row_1 got=nan,nan,nan, expected=0,0,1,
FAIL vector_4_10 Hessian_row_2 got=nan,nan,nan, expected=0,1,0,
FAIL vector_5_10 Hessian_row_0 got=nan,nan,nan, expected=0,0,0,
FAIL vector_5_10 Hessian_row_1 got=nan,nan,nan, expected=0,0,1,
FAIL vector_5_10 Hessian_row_2 got=nan,nan,nan, expected=0,1,0,
FAIL matrix_axis1_10 Hessian_row_0 got=nan,0,0,0,nan,nan, expected=0,0,0,0,0,0,
FAIL matrix_axis1_10 Hessian_row_1 got=nan,0,1,0,nan,nan, expected=0,0,1,0,0,0,
FAIL matrix_axis1_10 Hessian_row_2 got=nan,1,0,0,nan,nan, expected=0,1,0,0,0,0,
FAIL matrix_axis1_10 Hessian_row_3 got=nan,0,0,0,nan,nan, expected=0,0,0,0,0,0,
FAIL matrix_axis1_10 Hessian_row_4 got=nan,0,0,0,nan,nan, expected=0,0,0,0,0,1,
FAIL matrix_axis1_10 Hessian_row_5 got=nan,0,0,0,nan,nan, expected=0,0,0,0,1,0,
FAIL matrix_axis-2_10 Hessian_row_0 got=nan,0,0,nan,0,nan, expected=0,0,0,0,0,0,
FAIL matrix_axis-2_10 Hessian_row_1 got=nan,0,0,nan,0,nan, expected=0,0,0,0,0,0,
FAIL matrix_axis-2_10 Hessian_row_2 got=nan,0,0,nan,1,nan, expected=0,0,0,0,1,0,
FAIL matrix_axis-2_10 Hessian_row_3 got=nan,0,0,nan,0,nan, expected=0,0,0,0,0,-0.5,
FAIL matrix_axis-2_10 Hessian_row_4 got=nan,0,1,nan,0,nan, expected=0,0,1,0,0,0,
FAIL matrix_axis-2_10 Hessian_row_5 got=nan,0,0,nan,0,nan, expected=0,0,0,-0.5,0,0,
FAIL singleton_10 Hessian_row_0 got=nan, expected=0,
FAIL length5_zero_10 Hessian_row_0 got=0,0,nan,nan,nan, expected=0,0,0,0,0,
FAIL length5_zero_10 Hessian_row_1 got=0,0,nan,nan,nan, expected=0,0,-2,0,0,
FAIL length5_zero_10 Hessian_row_2 got=0,-2,nan,nan,nan, expected=0,-2,0,0,0,
FAIL length5_zero_10 Hessian_row_3 got=0,0,nan,nan,nan, expected=0,0,0,0,2,
FAIL length5_zero_10 Hessian_row_4 got=0,0,nan,nan,nan, expected=0,0,0,2,0,
FAIL length8_zeros_10 Hessian_row_0 got=0,nan,0,0,nan,nan,nan,nan, expected=0,0,0,0,0,0,0,0,
FAIL length8_zeros_10 Hessian_row_1 got=0,nan,0,0,nan,nan,nan,nan, expected=0,0,0,0,-1,0,0,0,
FAIL length8_zeros_10 Hessian_row_2 got=0,nan,0,0,nan,nan,nan,nan, expected=0,0,0,0,0.25,0,0,0,
FAIL length8_zeros_10 Hessian_row_3 got=0,nan,0,0,nan,nan,nan,nan, expected=0,0,0,0,-0.5,0,0,0,
FAIL length8_zeros_10 Hessian_row_4 got=0,nan,0.25,-0.5,nan,nan,nan,nan, expected=0,-1,0.25,-0.5,0,-2,-1,1,
FAIL length8_zeros_10 Hessian_row_5 got=0,nan,0,0,nan,nan,nan,nan, expected=0,0,0,0,-2,0,0.5,-0.5,
FAIL length8_zeros_10 Hessian_row_6 got=0,nan,0,0,nan,nan,nan,nan, expected=0,0,0,0,-1,0.5,0,1.75,
FAIL length8_zeros_10 Hessian_row_7 got=0,nan,0,0,nan,nan,nan,nan, expected=0,0,0,0,1,-0.5,1.75,0,
FAIL vector_1_11 Hessian_row_0 got=nan,nan,nan, expected=0,3,2,
FAIL vector_1_11 Hessian_row_1 got=nan,nan,nan, expected=3,0,-0.5,
FAIL vector_1_11 Hessian_row_2 got=nan,nan,nan, expected=2,-0.5,0,
FAIL vector_2_11 Hessian_row_0 got=0,nan,nan, expected=0,3,0,
FAIL vector_2_11 Hessian_row_1 got=3,nan,nan, expected=3,0,0.5,
FAIL vector_2_11 Hessian_row_2 got=0,nan,nan, expected=0,0.5,0,
FAIL vector_3_11 Hessian_row_0 got=0,0,nan, expected=0,0,2,
FAIL vector_3_11 Hessian_row_1 got=0,0,nan, expected=0,0,0.5,
FAIL vector_3_11 Hessian_row_2 got=2,0.5,nan, expected=2,0.5,0,
FAIL vector_4_11 Hessian_row_0 got=nan,nan,nan, expected=0,3,0,
FAIL vector_4_11 Hessian_row_1 got=nan,nan,nan, expected=3,0,-0.5,
FAIL vector_4_11 Hessian_row_2 got=nan,nan,nan, expected=0,-0.5,0,
FAIL vector_5_11 Hessian_row_0 got=nan,nan,nan, expected=0,0,0,
FAIL vector_5_11 Hessian_row_1 got=nan,nan,nan, expected=0,0,-0.5,
FAIL vector_5_11 Hessian_row_2 got=nan,nan,nan, expected=0,-0.5,0,
FAIL matrix_axis1_11 Hessian_row_0 got=nan,nan,nan,0,nan,nan, expected=0,3,2,0,0,0,
FAIL matrix_axis1_11 Hessian_row_1 got=nan,nan,nan,0,nan,nan, expected=3,0,-0.5,0,0,0,
FAIL matrix_axis1_11 Hessian_row_2 got=nan,nan,nan,0,nan,nan, expected=2,-0.5,0,0,0,0,
FAIL matrix_axis1_11 Hessian_row_3 got=nan,nan,nan,0,nan,nan, expected=0,0,0,0,2,0,
FAIL matrix_axis1_11 Hessian_row_4 got=nan,nan,nan,2,nan,nan, expected=0,0,0,2,0,0.5,
FAIL matrix_axis1_11 Hessian_row_5 got=nan,nan,nan,0,nan,nan, expected=0,0,0,0,0.5,0,
FAIL matrix_axis-2_11 Hessian_row_0 got=nan,0,nan,nan,nan,nan, expected=0,0,3,0,2,0,
FAIL matrix_axis-2_11 Hessian_row_1 got=nan,0,nan,nan,nan,nan, expected=0,0,0,-1,0,0,
FAIL matrix_axis-2_11 Hessian_row_2 got=nan,0,nan,nan,nan,nan, expected=3,0,0,0,2,0,
FAIL matrix_axis-2_11 Hessian_row_3 got=nan,-1,nan,nan,nan,nan, expected=0,-1,0,0,0,0.5,
FAIL matrix_axis-2_11 Hessian_row_4 got=nan,0,nan,nan,nan,nan, expected=2,0,2,0,0,0,
FAIL matrix_axis-2_11 Hessian_row_5 got=nan,0,nan,nan,nan,nan, expected=0,0,0,0.5,0,0,
FAIL singleton_11 Hessian_row_0 got=nan, expected=0,
FAIL length5_zero_11 Hessian_row_0 got=0,0,nan,nan,nan, expected=0,0,-1,0,0,
FAIL length5_zero_11 Hessian_row_1 got=0,0,nan,nan,nan, expected=0,0,-1,0,0,
FAIL length5_zero_11 Hessian_row_2 got=-1,-1,nan,nan,nan, expected=-1,-1,0,-2.25,4.5,
FAIL length5_zero_11 Hessian_row_3 got=0,0,nan,nan,nan, expected=0,0,-2.25,0,1,
FAIL length5_zero_11 Hessian_row_4 got=0,0,nan,nan,nan, expected=0,0,4.5,1,0,
FAIL length8_zeros_11 Hessian_row_0 got=0,nan,0,0,nan,nan,nan,nan, expected=0,0,0,0,0,0,0,0,
FAIL length8_zeros_11 Hessian_row_1 got=0,nan,0,0,nan,nan,nan,nan, expected=0,0,0,0,-0.5,0,0,0,
FAIL length8_zeros_11 Hessian_row_2 got=0,nan,0,0,nan,nan,nan,nan, expected=0,0,0,0,-1,0,0,0,
FAIL length8_zeros_11 Hessian_row_3 got=0,nan,0,0,nan,nan,nan,nan, expected=0,0,0,0,-2.5,0,0,0,
FAIL length8_zeros_11 Hessian_row_4 got=0,nan,-1,-2.5,nan,nan,nan,nan, expected=0,-0.5,-1,-2.5,0,-4.5,-2.25,2.25,
FAIL length8_zeros_11 Hessian_row_5 got=0,nan,0,0,nan,nan,nan,nan, expected=0,0,0,0,-4.5,0,-2,2,
FAIL length8_zeros_11 Hessian_row_6 got=0,nan,0,0,nan,nan,nan,nan, expected=0,0,0,0,-2.25,-2,0,2,
FAIL length8_zeros_11 Hessian_row_7 got=0,nan,0,0,nan,nan,nan,nan, expected=0,0,0,0,2.25,2,2,0,
FAIL third_derivative got=nan, expected=0,
FAIL fourth_derivative got=nan, expected=0,
FAIL third_derivative got=nan, expected=1,
FAIL fourth_derivative got=nan, expected=0,
FAIL third_derivative got=nan, expected=0,
FAIL fourth_derivative got=nan, expected=0,
FAIL third_derivative got=nan, expected=1,
FAIL fourth_derivative got=nan, expected=0,
SUMMARY cases=57 passed_cases=13 failed_cases=44 checks=311 failures=172
