FAIL cos vjp z=(0.25,0.5) cot=(1,0) actual=(-0.278979122638702,-0.504895687103271) expected=(-0.278979128350262,0.504895714387995)
FAIL cos adjoint z=(0.25,0.5) cot=(1,0) actual=(-0.0132656395435333,0) expected=(-0.265713483095169,0)
FAIL cos vjp z=(0.25,0.5) cot=(0,1) actual=(0.504895687103271,-0.278979122638702) expected=(-0.504895714387995,-0.278979128350262)
FAIL cos adjoint z=(0.25,0.5) cot=(0,1) actual=(-0.32219260931015,0) expected=(0.18270306289196,0)
FAIL cos vjp z=(0.25,0.5) cot=(0.75,-0.375) actual=(-0.398570239543915,-0.27405458688736) expected=(-0.019898453367198,0.483288958922344)
FAIL cos adjoint z=(0.25,0.5) cot=(0.75,-0.375) actual=(0.110872998833656,0) expected=(-0.267798766493797,0)
FAIL cos vjp z=(0.25,-0.5) cot=(1,0) actual=(-0.278979122638702,0.504895687103271) expected=(-0.278979128350262,-0.504895714387995)
FAIL cos adjoint z=(0.25,-0.5) cot=(1,0) actual=(-0.265713483095169,0) expected=(-0.0132656395435333,0)
FAIL cos vjp z=(0.25,-0.5) cot=(0,1) actual=(-0.504895687103271,-0.278979122638702) expected=(0.504895714387995,-0.278979128350262)
FAIL cos adjoint z=(0.25,-0.5) cot=(0,1) actual=(0.18270306289196,0) expected=(-0.322192624211311,0)
FAIL cos vjp z=(0.25,-0.5) cot=(0.75,-0.375) actual=(-0.0198984593153,0.483288943767548) expected=(-0.398570239158194,-0.274054612659648)
FAIL cos adjoint z=(0.25,-0.5) cot=(0.75,-0.375) actual=(-0.267798760905862,0) expected=(0.110873006284237,0)
FAIL cos vjp z=(-0.25,0.5) cot=(1,0) actual=(0.278979122638702,-0.504895687103271) expected=(0.278979128350262,0.504895714387995)
FAIL cos adjoint z=(-0.25,0.5) cot=(1,0) actual=(0.265713483095169,0) expected=(0.0132656395435333,0)
FAIL cos vjp z=(-0.25,0.5) cot=(0,1) actual=(0.504895687103271,0.278979122638702) expected=(-0.504895714387995,0.278979128350262)
FAIL cos adjoint z=(-0.25,0.5) cot=(0,1) actual=(-0.18270306289196,0) expected=(0.322192624211311,0)
FAIL cos vjp z=(-0.25,0.5) cot=(0.75,-0.375) actual=(0.0198984593153,-0.483288943767548) expected=(0.398570239158194,0.274054612659648)
FAIL cos adjoint z=(-0.25,0.5) cot=(0.75,-0.375) actual=(0.267798760905862,0) expected=(-0.110873006284237,0)
FAIL cos vjp z=(-0.25,-0.5) cot=(1,0) actual=(0.278979122638702,0.504895687103271) expected=(0.278979128350262,-0.504895714387995)
FAIL cos adjoint z=(-0.25,-0.5) cot=(1,0) actual=(0.0132656395435333,0) expected=(0.265713483095169,0)
FAIL cos vjp z=(-0.25,-0.5) cot=(0,1) actual=(-0.504895687103271,0.278979122638702) expected=(0.504895714387995,0.278979128350262)
FAIL cos adjoint z=(-0.25,-0.5) cot=(0,1) actual=(0.32219260931015,0) expected=(-0.18270306289196,0)
FAIL cos vjp z=(-0.25,-0.5) cot=(0.75,-0.375) actual=(0.398570239543915,0.27405458688736) expected=(0.019898453367198,-0.483288958922344)
FAIL cos adjoint z=(-0.25,-0.5) cot=(0.75,-0.375) actual=(-0.110872998833656,0) expected=(0.267798766493797,0)
FAIL arcsin vjp z=(0.25,0.5) cot=(1,0) actual=(0.90288645029068,0.0940102934837341) expected=(0.902886474576047,-0.0940103091527985)
FAIL arcsin adjoint z=(0.25,0.5) cot=(1,0) actual=(0.427940666675568,0) expected=(0.474945798516273,0)
FAIL arcsin vjp z=(0.25,0.5) cot=(0,1) actual=(-0.0940102934837341,0.90288645029068) expected=(0.0940103091527985,0.902886474576047)
FAIL arcsin adjoint z=(0.25,0.5) cot=(0,1) actual=(0.272726774215698,0) expected=(0.178716465830803,0)
FAIL arcsin vjp z=(0.25,0.5) cot=(0.75,-0.375) actual=(0.712418735027313,-0.268074691295624) expected=(0.641910989999736,-0.409090159830617)
FAIL arcsin adjoint z=(0.25,0.5) cot=(0.75,-0.375) actual=(0.218682959675789,0) expected=(0.289190694689751,0)
FAIL arcsin vjp z=(0.25,-0.5) cot=(1,0) actual=(0.90288645029068,-0.0940102934837341) expected=(0.902886474576047,0.0940103091527985)
FAIL arcsin adjoint z=(0.25,-0.5) cot=(1,0) actual=(0.474945783615112,0) expected=(0.427940651774406,0)
FAIL arcsin vjp z=(0.25,-0.5) cot=(0,1) actual=(0.0940102934837341,0.90288645029068) expected=(-0.0940103091527985,0.902886474576047)
FAIL arcsin adjoint z=(0.25,-0.5) cot=(0,1) actual=(0.178716465830803,0) expected=(0.272726759314537,0)
FAIL arcsin vjp z=(0.25,-0.5) cot=(0.75,-0.375) actual=(0.641910970211029,-0.409090161323547) expected=(0.712418721864335,-0.268074696101419)
FAIL arcsin adjoint z=(0.25,-0.5) cot=(0.75,-0.375) actual=(0.289190663024783,0) expected=(0.218682944774628,0)
FAIL arcsin vjp z=(-0.25,0.5) cot=(1,0) actual=(0.90288645029068,-0.0940102934837341) expected=(0.902886474576047,0.0940103091527985)
FAIL arcsin adjoint z=(-0.25,0.5) cot=(1,0) actual=(0.474945783615112,0) expected=(0.427940651774406,0)
FAIL arcsin vjp z=(-0.25,0.5) cot=(0,1) actual=(0.0940102934837341,0.90288645029068) expected=(-0.0940103091527985,0.902886474576047)
FAIL arcsin adjoint z=(-0.25,0.5) cot=(0,1) actual=(0.178716465830803,0) expected=(0.272726759314537,0)
FAIL arcsin vjp z=(-0.25,0.5) cot=(0.75,-0.375) actual=(0.641910970211029,-0.409090161323547) expected=(0.712418721864335,-0.268074696101419)
FAIL arcsin adjoint z=(-0.25,0.5) cot=(0.75,-0.375) actual=(0.289190663024783,0) expected=(0.218682944774628,0)
FAIL arcsin vjp z=(-0.25,-0.5) cot=(1,0) actual=(0.90288645029068,0.0940102934837341) expected=(0.902886474576047,-0.0940103091527985)
FAIL arcsin adjoint z=(-0.25,-0.5) cot=(1,0) actual=(0.427940666675568,0) expected=(0.474945798516273,0)
FAIL arcsin vjp z=(-0.25,-0.5) cot=(0,1) actual=(-0.0940102934837341,0.90288645029068) expected=(0.0940103091527985,0.902886474576047)
FAIL arcsin adjoint z=(-0.25,-0.5) cot=(0,1) actual=(0.272726774215698,0) expected=(0.178716465830803,0)
FAIL arcsin vjp z=(-0.25,-0.5) cot=(0.75,-0.375) actual=(0.712418735027313,-0.268074691295624) expected=(0.641910989999736,-0.409090159830617)
FAIL arcsin adjoint z=(-0.25,-0.5) cot=(0.75,-0.375) actual=(0.218682959675789,0) expected=(0.289190694689751,0)
FAIL arccos vjp z=(0.25,0.5) cot=(1,0) actual=(-0.90288645029068,-0.0940102934837341) expected=(-0.902886474576047,0.0940103091527985)
FAIL arccos adjoint z=(0.25,0.5) cot=(1,0) actual=(-0.427940666675568,0) expected=(-0.474945798516273,0)
FAIL arccos vjp z=(0.25,0.5) cot=(0,1) actual=(0.0940102934837341,-0.90288645029068) expected=(-0.0940103091527985,-0.902886474576047)
FAIL arccos adjoint z=(0.25,0.5) cot=(0,1) actual=(-0.272726774215698,0) expected=(-0.178716465830803,0)
FAIL arccos vjp z=(0.25,0.5) cot=(0.75,-0.375) actual=(-0.712418735027313,0.268074691295624) expected=(-0.641910989999736,0.409090159830617)
FAIL arccos adjoint z=(0.25,0.5) cot=(0.75,-0.375) actual=(-0.218682959675789,0) expected=(-0.289190694689751,0)
FAIL arccos vjp z=(0.25,-0.5) cot=(1,0) actual=(-0.90288645029068,0.0940102934837341) expected=(-0.902886474576047,-0.0940103091527985)
FAIL arccos adjoint z=(0.25,-0.5) cot=(1,0) actual=(-0.474945783615112,0) expected=(-0.427940651774406,0)
FAIL arccos vjp z=(0.25,-0.5) cot=(0,1) actual=(-0.0940102934837341,-0.90288645029068) expected=(0.0940103091527985,-0.902886474576047)
FAIL arccos adjoint z=(0.25,-0.5) cot=(0,1) actual=(-0.178716465830803,0) expected=(-0.272726759314537,0)
FAIL arccos vjp z=(0.25,-0.5) cot=(0.75,-0.375) actual=(-0.641910970211029,0.409090161323547) expected=(-0.712418721864335,0.268074696101419)
FAIL arccos adjoint z=(0.25,-0.5) cot=(0.75,-0.375) actual=(-0.289190663024783,0) expected=(-0.218682944774628,0)
FAIL arccos vjp z=(-0.25,0.5) cot=(1,0) actual=(-0.90288645029068,0.0940102934837341) expected=(-0.902886474576047,-0.0940103091527985)
FAIL arccos adjoint z=(-0.25,0.5) cot=(1,0) actual=(-0.474945783615112,0) expected=(-0.427940651774406,0)
FAIL arccos vjp z=(-0.25,0.5) cot=(0,1) actual=(-0.0940102934837341,-0.90288645029068) expected=(0.0940103091527985,-0.902886474576047)
FAIL arccos adjoint z=(-0.25,0.5) cot=(0,1) actual=(-0.178716465830803,0) expected=(-0.272726759314537,0)
FAIL arccos vjp z=(-0.25,0.5) cot=(0.75,-0.375) actual=(-0.641910970211029,0.409090161323547) expected=(-0.712418721864335,0.268074696101419)
FAIL arccos adjoint z=(-0.25,0.5) cot=(0.75,-0.375) actual=(-0.289190663024783,0) expected=(-0.218682944774628,0)
FAIL arccos vjp z=(-0.25,-0.5) cot=(1,0) actual=(-0.90288645029068,-0.0940102934837341) expected=(-0.902886474576047,0.0940103091527985)
FAIL arccos adjoint z=(-0.25,-0.5) cot=(1,0) actual=(-0.427940666675568,0) expected=(-0.474945798516273,0)
FAIL arccos vjp z=(-0.25,-0.5) cot=(0,1) actual=(0.0940102934837341,-0.90288645029068) expected=(-0.0940103091527985,-0.902886474576047)
FAIL arccos adjoint z=(-0.25,-0.5) cot=(0,1) actual=(-0.272726774215698,0) expected=(-0.178716465830803,0)
FAIL arccos vjp z=(-0.25,-0.5) cot=(0.75,-0.375) actual=(-0.712418735027313,0.268074691295624) expected=(-0.641910989999736,0.409090159830617)
FAIL arccos adjoint z=(-0.25,-0.5) cot=(0.75,-0.375) actual=(-0.218682959675789,0) expected=(-0.289190694689751,0)
FAIL arctan vjp z=(0.25,0.5) cot=(1,0) actual=(1.12432432174683,-0.345945954322815) expected=(1.12432432432432,0.345945945945946)
FAIL arctan adjoint z=(0.25,0.5) cot=(1,0) actual=(0.648648619651794,0) expected=(0.475675672292709,0)
FAIL arctan vjp z=(0.25,0.5) cot=(0,1) actual=(0.345945954322815,1.12432432174683) expected=(-0.345945945945946,1.12432432432432)
FAIL arctan adjoint z=(0.25,0.5) cot=(0,1) actual=(0.10810811072588,0) expected=(0.454054057598114,0)
FAIL arctan vjp z=(0.25,0.5) cot=(0.75,-0.375) actual=(0.713513493537903,-0.681081056594849) expected=(0.972972972972973,-0.162162162162162)
FAIL arctan adjoint z=(0.25,0.5) cot=(0.75,-0.375) actual=(0.445945923216641,0) expected=(0.186486482620239,0)
FAIL arctan vjp z=(0.25,-0.5) cot=(1,0) actual=(1.12432432174683,0.345945954322815) expected=(1.12432432432432,-0.345945945945946)
FAIL arctan adjoint z=(0.25,-0.5) cot=(1,0) actual=(0.475675672292709,0) expected=(0.648648649454117,0)
FAIL arctan vjp z=(0.25,-0.5) cot=(0,1) actual=(-0.345945954322815,1.12432432174683) expected=(0.345945945945946,1.12432432432432)
FAIL arctan adjoint z=(0.25,-0.5) cot=(0,1) actual=(0.454054057598114,0) expected=(0.108108103275299,0)
FAIL arctan vjp z=(0.25,-0.5) cot=(0.75,-0.375) actual=(0.972972989082336,-0.162162154912949) expected=(0.713513513513514,-0.681081081081081)
FAIL arctan adjoint z=(0.25,-0.5) cot=(0.75,-0.375) actual=(0.186486482620239,0) expected=(0.445945955812931,0)
FAIL arctan vjp z=(-0.25,0.5) cot=(1,0) actual=(1.12432432174683,0.345945954322815) expected=(1.12432432432432,-0.345945945945946)
FAIL arctan adjoint z=(-0.25,0.5) cot=(1,0) actual=(0.475675672292709,0) expected=(0.648648649454117,0)
FAIL arctan vjp z=(-0.25,0.5) cot=(0,1) actual=(-0.345945954322815,1.12432432174683) expected=(0.345945945945946,1.12432432432432)
FAIL arctan adjoint z=(-0.25,0.5) cot=(0,1) actual=(0.454054057598114,0) expected=(0.108108103275299,0)
FAIL arctan vjp z=(-0.25,0.5) cot=(0.75,-0.375) actual=(0.972972989082336,-0.162162154912949) expected=(0.713513513513514,-0.681081081081081)
FAIL arctan adjoint z=(-0.25,0.5) cot=(0.75,-0.375) actual=(0.186486482620239,0) expected=(0.445945955812931,0)
FAIL arctan vjp z=(-0.25,-0.5) cot=(1,0) actual=(1.12432432174683,-0.345945954322815) expected=(1.12432432432432,0.345945945945946)
FAIL arctan adjoint z=(-0.25,-0.5) cot=(1,0) actual=(0.648648619651794,0) expected=(0.475675672292709,0)
FAIL arctan vjp z=(-0.25,-0.5) cot=(0,1) actual=(0.345945954322815,1.12432432174683) expected=(-0.345945945945946,1.12432432432432)
FAIL arctan adjoint z=(-0.25,-0.5) cot=(0,1) actual=(0.10810811072588,0) expected=(0.454054057598114,0)
FAIL arctan vjp z=(-0.25,-0.5) cot=(0.75,-0.375) actual=(0.713513493537903,-0.681081056594849) expected=(0.972972972972973,-0.162162162162162)
FAIL arctan adjoint z=(-0.25,-0.5) cot=(0.75,-0.375) actual=(0.445945923216641,0) expected=(0.186486482620239,0)
FAIL arcsinh vjp z=(0.25,0.5) cot=(1,0) actual=(1.07253623008728,-0.161274716258049) expected=(1.072536181132,0.161274720625658)
FAIL arcsinh adjoint z=(0.25,0.5) cot=(1,0) actual=(0.576586782932281,0) expected=(0.495949435979128,0)
FAIL arcsinh vjp z=(0.25,0.5) cot=(0,1) actual=(0.161274716258049,1.07253623008728) expected=(-0.161274720625658,1.072536181132)
FAIL arcsinh adjoint z=(0.25,0.5) cot=(0,1) actual=(0.187496691942215,0) expected=(0.348771415650845,0)
FAIL arcsinh vjp z=(0.25,0.5) cot=(0.75,-0.375) actual=(0.743924140930176,-0.523157119750977) expected=(0.86488015608362,-0.281245027455255)
FAIL arcsinh adjoint z=(0.25,0.5) cot=(0.75,-0.375) actual=(0.362128827720881,0) expected=(0.241172790527344,0)
FAIL arcsinh vjp z=(0.25,-0.5) cot=(1,0) actual=(1.07253623008728,0.161274716258049) expected=(1.072536181132,-0.161274720625658)
FAIL arcsinh adjoint z=(0.25,-0.5) cot=(1,0) actual=(0.495949447154999,0) expected=(0.576586794108152,0)
FAIL arcsinh vjp z=(0.25,-0.5) cot=(0,1) actual=(-0.161274716258049,1.07253623008728) expected=(0.161274720625658,1.072536181132)
FAIL arcsinh adjoint z=(0.25,-0.5) cot=(0,1) actual=(0.348771423101425,0) expected=(0.187496699392796,0)
FAIL arcsinh vjp z=(0.25,-0.5) cot=(0.75,-0.375) actual=(0.864880204200745,-0.281245052814484) expected=(0.743924115614376,-0.523157108393742)
FAIL arcsinh adjoint z=(0.25,-0.5) cot=(0.75,-0.375) actual=(0.241172801703215,0) expected=(0.362128838896751,0)
FAIL arcsinh vjp z=(-0.25,0.5) cot=(1,0) actual=(1.07253623008728,0.161274716258049) expected=(1.072536181132,-0.161274720625658)
FAIL arcsinh adjoint z=(-0.25,0.5) cot=(1,0) actual=(0.495949447154999,0) expected=(0.576586794108152,0)
FAIL arcsinh vjp z=(-0.25,0.5) cot=(0,1) actual=(-0.161274716258049,1.07253623008728) expected=(0.161274720625658,1.072536181132)
FAIL arcsinh adjoint z=(-0.25,0.5) cot=(0,1) actual=(0.348771423101425,0) expected=(0.187496699392796,0)
FAIL arcsinh vjp z=(-0.25,0.5) cot=(0.75,-0.375) actual=(0.864880204200745,-0.281245052814484) expected=(0.743924115614376,-0.523157108393742)
FAIL arcsinh adjoint z=(-0.25,0.5) cot=(0.75,-0.375) actual=(0.241172801703215,0) expected=(0.362128838896751,0)
FAIL arcsinh vjp z=(-0.25,-0.5) cot=(1,0) actual=(1.07253623008728,-0.161274716258049) expected=(1.072536181132,0.161274720625658)
FAIL arcsinh adjoint z=(-0.25,-0.5) cot=(1,0) actual=(0.576586782932281,0) expected=(0.495949435979128,0)
FAIL arcsinh vjp z=(-0.25,-0.5) cot=(0,1) actual=(0.161274716258049,1.07253623008728) expected=(-0.161274720625658,1.072536181132)
FAIL arcsinh adjoint z=(-0.25,-0.5) cot=(0,1) actual=(0.187496691942215,0) expected=(0.348771415650845,0)
FAIL arcsinh vjp z=(-0.25,-0.5) cot=(0.75,-0.375) actual=(0.743924140930176,-0.523157119750977) expected=(0.86488015608362,-0.281245027455255)
FAIL arcsinh adjoint z=(-0.25,-0.5) cot=(0.75,-0.375) actual=(0.362128827720881,0) expected=(0.241172790527344,0)
FAIL arccosh vjp z=(0.25,0.5) cot=(1,0) actual=(0.0940103381872177,-0.90288645029068) expected=(0.0940103091527985,0.902886474576047)
FAIL arccosh adjoint z=(0.25,0.5) cot=(1,0) actual=(0.272726774215698,0) expected=(-0.178716443479061,0)
FAIL arccosh vjp z=(0.25,0.5) cot=(0,1) actual=(0.90288645029068,0.0940103381872177) expected=(-0.902886474576047,0.0940103091527985)
FAIL arccosh adjoint z=(0.25,0.5) cot=(0,1) actual=(-0.427940636873245,0) expected=(0.474945809692144,0)
FAIL arccosh vjp z=(0.25,0.5) cot=(0.75,-0.375) actual=(-0.268074691295624,-0.712418735027313) expected=(0.409090159830617,0.641910989999736)
FAIL arccosh adjoint z=(0.25,0.5) cot=(0.75,-0.375) actual=(0.365022819489241,0) expected=(-0.31214202940464,0)
FAIL arccosh vjp z=(0.25,-0.5) cot=(1,0) actual=(0.0940103381872177,0.90288645029068) expected=(0.0940103091527985,-0.902886474576047)
FAIL arccosh adjoint z=(0.25,-0.5) cot=(1,0) actual=(-0.178716450929642,0) expected=(0.272726781666279,0)
FAIL arccosh vjp z=(0.25,-0.5) cot=(0,1) actual=(-0.90288645029068,0.0940103381872177) expected=(0.902886474576047,0.0940103091527985)
FAIL arccosh adjoint z=(0.25,-0.5) cot=(0,1) actual=(0.474945813417435,0) expected=(-0.427940640598536,0)
FAIL arccosh vjp z=(0.25,-0.5) cot=(0.75,-0.375) actual=(0.409090161323547,0.641910970211029) expected=(-0.268074696101419,-0.712418721864335)
FAIL arccosh adjoint z=(0.25,-0.5) cot=(0.75,-0.375) actual=(-0.312142018228769,0) expected=(0.365022823214531,0)
FAIL arccosh vjp z=(-0.25,0.5) cot=(1,0) actual=(0.0940103381872177,0.90288645029068) expected=(-0.0940103091527984,0.902886474576047)
FAIL arccosh jvp z=(-0.25,0.5) cot=(1,0) actual=(-0.178716450929642,0.474945813417435) expected=(0.178716464067613,-0.474945814576223)
FAIL arccosh adjoint z=(-0.25,0.5) cot=(1,0) actual=(-0.178716450929642,0) expected=(0.272726781666279,0)
BRANCH arccosh jvp=(-0.178716450929642,0.474945813417435) expected=(0.178716464067613,-0.474945814576223) vjp=(0.0940103381872177,0.90288645029068) expected_vjp=(-0.0940103091527984,0.902886474576047)
FAIL arccosh vjp z=(-0.25,0.5) cot=(0,1) actual=(-0.90288645029068,0.0940103381872177) expected=(-0.902886474576047,-0.0940103091527984)
FAIL arccosh jvp z=(-0.25,0.5) cot=(0,1) actual=(-0.178716450929642,0.474945813417435) expected=(0.178716464067613,-0.474945814576223)
FAIL arccosh adjoint z=(-0.25,0.5) cot=(0,1) actual=(0.474945813417435,0) expected=(-0.427940640598536,0)
FAIL arccosh vjp z=(-0.25,0.5) cot=(0.75,-0.375) actual=(0.409090161323547,0.641910970211029) expected=(0.268074696101419,0.712418721864335)
FAIL arccosh jvp z=(-0.25,0.5) cot=(0.75,-0.375) actual=(-0.178716450929642,0.474945813417435) expected=(0.178716464067613,-0.474945814576223)
FAIL arccosh adjoint z=(-0.25,0.5) cot=(0.75,-0.375) actual=(-0.312142018228769,0) expected=(0.365022823214531,0)
FAIL arccosh vjp z=(-0.25,-0.5) cot=(1,0) actual=(0.0940103381872177,-0.90288645029068) expected=(-0.0940103091527984,-0.902886474576047)
FAIL arccosh jvp z=(-0.25,-0.5) cot=(1,0) actual=(0.272726774215698,-0.427940636873245) expected=(-0.272726773220411,0.427940659999824)
FAIL arccosh adjoint z=(-0.25,-0.5) cot=(1,0) actual=(0.272726774215698,0) expected=(-0.178716443479061,0)
FAIL arccosh vjp z=(-0.25,-0.5) cot=(0,1) actual=(0.90288645029068,0.0940103381872177) expected=(0.902886474576047,-0.0940103091527984)
FAIL arccosh jvp z=(-0.25,-0.5) cot=(0,1) actual=(0.272726774215698,-0.427940636873245) expected=(-0.272726773220411,0.427940659999824)
FAIL arccosh adjoint z=(-0.25,-0.5) cot=(0,1) actual=(-0.427940636873245,0) expected=(0.474945809692144,0)
FAIL arccosh vjp z=(-0.25,-0.5) cot=(0.75,-0.375) actual=(-0.268074691295624,-0.712418735027313) expected=(-0.409090159830616,-0.641910989999736)
FAIL arccosh jvp z=(-0.25,-0.5) cot=(0.75,-0.375) actual=(0.272726774215698,-0.427940636873245) expected=(-0.272726773220411,0.427940659999824)
FAIL arccosh adjoint z=(-0.25,-0.5) cot=(0.75,-0.375) actual=(0.365022819489241,0) expected=(-0.31214202940464,0)
FAIL arctanh vjp z=(0.25,0.5) cot=(1,0) actual=(0.80636602640152,0.169761270284653) expected=(0.806366047745358,-0.169761273209549)
FAIL arctanh adjoint z=(0.25,0.5) cot=(1,0) actual=(0.360742717981339,0) expected=(0.445623330771923,0)
FAIL arctanh vjp z=(0.25,0.5) cot=(0,1) actual=(-0.169761270284653,0.80636602640152) expected=(0.169761273209549,0.806366047745358)
FAIL arctanh adjoint z=(0.25,0.5) cot=(0,1) actual=(0.286472141742706,0) expected=(0.116710871458054,0)
FAIL arctanh vjp z=(0.25,0.5) cot=(0.75,-0.375) actual=(0.668435037136078,-0.17506630718708) expected=(0.541114058355438,-0.429708222811671)
FAIL arctanh adjoint z=(0.25,0.5) cot=(0.75,-0.375) actual=(0.163129985332489,0) expected=(0.290450941771269,0)
FAIL arctanh vjp z=(0.25,-0.5) cot=(1,0) actual=(0.80636602640152,-0.169761270284653) expected=(0.806366047745358,0.169761273209549)
FAIL arctanh adjoint z=(0.25,-0.5) cot=(1,0) actual=(0.445623338222504,0) expected=(0.360742695629597,0)
FAIL arctanh vjp z=(0.25,-0.5) cot=(0,1) actual=(0.169761270284653,0.80636602640152) expected=(-0.169761273209549,0.806366047745358)
FAIL arctanh adjoint z=(0.25,-0.5) cot=(0,1) actual=(0.116710878908634,0) expected=(0.286472141742706,0)
FAIL arctanh vjp z=(0.25,-0.5) cot=(0.75,-0.375) actual=(0.541114032268524,-0.429708212614059) expected=(0.6684350132626,-0.175066312997348)
FAIL arctanh adjoint z=(0.25,-0.5) cot=(0.75,-0.375) actual=(0.29045092407614,0) expected=(0.163129962980747,0)
FAIL arctanh vjp z=(-0.25,0.5) cot=(1,0) actual=(0.80636602640152,-0.169761270284653) expected=(0.806366047745358,0.169761273209549)
FAIL arctanh adjoint z=(-0.25,0.5) cot=(1,0) actual=(0.445623338222504,0) expected=(0.360742695629597,0)
FAIL arctanh vjp z=(-0.25,0.5) cot=(0,1) actual=(0.169761270284653,0.80636602640152) expected=(-0.169761273209549,0.806366047745358)
FAIL arctanh adjoint z=(-0.25,0.5) cot=(0,1) actual=(0.116710878908634,0) expected=(0.286472141742706,0)
FAIL arctanh vjp z=(-0.25,0.5) cot=(0.75,-0.375) actual=(0.541114032268524,-0.429708212614059) expected=(0.6684350132626,-0.175066312997348)
FAIL arctanh adjoint z=(-0.25,0.5) cot=(0.75,-0.375) actual=(0.29045092407614,0) expected=(0.163129962980747,0)
FAIL arctanh vjp z=(-0.25,-0.5) cot=(1,0) actual=(0.80636602640152,0.169761270284653) expected=(0.806366047745358,-0.169761273209549)
FAIL arctanh adjoint z=(-0.25,-0.5) cot=(1,0) actual=(0.360742717981339,0) expected=(0.445623330771923,0)
FAIL arctanh vjp z=(-0.25,-0.5) cot=(0,1) actual=(-0.169761270284653,0.80636602640152) expected=(0.169761273209549,0.806366047745358)
FAIL arctanh adjoint z=(-0.25,-0.5) cot=(0,1) actual=(0.286472141742706,0) expected=(0.116710871458054,0)
FAIL arctanh vjp z=(-0.25,-0.5) cot=(0.75,-0.375) actual=(0.668435037136078,-0.17506630718708) expected=(0.541114058355438,-0.429708222811671)
FAIL arctanh adjoint z=(-0.25,-0.5) cot=(0.75,-0.375) actual=(0.163129985332489,0) expected=(0.290450941771269,0)
REAL_LOSS gradient=-1.17520117759705 expected=1.1752011936438 old_loss=1.54308068752289 new_loss=1.55699849128723
SUMMARY cases=131 failed_cases=85 assertions=622 failures=176
KIND adjoint 84
KIND jvp 6
KIND real_chain_descent 1
KIND real_chain_gradient 1
KIND vjp 84
