CASE {"label":"x=-80.000000/w=0.000000/VJP","dtype":"float32","actual":[0],"expected":[0],"passed":true}
CASE {"label":"x=-80.000000/w=0.000000/JVP","dtype":"float32","actual":[0],"expected":[0],"passed":true}
CASE {"label":"x=-80.000000/w=1.000000/VJP","dtype":"float32","actual":[1.8048510415989151e-35],"expected":[1.8048513878454153e-35],"passed":true}
CASE {"label":"x=-80.000000/w=1.000000/JVP","dtype":"float32","actual":[1.8048510415989151e-35],"expected":[1.8048513878454153e-35],"passed":true}
CASE {"label":"x=-80.000000/w=-0.500000/VJP","dtype":"float32","actual":[-9.0242552079945755e-36],"expected":[-9.0242569392270765e-36],"passed":true}
CASE {"label":"x=-80.000000/w=-0.500000/JVP","dtype":"float32","actual":[-9.0242552079945755e-36],"expected":[-9.0242569392270765e-36],"passed":true}
CASE {"label":"x=-80.000000/w=2.000000/VJP","dtype":"float32","actual":[3.6097020831978302e-35],"expected":[3.6097027756908306e-35],"passed":true}
CASE {"label":"x=-80.000000/w=2.000000/JVP","dtype":"float32","actual":[3.6097020831978302e-35],"expected":[3.6097027756908306e-35],"passed":true}
CASE {"label":"x=-40.000000/w=0.000000/VJP","dtype":"float32","actual":[0],"expected":[0],"passed":true}
CASE {"label":"x=-40.000000/w=0.000000/JVP","dtype":"float32","actual":[0],"expected":[0],"passed":true}
CASE {"label":"x=-40.000000/w=1.000000/VJP","dtype":"float32","actual":[4.2483537175483534e-18],"expected":[4.2483542552915889e-18],"passed":true}
CASE {"label":"x=-40.000000/w=1.000000/JVP","dtype":"float32","actual":[4.2483537175483534e-18],"expected":[4.2483542552915889e-18],"passed":true}
CASE {"label":"x=-40.000000/w=-0.500000/VJP","dtype":"float32","actual":[-2.1241768587741767e-18],"expected":[-2.1241771276457944e-18],"passed":true}
CASE {"label":"x=-40.000000/w=-0.500000/JVP","dtype":"float32","actual":[-2.1241768587741767e-18],"expected":[-2.1241771276457944e-18],"passed":true}
CASE {"label":"x=-40.000000/w=2.000000/VJP","dtype":"float32","actual":[8.4967074350967069e-18],"expected":[8.4967085105831777e-18],"passed":true}
CASE {"label":"x=-40.000000/w=2.000000/JVP","dtype":"float32","actual":[8.4967074350967069e-18],"expected":[8.4967085105831777e-18],"passed":true}
CASE {"label":"x=-20.000000/w=0.000000/VJP","dtype":"float32","actual":[0],"expected":[0],"passed":true}
CASE {"label":"x=-20.000000/w=0.000000/JVP","dtype":"float32","actual":[0],"expected":[0],"passed":true}
CASE {"label":"x=-20.000000/w=1.000000/VJP","dtype":"float32","actual":[2.0611534701231449e-09],"expected":[2.0611536224385579e-09],"passed":true}
CASE {"label":"x=-20.000000/w=1.000000/JVP","dtype":"float32","actual":[2.0611534701231449e-09],"expected":[2.0611536224385579e-09],"passed":true}
CASE {"label":"x=-20.000000/w=-0.500000/VJP","dtype":"float32","actual":[-1.0305767350615724e-09],"expected":[-1.0305768112192789e-09],"passed":true}
CASE {"label":"x=-20.000000/w=-0.500000/JVP","dtype":"float32","actual":[-1.0305767350615724e-09],"expected":[-1.0305768112192789e-09],"passed":true}
CASE {"label":"x=-20.000000/w=2.000000/VJP","dtype":"float32","actual":[4.1223069402462897e-09],"expected":[4.1223072448771157e-09],"passed":true}
CASE {"label":"x=-20.000000/w=2.000000/JVP","dtype":"float32","actual":[4.1223069402462897e-09],"expected":[4.1223072448771157e-09],"passed":true}
CASE {"label":"x=-18.000000/w=0.000000/VJP","dtype":"float32","actual":[0],"expected":[0],"passed":true}
CASE {"label":"x=-18.000000/w=0.000000/JVP","dtype":"float32","actual":[0],"expected":[0],"passed":true}
CASE {"label":"x=-18.000000/w=1.000000/VJP","dtype":"float32","actual":[1.5229991490173234e-08],"expected":[1.5229979744712629e-08],"passed":true}
CASE {"label":"x=-18.000000/w=1.000000/JVP","dtype":"float32","actual":[1.5229991490173234e-08],"expected":[1.5229979744712629e-08],"passed":true}
CASE {"label":"x=-18.000000/w=-0.500000/VJP","dtype":"float32","actual":[-7.6149957450866168e-09],"expected":[-7.6149898723563146e-09],"passed":true}
CASE {"label":"x=-18.000000/w=-0.500000/JVP","dtype":"float32","actual":[-7.6149957450866168e-09],"expected":[-7.6149898723563146e-09],"passed":true}
CASE {"label":"x=-18.000000/w=2.000000/VJP","dtype":"float32","actual":[3.0459982980346467e-08],"expected":[3.0459959489425258e-08],"passed":true}
CASE {"label":"x=-18.000000/w=2.000000/JVP","dtype":"float32","actual":[3.0459982980346467e-08],"expected":[3.0459959489425258e-08],"passed":true}
CASE {"label":"x=-10.000000/w=0.000000/VJP","dtype":"float32","actual":[0],"expected":[0],"passed":true}
CASE {"label":"x=-10.000000/w=0.000000/JVP","dtype":"float32","actual":[0],"expected":[0],"passed":true}
CASE {"label":"x=-10.000000/w=1.000000/VJP","dtype":"float32","actual":[4.5399930968414992e-05],"expected":[4.5399929762484854e-05],"passed":true}
CASE {"label":"x=-10.000000/w=1.000000/JVP","dtype":"float32","actual":[4.5399930968414992e-05],"expected":[4.5399929762484854e-05],"passed":true}
CASE {"label":"x=-10.000000/w=-0.500000/VJP","dtype":"float32","actual":[-2.2699965484207496e-05],"expected":[-2.2699964881242427e-05],"passed":true}
CASE {"label":"x=-10.000000/w=-0.500000/JVP","dtype":"float32","actual":[-2.2699965484207496e-05],"expected":[-2.2699964881242427e-05],"passed":true}
CASE {"label":"x=-10.000000/w=2.000000/VJP","dtype":"float32","actual":[9.0799861936829984e-05],"expected":[9.0799859524969708e-05],"passed":true}
CASE {"label":"x=-10.000000/w=2.000000/JVP","dtype":"float32","actual":[9.0799861936829984e-05],"expected":[9.0799859524969708e-05],"passed":true}
CASE {"label":"x=-1.000000/w=0.000000/VJP","dtype":"float32","actual":[0],"expected":[0],"passed":true}
CASE {"label":"x=-1.000000/w=0.000000/JVP","dtype":"float32","actual":[0],"expected":[0],"passed":true}
CASE {"label":"x=-1.000000/w=1.000000/VJP","dtype":"float32","actual":[0.36787945032119751],"expected":[0.36787944117144233],"passed":true}
CASE {"label":"x=-1.000000/w=1.000000/JVP","dtype":"float32","actual":[0.36787945032119751],"expected":[0.36787944117144233],"passed":true}
CASE {"label":"x=-1.000000/w=-0.500000/VJP","dtype":"float32","actual":[-0.18393972516059875],"expected":[-0.18393972058572117],"passed":true}
CASE {"label":"x=-1.000000/w=-0.500000/JVP","dtype":"float32","actual":[-0.18393972516059875],"expected":[-0.18393972058572117],"passed":true}
CASE {"label":"x=-1.000000/w=2.000000/VJP","dtype":"float32","actual":[0.73575890064239502],"expected":[0.73575888234288467],"passed":true}
CASE {"label":"x=-1.000000/w=2.000000/JVP","dtype":"float32","actual":[0.73575890064239502],"expected":[0.73575888234288467],"passed":true}
CASE {"label":"x=0.000000/w=0.000000/VJP","dtype":"float32","actual":[0],"expected":[0],"passed":true}
CASE {"label":"x=0.000000/w=0.000000/JVP","dtype":"float32","actual":[0],"expected":[0],"passed":true}
CASE {"label":"x=0.000000/w=1.000000/VJP","dtype":"float32","actual":[1],"expected":[1],"passed":true}
CASE {"label":"x=0.000000/w=1.000000/JVP","dtype":"float32","actual":[1],"expected":[1],"passed":true}
CASE {"label":"x=0.000000/w=-0.500000/VJP","dtype":"float32","actual":[-0.5],"expected":[-0.5],"passed":true}
CASE {"label":"x=0.000000/w=-0.500000/JVP","dtype":"float32","actual":[-0.5],"expected":[-0.5],"passed":true}
CASE {"label":"x=0.000000/w=2.000000/VJP","dtype":"float32","actual":[2],"expected":[2],"passed":true}
CASE {"label":"x=0.000000/w=2.000000/JVP","dtype":"float32","actual":[2],"expected":[2],"passed":true}
CASE {"label":"x=0.250000/w=0.000000/VJP","dtype":"float32","actual":[0],"expected":[0],"passed":true}
CASE {"label":"x=0.250000/w=0.000000/JVP","dtype":"float32","actual":[0],"expected":[0],"passed":true}
CASE {"label":"x=0.250000/w=1.000000/VJP","dtype":"float32","actual":[1.2840254306793213],"expected":[1.2840254166877414],"passed":true}
CASE {"label":"x=0.250000/w=1.000000/JVP","dtype":"float32","actual":[1.2840254306793213],"expected":[1.2840254166877414],"passed":true}
CASE {"label":"x=0.250000/w=-0.500000/VJP","dtype":"float32","actual":[-0.64201271533966064],"expected":[-0.6420127083438707],"passed":true}
CASE {"label":"x=0.250000/w=-0.500000/JVP","dtype":"float32","actual":[-0.64201271533966064],"expected":[-0.6420127083438707],"passed":true}
CASE {"label":"x=0.250000/w=2.000000/VJP","dtype":"float32","actual":[2.5680508613586426],"expected":[2.5680508333754828],"passed":true}
CASE {"label":"x=0.250000/w=2.000000/JVP","dtype":"float32","actual":[2.5680508613586426],"expected":[2.5680508333754828],"passed":true}
CASE {"label":"x=1.000000/w=0.000000/VJP","dtype":"float32","actual":[0],"expected":[0],"passed":true}
CASE {"label":"x=1.000000/w=0.000000/JVP","dtype":"float32","actual":[0],"expected":[0],"passed":true}
CASE {"label":"x=1.000000/w=1.000000/VJP","dtype":"float32","actual":[2.7182817459106445],"expected":[2.7182818284590451],"passed":true}
CASE {"label":"x=1.000000/w=1.000000/JVP","dtype":"float32","actual":[2.7182817459106445],"expected":[2.7182818284590451],"passed":true}
CASE {"label":"x=1.000000/w=-0.500000/VJP","dtype":"float32","actual":[-1.3591408729553223],"expected":[-1.3591409142295225],"passed":true}
CASE {"label":"x=1.000000/w=-0.500000/JVP","dtype":"float32","actual":[-1.3591408729553223],"expected":[-1.3591409142295225],"passed":true}
CASE {"label":"x=1.000000/w=2.000000/VJP","dtype":"float32","actual":[5.4365634918212891],"expected":[5.4365636569180902],"passed":true}
CASE {"label":"x=1.000000/w=2.000000/JVP","dtype":"float32","actual":[5.4365634918212891],"expected":[5.4365636569180902],"passed":true}
CASE {"label":"x=20.000000/w=0.000000/VJP","dtype":"float32","actual":[0],"expected":[0],"passed":true}
CASE {"label":"x=20.000000/w=0.000000/JVP","dtype":"float32","actual":[0],"expected":[0],"passed":true}
CASE {"label":"x=20.000000/w=1.000000/VJP","dtype":"float32","actual":[485165216],"expected":[485165195.40979028],"passed":true}
CASE {"label":"x=20.000000/w=1.000000/JVP","dtype":"float32","actual":[485165216],"expected":[485165195.40979028],"passed":true}
CASE {"label":"x=20.000000/w=-0.500000/VJP","dtype":"float32","actual":[-242582608],"expected":[-242582597.70489514],"passed":true}
CASE {"label":"x=20.000000/w=-0.500000/JVP","dtype":"float32","actual":[-242582608],"expected":[-242582597.70489514],"passed":true}
CASE {"label":"x=20.000000/w=2.000000/VJP","dtype":"float32","actual":[970330432],"expected":[970330390.81958055],"passed":true}
CASE {"label":"x=20.000000/w=2.000000/JVP","dtype":"float32","actual":[970330432],"expected":[970330390.81958055],"passed":true}
CASE {"label":"higher/x=-40.000000/2","dtype":"float32","actual":[4.2483537175483534e-18],"expected":[4.2483542552915889e-18],"passed":true}
CASE {"label":"higher/x=-40.000000/3","dtype":"float32","actual":[4.2483537175483534e-18],"expected":[4.2483542552915889e-18],"passed":true}
CASE {"label":"higher/x=-20.000000/2","dtype":"float32","actual":[2.0611534701231449e-09],"expected":[2.0611536224385579e-09],"passed":true}
CASE {"label":"higher/x=-20.000000/3","dtype":"float32","actual":[2.0611534701231449e-09],"expected":[2.0611536224385579e-09],"passed":true}
CASE {"label":"higher/x=-10.000000/2","dtype":"float32","actual":[4.5399930968414992e-05],"expected":[4.5399929762484854e-05],"passed":true}
CASE {"label":"higher/x=-10.000000/3","dtype":"float32","actual":[4.5399930968414992e-05],"expected":[4.5399929762484854e-05],"passed":true}
CASE {"label":"higher/x=0.000000/2","dtype":"float32","actual":[1],"expected":[1],"passed":true}
CASE {"label":"higher/x=0.000000/3","dtype":"float32","actual":[1],"expected":[1],"passed":true}
CASE {"label":"higher/x=1.000000/2","dtype":"float32","actual":[2.7182817459106445],"expected":[2.7182818284590451],"passed":true}
CASE {"label":"higher/x=1.000000/3","dtype":"float32","actual":[2.7182817459106445],"expected":[2.7182818284590451],"passed":true}
CASE {"label":"matrix/VJP","dtype":"float32","actual":[0,-1.0305767350615724e-09,4.5399930968414992e-05,100000000,-1.2840254306793213,5.4365634918212891],"expected":[0,-1.0305768112192789e-09,4.5399929762484854e-05,100000000,-1.2840254166877414,5.4365636569180902],"passed":true}
CASE {"label":"matrix/JVP","dtype":"float32","actual":[0,-1.0305767350615724e-09,4.5399930968414992e-05,100000000,-1.2840254306793213,5.4365634918212891],"expected":[0,-1.0305768112192789e-09,4.5399929762484854e-05,100000000,-1.2840254166877414,5.4365636569180902],"passed":true}
CASE {"label":"strided/VJP","dtype":"float32","actual":[0,-1.0305767350615724e-09,4.5399930968414992e-05,100000000,-1.2840254306793213,5.4365634918212891],"expected":[0,-1.0305768112192789e-09,4.5399929762484854e-05,100000000,-1.2840254166877414,5.4365636569180902],"passed":true}
CASE {"label":"strided/JVP","dtype":"float32","actual":[0,-1.0305767350615724e-09,4.5399930968414992e-05,100000000,-1.2840254306793213,5.4365634918212891],"expected":[0,-1.0305768112192789e-09,4.5399929762484854e-05,100000000,-1.2840254166877414,5.4365636569180902],"passed":true}
CASE {"label":"x=-80.000000/w=0.000000/VJP","dtype":"float64","actual":[0],"expected":[0],"passed":true}
CASE {"label":"x=-80.000000/w=0.000000/JVP","dtype":"float64","actual":[0],"expected":[0],"passed":true}
CASE {"label":"x=-80.000000/w=1.000000/VJP","dtype":"float64","actual":[1.8048513878454153e-35],"expected":[1.8048513878454153e-35],"passed":true}
CASE {"label":"x=-80.000000/w=1.000000/JVP","dtype":"float64","actual":[1.8048513878454153e-35],"expected":[1.8048513878454153e-35],"passed":true}
CASE {"label":"x=-80.000000/w=-0.500000/VJP","dtype":"float64","actual":[-9.0242569392270765e-36],"expected":[-9.0242569392270765e-36],"passed":true}
CASE {"label":"x=-80.000000/w=-0.500000/JVP","dtype":"float64","actual":[-9.0242569392270765e-36],"expected":[-9.0242569392270765e-36],"passed":true}
CASE {"label":"x=-80.000000/w=2.000000/VJP","dtype":"float64","actual":[3.6097027756908306e-35],"expected":[3.6097027756908306e-35],"passed":true}
CASE {"label":"x=-80.000000/w=2.000000/JVP","dtype":"float64","actual":[3.6097027756908306e-35],"expected":[3.6097027756908306e-35],"passed":true}
CASE {"label":"x=-40.000000/w=0.000000/VJP","dtype":"float64","actual":[0],"expected":[0],"passed":true}
CASE {"label":"x=-40.000000/w=0.000000/JVP","dtype":"float64","actual":[0],"expected":[0],"passed":true}
CASE {"label":"x=-40.000000/w=1.000000/VJP","dtype":"float64","actual":[4.2483542552915889e-18],"expected":[4.2483542552915889e-18],"passed":true}
CASE {"label":"x=-40.000000/w=1.000000/JVP","dtype":"float64","actual":[4.2483542552915889e-18],"expected":[4.2483542552915889e-18],"passed":true}
CASE {"label":"x=-40.000000/w=-0.500000/VJP","dtype":"float64","actual":[-2.1241771276457944e-18],"expected":[-2.1241771276457944e-18],"passed":true}
CASE {"label":"x=-40.000000/w=-0.500000/JVP","dtype":"float64","actual":[-2.1241771276457944e-18],"expected":[-2.1241771276457944e-18],"passed":true}
CASE {"label":"x=-40.000000/w=2.000000/VJP","dtype":"float64","actual":[8.4967085105831777e-18],"expected":[8.4967085105831777e-18],"passed":true}
CASE {"label":"x=-40.000000/w=2.000000/JVP","dtype":"float64","actual":[8.4967085105831777e-18],"expected":[8.4967085105831777e-18],"passed":true}
CASE {"label":"x=-20.000000/w=0.000000/VJP","dtype":"float64","actual":[0],"expected":[0],"passed":true}
CASE {"label":"x=-20.000000/w=0.000000/JVP","dtype":"float64","actual":[0],"expected":[0],"passed":true}
CASE {"label":"x=-20.000000/w=1.000000/VJP","dtype":"float64","actual":[2.0611536224385579e-09],"expected":[2.0611536224385579e-09],"passed":true}
CASE {"label":"x=-20.000000/w=1.000000/JVP","dtype":"float64","actual":[2.0611536224385579e-09],"expected":[2.0611536224385579e-09],"passed":true}
CASE {"label":"x=-20.000000/w=-0.500000/VJP","dtype":"float64","actual":[-1.0305768112192789e-09],"expected":[-1.0305768112192789e-09],"passed":true}
CASE {"label":"x=-20.000000/w=-0.500000/JVP","dtype":"float64","actual":[-1.0305768112192789e-09],"expected":[-1.0305768112192789e-09],"passed":true}
CASE {"label":"x=-20.000000/w=2.000000/VJP","dtype":"float64","actual":[4.1223072448771157e-09],"expected":[4.1223072448771157e-09],"passed":true}
CASE {"label":"x=-20.000000/w=2.000000/JVP","dtype":"float64","actual":[4.1223072448771157e-09],"expected":[4.1223072448771157e-09],"passed":true}
CASE {"label":"x=-18.000000/w=0.000000/VJP","dtype":"float64","actual":[0],"expected":[0],"passed":true}
CASE {"label":"x=-18.000000/w=0.000000/JVP","dtype":"float64","actual":[0],"expected":[0],"passed":true}
CASE {"label":"x=-18.000000/w=1.000000/VJP","dtype":"float64","actual":[1.5229979744712629e-08],"expected":[1.5229979744712629e-08],"passed":true}
CASE {"label":"x=-18.000000/w=1.000000/JVP","dtype":"float64","actual":[1.5229979744712629e-08],"expected":[1.5229979744712629e-08],"passed":true}
CASE {"label":"x=-18.000000/w=-0.500000/VJP","dtype":"float64","actual":[-7.6149898723563146e-09],"expected":[-7.6149898723563146e-09],"passed":true}
CASE {"label":"x=-18.000000/w=-0.500000/JVP","dtype":"float64","actual":[-7.6149898723563146e-09],"expected":[-7.6149898723563146e-09],"passed":true}
CASE {"label":"x=-18.000000/w=2.000000/VJP","dtype":"float64","actual":[3.0459959489425258e-08],"expected":[3.0459959489425258e-08],"passed":true}
CASE {"label":"x=-18.000000/w=2.000000/JVP","dtype":"float64","actual":[3.0459959489425258e-08],"expected":[3.0459959489425258e-08],"passed":true}
CASE {"label":"x=-10.000000/w=0.000000/VJP","dtype":"float64","actual":[0],"expected":[0],"passed":true}
CASE {"label":"x=-10.000000/w=0.000000/JVP","dtype":"float64","actual":[0],"expected":[0],"passed":true}
CASE {"label":"x=-10.000000/w=1.000000/VJP","dtype":"float64","actual":[4.5399929762484854e-05],"expected":[4.5399929762484854e-05],"passed":true}
CASE {"label":"x=-10.000000/w=1.000000/JVP","dtype":"float64","actual":[4.5399929762484854e-05],"expected":[4.5399929762484854e-05],"passed":true}
CASE {"label":"x=-10.000000/w=-0.500000/VJP","dtype":"float64","actual":[-2.2699964881242427e-05],"expected":[-2.2699964881242427e-05],"passed":true}
CASE {"label":"x=-10.000000/w=-0.500000/JVP","dtype":"float64","actual":[-2.2699964881242427e-05],"expected":[-2.2699964881242427e-05],"passed":true}
CASE {"label":"x=-10.000000/w=2.000000/VJP","dtype":"float64","actual":[9.0799859524969708e-05],"expected":[9.0799859524969708e-05],"passed":true}
CASE {"label":"x=-10.000000/w=2.000000/JVP","dtype":"float64","actual":[9.0799859524969708e-05],"expected":[9.0799859524969708e-05],"passed":true}
CASE {"label":"x=-1.000000/w=0.000000/VJP","dtype":"float64","actual":[0],"expected":[0],"passed":true}
CASE {"label":"x=-1.000000/w=0.000000/JVP","dtype":"float64","actual":[0],"expected":[0],"passed":true}
CASE {"label":"x=-1.000000/w=1.000000/VJP","dtype":"float64","actual":[0.36787944117144233],"expected":[0.36787944117144233],"passed":true}
CASE {"label":"x=-1.000000/w=1.000000/JVP","dtype":"float64","actual":[0.36787944117144233],"expected":[0.36787944117144233],"passed":true}
CASE {"label":"x=-1.000000/w=-0.500000/VJP","dtype":"float64","actual":[-0.18393972058572117],"expected":[-0.18393972058572117],"passed":true}
CASE {"label":"x=-1.000000/w=-0.500000/JVP","dtype":"float64","actual":[-0.18393972058572117],"expected":[-0.18393972058572117],"passed":true}
CASE {"label":"x=-1.000000/w=2.000000/VJP","dtype":"float64","actual":[0.73575888234288467],"expected":[0.73575888234288467],"passed":true}
CASE {"label":"x=-1.000000/w=2.000000/JVP","dtype":"float64","actual":[0.73575888234288467],"expected":[0.73575888234288467],"passed":true}
CASE {"label":"x=0.000000/w=0.000000/VJP","dtype":"float64","actual":[0],"expected":[0],"passed":true}
CASE {"label":"x=0.000000/w=0.000000/JVP","dtype":"float64","actual":[0],"expected":[0],"passed":true}
CASE {"label":"x=0.000000/w=1.000000/VJP","dtype":"float64","actual":[1],"expected":[1],"passed":true}
CASE {"label":"x=0.000000/w=1.000000/JVP","dtype":"float64","actual":[1],"expected":[1],"passed":true}
CASE {"label":"x=0.000000/w=-0.500000/VJP","dtype":"float64","actual":[-0.5],"expected":[-0.5],"passed":true}
CASE {"label":"x=0.000000/w=-0.500000/JVP","dtype":"float64","actual":[-0.5],"expected":[-0.5],"passed":true}
CASE {"label":"x=0.000000/w=2.000000/VJP","dtype":"float64","actual":[2],"expected":[2],"passed":true}
CASE {"label":"x=0.000000/w=2.000000/JVP","dtype":"float64","actual":[2],"expected":[2],"passed":true}
CASE {"label":"x=0.250000/w=0.000000/VJP","dtype":"float64","actual":[0],"expected":[0],"passed":true}
CASE {"label":"x=0.250000/w=0.000000/JVP","dtype":"float64","actual":[0],"expected":[0],"passed":true}
CASE {"label":"x=0.250000/w=1.000000/VJP","dtype":"float64","actual":[1.2840254166877414],"expected":[1.2840254166877414],"passed":true}
CASE {"label":"x=0.250000/w=1.000000/JVP","dtype":"float64","actual":[1.2840254166877414],"expected":[1.2840254166877414],"passed":true}
CASE {"label":"x=0.250000/w=-0.500000/VJP","dtype":"float64","actual":[-0.6420127083438707],"expected":[-0.6420127083438707],"passed":true}
CASE {"label":"x=0.250000/w=-0.500000/JVP","dtype":"float64","actual":[-0.6420127083438707],"expected":[-0.6420127083438707],"passed":true}
CASE {"label":"x=0.250000/w=2.000000/VJP","dtype":"float64","actual":[2.5680508333754828],"expected":[2.5680508333754828],"passed":true}
CASE {"label":"x=0.250000/w=2.000000/JVP","dtype":"float64","actual":[2.5680508333754828],"expected":[2.5680508333754828],"passed":true}
CASE {"label":"x=1.000000/w=0.000000/VJP","dtype":"float64","actual":[0],"expected":[0],"passed":true}
CASE {"label":"x=1.000000/w=0.000000/JVP","dtype":"float64","actual":[0],"expected":[0],"passed":true}
CASE {"label":"x=1.000000/w=1.000000/VJP","dtype":"float64","actual":[2.7182818284590451],"expected":[2.7182818284590451],"passed":true}
CASE {"label":"x=1.000000/w=1.000000/JVP","dtype":"float64","actual":[2.7182818284590451],"expected":[2.7182818284590451],"passed":true}
CASE {"label":"x=1.000000/w=-0.500000/VJP","dtype":"float64","actual":[-1.3591409142295225],"expected":[-1.3591409142295225],"passed":true}
CASE {"label":"x=1.000000/w=-0.500000/JVP","dtype":"float64","actual":[-1.3591409142295225],"expected":[-1.3591409142295225],"passed":true}
CASE {"label":"x=1.000000/w=2.000000/VJP","dtype":"float64","actual":[5.4365636569180902],"expected":[5.4365636569180902],"passed":true}
CASE {"label":"x=1.000000/w=2.000000/JVP","dtype":"float64","actual":[5.4365636569180902],"expected":[5.4365636569180902],"passed":true}
CASE {"label":"x=20.000000/w=0.000000/VJP","dtype":"float64","actual":[0],"expected":[0],"passed":true}
CASE {"label":"x=20.000000/w=0.000000/JVP","dtype":"float64","actual":[0],"expected":[0],"passed":true}
CASE {"label":"x=20.000000/w=1.000000/VJP","dtype":"float64","actual":[485165195.40979028],"expected":[485165195.40979028],"passed":true}
CASE {"label":"x=20.000000/w=1.000000/JVP","dtype":"float64","actual":[485165195.40979028],"expected":[485165195.40979028],"passed":true}
CASE {"label":"x=20.000000/w=-0.500000/VJP","dtype":"float64","actual":[-242582597.70489514],"expected":[-242582597.70489514],"passed":true}
CASE {"label":"x=20.000000/w=-0.500000/JVP","dtype":"float64","actual":[-242582597.70489514],"expected":[-242582597.70489514],"passed":true}
CASE {"label":"x=20.000000/w=2.000000/VJP","dtype":"float64","actual":[970330390.81958055],"expected":[970330390.81958055],"passed":true}
CASE {"label":"x=20.000000/w=2.000000/JVP","dtype":"float64","actual":[970330390.81958055],"expected":[970330390.81958055],"passed":true}
CASE {"label":"higher/x=-40.000000/2","dtype":"float64","actual":[4.2483542552915889e-18],"expected":[4.2483542552915889e-18],"passed":true}
CASE {"label":"higher/x=-40.000000/3","dtype":"float64","actual":[4.2483542552915889e-18],"expected":[4.2483542552915889e-18],"passed":true}
CASE {"label":"higher/x=-20.000000/2","dtype":"float64","actual":[2.0611536224385579e-09],"expected":[2.0611536224385579e-09],"passed":true}
CASE {"label":"higher/x=-20.000000/3","dtype":"float64","actual":[2.0611536224385579e-09],"expected":[2.0611536224385579e-09],"passed":true}
CASE {"label":"higher/x=-10.000000/2","dtype":"float64","actual":[4.5399929762484854e-05],"expected":[4.5399929762484854e-05],"passed":true}
CASE {"label":"higher/x=-10.000000/3","dtype":"float64","actual":[4.5399929762484854e-05],"expected":[4.5399929762484854e-05],"passed":true}
CASE {"label":"higher/x=0.000000/2","dtype":"float64","actual":[1],"expected":[1],"passed":true}
CASE {"label":"higher/x=0.000000/3","dtype":"float64","actual":[1],"expected":[1],"passed":true}
CASE {"label":"higher/x=1.000000/2","dtype":"float64","actual":[2.7182818284590451],"expected":[2.7182818284590451],"passed":true}
CASE {"label":"higher/x=1.000000/3","dtype":"float64","actual":[2.7182818284590451],"expected":[2.7182818284590451],"passed":true}
CASE {"label":"matrix/VJP","dtype":"float64","actual":[0,-1.0305768112192789e-09,4.5399929762484854e-05,100000000,-1.2840254166877414,5.4365636569180902],"expected":[0,-1.0305768112192789e-09,4.5399929762484854e-05,100000000,-1.2840254166877414,5.4365636569180902],"passed":true}
CASE {"label":"matrix/JVP","dtype":"float64","actual":[0,-1.0305768112192789e-09,4.5399929762484854e-05,100000000,-1.2840254166877414,5.4365636569180902],"expected":[0,-1.0305768112192789e-09,4.5399929762484854e-05,100000000,-1.2840254166877414,5.4365636569180902],"passed":true}
CASE {"label":"strided/VJP","dtype":"float64","actual":[0,-1.0305768112192789e-09,4.5399929762484854e-05,100000000,-1.2840254166877414,5.4365636569180902],"expected":[0,-1.0305768112192789e-09,4.5399929762484854e-05,100000000,-1.2840254166877414,5.4365636569180902],"passed":true}
CASE {"label":"strided/JVP","dtype":"float64","actual":[0,-1.0305768112192789e-09,4.5399929762484854e-05,100000000,-1.2840254166877414,5.4365636569180902],"expected":[0,-1.0305768112192789e-09,4.5399929762484854e-05,100000000,-1.2840254166877414,5.4365636569180902],"passed":true}
CASE {"label":"x=-700.000000/w=0.000000/VJP","dtype":"float64","actual":[0],"expected":[0],"passed":true}
CASE {"label":"x=-700.000000/w=0.000000/JVP","dtype":"float64","actual":[0],"expected":[0],"passed":true}
CASE {"label":"x=-700.000000/w=1.000000/VJP","dtype":"float64","actual":[9.8596765437597708e-305],"expected":[9.8596765437597708e-305],"passed":true}
CASE {"label":"x=-700.000000/w=1.000000/JVP","dtype":"float64","actual":[9.8596765437597708e-305],"expected":[9.8596765437597708e-305],"passed":true}
CASE {"label":"x=-700.000000/w=-0.500000/VJP","dtype":"float64","actual":[-4.9298382718798854e-305],"expected":[-4.9298382718798854e-305],"passed":true}
CASE {"label":"x=-700.000000/w=-0.500000/JVP","dtype":"float64","actual":[-4.9298382718798854e-305],"expected":[-4.9298382718798854e-305],"passed":true}
CASE {"label":"x=-100.000000/w=0.000000/VJP","dtype":"float64","actual":[0],"expected":[0],"passed":true}
CASE {"label":"x=-100.000000/w=0.000000/JVP","dtype":"float64","actual":[0],"expected":[0],"passed":true}
CASE {"label":"x=-100.000000/w=1.000000/VJP","dtype":"float64","actual":[3.7200759760208361e-44],"expected":[3.7200759760208361e-44],"passed":true}
CASE {"label":"x=-100.000000/w=1.000000/JVP","dtype":"float64","actual":[3.7200759760208361e-44],"expected":[3.7200759760208361e-44],"passed":true}
CASE {"label":"x=-100.000000/w=-0.500000/VJP","dtype":"float64","actual":[-1.8600379880104181e-44],"expected":[-1.8600379880104181e-44],"passed":true}
CASE {"label":"x=-100.000000/w=-0.500000/JVP","dtype":"float64","actual":[-1.8600379880104181e-44],"expected":[-1.8600379880104181e-44],"passed":true}
CASE {"label":"x=100.000000/w=0.000000/VJP","dtype":"float64","actual":[0],"expected":[0],"passed":true}
CASE {"label":"x=100.000000/w=0.000000/JVP","dtype":"float64","actual":[0],"expected":[0],"passed":true}
CASE {"label":"x=100.000000/w=1.000000/VJP","dtype":"float64","actual":[2.6881171418161356e+43],"expected":[2.6881171418161356e+43],"passed":true}
CASE {"label":"x=100.000000/w=1.000000/JVP","dtype":"float64","actual":[2.6881171418161356e+43],"expected":[2.6881171418161356e+43],"passed":true}
CASE {"label":"x=100.000000/w=-0.500000/VJP","dtype":"float64","actual":[-1.3440585709080678e+43],"expected":[-1.3440585709080678e+43],"passed":true}
CASE {"label":"x=100.000000/w=-0.500000/JVP","dtype":"float64","actual":[-1.3440585709080678e+43],"expected":[-1.3440585709080678e+43],"passed":true}
CASE {"label":"x=700.000000/w=0.000000/VJP","dtype":"float64","actual":[0],"expected":[0],"passed":true}
CASE {"label":"x=700.000000/w=0.000000/JVP","dtype":"float64","actual":[0],"expected":[0],"passed":true}
CASE {"label":"x=700.000000/w=1.000000/VJP","dtype":"float64","actual":[1.0142320547350045e+304],"expected":[1.0142320547350045e+304],"passed":true}
CASE {"label":"x=700.000000/w=1.000000/JVP","dtype":"float64","actual":[1.0142320547350045e+304],"expected":[1.0142320547350045e+304],"passed":true}
CASE {"label":"x=700.000000/w=-0.500000/VJP","dtype":"float64","actual":[-5.0711602736750225e+303],"expected":[-5.0711602736750225e+303],"passed":true}
CASE {"label":"x=700.000000/w=-0.500000/JVP","dtype":"float64","actual":[-5.0711602736750225e+303],"expected":[-5.0711602736750225e+303],"passed":true}
CASE {"label":"x=-20.000000/w=100000000.000000/VJP","dtype":"float32","actual":[0.20611535012722015],"expected":[0.20611536224385579],"passed":true}
CASE {"label":"x=-20.000000/w=100000000.000000/JVP","dtype":"float32","actual":[0.20611535012722015],"expected":[0.20611536224385579],"passed":true}
CASE {"label":"broadcast","dtype":"float32","actual":[1.236691993256045e-08],"expected":[1.2366921734631346e-08],"passed":true}
CASE {"label":"broadcast","dtype":"float64","actual":[1.2366921734631348e-08],"expected":[1.2366921734631346e-08],"passed":true}
SUMMARY checks=216 failures=0
